50 games, 2,418 kept of 2,418 (100%), 346 kept/s
100 games, 5,002 kept of 5,002 (100%), 332 kept/s
150 games, 7,598 kept of 7,598 (100%), 337 kept/s
200 games, 9,920 kept of 9,920 (100%), 338 kept/s
250 games, 12,574 kept of 12,574 (100%), 341 kept/s
300 games, 15,169 kept of 15,169 (100%), 341 kept/s
350 games, 17,986 kept of 17,986 (100%), 344 kept/s
400 games, 20,751 kept of 20,751 (100%), 346 kept/s
450 games, 23,345 kept of 23,345 (100%), 345 kept/s
500 games, 25,829 kept of 25,829 (100%), 346 kept/s
550 games, 28,384 kept of 28,384 (100%), 345 kept/s
600 games, 30,996 kept of 30,996 (100%), 345 kept/s
650 games, 33,532 kept of 33,532 (100%), 345 kept/s
700 games, 36,067 kept of 36,067 (100%), 346 kept/s
750 games, 38,775 kept of 38,775 (100%), 346 kept/s
800 games, 41,555 kept of 41,555 (100%), 346 kept/s
850 games, 44,320 kept of 44,320 (100%), 347 kept/s
900 games, 47,244 kept of 47,244 (100%), 347 kept/s
950 games, 49,684 kept of 49,684 (100%), 347 kept/s
1000 games, 52,364 kept of 52,364 (100%), 347 kept/s
1050 games, 55,401 kept of 55,401 (100%), 348 kept/s
1100 games, 58,169 kept of 58,169 (100%), 349 kept/s
1150 games, 60,776 kept of 60,776 (100%), 348 kept/s
1200 games, 63,335 kept of 63,335 (100%), 348 kept/s
1250 games, 66,224 kept of 66,224 (100%), 348 kept/s
1300 games, 68,959 kept of 68,959 (100%), 348 kept/s
1350 games, 71,328 kept of 71,328 (100%), 348 kept/s
1400 games, 73,835 kept of 73,835 (100%), 348 kept/s
1450 games, 76,437 kept of 76,437 (100%), 348 kept/s
1500 games, 78,993 kept of 78,993 (100%), 348 kept/s
1550 games, 82,213 kept of 82,213 (100%), 348 kept/s
1600 games, 84,958 kept of 84,958 (100%), 348 kept/s
1650 games, 87,596 kept of 87,596 (100%), 349 kept/s
1700 games, 89,981 kept of 89,981 (100%), 348 kept/s
1750 games, 92,307 kept of 92,307 (100%), 348 kept/s
1800 games, 94,877 kept of 94,877 (100%), 348 kept/s
1850 games, 97,388 kept of 97,388 (100%), 348 kept/s
1900 games, 100,097 kept of 100,097 (100%), 348 kept/s
1950 games, 103,055 kept of 103,055 (100%), 348 kept/s
2000 games, 105,516 kept of 105,516 (100%), 348 kept/s
2050 games, 108,125 kept of 108,125 (100%), 348 kept/s
2100 games, 110,841 kept of 110,841 (100%), 348 kept/s
2150 games, 113,441 kept of 113,441 (100%), 348 kept/s
2200 games, 115,950 kept of 115,950 (100%), 348 kept/s
2250 games, 118,403 kept of 118,403 (100%), 348 kept/s
2300 games, 121,384 kept of 121,384 (100%), 348 kept/s
2350 games, 123,778 kept of 123,778 (100%), 348 kept/s
2400 games, 126,461 kept of 126,461 (100%), 348 kept/s
2450 games, 129,191 kept of 129,191 (100%), 348 kept/s
2500 games, 132,305 kept of 132,305 (100%), 348 kept/s
2550 games, 134,851 kept of 134,851 (100%), 348 kept/s
2600 games, 137,598 kept of 137,598 (100%), 348 kept/s
2650 games, 140,096 kept of 140,096 (100%), 348 kept/s
2700 games, 142,680 kept of 142,680 (100%), 348 kept/s
2750 games, 145,442 kept of 145,442 (100%), 348 kept/s
2800 games, 148,097 kept of 148,097 (100%), 348 kept/s
2850 games, 150,676 kept of 150,676 (100%), 348 kept/s
2900 games, 153,254 kept of 153,254 (100%), 348 kept/s
2950 games, 155,761 kept of 155,761 (100%), 348 kept/s
3000 games, 158,431 kept of 158,431 (100%), 348 kept/s
3050 games, 160,755 kept of 160,755 (100%), 348 kept/s
3100 games, 163,461 kept of 163,461 (100%), 348 kept/s
3150 games, 166,050 kept of 166,050 (100%), 348 kept/s
3200 games, 168,939 kept of 168,939 (100%), 348 kept/s
3250 games, 171,592 kept of 171,592 (100%), 348 kept/s
3300 games, 174,078 kept of 174,078 (100%), 348 kept/s
3350 games, 176,483 kept of 176,483 (100%), 348 kept/s
3400 games, 179,118 kept of 179,118 (100%), 348 kept/s
3450 games, 181,996 kept of 181,996 (100%), 348 kept/s
3500 games, 184,421 kept of 184,421 (100%), 348 kept/s
3550 games, 187,154 kept of 187,154 (100%), 348 kept/s
3600 games, 189,786 kept of 189,786 (100%), 348 kept/s
3650 games, 192,235 kept of 192,235 (100%), 348 kept/s
3700 games, 194,532 kept of 194,532 (100%), 348 kept/s
3750 games, 197,173 kept of 197,173 (100%), 348 kept/s
3800 games, 199,571 kept of 199,571 (100%), 348 kept/s
3850 games, 202,728 kept of 202,728 (100%), 348 kept/s
3900 games, 205,655 kept of 205,655 (100%), 348 kept/s
3950 games, 208,577 kept of 208,577 (100%), 348 kept/s
4000 games, 210,983 kept of 210,983 (100%), 348 kept/s
4050 games, 213,670 kept of 213,670 (100%), 348 kept/s
4100 games, 216,740 kept of 216,740 (100%), 348 kept/s
4150 games, 219,116 kept of 219,116 (100%), 348 kept/s
4200 games, 221,673 kept of 221,673 (100%), 348 kept/s
4250 games, 224,718 kept of 224,718 (100%), 348 kept/s
4300 games, 227,732 kept of 227,732 (100%), 348 kept/s
4350 games, 230,604 kept of 230,604 (100%), 348 kept/s
4400 games, 233,541 kept of 233,541 (100%), 348 kept/s
4450 games, 236,316 kept of 236,316 (100%), 348 kept/s
4500 games, 238,691 kept of 238,691 (100%), 348 kept/s
4550 games, 241,099 kept of 241,099 (100%), 348 kept/s
4600 games, 243,910 kept of 243,910 (100%), 348 kept/s
4650 games, 246,542 kept of 246,542 (100%), 348 kept/s
4700 games, 249,261 kept of 249,261 (100%), 348 kept/s
4750 games, 252,007 kept of 252,007 (100%), 348 kept/s
4800 games, 254,433 kept of 254,433 (100%), 348 kept/s
4850 games, 257,203 kept of 257,203 (100%), 348 kept/s
4900 games, 259,755 kept of 259,755 (100%), 348 kept/s
4950 games, 262,195 kept of 262,195 (100%), 348 kept/s
5000 games, 265,173 kept of 265,173 (100%), 348 kept/s
5050 games, 267,442 kept of 267,442 (100%), 348 kept/s
5100 games, 270,045 kept of 270,045 (100%), 348 kept/s
5150 games, 272,766 kept of 272,766 (100%), 349 kept/s
5200 games, 275,286 kept of 275,286 (100%), 349 kept/s
5250 games, 277,900 kept of 277,900 (100%), 348 kept/s
5300 games, 280,537 kept of 280,537 (100%), 348 kept/s
5350 games, 283,251 kept of 283,251 (100%), 349 kept/s
5400 games, 286,120 kept of 286,120 (100%), 349 kept/s
5450 games, 289,134 kept of 289,134 (100%), 349 kept/s
5500 games, 291,595 kept of 291,595 (100%), 349 kept/s
5550 games, 293,877 kept of 293,877 (100%), 349 kept/s
5600 games, 296,373 kept of 296,373 (100%), 349 kept/s
5650 games, 298,965 kept of 298,965 (100%), 349 kept/s
5700 games, 301,526 kept of 301,526 (100%), 349 kept/s
5750 games, 304,402 kept of 304,402 (100%), 349 kept/s
5800 games, 307,203 kept of 307,203 (100%), 349 kept/s
5850 games, 310,218 kept of 310,218 (100%), 349 kept/s
5900 games, 312,562 kept of 312,562 (100%), 349 kept/s
5950 games, 315,059 kept of 315,059 (100%), 349 kept/s
6000 games, 317,526 kept of 317,526 (100%), 349 kept/s
6050 games, 320,087 kept of 320,087 (100%), 349 kept/s
6100 games, 323,352 kept of 323,352 (100%), 349 kept/s
6150 games, 325,735 kept of 325,735 (100%), 349 kept/s
6200 games, 328,409 kept of 328,409 (100%), 349 kept/s
6250 games, 330,935 kept of 330,935 (100%), 349 kept/s
6300 games, 333,368 kept of 333,368 (100%), 349 kept/s
6350 games, 335,506 kept of 335,506 (100%), 348 kept/s
6400 games, 338,241 kept of 338,241 (100%), 349 kept/s
6450 games, 340,872 kept of 340,872 (100%), 349 kept/s
6500 games, 343,719 kept of 343,719 (100%), 349 kept/s
6550 games, 346,041 kept of 346,041 (100%), 349 kept/s
6600 games, 348,595 kept of 348,595 (100%), 349 kept/s
6650 games, 351,489 kept of 351,489 (100%), 349 kept/s
6700 games, 354,345 kept of 354,345 (100%), 349 kept/s
6750 games, 357,033 kept of 357,033 (100%), 349 kept/s
6800 games, 360,014 kept of 360,014 (100%), 349 kept/s
6850 games, 362,803 kept of 362,803 (100%), 349 kept/s
6900 games, 365,428 kept of 365,428 (100%), 349 kept/s
6950 games, 367,822 kept of 367,822 (100%), 349 kept/s
7000 games, 370,430 kept of 370,430 (100%), 349 kept/s
7050 games, 372,857 kept of 372,857 (100%), 349 kept/s
7100 games, 375,630 kept of 375,630 (100%), 349 kept/s
7150 games, 378,277 kept of 378,277 (100%), 349 kept/s
7200 games, 380,624 kept of 380,624 (100%), 349 kept/s
7250 games, 383,550 kept of 383,550 (100%), 348 kept/s
7300 games, 385,914 kept of 385,914 (100%), 348 kept/s
7350 games, 388,286 kept of 388,286 (100%), 348 kept/s
7400 games, 391,294 kept of 391,294 (100%), 348 kept/s
7450 games, 393,825 kept of 393,825 (100%), 349 kept/s
7500 games, 396,474 kept of 396,474 (100%), 349 kept/s
7550 games, 399,224 kept of 399,224 (100%), 349 kept/s
7600 games, 401,873 kept of 401,873 (100%), 349 kept/s
7650 games, 404,960 kept of 404,960 (100%), 349 kept/s
7700 games, 407,491 kept of 407,491 (100%), 349 kept/s
7750 games, 409,823 kept of 409,823 (100%), 349 kept/s
7800 games, 412,254 kept of 412,254 (100%), 349 kept/s
7850 games, 414,725 kept of 414,725 (100%), 349 kept/s
7900 games, 417,140 kept of 417,140 (100%), 349 kept/s
7950 games, 419,831 kept of 419,831 (100%), 349 kept/s
8000 games, 422,516 kept of 422,516 (100%), 349 kept/s
8050 games, 425,262 kept of 425,262 (100%), 349 kept/s
8100 games, 427,908 kept of 427,908 (100%), 349 kept/s
8150 games, 430,500 kept of 430,500 (100%), 349 kept/s
8200 games, 433,143 kept of 433,143 (100%), 349 kept/s
8250 games, 435,890 kept of 435,890 (100%), 349 kept/s
8300 games, 438,627 kept of 438,627 (100%), 349 kept/s
8350 games, 441,778 kept of 441,778 (100%), 349 kept/s
8400 games, 444,682 kept of 444,682 (100%), 349 kept/s
8450 games, 447,314 kept of 447,314 (100%), 349 kept/s
8500 games, 449,873 kept of 449,873 (100%), 349 kept/s
8550 games, 452,878 kept of 452,878 (100%), 349 kept/s
8600 games, 455,315 kept of 455,315 (100%), 349 kept/s
8650 games, 457,854 kept of 457,854 (100%), 349 kept/s
8700 games, 460,448 kept of 460,448 (100%), 349 kept/s
8750 games, 462,737 kept of 462,737 (100%), 349 kept/s
8800 games, 465,165 kept of 465,165 (100%), 349 kept/s
8850 games, 467,284 kept of 467,284 (100%), 349 kept/s
8900 games, 470,101 kept of 470,101 (100%), 349 kept/s
8950 games, 472,875 kept of 472,875 (100%), 348 kept/s
9000 games, 475,470 kept of 475,470 (100%), 348 kept/s
9050 games, 478,319 kept of 478,319 (100%), 349 kept/s
9100 games, 480,790 kept of 480,790 (100%), 349 kept/s
9150 games, 483,645 kept of 483,645 (100%), 349 kept/s
9200 games, 486,158 kept of 486,158 (100%), 349 kept/s
9250 games, 488,590 kept of 488,590 (100%), 348 kept/s
9300 games, 490,929 kept of 490,929 (100%), 348 kept/s
9350 games, 493,535 kept of 493,535 (100%), 348 kept/s
9400 games, 495,887 kept of 495,887 (100%), 348 kept/s
9450 games, 498,879 kept of 498,879 (100%), 348 kept/s
9500 games, 501,470 kept of 501,470 (100%), 348 kept/s
9550 games, 504,445 kept of 504,445 (100%), 348 kept/s
9600 games, 506,669 kept of 506,669 (100%), 348 kept/s
9650 games, 509,073 kept of 509,073 (100%), 348 kept/s
9700 games, 511,351 kept of 511,351 (100%), 348 kept/s
9750 games, 513,417 kept of 513,417 (100%), 348 kept/s
9800 games, 516,360 kept of 516,360 (100%), 348 kept/s
9850 games, 518,765 kept of 518,765 (100%), 348 kept/s
9900 games, 521,173 kept of 521,173 (100%), 348 kept/s
9950 games, 523,716 kept of 523,716 (100%), 348 kept/s
10000 games, 526,340 kept of 526,340 (100%), 348 kept/s
10050 games, 529,199 kept of 529,199 (100%), 348 kept/s
10100 games, 531,781 kept of 531,781 (100%), 348 kept/s
10150 games, 534,263 kept of 534,263 (100%), 348 kept/s
10200 games, 537,010 kept of 537,010 (100%), 348 kept/s
10250 games, 539,540 kept of 539,540 (100%), 348 kept/s
10300 games, 541,938 kept of 541,938 (100%), 348 kept/s
10350 games, 544,621 kept of 544,621 (100%), 348 kept/s
10400 games, 547,234 kept of 547,234 (100%), 348 kept/s
10450 games, 549,937 kept of 549,937 (100%), 348 kept/s
10500 games, 552,663 kept of 552,663 (100%), 348 kept/s
10550 games, 554,957 kept of 554,957 (100%), 348 kept/s
10600 games, 557,736 kept of 557,736 (100%), 348 kept/s
10650 games, 560,594 kept of 560,594 (100%), 348 kept/s
10700 games, 563,260 kept of 563,260 (100%), 348 kept/s
10750 games, 566,145 kept of 566,145 (100%), 348 kept/s
10800 games, 569,006 kept of 569,006 (100%), 348 kept/s
10850 games, 571,461 kept of 571,461 (100%), 348 kept/s
10900 games, 574,070 kept of 574,070 (100%), 348 kept/s
10950 games, 576,819 kept of 576,819 (100%), 348 kept/s
11000 games, 579,749 kept of 579,749 (100%), 348 kept/s
11050 games, 582,229 kept of 582,229 (100%), 348 kept/s
11100 games, 585,055 kept of 585,055 (100%), 348 kept/s
11150 games, 587,586 kept of 587,586 (100%), 348 kept/s
11200 games, 590,513 kept of 590,513 (100%), 348 kept/s
11250 games, 593,328 kept of 593,328 (100%), 348 kept/s
11300 games, 595,824 kept of 595,824 (100%), 348 kept/s
11350 games, 598,219 kept of 598,408 (100%), 348 kept/s
11400 games, 600,325 kept of 600,769 (100%), 348 kept/s
11450 games, 602,576 kept of 603,268 (100%), 348 kept/s
11500 games, 604,758 kept of 605,677 (100%), 348 kept/s
11550 games, 607,129 kept of 608,237 (100%), 348 kept/s
11600 games, 609,465 kept of 610,817 (100%), 348 kept/s
11650 games, 611,566 kept of 613,094 (100%), 347 kept/s
11700 games, 613,992 kept of 615,784 (100%), 347 kept/s
11750 games, 616,281 kept of 618,274 (100%), 347 kept/s
11800 games, 618,689 kept of 620,925 (100%), 347 kept/s
11850 games, 621,527 kept of 623,882 (100%), 347 kept/s
11900 games, 624,464 kept of 626,976 (100%), 347 kept/s
11950 games, 626,759 kept of 629,582 (100%), 347 kept/s
12000 games, 628,979 kept of 632,042 (100%), 347 kept/s
12050 games, 631,375 kept of 634,682 (99%), 347 kept/s
12100 games, 633,832 kept of 637,426 (99%), 346 kept/s
12150 games, 636,258 kept of 640,063 (99%), 346 kept/s
12200 games, 638,616 kept of 642,714 (99%), 346 kept/s
12250 games, 640,905 kept of 645,314 (99%), 346 kept/s
12300 games, 643,200 kept of 647,894 (99%), 346 kept/s
12350 games, 645,878 kept of 650,684 (99%), 346 kept/s
12400 games, 648,309 kept of 653,346 (99%), 346 kept/s
12450 games, 650,410 kept of 655,661 (99%), 346 kept/s
12500 games, 652,777 kept of 658,308 (99%), 345 kept/s
12550 games, 655,385 kept of 661,094 (99%), 345 kept/s
12600 games, 657,988 kept of 663,951 (99%), 345 kept/s
12650 games, 660,271 kept of 666,441 (99%), 345 kept/s
12700 games, 662,687 kept of 669,081 (99%), 345 kept/s
12750 games, 665,397 kept of 671,989 (99%), 345 kept/s
12800 games, 667,800 kept of 674,608 (99%), 345 kept/s
12850 games, 670,284 kept of 677,431 (99%), 345 kept/s
12900 games, 672,828 kept of 680,216 (99%), 345 kept/s
12950 games, 675,173 kept of 682,748 (99%), 345 kept/s
13000 games, 677,445 kept of 685,220 (99%), 344 kept/s
13050 games, 680,313 kept of 688,254 (99%), 344 kept/s
13100 games, 682,576 kept of 690,746 (99%), 344 kept/s
13150 games, 685,156 kept of 693,526 (99%), 344 kept/s
13200 games, 687,726 kept of 696,378 (99%), 344 kept/s
13250 games, 689,996 kept of 698,920 (99%), 344 kept/s
13300 games, 692,239 kept of 701,320 (99%), 344 kept/s
13350 games, 694,457 kept of 703,763 (99%), 344 kept/s
13400 games, 697,251 kept of 706,845 (99%), 344 kept/s
13450 games, 700,000 kept of 709,780 (99%), 344 kept/s
13500 games, 702,473 kept of 712,474 (99%), 344 kept/s
13550 games, 704,775 kept of 715,002 (99%), 344 kept/s
13600 games, 707,444 kept of 717,874 (99%), 344 kept/s
13650 games, 709,774 kept of 720,451 (99%), 343 kept/s
13700 games, 711,781 kept of 722,693 (98%), 343 kept/s
13750 games, 713,730 kept of 724,901 (98%), 343 kept/s
13800 games, 716,028 kept of 727,438 (98%), 343 kept/s
13850 games, 718,461 kept of 730,031 (98%), 343 kept/s
13900 games, 721,210 kept of 732,941 (98%), 343 kept/s
13950 games, 723,591 kept of 735,492 (98%), 343 kept/s
14000 games, 726,090 kept of 738,222 (98%), 343 kept/s
14050 games, 728,516 kept of 740,867 (98%), 343 kept/s
14100 games, 731,026 kept of 743,515 (98%), 343 kept/s
14150 games, 733,484 kept of 746,217 (98%), 343 kept/s
14200 games, 736,344 kept of 749,360 (98%), 343 kept/s
14250 games, 738,654 kept of 751,904 (98%), 343 kept/s
14300 games, 741,133 kept of 754,667 (98%), 342 kept/s
14350 games, 743,253 kept of 757,000 (98%), 342 kept/s
14400 games, 745,329 kept of 759,346 (98%), 342 kept/s
14450 games, 748,088 kept of 762,266 (98%), 342 kept/s
14500 games, 750,566 kept of 764,959 (98%), 342 kept/s
14550 games, 752,963 kept of 767,654 (98%), 342 kept/s
14600 games, 755,279 kept of 770,207 (98%), 342 kept/s
14650 games, 758,354 kept of 773,401 (98%), 342 kept/s
14700 games, 760,598 kept of 775,946 (98%), 342 kept/s
14750 games, 762,794 kept of 778,378 (98%), 342 kept/s
14800 games, 765,632 kept of 781,460 (98%), 342 kept/s
14850 games, 768,105 kept of 784,130 (98%), 341 kept/s
14900 games, 770,373 kept of 786,612 (98%), 341 kept/s
14950 games, 772,446 kept of 788,868 (98%), 341 kept/s
15000 games, 775,272 kept of 791,864 (98%), 341 kept/s
15050 games, 777,593 kept of 794,399 (98%), 341 kept/s
15100 games, 780,264 kept of 797,261 (98%), 341 kept/s
15150 games, 782,894 kept of 800,084 (98%), 341 kept/s
15200 games, 785,114 kept of 802,561 (98%), 341 kept/s
15250 games, 787,679 kept of 805,373 (98%), 341 kept/s
15300 games, 790,144 kept of 808,161 (98%), 341 kept/s
15350 games, 792,682 kept of 810,966 (98%), 341 kept/s
15400 games, 795,150 kept of 813,621 (98%), 341 kept/s
15450 games, 797,501 kept of 816,136 (98%), 341 kept/s
15500 games, 799,692 kept of 818,596 (98%), 341 kept/s
15550 games, 802,160 kept of 821,232 (98%), 341 kept/s
15600 games, 804,882 kept of 824,070 (98%), 341 kept/s
15650 games, 807,483 kept of 826,821 (98%), 341 kept/s
15700 games, 809,943 kept of 829,464 (98%), 341 kept/s
15750 games, 812,299 kept of 832,089 (98%), 340 kept/s
15800 games, 814,675 kept of 834,682 (98%), 340 kept/s
15850 games, 817,205 kept of 837,425 (98%), 340 kept/s
15900 games, 819,322 kept of 839,739 (98%), 340 kept/s
15950 games, 821,223 kept of 841,839 (98%), 340 kept/s
16000 games, 823,752 kept of 844,572 (98%), 340 kept/s
16050 games, 825,962 kept of 847,072 (98%), 340 kept/s
16100 games, 828,408 kept of 849,773 (97%), 340 kept/s
16150 games, 830,753 kept of 852,334 (97%), 340 kept/s
16200 games, 832,973 kept of 854,825 (97%), 340 kept/s
16250 games, 835,333 kept of 857,392 (97%), 340 kept/s
16300 games, 837,444 kept of 859,829 (97%), 340 kept/s
16350 games, 839,744 kept of 862,313 (97%), 340 kept/s
16400 games, 842,421 kept of 865,197 (97%), 340 kept/s
16450 games, 844,770 kept of 867,957 (97%), 339 kept/s
16500 games, 847,316 kept of 870,791 (97%), 339 kept/s
16550 games, 849,831 kept of 873,477 (97%), 339 kept/s
16600 games, 852,414 kept of 876,267 (97%), 339 kept/s
16650 games, 854,528 kept of 878,655 (97%), 339 kept/s
16700 games, 857,019 kept of 881,302 (97%), 339 kept/s
16750 games, 859,630 kept of 884,099 (97%), 339 kept/s
16800 games, 862,154 kept of 886,842 (97%), 339 kept/s
16850 games, 864,171 kept of 889,076 (97%), 339 kept/s
16900 games, 866,432 kept of 891,468 (97%), 339 kept/s
16950 games, 868,708 kept of 893,962 (97%), 339 kept/s
17000 games, 871,341 kept of 896,794 (97%), 339 kept/s
17050 games, 873,686 kept of 899,419 (97%), 339 kept/s
17100 games, 875,932 kept of 901,943 (97%), 339 kept/s
17150 games, 878,209 kept of 904,462 (97%), 339 kept/s
17200 games, 880,545 kept of 907,073 (97%), 339 kept/s
17250 games, 883,386 kept of 910,113 (97%), 338 kept/s
17300 games, 886,089 kept of 913,008 (97%), 338 kept/s
17350 games, 888,549 kept of 915,739 (97%), 338 kept/s
17400 games, 891,182 kept of 918,509 (97%), 338 kept/s
17450 games, 893,615 kept of 921,147 (97%), 338 kept/s
17500 games, 896,176 kept of 923,927 (97%), 338 kept/s
17550 games, 898,274 kept of 926,260 (97%), 338 kept/s
17600 games, 901,020 kept of 929,188 (97%), 338 kept/s
17650 games, 903,862 kept of 932,209 (97%), 338 kept/s
17700 games, 906,554 kept of 935,121 (97%), 338 kept/s
17750 games, 908,854 kept of 937,650 (97%), 338 kept/s
17800 games, 910,967 kept of 940,040 (97%), 338 kept/s
17850 games, 913,437 kept of 942,687 (97%), 338 kept/s
17900 games, 915,718 kept of 945,203 (97%), 338 kept/s
17950 games, 917,806 kept of 947,498 (97%), 338 kept/s
18000 games, 920,230 kept of 950,120 (97%), 338 kept/s
18050 games, 922,618 kept of 952,729 (97%), 338 kept/s
18100 games, 925,055 kept of 955,399 (97%), 338 kept/s
18150 games, 927,424 kept of 958,074 (97%), 338 kept/s
18200 games, 929,628 kept of 960,462 (97%), 338 kept/s
18250 games, 931,944 kept of 963,056 (97%), 337 kept/s
18300 games, 934,766 kept of 966,066 (97%), 337 kept/s
18350 games, 937,444 kept of 968,996 (97%), 337 kept/s
18400 games, 939,467 kept of 971,310 (97%), 337 kept/s
18450 games, 941,737 kept of 973,853 (97%), 337 kept/s
18500 games, 943,876 kept of 976,188 (97%), 337 kept/s
18550 games, 946,246 kept of 978,775 (97%), 337 kept/s
18600 games, 948,685 kept of 981,436 (97%), 337 kept/s
18650 games, 951,067 kept of 984,157 (97%), 337 kept/s
18700 games, 953,573 kept of 986,933 (97%), 337 kept/s
18750 games, 955,606 kept of 989,216 (97%), 337 kept/s
18800 games, 958,157 kept of 991,950 (97%), 337 kept/s
18850 games, 960,535 kept of 994,527 (97%), 337 kept/s
18900 games, 963,086 kept of 997,328 (97%), 337 kept/s
18950 games, 965,605 kept of 1,000,126 (97%), 337 kept/s
19000 games, 967,935 kept of 1,002,718 (97%), 337 kept/s
19050 games, 970,524 kept of 1,005,547 (97%), 337 kept/s
19100 games, 972,868 kept of 1,008,147 (97%), 337 kept/s
19150 games, 975,550 kept of 1,011,137 (96%), 337 kept/s
19200 games, 977,544 kept of 1,013,425 (96%), 336 kept/s
19250 games, 979,799 kept of 1,015,950 (96%), 336 kept/s
19300 games, 982,175 kept of 1,018,539 (96%), 336 kept/s
19350 games, 984,682 kept of 1,021,240 (96%), 336 kept/s
19400 games, 987,002 kept of 1,023,782 (96%), 336 kept/s
19450 games, 989,537 kept of 1,026,644 (96%), 336 kept/s
19500 games, 991,903 kept of 1,029,235 (96%), 336 kept/s
19550 games, 994,112 kept of 1,031,624 (96%), 336 kept/s
19600 games, 996,222 kept of 1,034,023 (96%), 336 kept/s
19650 games, 998,523 kept of 1,036,508 (96%), 336 kept/s
19700 games, 1,000,957 kept of 1,039,246 (96%), 336 kept/s
19750 games, 1,003,221 kept of 1,041,796 (96%), 336 kept/s
19800 games, 1,005,911 kept of 1,044,761 (96%), 336 kept/s
19850 games, 1,008,831 kept of 1,047,868 (96%), 336 kept/s
19900 games, 1,011,199 kept of 1,050,452 (96%), 336 kept/s
19950 games, 1,013,315 kept of 1,052,847 (96%), 336 kept/s
20000 games, 1,015,842 kept of 1,055,645 (96%), 336 kept/s
20050 games, 1,018,672 kept of 1,058,679 (96%), 336 kept/s
20100 games, 1,021,339 kept of 1,061,577 (96%), 336 kept/s
20150 games, 1,023,970 kept of 1,064,363 (96%), 336 kept/s
20200 games, 1,026,407 kept of 1,067,135 (96%), 336 kept/s
20250 games, 1,028,877 kept of 1,069,865 (96%), 335 kept/s
20300 games, 1,031,379 kept of 1,072,573 (96%), 335 kept/s
20350 games, 1,033,953 kept of 1,075,332 (96%), 335 kept/s
20400 games, 1,036,142 kept of 1,077,760 (96%), 335 kept/s
20450 games, 1,038,450 kept of 1,080,280 (96%), 335 kept/s
20500 games, 1,040,736 kept of 1,082,892 (96%), 335 kept/s
20550 games, 1,043,243 kept of 1,085,612 (96%), 335 kept/s
20600 games, 1,045,747 kept of 1,088,356 (96%), 335 kept/s
20650 games, 1,048,279 kept of 1,091,121 (96%), 335 kept/s
20700 games, 1,050,495 kept of 1,093,519 (96%), 335 kept/s
20750 games, 1,052,605 kept of 1,095,898 (96%), 335 kept/s
20800 games, 1,055,067 kept of 1,098,571 (96%), 335 kept/s
20850 games, 1,057,664 kept of 1,101,374 (96%), 335 kept/s
20900 games, 1,060,186 kept of 1,104,138 (96%), 335 kept/s
20950 games, 1,062,583 kept of 1,106,766 (96%), 335 kept/s
21000 games, 1,065,033 kept of 1,109,405 (96%), 335 kept/s
21050 games, 1,067,346 kept of 1,111,978 (96%), 335 kept/s
21100 games, 1,069,731 kept of 1,114,626 (96%), 335 kept/s
21150 games, 1,072,382 kept of 1,117,458 (96%), 335 kept/s
21200 games, 1,075,080 kept of 1,120,335 (96%), 335 kept/s
21250 games, 1,077,418 kept of 1,122,975 (96%), 335 kept/s
21300 games, 1,079,754 kept of 1,125,497 (96%), 335 kept/s
21350 games, 1,082,318 kept of 1,128,261 (96%), 335 kept/s
21400 games, 1,084,676 kept of 1,130,864 (96%), 335 kept/s
21450 games, 1,087,322 kept of 1,133,725 (96%), 335 kept/s
21500 games, 1,089,696 kept of 1,136,250 (96%), 335 kept/s
21550 games, 1,091,845 kept of 1,138,691 (96%), 335 kept/s
21600 games, 1,093,955 kept of 1,141,056 (96%), 334 kept/s
21650 games, 1,096,469 kept of 1,143,814 (96%), 334 kept/s
21700 games, 1,098,741 kept of 1,146,327 (96%), 334 kept/s
21750 games, 1,101,034 kept of 1,148,838 (96%), 334 kept/s
21800 games, 1,103,005 kept of 1,151,060 (96%), 334 kept/s
21850 games, 1,105,503 kept of 1,153,774 (96%), 334 kept/s
21900 games, 1,107,870 kept of 1,156,451 (96%), 334 kept/s
21950 games, 1,110,291 kept of 1,159,101 (96%), 334 kept/s
22000 games, 1,112,803 kept of 1,161,832 (96%), 334 kept/s
22050 games, 1,115,179 kept of 1,164,382 (96%), 334 kept/s
22100 games, 1,117,818 kept of 1,167,170 (96%), 334 kept/s
22150 games, 1,120,201 kept of 1,169,806 (96%), 334 kept/s
22200 games, 1,122,519 kept of 1,172,290 (96%), 334 kept/s
22250 games, 1,124,975 kept of 1,174,948 (96%), 334 kept/s
22300 games, 1,127,241 kept of 1,177,461 (96%), 334 kept/s
22350 games, 1,129,435 kept of 1,179,928 (96%), 334 kept/s
22400 games, 1,131,716 kept of 1,182,465 (96%), 334 kept/s
22450 games, 1,134,134 kept of 1,185,110 (96%), 334 kept/s
22500 games, 1,136,509 kept of 1,187,755 (96%), 334 kept/s
22550 games, 1,138,927 kept of 1,190,371 (96%), 334 kept/s
22600 games, 1,141,622 kept of 1,193,413 (96%), 334 kept/s
22650 games, 1,144,112 kept of 1,196,071 (96%), 334 kept/s
22700 games, 1,146,366 kept of 1,198,734 (96%), 334 kept/s
22750 games, 1,148,143 kept of 1,201,325 (96%), 334 kept/s
22800 games, 1,149,464 kept of 1,203,683 (95%), 333 kept/s
22850 games, 1,151,065 kept of 1,206,333 (95%), 333 kept/s
22900 games, 1,152,761 kept of 1,209,076 (95%), 333 kept/s
22950 games, 1,154,438 kept of 1,212,069 (95%), 332 kept/s
23000 games, 1,156,039 kept of 1,214,936 (95%), 332 kept/s
23050 games, 1,157,729 kept of 1,217,602 (95%), 332 kept/s
23100 games, 1,159,320 kept of 1,220,196 (95%), 332 kept/s
23150 games, 1,160,938 kept of 1,222,737 (95%), 331 kept/s
23200 games, 1,162,553 kept of 1,225,673 (95%), 331 kept/s
23250 games, 1,164,080 kept of 1,228,091 (95%), 331 kept/s
23300 games, 1,165,840 kept of 1,230,772 (95%), 331 kept/s
23350 games, 1,167,334 kept of 1,233,225 (95%), 330 kept/s
23400 games, 1,168,889 kept of 1,235,903 (95%), 330 kept/s
23450 games, 1,170,350 kept of 1,238,323 (95%), 330 kept/s
23500 games, 1,171,917 kept of 1,240,942 (94%), 330 kept/s
23550 games, 1,173,654 kept of 1,243,883 (94%), 329 kept/s
23600 games, 1,175,214 kept of 1,246,524 (94%), 329 kept/s
23650 games, 1,176,730 kept of 1,249,156 (94%), 329 kept/s
23700 games, 1,178,210 kept of 1,251,723 (94%), 329 kept/s
23750 games, 1,179,652 kept of 1,254,197 (94%), 328 kept/s
23800 games, 1,181,422 kept of 1,256,778 (94%), 328 kept/s
23850 games, 1,183,187 kept of 1,259,633 (94%), 328 kept/s
23900 games, 1,184,840 kept of 1,262,396 (94%), 328 kept/s
23950 games, 1,186,721 kept of 1,265,288 (94%), 327 kept/s
24000 games, 1,188,362 kept of 1,267,818 (94%), 327 kept/s
24050 games, 1,189,876 kept of 1,270,408 (94%), 327 kept/s
24100 games, 1,191,855 kept of 1,273,377 (94%), 327 kept/s
24150 games, 1,193,570 kept of 1,276,146 (94%), 326 kept/s
24200 games, 1,195,092 kept of 1,278,968 (93%), 326 kept/s
24250 games, 1,196,594 kept of 1,281,619 (93%), 326 kept/s
24300 games, 1,198,202 kept of 1,284,297 (93%), 326 kept/s
24350 games, 1,199,724 kept of 1,286,822 (93%), 325 kept/s
24400 games, 1,201,404 kept of 1,289,621 (93%), 325 kept/s
24450 games, 1,203,006 kept of 1,292,382 (93%), 325 kept/s
24500 games, 1,204,450 kept of 1,294,937 (93%), 325 kept/s
24550 games, 1,206,222 kept of 1,297,841 (93%), 324 kept/s
24600 games, 1,207,879 kept of 1,300,553 (93%), 324 kept/s
24650 games, 1,209,545 kept of 1,303,181 (93%), 324 kept/s
24700 games, 1,211,572 kept of 1,306,283 (93%), 324 kept/s
24750 games, 1,213,155 kept of 1,308,927 (93%), 324 kept/s
24800 games, 1,214,475 kept of 1,311,286 (93%), 323 kept/s
24850 games, 1,215,734 kept of 1,313,519 (93%), 323 kept/s
24900 games, 1,217,414 kept of 1,316,231 (92%), 323 kept/s
24950 games, 1,218,844 kept of 1,318,569 (92%), 323 kept/s
25000 games, 1,220,596 kept of 1,321,214 (92%), 322 kept/s
25050 games, 1,221,889 kept of 1,323,374 (92%), 322 kept/s
25100 games, 1,223,215 kept of 1,325,687 (92%), 322 kept/s
25150 games, 1,224,920 kept of 1,328,423 (92%), 322 kept/s
25200 games, 1,226,795 kept of 1,331,257 (92%), 322 kept/s
25250 games, 1,228,262 kept of 1,333,808 (92%), 321 kept/s
25300 games, 1,229,702 kept of 1,336,453 (92%), 321 kept/s
25350 games, 1,231,367 kept of 1,339,066 (92%), 321 kept/s
25400 games, 1,232,939 kept of 1,341,564 (92%), 321 kept/s
25450 games, 1,234,368 kept of 1,344,014 (92%), 321 kept/s
25500 games, 1,236,026 kept of 1,346,806 (92%), 320 kept/s
25550 games, 1,237,429 kept of 1,349,313 (92%), 320 kept/s
25600 games, 1,238,928 kept of 1,351,698 (92%), 320 kept/s
25650 games, 1,240,743 kept of 1,354,566 (92%), 320 kept/s
25700 games, 1,242,347 kept of 1,357,125 (92%), 320 kept/s
25750 games, 1,243,857 kept of 1,359,553 (91%), 319 kept/s
25800 games, 1,245,104 kept of 1,361,716 (91%), 319 kept/s
25850 games, 1,246,706 kept of 1,364,467 (91%), 319 kept/s
25900 games, 1,248,254 kept of 1,367,132 (91%), 319 kept/s
25950 games, 1,249,870 kept of 1,369,707 (91%), 319 kept/s
26000 games, 1,251,715 kept of 1,372,653 (91%), 318 kept/s
26050 games, 1,253,599 kept of 1,375,738 (91%), 318 kept/s
26100 games, 1,255,261 kept of 1,378,424 (91%), 318 kept/s
26150 games, 1,256,838 kept of 1,381,195 (91%), 318 kept/s
26200 games, 1,258,634 kept of 1,384,026 (91%), 318 kept/s
26250 games, 1,260,160 kept of 1,386,687 (91%), 317 kept/s
26300 games, 1,261,715 kept of 1,389,199 (91%), 317 kept/s
26350 games, 1,263,263 kept of 1,391,704 (91%), 317 kept/s
26400 games, 1,264,874 kept of 1,394,599 (91%), 317 kept/s
26450 games, 1,266,542 kept of 1,397,289 (91%), 317 kept/s
26500 games, 1,267,993 kept of 1,400,030 (91%), 316 kept/s
26550 games, 1,269,733 kept of 1,402,859 (91%), 316 kept/s
26600 games, 1,271,283 kept of 1,405,394 (90%), 316 kept/s
26650 games, 1,272,826 kept of 1,408,057 (90%), 316 kept/s
26700 games, 1,274,246 kept of 1,410,516 (90%), 315 kept/s
26750 games, 1,275,829 kept of 1,413,113 (90%), 315 kept/s
26800 games, 1,277,334 kept of 1,415,592 (90%), 315 kept/s
26850 games, 1,279,053 kept of 1,418,262 (90%), 315 kept/s
26900 games, 1,280,638 kept of 1,421,078 (90%), 315 kept/s
26950 games, 1,282,155 kept of 1,423,582 (90%), 314 kept/s
27000 games, 1,283,619 kept of 1,425,952 (90%), 314 kept/s
27050 games, 1,284,962 kept of 1,428,416 (90%), 314 kept/s
27100 games, 1,286,448 kept of 1,431,127 (90%), 314 kept/s
27150 games, 1,288,133 kept of 1,433,928 (90%), 314 kept/s
27200 games, 1,289,775 kept of 1,436,736 (90%), 313 kept/s
27250 games, 1,291,253 kept of 1,439,225 (90%), 313 kept/s
27300 games, 1,292,619 kept of 1,441,554 (90%), 313 kept/s
27350 games, 1,294,100 kept of 1,444,270 (90%), 313 kept/s
27400 games, 1,295,897 kept of 1,447,008 (90%), 313 kept/s
27450 games, 1,297,692 kept of 1,449,775 (90%), 313 kept/s
27500 games, 1,299,260 kept of 1,452,318 (89%), 312 kept/s
27550 games, 1,300,911 kept of 1,455,030 (89%), 312 kept/s
27600 games, 1,302,725 kept of 1,457,914 (89%), 312 kept/s
27650 games, 1,304,377 kept of 1,460,619 (89%), 312 kept/s
27700 games, 1,306,038 kept of 1,463,316 (89%), 312 kept/s
27750 games, 1,307,675 kept of 1,466,141 (89%), 311 kept/s
27800 games, 1,309,297 kept of 1,468,721 (89%), 311 kept/s
27850 games, 1,310,868 kept of 1,471,319 (89%), 311 kept/s
27900 games, 1,312,659 kept of 1,474,298 (89%), 311 kept/s
27950 games, 1,313,985 kept of 1,476,667 (89%), 311 kept/s
28000 games, 1,315,823 kept of 1,479,536 (89%), 311 kept/s
28050 games, 1,317,171 kept of 1,481,932 (89%), 310 kept/s
28100 games, 1,318,792 kept of 1,484,685 (89%), 310 kept/s
28150 games, 1,320,635 kept of 1,487,597 (89%), 310 kept/s
28200 games, 1,322,311 kept of 1,490,484 (89%), 310 kept/s
28250 games, 1,324,115 kept of 1,493,600 (89%), 310 kept/s
28300 games, 1,325,790 kept of 1,496,211 (89%), 310 kept/s
28350 games, 1,327,744 kept of 1,499,210 (89%), 309 kept/s
28400 games, 1,329,293 kept of 1,501,758 (89%), 309 kept/s
28450 games, 1,331,061 kept of 1,504,769 (88%), 309 kept/s
28500 games, 1,332,550 kept of 1,507,409 (88%), 309 kept/s
28550 games, 1,333,951 kept of 1,509,970 (88%), 309 kept/s
28600 games, 1,335,136 kept of 1,512,244 (88%), 308 kept/s
28650 games, 1,337,119 kept of 1,515,280 (88%), 308 kept/s
28700 games, 1,338,801 kept of 1,517,991 (88%), 308 kept/s
28750 games, 1,340,285 kept of 1,520,549 (88%), 308 kept/s
28800 games, 1,342,074 kept of 1,523,291 (88%), 308 kept/s
28850 games, 1,343,456 kept of 1,525,812 (88%), 308 kept/s
28900 games, 1,345,280 kept of 1,528,533 (88%), 307 kept/s
28950 games, 1,346,847 kept of 1,530,979 (88%), 307 kept/s
29000 games, 1,348,795 kept of 1,534,077 (88%), 307 kept/s
29050 games, 1,350,123 kept of 1,536,320 (88%), 307 kept/s
29100 games, 1,351,600 kept of 1,539,090 (88%), 307 kept/s
29150 games, 1,353,228 kept of 1,541,824 (88%), 307 kept/s
29200 games, 1,354,784 kept of 1,544,373 (88%), 306 kept/s
29250 games, 1,356,424 kept of 1,546,996 (88%), 306 kept/s
29300 games, 1,358,110 kept of 1,549,672 (88%), 306 kept/s
29350 games, 1,359,743 kept of 1,552,457 (88%), 306 kept/s
29400 games, 1,361,496 kept of 1,555,369 (88%), 306 kept/s
29450 games, 1,362,970 kept of 1,557,838 (87%), 306 kept/s
29500 games, 1,364,755 kept of 1,560,582 (87%), 306 kept/s
29550 games, 1,366,003 kept of 1,563,039 (87%), 305 kept/s
29600 games, 1,366,993 kept of 1,565,811 (87%), 305 kept/s
29650 games, 1,367,948 kept of 1,568,435 (87%), 305 kept/s
29700 games, 1,369,023 kept of 1,571,194 (87%), 304 kept/s
29750 games, 1,370,114 kept of 1,573,998 (87%), 304 kept/s
29800 games, 1,371,157 kept of 1,576,739 (87%), 304 kept/s
29850 games, 1,371,992 kept of 1,579,156 (87%), 304 kept/s
29900 games, 1,373,034 kept of 1,581,703 (87%), 303 kept/s
29950 games, 1,374,090 kept of 1,584,563 (87%), 303 kept/s
30000 games, 1,375,123 kept of 1,587,350 (87%), 303 kept/s
30050 games, 1,376,150 kept of 1,589,992 (87%), 302 kept/s
30100 games, 1,377,287 kept of 1,592,873 (86%), 302 kept/s
30150 games, 1,378,251 kept of 1,595,442 (86%), 302 kept/s
30200 games, 1,379,569 kept of 1,598,481 (86%), 302 kept/s
30250 games, 1,380,439 kept of 1,601,155 (86%), 301 kept/s
30300 games, 1,381,369 kept of 1,603,825 (86%), 301 kept/s
30350 games, 1,382,574 kept of 1,606,710 (86%), 301 kept/s
30400 games, 1,383,514 kept of 1,609,233 (86%), 300 kept/s
30450 games, 1,384,506 kept of 1,612,066 (86%), 300 kept/s
30500 games, 1,385,614 kept of 1,614,682 (86%), 300 kept/s
30550 games, 1,386,681 kept of 1,617,404 (86%), 300 kept/s
30600 games, 1,387,798 kept of 1,620,302 (86%), 299 kept/s
30650 games, 1,388,580 kept of 1,622,612 (86%), 299 kept/s
30700 games, 1,389,475 kept of 1,625,047 (86%), 299 kept/s
30750 games, 1,390,417 kept of 1,627,470 (85%), 299 kept/s
30800 games, 1,391,215 kept of 1,630,101 (85%), 298 kept/s
30850 games, 1,392,044 kept of 1,632,400 (85%), 298 kept/s
30900 games, 1,392,946 kept of 1,635,275 (85%), 298 kept/s
30950 games, 1,393,617 kept of 1,637,900 (85%), 297 kept/s
31000 games, 1,394,350 kept of 1,640,447 (85%), 297 kept/s
31050 games, 1,395,267 kept of 1,643,418 (85%), 297 kept/s
31100 games, 1,396,254 kept of 1,646,162 (85%), 296 kept/s
31150 games, 1,397,140 kept of 1,648,916 (85%), 296 kept/s
31200 games, 1,397,850 kept of 1,651,320 (85%), 296 kept/s
31250 games, 1,398,576 kept of 1,653,878 (85%), 295 kept/s
31300 games, 1,399,590 kept of 1,656,592 (84%), 295 kept/s
31350 games, 1,400,265 kept of 1,658,976 (84%), 295 kept/s
31400 games, 1,401,166 kept of 1,661,641 (84%), 295 kept/s
31450 games, 1,402,071 kept of 1,664,362 (84%), 294 kept/s
31500 games, 1,402,759 kept of 1,666,849 (84%), 294 kept/s
31550 games, 1,403,512 kept of 1,669,109 (84%), 294 kept/s
31600 games, 1,404,549 kept of 1,671,872 (84%), 294 kept/s
31650 games, 1,405,665 kept of 1,674,636 (84%), 293 kept/s
31700 games, 1,406,555 kept of 1,677,304 (84%), 293 kept/s
31750 games, 1,407,311 kept of 1,679,899 (84%), 293 kept/s
31800 games, 1,408,056 kept of 1,682,406 (84%), 292 kept/s
31850 games, 1,408,890 kept of 1,685,322 (84%), 292 kept/s
31900 games, 1,409,711 kept of 1,687,860 (84%), 292 kept/s
31950 games, 1,410,505 kept of 1,690,254 (83%), 292 kept/s
32000 games, 1,411,153 kept of 1,692,891 (83%), 291 kept/s
32050 games, 1,412,221 kept of 1,695,628 (83%), 291 kept/s
32100 games, 1,413,404 kept of 1,698,659 (83%), 291 kept/s
32150 games, 1,414,249 kept of 1,701,089 (83%), 291 kept/s
32200 games, 1,415,063 kept of 1,703,591 (83%), 290 kept/s
32250 games, 1,415,876 kept of 1,706,154 (83%), 290 kept/s
32300 games, 1,416,586 kept of 1,708,504 (83%), 290 kept/s
32350 games, 1,417,556 kept of 1,711,014 (83%), 289 kept/s
32400 games, 1,418,542 kept of 1,714,025 (83%), 289 kept/s
32450 games, 1,419,466 kept of 1,716,987 (83%), 289 kept/s
32500 games, 1,420,393 kept of 1,720,065 (83%), 289 kept/s
32550 games, 1,421,210 kept of 1,723,037 (82%), 288 kept/s
32600 games, 1,421,868 kept of 1,725,851 (82%), 288 kept/s
32650 games, 1,422,522 kept of 1,728,558 (82%), 288 kept/s
32700 games, 1,422,884 kept of 1,730,709 (82%), 287 kept/s
32750 games, 1,423,546 kept of 1,733,445 (82%), 287 kept/s
32800 games, 1,424,279 kept of 1,736,030 (82%), 287 kept/s
32850 games, 1,425,015 kept of 1,738,629 (82%), 286 kept/s
32900 games, 1,425,623 kept of 1,741,498 (82%), 286 kept/s
32950 games, 1,426,155 kept of 1,743,916 (82%), 286 kept/s
33000 games, 1,426,949 kept of 1,746,931 (82%), 286 kept/s
33050 games, 1,427,587 kept of 1,749,503 (82%), 285 kept/s
33100 games, 1,428,409 kept of 1,752,099 (82%), 285 kept/s
33150 games, 1,429,003 kept of 1,754,790 (81%), 285 kept/s
33200 games, 1,429,698 kept of 1,757,399 (81%), 284 kept/s
33250 games, 1,430,448 kept of 1,759,977 (81%), 284 kept/s
33300 games, 1,431,259 kept of 1,762,677 (81%), 284 kept/s
33350 games, 1,432,271 kept of 1,765,526 (81%), 284 kept/s
33400 games, 1,432,818 kept of 1,767,606 (81%), 283 kept/s
33450 games, 1,433,634 kept of 1,770,308 (81%), 283 kept/s
33500 games, 1,434,608 kept of 1,773,256 (81%), 283 kept/s
33550 games, 1,435,460 kept of 1,775,824 (81%), 283 kept/s
33600 games, 1,436,082 kept of 1,778,426 (81%), 282 kept/s
33650 games, 1,436,692 kept of 1,780,741 (81%), 282 kept/s
33700 games, 1,437,439 kept of 1,783,341 (81%), 282 kept/s
33750 games, 1,438,245 kept of 1,786,088 (81%), 281 kept/s
33800 games, 1,439,075 kept of 1,788,910 (80%), 281 kept/s
33850 games, 1,439,718 kept of 1,791,511 (80%), 281 kept/s
33900 games, 1,440,370 kept of 1,794,020 (80%), 281 kept/s
33950 games, 1,441,023 kept of 1,796,484 (80%), 280 kept/s
34000 games, 1,441,929 kept of 1,799,002 (80%), 280 kept/s
34050 games, 1,442,659 kept of 1,801,630 (80%), 280 kept/s
34100 games, 1,443,387 kept of 1,804,369 (80%), 280 kept/s
34150 games, 1,444,103 kept of 1,807,051 (80%), 279 kept/s
34200 games, 1,444,737 kept of 1,809,728 (80%), 279 kept/s
34250 games, 1,445,547 kept of 1,812,376 (80%), 279 kept/s
34300 games, 1,446,149 kept of 1,814,996 (80%), 278 kept/s
34350 games, 1,446,998 kept of 1,817,828 (80%), 278 kept/s
34400 games, 1,447,637 kept of 1,820,480 (80%), 278 kept/s
34450 games, 1,448,422 kept of 1,823,341 (79%), 278 kept/s
34500 games, 1,449,035 kept of 1,826,054 (79%), 277 kept/s
34550 games, 1,449,575 kept of 1,828,527 (79%), 277 kept/s
34600 games, 1,450,137 kept of 1,830,832 (79%), 277 kept/s
34650 games, 1,450,956 kept of 1,833,606 (79%), 277 kept/s
34700 games, 1,451,526 kept of 1,836,128 (79%), 276 kept/s
34750 games, 1,452,171 kept of 1,838,868 (79%), 276 kept/s
34800 games, 1,452,788 kept of 1,841,374 (79%), 276 kept/s
34850 games, 1,453,511 kept of 1,844,267 (79%), 275 kept/s
34900 games, 1,454,305 kept of 1,847,102 (79%), 275 kept/s
34950 games, 1,454,857 kept of 1,849,737 (79%), 275 kept/s
35000 games, 1,455,339 kept of 1,852,212 (79%), 275 kept/s
35050 games, 1,456,228 kept of 1,855,268 (78%), 274 kept/s
35100 games, 1,456,801 kept of 1,857,856 (78%), 274 kept/s
35150 games, 1,457,541 kept of 1,860,584 (78%), 274 kept/s
35200 games, 1,458,272 kept of 1,863,270 (78%), 274 kept/s
35250 games, 1,458,778 kept of 1,865,546 (78%), 273 kept/s
35300 games, 1,459,227 kept of 1,868,046 (78%), 273 kept/s
35350 games, 1,459,973 kept of 1,870,555 (78%), 273 kept/s
35400 games, 1,460,655 kept of 1,873,067 (78%), 273 kept/s
35450 games, 1,461,426 kept of 1,875,587 (78%), 272 kept/s
35500 games, 1,462,086 kept of 1,878,133 (78%), 272 kept/s
35550 games, 1,462,851 kept of 1,880,993 (78%), 272 kept/s
35600 games, 1,463,501 kept of 1,883,762 (78%), 272 kept/s
35650 games, 1,464,207 kept of 1,886,482 (78%), 271 kept/s
35700 games, 1,464,927 kept of 1,889,343 (78%), 271 kept/s
35750 games, 1,465,648 kept of 1,891,727 (77%), 271 kept/s
35800 games, 1,466,205 kept of 1,894,618 (77%), 271 kept/s
35850 games, 1,466,758 kept of 1,897,350 (77%), 270 kept/s
35900 games, 1,467,494 kept of 1,900,165 (77%), 270 kept/s
35950 games, 1,468,184 kept of 1,903,002 (77%), 270 kept/s
36000 games, 1,468,717 kept of 1,905,673 (77%), 269 kept/s
36050 games, 1,469,503 kept of 1,908,696 (77%), 269 kept/s
36100 games, 1,470,179 kept of 1,911,505 (77%), 269 kept/s
36150 games, 1,470,735 kept of 1,914,316 (77%), 269 kept/s
36200 games, 1,471,485 kept of 1,916,958 (77%), 268 kept/s
36250 games, 1,472,141 kept of 1,919,656 (77%), 268 kept/s
36300 games, 1,472,833 kept of 1,922,177 (77%), 268 kept/s
36350 games, 1,473,452 kept of 1,924,544 (77%), 268 kept/s
36400 games, 1,473,980 kept of 1,927,090 (76%), 267 kept/s
36450 games, 1,474,633 kept of 1,929,641 (76%), 267 kept/s
36500 games, 1,475,383 kept of 1,932,306 (76%), 267 kept/s
36550 games, 1,475,921 kept of 1,934,659 (76%), 267 kept/s
36600 games, 1,476,515 kept of 1,937,318 (76%), 266 kept/s
36650 games, 1,477,165 kept of 1,939,926 (76%), 266 kept/s
36700 games, 1,478,071 kept of 1,942,923 (76%), 266 kept/s
36750 games, 1,478,814 kept of 1,945,631 (76%), 266 kept/s
36800 games, 1,479,302 kept of 1,948,183 (76%), 265 kept/s
36850 games, 1,479,814 kept of 1,950,638 (76%), 265 kept/s
36900 games, 1,480,577 kept of 1,953,543 (76%), 265 kept/s
36950 games, 1,481,198 kept of 1,955,973 (76%), 265 kept/s
37000 games, 1,481,885 kept of 1,958,741 (76%), 264 kept/s
37050 games, 1,482,353 kept of 1,961,193 (76%), 264 kept/s
37100 games, 1,483,038 kept of 1,964,100 (76%), 264 kept/s
37150 games, 1,483,368 kept of 1,966,481 (75%), 264 kept/s
37200 games, 1,483,812 kept of 1,969,529 (75%), 263 kept/s
37250 games, 1,484,164 kept of 1,972,347 (75%), 263 kept/s
37300 games, 1,484,663 kept of 1,975,073 (75%), 263 kept/s
37350 games, 1,485,056 kept of 1,977,670 (75%), 263 kept/s
37400 games, 1,485,471 kept of 1,980,526 (75%), 262 kept/s
37450 games, 1,485,895 kept of 1,983,401 (75%), 262 kept/s
37500 games, 1,486,469 kept of 1,986,372 (75%), 262 kept/s
37550 games, 1,486,816 kept of 1,989,290 (75%), 261 kept/s
37600 games, 1,487,263 kept of 1,992,214 (75%), 261 kept/s
37650 games, 1,487,586 kept of 1,994,745 (75%), 261 kept/s
37700 games, 1,488,041 kept of 1,997,316 (75%), 260 kept/s
37750 games, 1,488,413 kept of 1,999,819 (74%), 260 kept/s
37800 games, 1,488,801 kept of 2,002,243 (74%), 260 kept/s
37850 games, 1,489,159 kept of 2,004,654 (74%), 260 kept/s
37900 games, 1,489,486 kept of 2,007,351 (74%), 259 kept/s
37950 games, 1,489,924 kept of 2,010,082 (74%), 259 kept/s
38000 games, 1,490,343 kept of 2,012,591 (74%), 259 kept/s
38050 games, 1,490,647 kept of 2,015,487 (74%), 259 kept/s
38100 games, 1,491,123 kept of 2,018,504 (74%), 258 kept/s
38150 games, 1,491,531 kept of 2,021,023 (74%), 258 kept/s
38200 games, 1,491,994 kept of 2,023,677 (74%), 258 kept/s
38250 games, 1,492,448 kept of 2,026,446 (74%), 257 kept/s
38300 games, 1,492,799 kept of 2,029,163 (74%), 257 kept/s
38350 games, 1,493,162 kept of 2,031,872 (73%), 257 kept/s
38400 games, 1,493,688 kept of 2,034,861 (73%), 257 kept/s
38450 games, 1,493,994 kept of 2,037,050 (73%), 256 kept/s
38500 games, 1,494,361 kept of 2,039,818 (73%), 256 kept/s
38550 games, 1,494,678 kept of 2,042,343 (73%), 256 kept/s
38600 games, 1,495,064 kept of 2,045,412 (73%), 256 kept/s
38650 games, 1,495,415 kept of 2,047,866 (73%), 255 kept/s
38700 games, 1,495,795 kept of 2,050,581 (73%), 255 kept/s
38750 games, 1,496,128 kept of 2,052,997 (73%), 255 kept/s
38800 games, 1,496,487 kept of 2,055,689 (73%), 255 kept/s
38850 games, 1,496,764 kept of 2,058,090 (73%), 254 kept/s
38900 games, 1,497,226 kept of 2,060,909 (73%), 254 kept/s
38950 games, 1,497,678 kept of 2,063,780 (73%), 254 kept/s
39000 games, 1,498,138 kept of 2,066,410 (72%), 253 kept/s
39050 games, 1,498,620 kept of 2,069,244 (72%), 253 kept/s
39100 games, 1,498,991 kept of 2,071,598 (72%), 253 kept/s
39150 games, 1,499,447 kept of 2,074,328 (72%), 253 kept/s
39200 games, 1,499,947 kept of 2,077,184 (72%), 252 kept/s
39250 games, 1,500,339 kept of 2,079,872 (72%), 252 kept/s
39300 games, 1,500,692 kept of 2,082,693 (72%), 252 kept/s
39350 games, 1,501,132 kept of 2,085,232 (72%), 252 kept/s
39400 games, 1,501,580 kept of 2,087,909 (72%), 251 kept/s
39450 games, 1,501,946 kept of 2,090,464 (72%), 251 kept/s
39500 games, 1,502,491 kept of 2,093,245 (72%), 251 kept/s
39550 games, 1,502,964 kept of 2,095,922 (72%), 251 kept/s
39600 games, 1,503,335 kept of 2,098,411 (72%), 250 kept/s
39650 games, 1,503,584 kept of 2,100,872 (72%), 250 kept/s
39700 games, 1,503,843 kept of 2,103,486 (71%), 250 kept/s
39750 games, 1,504,052 kept of 2,105,925 (71%), 250 kept/s
39800 games, 1,504,334 kept of 2,108,250 (71%), 249 kept/s
39850 games, 1,504,552 kept of 2,110,637 (71%), 249 kept/s
39900 games, 1,505,056 kept of 2,113,468 (71%), 249 kept/s
39950 games, 1,505,373 kept of 2,116,267 (71%), 249 kept/s
40000 games, 1,505,725 kept of 2,119,255 (71%), 248 kept/s
40050 games, 1,505,986 kept of 2,121,830 (71%), 248 kept/s
40100 games, 1,506,353 kept of 2,124,289 (71%), 248 kept/s
40150 games, 1,506,590 kept of 2,126,750 (71%), 248 kept/s
40200 games, 1,506,941 kept of 2,129,209 (71%), 247 kept/s
40250 games, 1,507,254 kept of 2,131,830 (71%), 247 kept/s
40300 games, 1,507,571 kept of 2,134,574 (71%), 247 kept/s
40350 games, 1,507,841 kept of 2,137,298 (71%), 247 kept/s
40400 games, 1,508,098 kept of 2,139,707 (70%), 246 kept/s
40450 games, 1,508,319 kept of 2,141,923 (70%), 246 kept/s
40500 games, 1,508,592 kept of 2,144,310 (70%), 246 kept/s
40550 games, 1,508,856 kept of 2,147,162 (70%), 246 kept/s
40600 games, 1,509,184 kept of 2,149,867 (70%), 245 kept/s
40650 games, 1,509,571 kept of 2,153,059 (70%), 245 kept/s
40700 games, 1,509,872 kept of 2,155,443 (70%), 245 kept/s
40750 games, 1,510,195 kept of 2,157,956 (70%), 245 kept/s
40800 games, 1,510,490 kept of 2,160,671 (70%), 244 kept/s
40850 games, 1,510,747 kept of 2,163,113 (70%), 244 kept/s
40900 games, 1,510,977 kept of 2,165,522 (70%), 244 kept/s
40950 games, 1,511,286 kept of 2,168,106 (70%), 244 kept/s
41000 games, 1,511,437 kept of 2,170,400 (70%), 243 kept/s
41050 games, 1,511,636 kept of 2,172,885 (70%), 243 kept/s
41100 games, 1,512,011 kept of 2,175,410 (70%), 243 kept/s
41150 games, 1,512,294 kept of 2,178,149 (69%), 243 kept/s
41200 games, 1,512,608 kept of 2,180,639 (69%), 243 kept/s
41250 games, 1,513,031 kept of 2,183,203 (69%), 242 kept/s
41300 games, 1,513,339 kept of 2,185,902 (69%), 242 kept/s
41350 games, 1,513,654 kept of 2,188,535 (69%), 242 kept/s
41400 games, 1,513,985 kept of 2,191,409 (69%), 242 kept/s
41450 games, 1,514,271 kept of 2,194,028 (69%), 241 kept/s
41500 games, 1,514,510 kept of 2,196,089 (69%), 241 kept/s
41550 games, 1,514,752 kept of 2,198,791 (69%), 241 kept/s
41600 games, 1,515,007 kept of 2,201,310 (69%), 241 kept/s
41650 games, 1,515,290 kept of 2,203,918 (69%), 240 kept/s
41700 games, 1,515,735 kept of 2,207,002 (69%), 240 kept/s
41750 games, 1,516,032 kept of 2,209,911 (69%), 240 kept/s
41800 games, 1,516,365 kept of 2,212,578 (69%), 240 kept/s
41850 games, 1,516,651 kept of 2,215,286 (68%), 239 kept/s
41900 games, 1,517,018 kept of 2,218,004 (68%), 239 kept/s
41950 games, 1,517,286 kept of 2,220,203 (68%), 239 kept/s
42000 games, 1,517,561 kept of 2,222,786 (68%), 239 kept/s
42050 games, 1,517,897 kept of 2,226,080 (68%), 238 kept/s
42100 games, 1,518,276 kept of 2,228,932 (68%), 238 kept/s
42150 games, 1,518,644 kept of 2,231,527 (68%), 238 kept/s
42200 games, 1,519,115 kept of 2,234,517 (68%), 238 kept/s
42250 games, 1,519,425 kept of 2,237,299 (68%), 237 kept/s
42300 games, 1,519,689 kept of 2,240,229 (68%), 237 kept/s
42350 games, 1,519,982 kept of 2,242,950 (68%), 237 kept/s
42400 games, 1,520,272 kept of 2,245,776 (68%), 237 kept/s
42450 games, 1,520,457 kept of 2,248,334 (68%), 237 kept/s
42500 games, 1,520,739 kept of 2,250,846 (68%), 236 kept/s
42550 games, 1,521,132 kept of 2,253,361 (68%), 236 kept/s
42600 games, 1,521,530 kept of 2,256,162 (67%), 236 kept/s
42650 games, 1,521,769 kept of 2,258,509 (67%), 236 kept/s
42700 games, 1,522,050 kept of 2,261,363 (67%), 235 kept/s
42750 games, 1,522,463 kept of 2,263,951 (67%), 235 kept/s
42800 games, 1,522,775 kept of 2,266,678 (67%), 235 kept/s
42850 games, 1,523,083 kept of 2,269,376 (67%), 235 kept/s
42900 games, 1,523,516 kept of 2,272,402 (67%), 234 kept/s
42950 games, 1,523,791 kept of 2,274,956 (67%), 234 kept/s
43000 games, 1,524,110 kept of 2,277,200 (67%), 234 kept/s
43050 games, 1,524,512 kept of 2,280,288 (67%), 234 kept/s
43100 games, 1,524,802 kept of 2,283,247 (67%), 234 kept/s
43150 games, 1,525,126 kept of 2,285,486 (67%), 233 kept/s
43200 games, 1,525,481 kept of 2,287,961 (67%), 233 kept/s
43250 games, 1,525,696 kept of 2,290,323 (67%), 233 kept/s
43300 games, 1,525,922 kept of 2,292,746 (67%), 233 kept/s
43350 games, 1,526,238 kept of 2,295,508 (66%), 233 kept/s
43400 games, 1,526,543 kept of 2,297,994 (66%), 232 kept/s
43450 games, 1,526,784 kept of 2,300,339 (66%), 232 kept/s
43500 games, 1,527,184 kept of 2,303,028 (66%), 232 kept/s
43550 games, 1,527,315 kept of 2,305,366 (66%), 232 kept/s
43600 games, 1,527,617 kept of 2,308,104 (66%), 231 kept/s
43650 games, 1,527,879 kept of 2,310,764 (66%), 231 kept/s
43700 games, 1,528,346 kept of 2,313,421 (66%), 231 kept/s
43750 games, 1,528,761 kept of 2,316,154 (66%), 231 kept/s
43800 games, 1,529,025 kept of 2,318,805 (66%), 231 kept/s
43850 games, 1,529,277 kept of 2,321,582 (66%), 230 kept/s
43900 games, 1,529,528 kept of 2,324,087 (66%), 230 kept/s
43950 games, 1,529,736 kept of 2,326,773 (66%), 230 kept/s
44000 games, 1,529,990 kept of 2,329,525 (66%), 230 kept/s
44050 games, 1,530,427 kept of 2,332,127 (66%), 230 kept/s
44100 games, 1,530,678 kept of 2,334,578 (66%), 229 kept/s
44150 games, 1,530,946 kept of 2,337,111 (66%), 229 kept/s
44200 games, 1,531,159 kept of 2,339,737 (65%), 229 kept/s
44250 games, 1,531,435 kept of 2,342,131 (65%), 229 kept/s
44300 games, 1,531,762 kept of 2,344,760 (65%), 228 kept/s
44350 games, 1,532,096 kept of 2,347,779 (65%), 228 kept/s
44400 games, 1,532,345 kept of 2,350,208 (65%), 228 kept/s
44450 games, 1,532,657 kept of 2,352,821 (65%), 228 kept/s
44500 games, 1,532,950 kept of 2,355,463 (65%), 228 kept/s
44550 games, 1,533,394 kept of 2,358,162 (65%), 227 kept/s
44600 games, 1,533,887 kept of 2,361,140 (65%), 227 kept/s
44650 games, 1,534,135 kept of 2,363,576 (65%), 227 kept/s
44700 games, 1,534,376 kept of 2,366,077 (65%), 227 kept/s
44750 games, 1,534,634 kept of 2,368,971 (65%), 227 kept/s
44800 games, 1,534,907 kept of 2,371,356 (65%), 226 kept/s
44850 games, 1,535,232 kept of 2,374,010 (65%), 226 kept/s
44900 games, 1,535,511 kept of 2,376,586 (65%), 226 kept/s
44950 games, 1,535,774 kept of 2,379,040 (65%), 226 kept/s
45000 games, 1,535,978 kept of 2,381,420 (64%), 226 kept/s
45050 games, 1,536,195 kept of 2,383,905 (64%), 225 kept/s
45100 games, 1,536,452 kept of 2,386,415 (64%), 225 kept/s
45150 games, 1,536,815 kept of 2,389,016 (64%), 225 kept/s
45200 games, 1,537,118 kept of 2,391,568 (64%), 225 kept/s
45250 games, 1,537,455 kept of 2,394,391 (64%), 225 kept/s
45300 games, 1,537,724 kept of 2,397,219 (64%), 224 kept/s
45350 games, 1,538,107 kept of 2,399,871 (64%), 224 kept/s
45400 games, 1,538,328 kept of 2,402,388 (64%), 224 kept/s
45450 games, 1,538,696 kept of 2,404,927 (64%), 224 kept/s
45500 games, 1,539,084 kept of 2,408,045 (64%), 224 kept/s
45550 games, 1,539,343 kept of 2,410,628 (64%), 223 kept/s
45600 games, 1,539,709 kept of 2,413,591 (64%), 223 kept/s
45650 games, 1,539,954 kept of 2,416,200 (64%), 223 kept/s
45700 games, 1,540,246 kept of 2,418,670 (64%), 223 kept/s
45750 games, 1,540,595 kept of 2,421,511 (64%), 223 kept/s
45800 games, 1,540,812 kept of 2,423,941 (64%), 222 kept/s
45850 games, 1,541,126 kept of 2,426,569 (64%), 222 kept/s
45900 games, 1,541,408 kept of 2,429,190 (63%), 222 kept/s
45950 games, 1,541,602 kept of 2,431,682 (63%), 222 kept/s
46000 games, 1,541,935 kept of 2,434,367 (63%), 222 kept/s
46050 games, 1,542,219 kept of 2,437,091 (63%), 221 kept/s
46100 games, 1,542,710 kept of 2,439,987 (63%), 221 kept/s
46150 games, 1,543,006 kept of 2,442,619 (63%), 221 kept/s
46200 games, 1,543,342 kept of 2,445,429 (63%), 221 kept/s
46250 games, 1,543,695 kept of 2,448,024 (63%), 221 kept/s
46300 games, 1,544,040 kept of 2,450,581 (63%), 220 kept/s
46350 games, 1,544,372 kept of 2,453,409 (63%), 220 kept/s
46400 games, 1,544,625 kept of 2,455,799 (63%), 220 kept/s
46450 games, 1,544,934 kept of 2,458,605 (63%), 220 kept/s
46500 games, 1,545,218 kept of 2,461,361 (63%), 220 kept/s
46550 games, 1,545,562 kept of 2,464,256 (63%), 219 kept/s
46600 games, 1,545,779 kept of 2,466,747 (63%), 219 kept/s
46650 games, 1,545,962 kept of 2,469,286 (63%), 219 kept/s
46700 games, 1,546,215 kept of 2,472,091 (63%), 219 kept/s
46750 games, 1,546,628 kept of 2,474,759 (62%), 219 kept/s
46800 games, 1,547,010 kept of 2,477,620 (62%), 218 kept/s
46850 games, 1,547,313 kept of 2,480,297 (62%), 218 kept/s
46900 games, 1,547,598 kept of 2,483,041 (62%), 218 kept/s
46950 games, 1,547,880 kept of 2,486,164 (62%), 218 kept/s
47000 games, 1,548,213 kept of 2,488,908 (62%), 218 kept/s
47050 games, 1,548,363 kept of 2,491,396 (62%), 217 kept/s
47100 games, 1,548,623 kept of 2,494,194 (62%), 217 kept/s
47150 games, 1,549,037 kept of 2,497,049 (62%), 217 kept/s
47200 games, 1,549,329 kept of 2,499,930 (62%), 217 kept/s
47250 games, 1,549,670 kept of 2,502,774 (62%), 217 kept/s
47300 games, 1,549,964 kept of 2,505,350 (62%), 216 kept/s
47350 games, 1,550,349 kept of 2,508,509 (62%), 216 kept/s
47400 games, 1,550,684 kept of 2,511,204 (62%), 216 kept/s
47450 games, 1,551,103 kept of 2,513,909 (62%), 216 kept/s
47500 games, 1,551,514 kept of 2,516,559 (62%), 216 kept/s
47550 games, 1,551,866 kept of 2,519,376 (62%), 215 kept/s
47600 games, 1,552,068 kept of 2,521,695 (62%), 215 kept/s
47650 games, 1,552,489 kept of 2,524,323 (62%), 215 kept/s
47700 games, 1,552,769 kept of 2,526,880 (61%), 215 kept/s
47750 games, 1,553,101 kept of 2,529,348 (61%), 215 kept/s
47800 games, 1,553,457 kept of 2,532,194 (61%), 215 kept/s
47850 games, 1,553,766 kept of 2,534,889 (61%), 214 kept/s
47900 games, 1,554,015 kept of 2,537,496 (61%), 214 kept/s
47950 games, 1,554,269 kept of 2,539,947 (61%), 214 kept/s
48000 games, 1,554,581 kept of 2,542,808 (61%), 214 kept/s
48050 games, 1,554,857 kept of 2,545,211 (61%), 214 kept/s
48100 games, 1,555,253 kept of 2,547,992 (61%), 214 kept/s
48150 games, 1,555,538 kept of 2,550,404 (61%), 213 kept/s
48200 games, 1,555,899 kept of 2,552,983 (61%), 213 kept/s
48250 games, 1,556,257 kept of 2,555,346 (61%), 213 kept/s
48300 games, 1,556,595 kept of 2,558,044 (61%), 213 kept/s
48350 games, 1,556,892 kept of 2,560,304 (61%), 213 kept/s
48400 games, 1,557,195 kept of 2,563,033 (61%), 213 kept/s
48450 games, 1,557,698 kept of 2,565,814 (61%), 212 kept/s
48500 games, 1,557,977 kept of 2,568,231 (61%), 212 kept/s
48550 games, 1,558,309 kept of 2,571,015 (61%), 212 kept/s
48600 games, 1,558,670 kept of 2,573,802 (61%), 212 kept/s
48650 games, 1,559,073 kept of 2,576,598 (61%), 212 kept/s
48700 games, 1,559,326 kept of 2,578,976 (60%), 212 kept/s
48750 games, 1,559,581 kept of 2,581,637 (60%), 211 kept/s
48800 games, 1,559,833 kept of 2,584,050 (60%), 211 kept/s
48850 games, 1,560,124 kept of 2,586,643 (60%), 211 kept/s
48900 games, 1,560,325 kept of 2,589,330 (60%), 211 kept/s
48950 games, 1,560,542 kept of 2,591,726 (60%), 211 kept/s
49000 games, 1,560,944 kept of 2,594,442 (60%), 210 kept/s
49050 games, 1,561,258 kept of 2,596,908 (60%), 210 kept/s
49100 games, 1,561,466 kept of 2,599,736 (60%), 210 kept/s
49150 games, 1,561,747 kept of 2,602,107 (60%), 210 kept/s
49200 games, 1,562,005 kept of 2,604,782 (60%), 210 kept/s
49250 games, 1,562,270 kept of 2,607,382 (60%), 210 kept/s
49300 games, 1,562,600 kept of 2,610,053 (60%), 209 kept/s
49350 games, 1,562,814 kept of 2,612,269 (60%), 209 kept/s
49400 games, 1,563,092 kept of 2,614,808 (60%), 209 kept/s
49450 games, 1,563,351 kept of 2,617,470 (60%), 209 kept/s
49500 games, 1,563,708 kept of 2,620,283 (60%), 209 kept/s
49550 games, 1,563,994 kept of 2,622,547 (60%), 209 kept/s
49600 games, 1,564,346 kept of 2,625,423 (60%), 208 kept/s
49650 games, 1,564,599 kept of 2,628,235 (60%), 208 kept/s
49700 games, 1,564,855 kept of 2,630,579 (59%), 208 kept/s
49750 games, 1,565,121 kept of 2,632,898 (59%), 208 kept/s
49800 games, 1,565,398 kept of 2,635,570 (59%), 208 kept/s
49850 games, 1,565,684 kept of 2,637,947 (59%), 208 kept/s
49900 games, 1,566,039 kept of 2,640,911 (59%), 207 kept/s
49950 games, 1,566,353 kept of 2,643,824 (59%), 207 kept/s
50000 games, 1,566,722 kept of 2,646,417 (59%), 207 kept/s
50050 games, 1,567,112 kept of 2,649,388 (59%), 207 kept/s
50100 games, 1,567,472 kept of 2,652,009 (59%), 207 kept/s
50150 games, 1,567,934 kept of 2,654,885 (59%), 207 kept/s
50200 games, 1,568,229 kept of 2,657,428 (59%), 206 kept/s
50250 games, 1,568,490 kept of 2,659,947 (59%), 206 kept/s
50300 games, 1,568,658 kept of 2,662,557 (59%), 206 kept/s
50350 games, 1,569,231 kept of 2,665,365 (59%), 206 kept/s
50400 games, 1,569,515 kept of 2,667,900 (59%), 206 kept/s
50450 games, 1,569,851 kept of 2,670,632 (59%), 206 kept/s
50500 games, 1,570,140 kept of 2,673,629 (59%), 205 kept/s
50550 games, 1,570,409 kept of 2,676,481 (59%), 205 kept/s
50600 games, 1,570,702 kept of 2,678,765 (59%), 205 kept/s
50650 games, 1,571,032 kept of 2,681,579 (59%), 205 kept/s
50700 games, 1,571,505 kept of 2,684,406 (59%), 205 kept/s
50750 games, 1,572,042 kept of 2,687,531 (58%), 205 kept/s
50800 games, 1,572,365 kept of 2,690,433 (58%), 205 kept/s
50850 games, 1,572,644 kept of 2,693,050 (58%), 204 kept/s
50900 games, 1,572,894 kept of 2,695,460 (58%), 204 kept/s
50950 games, 1,573,199 kept of 2,697,961 (58%), 204 kept/s
51000 games, 1,573,413 kept of 2,700,783 (58%), 204 kept/s
51050 games, 1,573,664 kept of 2,703,345 (58%), 204 kept/s
51100 games, 1,573,992 kept of 2,706,136 (58%), 204 kept/s
51150 games, 1,574,293 kept of 2,708,943 (58%), 203 kept/s
51200 games, 1,574,591 kept of 2,711,341 (58%), 203 kept/s
51250 games, 1,574,858 kept of 2,713,511 (58%), 203 kept/s
51300 games, 1,575,275 kept of 2,716,102 (58%), 203 kept/s
51350 games, 1,575,523 kept of 2,718,533 (58%), 203 kept/s
51400 games, 1,575,781 kept of 2,721,126 (58%), 203 kept/s
51450 games, 1,576,220 kept of 2,723,747 (58%), 202 kept/s
51500 games, 1,576,649 kept of 2,726,528 (58%), 202 kept/s
51550 games, 1,576,970 kept of 2,729,047 (58%), 202 kept/s
51600 games, 1,577,174 kept of 2,731,792 (58%), 202 kept/s
51650 games, 1,577,523 kept of 2,734,470 (58%), 202 kept/s
51700 games, 1,577,816 kept of 2,737,388 (58%), 202 kept/s
51750 games, 1,578,059 kept of 2,739,913 (58%), 202 kept/s
51800 games, 1,578,289 kept of 2,742,937 (58%), 201 kept/s
51850 games, 1,578,545 kept of 2,745,629 (57%), 201 kept/s
51900 games, 1,578,909 kept of 2,748,509 (57%), 201 kept/s
51950 games, 1,579,307 kept of 2,751,520 (57%), 201 kept/s
52000 games, 1,579,647 kept of 2,754,492 (57%), 201 kept/s
52050 games, 1,580,045 kept of 2,757,578 (57%), 201 kept/s
52100 games, 1,580,239 kept of 2,760,060 (57%), 200 kept/s
52150 games, 1,580,677 kept of 2,762,794 (57%), 200 kept/s
52200 games, 1,580,994 kept of 2,765,541 (57%), 200 kept/s
52250 games, 1,581,233 kept of 2,768,137 (57%), 200 kept/s
52300 games, 1,581,560 kept of 2,770,621 (57%), 200 kept/s
52350 games, 1,581,824 kept of 2,773,208 (57%), 200 kept/s
52400 games, 1,582,154 kept of 2,775,785 (57%), 199 kept/s
52450 games, 1,582,427 kept of 2,778,488 (57%), 199 kept/s
52500 games, 1,582,669 kept of 2,781,165 (57%), 199 kept/s
52550 games, 1,582,937 kept of 2,783,895 (57%), 199 kept/s
52600 games, 1,583,309 kept of 2,786,633 (57%), 199 kept/s
52650 games, 1,583,605 kept of 2,789,285 (57%), 199 kept/s
52700 games, 1,583,906 kept of 2,792,037 (57%), 199 kept/s
52750 games, 1,584,270 kept of 2,794,337 (57%), 198 kept/s
52800 games, 1,584,499 kept of 2,796,988 (57%), 198 kept/s
52850 games, 1,584,810 kept of 2,799,624 (57%), 198 kept/s
52900 games, 1,585,099 kept of 2,802,078 (57%), 198 kept/s
52950 games, 1,585,376 kept of 2,804,955 (57%), 198 kept/s
53000 games, 1,585,767 kept of 2,807,525 (56%), 198 kept/s
53050 games, 1,586,040 kept of 2,810,315 (56%), 198 kept/s
53100 games, 1,586,243 kept of 2,812,830 (56%), 197 kept/s
53150 games, 1,586,545 kept of 2,815,433 (56%), 197 kept/s
53200 games, 1,586,833 kept of 2,818,328 (56%), 197 kept/s
53250 games, 1,587,063 kept of 2,820,778 (56%), 197 kept/s
53300 games, 1,587,490 kept of 2,823,697 (56%), 197 kept/s
53350 games, 1,587,815 kept of 2,826,719 (56%), 197 kept/s
53400 games, 1,588,010 kept of 2,829,133 (56%), 196 kept/s
53450 games, 1,588,334 kept of 2,831,831 (56%), 196 kept/s
53500 games, 1,588,600 kept of 2,834,513 (56%), 196 kept/s
53550 games, 1,588,866 kept of 2,837,257 (56%), 196 kept/s
53600 games, 1,589,141 kept of 2,839,626 (56%), 196 kept/s
53650 games, 1,589,607 kept of 2,842,520 (56%), 196 kept/s
53700 games, 1,589,896 kept of 2,845,141 (56%), 196 kept/s
53750 games, 1,590,335 kept of 2,847,781 (56%), 195 kept/s
53800 games, 1,590,548 kept of 2,850,651 (56%), 195 kept/s
53850 games, 1,590,905 kept of 2,853,339 (56%), 195 kept/s
53900 games, 1,591,148 kept of 2,855,865 (56%), 195 kept/s
53950 games, 1,591,473 kept of 2,858,518 (56%), 195 kept/s
54000 games, 1,591,688 kept of 2,861,075 (56%), 195 kept/s
54050 games, 1,592,057 kept of 2,863,983 (56%), 195 kept/s
54100 games, 1,592,340 kept of 2,866,480 (56%), 194 kept/s
54150 games, 1,592,605 kept of 2,868,997 (56%), 194 kept/s
54200 games, 1,592,881 kept of 2,871,719 (55%), 194 kept/s
54250 games, 1,593,219 kept of 2,874,345 (55%), 194 kept/s
54300 games, 1,593,596 kept of 2,877,156 (55%), 194 kept/s
54350 games, 1,593,940 kept of 2,879,650 (55%), 194 kept/s
54400 games, 1,594,187 kept of 2,882,350 (55%), 194 kept/s
54450 games, 1,594,470 kept of 2,885,078 (55%), 193 kept/s
54500 games, 1,594,770 kept of 2,887,685 (55%), 193 kept/s
54550 games, 1,595,111 kept of 2,890,580 (55%), 193 kept/s
54600 games, 1,595,368 kept of 2,893,035 (55%), 193 kept/s
54650 games, 1,595,696 kept of 2,895,859 (55%), 193 kept/s
54700 games, 1,596,043 kept of 2,898,620 (55%), 193 kept/s
54750 games, 1,596,370 kept of 2,901,205 (55%), 193 kept/s
54800 games, 1,596,737 kept of 2,903,776 (55%), 192 kept/s
54850 games, 1,597,020 kept of 2,906,684 (55%), 192 kept/s
54900 games, 1,597,211 kept of 2,908,978 (55%), 192 kept/s
54950 games, 1,597,523 kept of 2,911,483 (55%), 192 kept/s
55000 games, 1,597,921 kept of 2,914,513 (55%), 192 kept/s
55050 games, 1,598,166 kept of 2,917,113 (55%), 192 kept/s
55100 games, 1,598,576 kept of 2,920,408 (55%), 192 kept/s
55150 games, 1,598,862 kept of 2,923,160 (55%), 191 kept/s
55200 games, 1,599,101 kept of 2,925,555 (55%), 191 kept/s
55250 games, 1,599,372 kept of 2,928,339 (55%), 191 kept/s
55300 games, 1,599,578 kept of 2,931,263 (55%), 191 kept/s
55350 games, 1,599,862 kept of 2,934,023 (55%), 191 kept/s
55400 games, 1,600,140 kept of 2,936,487 (54%), 191 kept/s
55450 games, 1,600,448 kept of 2,938,962 (54%), 191 kept/s
55500 games, 1,600,787 kept of 2,941,818 (54%), 190 kept/s
55550 games, 1,601,029 kept of 2,944,353 (54%), 190 kept/s
55600 games, 1,601,273 kept of 2,946,780 (54%), 190 kept/s
55650 games, 1,601,532 kept of 2,949,624 (54%), 190 kept/s
55700 games, 1,601,780 kept of 2,952,167 (54%), 190 kept/s
55750 games, 1,601,980 kept of 2,954,765 (54%), 190 kept/s
55800 games, 1,602,292 kept of 2,957,907 (54%), 190 kept/s
55850 games, 1,602,486 kept of 2,960,498 (54%), 189 kept/s
55900 games, 1,602,694 kept of 2,963,062 (54%), 189 kept/s
55950 games, 1,603,010 kept of 2,965,480 (54%), 189 kept/s
56000 games, 1,603,189 kept of 2,967,824 (54%), 189 kept/s
56050 games, 1,603,438 kept of 2,970,391 (54%), 189 kept/s
56100 games, 1,603,710 kept of 2,973,053 (54%), 189 kept/s
56150 games, 1,604,024 kept of 2,975,526 (54%), 189 kept/s
56200 games, 1,604,319 kept of 2,977,860 (54%), 189 kept/s
56250 games, 1,604,501 kept of 2,980,188 (54%), 188 kept/s
56300 games, 1,604,856 kept of 2,983,128 (54%), 188 kept/s
56350 games, 1,605,097 kept of 2,985,823 (54%), 188 kept/s
56400 games, 1,605,374 kept of 2,988,513 (54%), 188 kept/s
56450 games, 1,605,608 kept of 2,991,296 (54%), 188 kept/s
56500 games, 1,605,946 kept of 2,993,963 (54%), 188 kept/s
56550 games, 1,606,235 kept of 2,996,637 (54%), 188 kept/s
56600 games, 1,606,558 kept of 2,999,514 (54%), 187 kept/s
56650 games, 1,606,905 kept of 3,002,121 (54%), 187 kept/s
56700 games, 1,607,221 kept of 3,004,937 (53%), 187 kept/s
56750 games, 1,607,423 kept of 3,007,636 (53%), 187 kept/s
56800 games, 1,607,844 kept of 3,010,226 (53%), 187 kept/s
56850 games, 1,608,312 kept of 3,013,139 (53%), 187 kept/s
56900 games, 1,608,530 kept of 3,015,782 (53%), 187 kept/s
56950 games, 1,608,699 kept of 3,018,386 (53%), 187 kept/s
57000 games, 1,609,029 kept of 3,021,218 (53%), 186 kept/s
57050 games, 1,609,277 kept of 3,023,709 (53%), 186 kept/s
57100 games, 1,609,535 kept of 3,026,124 (53%), 186 kept/s
57150 games, 1,609,837 kept of 3,028,659 (53%), 186 kept/s
57200 games, 1,610,082 kept of 3,031,314 (53%), 186 kept/s
57250 games, 1,610,364 kept of 3,034,098 (53%), 186 kept/s
57300 games, 1,610,631 kept of 3,036,529 (53%), 186 kept/s
57350 games, 1,610,917 kept of 3,038,776 (53%), 186 kept/s
57400 games, 1,611,193 kept of 3,041,495 (53%), 185 kept/s
57450 games, 1,611,390 kept of 3,043,767 (53%), 185 kept/s
57500 games, 1,611,671 kept of 3,046,415 (53%), 185 kept/s
57550 games, 1,611,973 kept of 3,049,236 (53%), 185 kept/s
57600 games, 1,612,294 kept of 3,051,958 (53%), 185 kept/s
57650 games, 1,612,511 kept of 3,054,478 (53%), 185 kept/s
57700 games, 1,612,659 kept of 3,057,029 (53%), 185 kept/s
57750 games, 1,613,036 kept of 3,059,926 (53%), 185 kept/s
57800 games, 1,613,340 kept of 3,062,435 (53%), 184 kept/s
57850 games, 1,613,748 kept of 3,065,066 (53%), 184 kept/s
57900 games, 1,614,005 kept of 3,067,472 (53%), 184 kept/s
57950 games, 1,614,206 kept of 3,070,058 (53%), 184 kept/s
58000 games, 1,614,499 kept of 3,072,845 (53%), 184 kept/s
58050 games, 1,614,769 kept of 3,075,753 (52%), 184 kept/s
58100 games, 1,615,003 kept of 3,078,133 (52%), 184 kept/s
58150 games, 1,615,347 kept of 3,080,617 (52%), 184 kept/s
58200 games, 1,615,602 kept of 3,083,421 (52%), 183 kept/s
58250 games, 1,615,819 kept of 3,085,648 (52%), 183 kept/s
58300 games, 1,616,062 kept of 3,088,194 (52%), 183 kept/s
58350 games, 1,616,356 kept of 3,090,998 (52%), 183 kept/s
58400 games, 1,616,609 kept of 3,093,809 (52%), 183 kept/s
58450 games, 1,616,973 kept of 3,096,617 (52%), 183 kept/s
58500 games, 1,617,313 kept of 3,099,550 (52%), 183 kept/s
58550 games, 1,617,594 kept of 3,102,144 (52%), 183 kept/s
58600 games, 1,617,842 kept of 3,104,569 (52%), 182 kept/s
58650 games, 1,618,181 kept of 3,107,312 (52%), 182 kept/s
58700 games, 1,618,472 kept of 3,109,984 (52%), 182 kept/s
58750 games, 1,618,704 kept of 3,112,717 (52%), 182 kept/s
58800 games, 1,619,022 kept of 3,115,439 (52%), 182 kept/s
58850 games, 1,619,358 kept of 3,118,390 (52%), 182 kept/s
58900 games, 1,619,626 kept of 3,121,190 (52%), 182 kept/s
58950 games, 1,619,935 kept of 3,124,064 (52%), 182 kept/s
59000 games, 1,620,173 kept of 3,126,481 (52%), 181 kept/s
59050 games, 1,620,453 kept of 3,128,952 (52%), 181 kept/s
59100 games, 1,620,762 kept of 3,131,339 (52%), 181 kept/s
59150 games, 1,621,184 kept of 3,134,022 (52%), 181 kept/s
59200 games, 1,621,471 kept of 3,136,781 (52%), 181 kept/s
59250 games, 1,621,731 kept of 3,139,552 (52%), 181 kept/s
59300 games, 1,622,076 kept of 3,142,231 (52%), 181 kept/s
59350 games, 1,622,401 kept of 3,144,773 (52%), 181 kept/s
59400 games, 1,622,703 kept of 3,147,326 (52%), 180 kept/s
59450 games, 1,623,002 kept of 3,149,925 (52%), 180 kept/s
59500 games, 1,623,260 kept of 3,152,275 (51%), 180 kept/s
59550 games, 1,623,704 kept of 3,155,176 (51%), 180 kept/s
59600 games, 1,624,035 kept of 3,157,655 (51%), 180 kept/s
59650 games, 1,624,377 kept of 3,160,476 (51%), 180 kept/s
59700 games, 1,624,610 kept of 3,163,292 (51%), 180 kept/s
59750 games, 1,624,834 kept of 3,165,878 (51%), 180 kept/s
59800 games, 1,625,159 kept of 3,169,124 (51%), 180 kept/s
59850 games, 1,625,457 kept of 3,172,180 (51%), 179 kept/s
59900 games, 1,625,651 kept of 3,174,591 (51%), 179 kept/s
59950 games, 1,625,939 kept of 3,177,149 (51%), 179 kept/s
60000 games, 1,626,287 kept of 3,179,990 (51%), 179 kept/s
60050 games, 1,626,483 kept of 3,182,595 (51%), 179 kept/s
60100 games, 1,626,938 kept of 3,185,817 (51%), 179 kept/s
60150 games, 1,627,317 kept of 3,188,732 (51%), 179 kept/s
60200 games, 1,627,633 kept of 3,191,217 (51%), 179 kept/s
60250 games, 1,627,881 kept of 3,193,656 (51%), 178 kept/s
60300 games, 1,628,141 kept of 3,196,192 (51%), 178 kept/s
60350 games, 1,628,418 kept of 3,198,816 (51%), 178 kept/s
60400 games, 1,628,708 kept of 3,201,409 (51%), 178 kept/s
60450 games, 1,628,974 kept of 3,204,013 (51%), 178 kept/s
60500 games, 1,629,202 kept of 3,206,721 (51%), 178 kept/s
60550 games, 1,629,526 kept of 3,209,485 (51%), 178 kept/s
60600 games, 1,629,716 kept of 3,212,244 (51%), 178 kept/s
60650 games, 1,629,998 kept of 3,214,956 (51%), 178 kept/s
60700 games, 1,630,252 kept of 3,217,723 (51%), 177 kept/s
60750 games, 1,630,665 kept of 3,220,673 (51%), 177 kept/s
60800 games, 1,630,903 kept of 3,223,085 (51%), 177 kept/s
60850 games, 1,631,132 kept of 3,225,543 (51%), 177 kept/s
60900 games, 1,631,437 kept of 3,228,033 (51%), 177 kept/s
60950 games, 1,631,695 kept of 3,230,784 (51%), 177 kept/s
61000 games, 1,632,084 kept of 3,233,513 (50%), 177 kept/s
61050 games, 1,632,553 kept of 3,236,805 (50%), 177 kept/s
61100 games, 1,632,809 kept of 3,239,489 (50%), 176 kept/s
61150 games, 1,633,122 kept of 3,241,925 (50%), 176 kept/s
61200 games, 1,633,324 kept of 3,244,232 (50%), 176 kept/s
61250 games, 1,633,510 kept of 3,246,703 (50%), 176 kept/s
61300 games, 1,633,785 kept of 3,249,721 (50%), 176 kept/s
61350 games, 1,634,112 kept of 3,252,246 (50%), 176 kept/s
61400 games, 1,634,417 kept of 3,254,676 (50%), 176 kept/s
61450 games, 1,634,633 kept of 3,257,371 (50%), 176 kept/s
61500 games, 1,634,875 kept of 3,259,743 (50%), 176 kept/s
61550 games, 1,635,216 kept of 3,262,128 (50%), 175 kept/s
61600 games, 1,635,469 kept of 3,264,767 (50%), 175 kept/s
61650 games, 1,635,768 kept of 3,267,547 (50%), 175 kept/s
61700 games, 1,636,102 kept of 3,270,154 (50%), 175 kept/s
61750 games, 1,636,492 kept of 3,272,860 (50%), 175 kept/s
61800 games, 1,636,892 kept of 3,275,426 (50%), 175 kept/s
61850 games, 1,637,200 kept of 3,277,954 (50%), 175 kept/s
61900 games, 1,637,569 kept of 3,280,395 (50%), 175 kept/s
61950 games, 1,637,896 kept of 3,283,256 (50%), 175 kept/s
62000 games, 1,638,075 kept of 3,285,626 (50%), 175 kept/s
62050 games, 1,638,289 kept of 3,287,865 (50%), 174 kept/s
62100 games, 1,638,574 kept of 3,290,148 (50%), 174 kept/s
62150 games, 1,638,835 kept of 3,292,646 (50%), 174 kept/s
62200 games, 1,639,069 kept of 3,295,074 (50%), 174 kept/s
62250 games, 1,639,369 kept of 3,297,691 (50%), 174 kept/s
62300 games, 1,639,671 kept of 3,300,582 (50%), 174 kept/s
62350 games, 1,639,921 kept of 3,303,261 (50%), 174 kept/s
62400 games, 1,640,346 kept of 3,306,042 (50%), 174 kept/s
62450 games, 1,640,660 kept of 3,308,916 (50%), 174 kept/s
62500 games, 1,640,844 kept of 3,311,314 (50%), 173 kept/s
62550 games, 1,641,088 kept of 3,313,877 (50%), 173 kept/s
62600 games, 1,641,366 kept of 3,316,273 (49%), 173 kept/s
62650 games, 1,641,616 kept of 3,318,888 (49%), 173 kept/s
62700 games, 1,641,949 kept of 3,321,507 (49%), 173 kept/s
62750 games, 1,642,178 kept of 3,324,111 (49%), 173 kept/s
62800 games, 1,642,431 kept of 3,326,818 (49%), 173 kept/s
62850 games, 1,642,756 kept of 3,329,423 (49%), 173 kept/s
62900 games, 1,643,176 kept of 3,332,131 (49%), 173 kept/s
62950 games, 1,643,360 kept of 3,334,517 (49%), 173 kept/s
63000 games, 1,643,667 kept of 3,337,322 (49%), 172 kept/s
63050 games, 1,643,989 kept of 3,339,898 (49%), 172 kept/s
63100 games, 1,644,181 kept of 3,342,475 (49%), 172 kept/s
63150 games, 1,644,430 kept of 3,344,835 (49%), 172 kept/s
63200 games, 1,644,632 kept of 3,347,166 (49%), 172 kept/s
63250 games, 1,644,948 kept of 3,349,902 (49%), 172 kept/s
63300 games, 1,645,321 kept of 3,352,467 (49%), 172 kept/s
63350 games, 1,645,725 kept of 3,355,283 (49%), 172 kept/s
63400 games, 1,646,098 kept of 3,358,041 (49%), 172 kept/s
63450 games, 1,646,422 kept of 3,360,620 (49%), 171 kept/s
63500 games, 1,646,761 kept of 3,363,049 (49%), 171 kept/s
63550 games, 1,647,052 kept of 3,365,780 (49%), 171 kept/s
63600 games, 1,647,280 kept of 3,368,355 (49%), 171 kept/s
63650 games, 1,647,650 kept of 3,371,179 (49%), 171 kept/s
63700 games, 1,647,829 kept of 3,373,594 (49%), 171 kept/s
63750 games, 1,648,134 kept of 3,376,194 (49%), 171 kept/s
63800 games, 1,648,402 kept of 3,379,063 (49%), 171 kept/s
63850 games, 1,648,689 kept of 3,381,418 (49%), 171 kept/s
63900 games, 1,649,039 kept of 3,384,350 (49%), 171 kept/s
63950 games, 1,649,285 kept of 3,386,945 (49%), 170 kept/s
64000 games, 1,649,579 kept of 3,389,684 (49%), 170 kept/s
64050 games, 1,649,757 kept of 3,392,193 (49%), 170 kept/s
64100 games, 1,650,117 kept of 3,395,041 (49%), 170 kept/s
64150 games, 1,650,475 kept of 3,397,633 (49%), 170 kept/s
64200 games, 1,650,853 kept of 3,400,407 (49%), 170 kept/s
64250 games, 1,651,117 kept of 3,403,161 (49%), 170 kept/s
64300 games, 1,651,600 kept of 3,406,138 (48%), 170 kept/s
64350 games, 1,651,773 kept of 3,408,400 (48%), 170 kept/s
64400 games, 1,652,163 kept of 3,411,289 (48%), 170 kept/s
64450 games, 1,652,446 kept of 3,413,934 (48%), 169 kept/s
64500 games, 1,652,627 kept of 3,416,546 (48%), 169 kept/s
64550 games, 1,652,947 kept of 3,419,177 (48%), 169 kept/s
64600 games, 1,653,369 kept of 3,422,224 (48%), 169 kept/s
64650 games, 1,653,639 kept of 3,424,771 (48%), 169 kept/s
64700 games, 1,654,060 kept of 3,427,445 (48%), 169 kept/s
64750 games, 1,654,336 kept of 3,430,308 (48%), 169 kept/s
64800 games, 1,654,592 kept of 3,432,920 (48%), 169 kept/s
64850 games, 1,654,784 kept of 3,435,355 (48%), 169 kept/s
64900 games, 1,654,998 kept of 3,437,821 (48%), 169 kept/s
64950 games, 1,655,272 kept of 3,440,305 (48%), 168 kept/s
65000 games, 1,655,581 kept of 3,442,831 (48%), 168 kept/s
65050 games, 1,655,825 kept of 3,445,436 (48%), 168 kept/s
65100 games, 1,656,246 kept of 3,448,559 (48%), 168 kept/s
65150 games, 1,656,433 kept of 3,451,138 (48%), 168 kept/s
65200 games, 1,656,764 kept of 3,453,994 (48%), 168 kept/s
65250 games, 1,656,977 kept of 3,456,336 (48%), 168 kept/s
65300 games, 1,657,262 kept of 3,458,890 (48%), 168 kept/s
65350 games, 1,657,695 kept of 3,461,913 (48%), 168 kept/s
65400 games, 1,657,898 kept of 3,464,206 (48%), 168 kept/s
65450 games, 1,658,142 kept of 3,466,705 (48%), 167 kept/s
65500 games, 1,658,450 kept of 3,469,517 (48%), 167 kept/s
65550 games, 1,658,882 kept of 3,472,318 (48%), 167 kept/s
65600 games, 1,659,125 kept of 3,474,903 (48%), 167 kept/s
65650 games, 1,659,311 kept of 3,477,313 (48%), 167 kept/s
65700 games, 1,659,527 kept of 3,479,514 (48%), 167 kept/s
65750 games, 1,659,831 kept of 3,482,296 (48%), 167 kept/s
65800 games, 1,660,221 kept of 3,485,041 (48%), 167 kept/s
65850 games, 1,660,479 kept of 3,487,637 (48%), 167 kept/s
65900 games, 1,660,944 kept of 3,490,476 (48%), 167 kept/s
65950 games, 1,661,269 kept of 3,492,966 (48%), 167 kept/s
66000 games, 1,661,689 kept of 3,496,166 (48%), 166 kept/s
66050 games, 1,661,959 kept of 3,498,852 (48%), 166 kept/s
66100 games, 1,662,277 kept of 3,501,596 (47%), 166 kept/s
66150 games, 1,662,560 kept of 3,504,198 (47%), 166 kept/s
66200 games, 1,662,879 kept of 3,507,222 (47%), 166 kept/s
66250 games, 1,663,228 kept of 3,510,148 (47%), 166 kept/s
66300 games, 1,663,607 kept of 3,512,671 (47%), 166 kept/s
66350 games, 1,663,868 kept of 3,515,069 (47%), 166 kept/s
66400 games, 1,664,144 kept of 3,517,431 (47%), 166 kept/s
66450 games, 1,664,380 kept of 3,519,817 (47%), 166 kept/s
66500 games, 1,664,606 kept of 3,522,454 (47%), 165 kept/s
66550 games, 1,664,851 kept of 3,525,241 (47%), 165 kept/s
66600 games, 1,665,138 kept of 3,527,822 (47%), 165 kept/s
66650 games, 1,665,454 kept of 3,530,130 (47%), 165 kept/s
66700 games, 1,665,745 kept of 3,532,516 (47%), 165 kept/s
66750 games, 1,666,040 kept of 3,535,316 (47%), 165 kept/s
66800 games, 1,666,298 kept of 3,537,593 (47%), 165 kept/s
66850 games, 1,666,672 kept of 3,540,374 (47%), 165 kept/s
66900 games, 1,666,929 kept of 3,543,063 (47%), 165 kept/s
66950 games, 1,667,377 kept of 3,546,536 (47%), 165 kept/s
67000 games, 1,667,806 kept of 3,549,303 (47%), 165 kept/s
67050 games, 1,668,152 kept of 3,552,031 (47%), 164 kept/s
67100 games, 1,668,575 kept of 3,555,080 (47%), 164 kept/s
67150 games, 1,668,871 kept of 3,557,756 (47%), 164 kept/s
67200 games, 1,669,064 kept of 3,560,365 (47%), 164 kept/s
67250 games, 1,669,221 kept of 3,562,552 (47%), 164 kept/s
67300 games, 1,669,488 kept of 3,565,119 (47%), 164 kept/s
67350 games, 1,669,836 kept of 3,567,724 (47%), 164 kept/s
67400 games, 1,670,152 kept of 3,570,383 (47%), 164 kept/s
67450 games, 1,670,425 kept of 3,573,215 (47%), 164 kept/s
67500 games, 1,670,837 kept of 3,576,213 (47%), 164 kept/s
67550 games, 1,671,211 kept of 3,578,787 (47%), 164 kept/s
67600 games, 1,671,393 kept of 3,581,287 (47%), 163 kept/s
67650 games, 1,671,612 kept of 3,583,856 (47%), 163 kept/s
67700 games, 1,671,943 kept of 3,586,922 (47%), 163 kept/s
67750 games, 1,672,227 kept of 3,589,433 (47%), 163 kept/s
67800 games, 1,672,495 kept of 3,592,100 (47%), 163 kept/s
67850 games, 1,672,773 kept of 3,594,598 (47%), 163 kept/s
67900 games, 1,673,014 kept of 3,597,326 (47%), 163 kept/s
67950 games, 1,673,254 kept of 3,600,000 (46%), 163 kept/s
68000 games, 1,673,607 kept of 3,602,823 (46%), 163 kept/s
68050 games, 1,673,890 kept of 3,605,318 (46%), 163 kept/s
68100 games, 1,674,108 kept of 3,607,567 (46%), 162 kept/s
68150 games, 1,674,357 kept of 3,610,221 (46%), 162 kept/s
68200 games, 1,674,535 kept of 3,612,379 (46%), 162 kept/s
68250 games, 1,674,853 kept of 3,614,808 (46%), 162 kept/s
68300 games, 1,675,062 kept of 3,617,468 (46%), 162 kept/s
68350 games, 1,675,367 kept of 3,620,273 (46%), 162 kept/s
68400 games, 1,675,683 kept of 3,622,827 (46%), 162 kept/s
68450 games, 1,675,988 kept of 3,625,502 (46%), 162 kept/s
68500 games, 1,676,295 kept of 3,627,984 (46%), 162 kept/s
68550 games, 1,676,534 kept of 3,630,401 (46%), 162 kept/s
68600 games, 1,676,696 kept of 3,632,654 (46%), 162 kept/s
68650 games, 1,676,913 kept of 3,635,331 (46%), 162 kept/s
68700 games, 1,677,195 kept of 3,637,825 (46%), 161 kept/s
68750 games, 1,677,588 kept of 3,641,000 (46%), 161 kept/s
68800 games, 1,677,901 kept of 3,643,652 (46%), 161 kept/s
68850 games, 1,678,143 kept of 3,646,401 (46%), 161 kept/s
68900 games, 1,678,467 kept of 3,648,754 (46%), 161 kept/s
68950 games, 1,678,763 kept of 3,651,517 (46%), 161 kept/s
69000 games, 1,678,944 kept of 3,653,878 (46%), 161 kept/s
69050 games, 1,679,208 kept of 3,656,685 (46%), 161 kept/s
69100 games, 1,679,438 kept of 3,659,259 (46%), 161 kept/s
69150 games, 1,679,647 kept of 3,661,975 (46%), 161 kept/s
69200 games, 1,679,925 kept of 3,664,597 (46%), 161 kept/s
69250 games, 1,680,218 kept of 3,667,445 (46%), 160 kept/s
69300 games, 1,680,477 kept of 3,670,048 (46%), 160 kept/s
69350 games, 1,680,735 kept of 3,672,351 (46%), 160 kept/s
69400 games, 1,680,957 kept of 3,674,931 (46%), 160 kept/s
69450 games, 1,681,276 kept of 3,677,710 (46%), 160 kept/s
69500 games, 1,681,567 kept of 3,680,637 (46%), 160 kept/s
69550 games, 1,681,951 kept of 3,683,578 (46%), 160 kept/s
69600 games, 1,682,103 kept of 3,686,014 (46%), 160 kept/s
69650 games, 1,682,506 kept of 3,688,882 (46%), 160 kept/s
69700 games, 1,682,832 kept of 3,691,628 (46%), 160 kept/s
69750 games, 1,683,158 kept of 3,694,417 (46%), 160 kept/s
69800 games, 1,683,524 kept of 3,697,319 (46%), 159 kept/s
69850 games, 1,683,767 kept of 3,699,615 (46%), 159 kept/s
69900 games, 1,684,065 kept of 3,702,236 (45%), 159 kept/s
69950 games, 1,684,255 kept of 3,704,576 (45%), 159 kept/s
70000 games, 1,684,575 kept of 3,707,273 (45%), 159 kept/s
70050 games, 1,684,894 kept of 3,710,105 (45%), 159 kept/s
70100 games, 1,685,068 kept of 3,712,828 (45%), 159 kept/s
70150 games, 1,685,370 kept of 3,715,530 (45%), 159 kept/s
70200 games, 1,685,709 kept of 3,718,527 (45%), 159 kept/s
70250 games, 1,686,126 kept of 3,721,062 (45%), 159 kept/s
70300 games, 1,686,382 kept of 3,723,417 (45%), 159 kept/s
70350 games, 1,686,708 kept of 3,725,863 (45%), 159 kept/s
70400 games, 1,686,999 kept of 3,728,571 (45%), 158 kept/s
70450 games, 1,687,243 kept of 3,731,016 (45%), 158 kept/s
70500 games, 1,687,428 kept of 3,733,329 (45%), 158 kept/s
70550 games, 1,687,816 kept of 3,736,183 (45%), 158 kept/s
70600 games, 1,688,113 kept of 3,738,785 (45%), 158 kept/s
70650 games, 1,688,261 kept of 3,740,988 (45%), 158 kept/s
70700 games, 1,688,494 kept of 3,743,772 (45%), 158 kept/s
70750 games, 1,688,843 kept of 3,746,228 (45%), 158 kept/s
70800 games, 1,689,022 kept of 3,748,727 (45%), 158 kept/s
70850 games, 1,689,349 kept of 3,751,460 (45%), 158 kept/s
70900 games, 1,689,507 kept of 3,753,853 (45%), 158 kept/s
70950 games, 1,689,860 kept of 3,756,903 (45%), 158 kept/s
71000 games, 1,690,094 kept of 3,759,398 (45%), 157 kept/s
71050 games, 1,690,372 kept of 3,762,075 (45%), 157 kept/s
71100 games, 1,690,664 kept of 3,764,653 (45%), 157 kept/s
71150 games, 1,690,939 kept of 3,767,130 (45%), 157 kept/s
71200 games, 1,691,144 kept of 3,769,591 (45%), 157 kept/s
71250 games, 1,691,476 kept of 3,772,467 (45%), 157 kept/s
71300 games, 1,691,661 kept of 3,774,943 (45%), 157 kept/s
71350 games, 1,691,938 kept of 3,777,297 (45%), 157 kept/s
71400 games, 1,692,262 kept of 3,779,953 (45%), 157 kept/s
71450 games, 1,692,547 kept of 3,782,776 (45%), 157 kept/s
71500 games, 1,692,985 kept of 3,785,648 (45%), 157 kept/s
71550 games, 1,693,172 kept of 3,787,902 (45%), 157 kept/s
71600 games, 1,693,422 kept of 3,790,412 (45%), 156 kept/s
71650 games, 1,693,678 kept of 3,792,800 (45%), 156 kept/s
71700 games, 1,693,919 kept of 3,795,494 (45%), 156 kept/s
71750 games, 1,694,274 kept of 3,798,148 (45%), 156 kept/s
71800 games, 1,694,656 kept of 3,801,130 (45%), 156 kept/s
71850 games, 1,694,997 kept of 3,804,078 (45%), 156 kept/s
71900 games, 1,695,269 kept of 3,806,793 (45%), 156 kept/s
71950 games, 1,695,513 kept of 3,809,275 (45%), 156 kept/s
72000 games, 1,695,713 kept of 3,811,637 (44%), 156 kept/s
72050 games, 1,695,993 kept of 3,814,301 (44%), 156 kept/s
72100 games, 1,696,310 kept of 3,816,840 (44%), 156 kept/s
72150 games, 1,696,612 kept of 3,819,353 (44%), 156 kept/s
72200 games, 1,696,926 kept of 3,822,133 (44%), 155 kept/s
72250 games, 1,697,188 kept of 3,824,698 (44%), 155 kept/s
72300 games, 1,697,548 kept of 3,827,449 (44%), 155 kept/s
72350 games, 1,697,871 kept of 3,830,083 (44%), 155 kept/s
72400 games, 1,698,217 kept of 3,832,959 (44%), 155 kept/s
72450 games, 1,698,524 kept of 3,835,814 (44%), 155 kept/s
72500 games, 1,698,922 kept of 3,838,631 (44%), 155 kept/s
72550 games, 1,699,298 kept of 3,841,652 (44%), 155 kept/s
72600 games, 1,699,500 kept of 3,844,510 (44%), 155 kept/s
72650 games, 1,699,836 kept of 3,846,998 (44%), 155 kept/s
done: 72682 games, 1,700,023 kept of 3,848,623 -> data/train.4.csv
histogram |material|: 0:399161 60:405417 120:149607 180:232840 240:103779 300:118279 360:58895 420:60334 480:60888 540:42275 600:68548
