50 games, 2,615 kept of 2,615 (100%), 359 kept/s
100 games, 5,651 kept of 5,651 (100%), 350 kept/s
150 games, 8,215 kept of 8,215 (100%), 349 kept/s
200 games, 11,041 kept of 11,041 (100%), 350 kept/s
250 games, 13,758 kept of 13,758 (100%), 351 kept/s
300 games, 16,285 kept of 16,285 (100%), 351 kept/s
350 games, 18,638 kept of 18,638 (100%), 350 kept/s
400 games, 21,443 kept of 21,443 (100%), 350 kept/s
450 games, 24,168 kept of 24,168 (100%), 350 kept/s
500 games, 26,669 kept of 26,669 (100%), 350 kept/s
550 games, 29,195 kept of 29,195 (100%), 349 kept/s
600 games, 31,543 kept of 31,543 (100%), 349 kept/s
650 games, 34,031 kept of 34,031 (100%), 349 kept/s
700 games, 36,817 kept of 36,817 (100%), 349 kept/s
750 games, 39,598 kept of 39,598 (100%), 350 kept/s
800 games, 42,188 kept of 42,188 (100%), 350 kept/s
850 games, 44,990 kept of 44,990 (100%), 350 kept/s
900 games, 47,772 kept of 47,772 (100%), 350 kept/s
950 games, 50,360 kept of 50,360 (100%), 350 kept/s
1000 games, 52,985 kept of 52,985 (100%), 350 kept/s
1050 games, 55,430 kept of 55,430 (100%), 350 kept/s
1100 games, 57,796 kept of 57,796 (100%), 350 kept/s
1150 games, 60,607 kept of 60,607 (100%), 350 kept/s
1200 games, 62,966 kept of 62,966 (100%), 349 kept/s
1250 games, 65,905 kept of 65,905 (100%), 349 kept/s
1300 games, 68,756 kept of 68,756 (100%), 349 kept/s
1350 games, 71,275 kept of 71,275 (100%), 349 kept/s
1400 games, 73,808 kept of 73,808 (100%), 349 kept/s
1450 games, 76,747 kept of 76,747 (100%), 350 kept/s
1500 games, 79,472 kept of 79,472 (100%), 350 kept/s
1550 games, 82,242 kept of 82,242 (100%), 349 kept/s
1600 games, 84,985 kept of 84,985 (100%), 349 kept/s
1650 games, 87,350 kept of 87,350 (100%), 349 kept/s
1700 games, 89,863 kept of 89,863 (100%), 349 kept/s
1750 games, 92,643 kept of 92,643 (100%), 349 kept/s
1800 games, 95,053 kept of 95,053 (100%), 349 kept/s
1850 games, 97,748 kept of 97,748 (100%), 349 kept/s
1900 games, 100,402 kept of 100,402 (100%), 349 kept/s
1950 games, 102,911 kept of 102,911 (100%), 349 kept/s
2000 games, 105,279 kept of 105,279 (100%), 349 kept/s
2050 games, 108,469 kept of 108,469 (100%), 349 kept/s
2100 games, 111,110 kept of 111,110 (100%), 350 kept/s
2150 games, 113,606 kept of 113,606 (100%), 349 kept/s
2200 games, 116,034 kept of 116,034 (100%), 349 kept/s
2250 games, 118,375 kept of 118,375 (100%), 349 kept/s
2300 games, 120,544 kept of 120,544 (100%), 349 kept/s
2350 games, 123,113 kept of 123,113 (100%), 349 kept/s
2400 games, 126,160 kept of 126,160 (100%), 349 kept/s
2450 games, 128,995 kept of 128,995 (100%), 349 kept/s
2500 games, 131,688 kept of 131,688 (100%), 349 kept/s
2550 games, 134,090 kept of 134,090 (100%), 349 kept/s
2600 games, 136,885 kept of 136,885 (100%), 349 kept/s
2650 games, 139,726 kept of 139,726 (100%), 349 kept/s
2700 games, 141,999 kept of 141,999 (100%), 349 kept/s
2750 games, 144,478 kept of 144,478 (100%), 349 kept/s
2800 games, 147,007 kept of 147,007 (100%), 349 kept/s
2850 games, 149,645 kept of 149,645 (100%), 348 kept/s
2900 games, 152,085 kept of 152,085 (100%), 348 kept/s
2950 games, 154,528 kept of 154,528 (100%), 348 kept/s
3000 games, 157,292 kept of 157,292 (100%), 348 kept/s
3050 games, 159,643 kept of 159,643 (100%), 348 kept/s
3100 games, 162,588 kept of 162,588 (100%), 348 kept/s
3150 games, 165,273 kept of 165,273 (100%), 348 kept/s
3200 games, 167,401 kept of 167,401 (100%), 348 kept/s
3250 games, 169,577 kept of 169,577 (100%), 348 kept/s
3300 games, 172,108 kept of 172,108 (100%), 348 kept/s
3350 games, 175,015 kept of 175,015 (100%), 348 kept/s
3400 games, 177,641 kept of 177,641 (100%), 348 kept/s
3450 games, 180,332 kept of 180,332 (100%), 348 kept/s
3500 games, 183,184 kept of 183,184 (100%), 348 kept/s
3550 games, 185,818 kept of 185,818 (100%), 348 kept/s
3600 games, 188,507 kept of 188,507 (100%), 348 kept/s
3650 games, 191,259 kept of 191,259 (100%), 348 kept/s
3700 games, 193,845 kept of 193,845 (100%), 349 kept/s
3750 games, 196,410 kept of 196,410 (100%), 348 kept/s
3800 games, 199,043 kept of 199,043 (100%), 348 kept/s
3850 games, 201,973 kept of 201,973 (100%), 348 kept/s
3900 games, 204,589 kept of 204,589 (100%), 348 kept/s
3950 games, 207,445 kept of 207,445 (100%), 348 kept/s
4000 games, 209,872 kept of 209,872 (100%), 348 kept/s
4050 games, 212,516 kept of 212,516 (100%), 348 kept/s
4100 games, 214,947 kept of 214,947 (100%), 348 kept/s
4150 games, 217,671 kept of 217,671 (100%), 348 kept/s
4200 games, 220,025 kept of 220,025 (100%), 348 kept/s
4250 games, 222,741 kept of 222,741 (100%), 348 kept/s
4300 games, 225,300 kept of 225,300 (100%), 348 kept/s
4350 games, 227,933 kept of 227,933 (100%), 348 kept/s
4400 games, 230,520 kept of 230,520 (100%), 348 kept/s
4450 games, 233,001 kept of 233,001 (100%), 348 kept/s
4500 games, 235,315 kept of 235,315 (100%), 348 kept/s
4550 games, 237,789 kept of 237,789 (100%), 348 kept/s
4600 games, 240,186 kept of 240,186 (100%), 348 kept/s
4650 games, 242,967 kept of 242,967 (100%), 348 kept/s
4700 games, 245,457 kept of 245,457 (100%), 348 kept/s
4750 games, 248,235 kept of 248,235 (100%), 348 kept/s
4800 games, 250,968 kept of 250,968 (100%), 348 kept/s
4850 games, 253,682 kept of 253,682 (100%), 348 kept/s
4900 games, 256,336 kept of 256,336 (100%), 348 kept/s
4950 games, 259,004 kept of 259,004 (100%), 348 kept/s
5000 games, 261,695 kept of 261,695 (100%), 348 kept/s
5050 games, 264,484 kept of 264,484 (100%), 348 kept/s
5100 games, 267,202 kept of 267,202 (100%), 348 kept/s
5150 games, 270,232 kept of 270,232 (100%), 348 kept/s
5200 games, 272,734 kept of 272,734 (100%), 348 kept/s
5250 games, 275,134 kept of 275,134 (100%), 348 kept/s
5300 games, 278,140 kept of 278,140 (100%), 348 kept/s
5350 games, 281,005 kept of 281,005 (100%), 348 kept/s
5400 games, 283,378 kept of 283,378 (100%), 348 kept/s
5450 games, 285,863 kept of 285,863 (100%), 348 kept/s
5500 games, 288,691 kept of 288,691 (100%), 348 kept/s
5550 games, 291,298 kept of 291,298 (100%), 349 kept/s
5600 games, 293,912 kept of 293,912 (100%), 348 kept/s
5650 games, 296,396 kept of 296,396 (100%), 348 kept/s
5700 games, 298,962 kept of 298,962 (100%), 348 kept/s
5750 games, 301,637 kept of 301,637 (100%), 348 kept/s
5800 games, 304,510 kept of 304,510 (100%), 348 kept/s
5850 games, 307,115 kept of 307,115 (100%), 348 kept/s
5900 games, 309,854 kept of 309,854 (100%), 348 kept/s
5950 games, 312,599 kept of 312,599 (100%), 348 kept/s
6000 games, 315,224 kept of 315,224 (100%), 348 kept/s
6050 games, 317,968 kept of 317,968 (100%), 348 kept/s
6100 games, 320,455 kept of 320,455 (100%), 348 kept/s
6150 games, 323,063 kept of 323,063 (100%), 349 kept/s
6200 games, 325,514 kept of 325,514 (100%), 348 kept/s
6250 games, 328,399 kept of 328,399 (100%), 348 kept/s
6300 games, 331,313 kept of 331,313 (100%), 349 kept/s
6350 games, 333,789 kept of 333,789 (100%), 349 kept/s
6400 games, 336,239 kept of 336,239 (100%), 349 kept/s
6450 games, 338,610 kept of 338,610 (100%), 349 kept/s
6500 games, 341,129 kept of 341,129 (100%), 349 kept/s
6550 games, 343,820 kept of 343,820 (100%), 349 kept/s
6600 games, 346,351 kept of 346,351 (100%), 349 kept/s
6650 games, 348,783 kept of 348,783 (100%), 349 kept/s
6700 games, 351,488 kept of 351,488 (100%), 349 kept/s
6750 games, 353,930 kept of 353,930 (100%), 349 kept/s
6800 games, 356,366 kept of 356,366 (100%), 349 kept/s
6850 games, 359,495 kept of 359,495 (100%), 349 kept/s
6900 games, 362,412 kept of 362,412 (100%), 349 kept/s
6950 games, 364,987 kept of 364,987 (100%), 349 kept/s
7000 games, 367,429 kept of 367,429 (100%), 349 kept/s
7050 games, 370,267 kept of 370,267 (100%), 349 kept/s
7100 games, 372,855 kept of 372,855 (100%), 349 kept/s
7150 games, 375,765 kept of 375,765 (100%), 349 kept/s
7200 games, 378,043 kept of 378,043 (100%), 349 kept/s
7250 games, 380,545 kept of 380,545 (100%), 349 kept/s
7300 games, 383,164 kept of 383,164 (100%), 349 kept/s
7350 games, 385,639 kept of 385,639 (100%), 349 kept/s
7400 games, 388,490 kept of 388,490 (100%), 349 kept/s
7450 games, 391,193 kept of 391,193 (100%), 349 kept/s
7500 games, 393,919 kept of 393,919 (100%), 349 kept/s
7550 games, 396,370 kept of 396,370 (100%), 349 kept/s
7600 games, 399,384 kept of 399,384 (100%), 349 kept/s
7650 games, 401,729 kept of 401,729 (100%), 349 kept/s
7700 games, 404,406 kept of 404,406 (100%), 349 kept/s
7750 games, 407,084 kept of 407,084 (100%), 349 kept/s
7800 games, 409,274 kept of 409,274 (100%), 349 kept/s
7850 games, 411,823 kept of 411,823 (100%), 349 kept/s
7900 games, 415,119 kept of 415,119 (100%), 349 kept/s
7950 games, 417,749 kept of 417,749 (100%), 349 kept/s
8000 games, 420,298 kept of 420,298 (100%), 349 kept/s
8050 games, 422,833 kept of 422,833 (100%), 349 kept/s
8100 games, 425,385 kept of 425,385 (100%), 349 kept/s
8150 games, 427,986 kept of 427,986 (100%), 349 kept/s
8200 games, 430,217 kept of 430,217 (100%), 349 kept/s
8250 games, 432,793 kept of 432,793 (100%), 349 kept/s
8300 games, 435,529 kept of 435,529 (100%), 349 kept/s
8350 games, 438,033 kept of 438,033 (100%), 349 kept/s
8400 games, 440,802 kept of 440,802 (100%), 349 kept/s
8450 games, 443,309 kept of 443,309 (100%), 349 kept/s
8500 games, 446,002 kept of 446,002 (100%), 349 kept/s
8550 games, 448,978 kept of 448,978 (100%), 349 kept/s
8600 games, 451,478 kept of 451,478 (100%), 349 kept/s
8650 games, 454,117 kept of 454,117 (100%), 349 kept/s
8700 games, 456,979 kept of 456,979 (100%), 349 kept/s
8750 games, 459,296 kept of 459,296 (100%), 349 kept/s
8800 games, 462,140 kept of 462,140 (100%), 349 kept/s
8850 games, 464,833 kept of 464,833 (100%), 349 kept/s
8900 games, 467,658 kept of 467,658 (100%), 349 kept/s
8950 games, 470,669 kept of 470,669 (100%), 349 kept/s
9000 games, 473,173 kept of 473,173 (100%), 349 kept/s
9050 games, 475,684 kept of 475,684 (100%), 349 kept/s
9100 games, 477,938 kept of 477,938 (100%), 349 kept/s
9150 games, 481,049 kept of 481,049 (100%), 349 kept/s
9200 games, 483,699 kept of 483,699 (100%), 349 kept/s
9250 games, 486,036 kept of 486,036 (100%), 349 kept/s
9300 games, 488,686 kept of 488,686 (100%), 349 kept/s
9350 games, 491,322 kept of 491,322 (100%), 349 kept/s
9400 games, 493,557 kept of 493,557 (100%), 349 kept/s
9450 games, 496,245 kept of 496,245 (100%), 349 kept/s
9500 games, 498,796 kept of 498,796 (100%), 349 kept/s
9550 games, 501,193 kept of 501,193 (100%), 349 kept/s
9600 games, 503,972 kept of 503,972 (100%), 349 kept/s
9650 games, 506,446 kept of 506,446 (100%), 349 kept/s
9700 games, 509,099 kept of 509,099 (100%), 349 kept/s
9750 games, 511,691 kept of 511,691 (100%), 349 kept/s
9800 games, 514,357 kept of 514,357 (100%), 349 kept/s
9850 games, 517,015 kept of 517,015 (100%), 349 kept/s
9900 games, 519,434 kept of 519,434 (100%), 349 kept/s
9950 games, 522,069 kept of 522,069 (100%), 349 kept/s
10000 games, 524,900 kept of 524,900 (100%), 349 kept/s
10050 games, 527,504 kept of 527,504 (100%), 349 kept/s
10100 games, 530,559 kept of 530,559 (100%), 349 kept/s
10150 games, 533,236 kept of 533,236 (100%), 349 kept/s
10200 games, 535,676 kept of 535,676 (100%), 349 kept/s
10250 games, 538,164 kept of 538,164 (100%), 349 kept/s
10300 games, 540,754 kept of 540,754 (100%), 349 kept/s
10350 games, 543,213 kept of 543,213 (100%), 349 kept/s
10400 games, 545,610 kept of 545,610 (100%), 349 kept/s
10450 games, 548,210 kept of 548,210 (100%), 349 kept/s
10500 games, 550,750 kept of 550,750 (100%), 349 kept/s
10550 games, 553,523 kept of 553,523 (100%), 349 kept/s
10600 games, 556,390 kept of 556,390 (100%), 349 kept/s
10650 games, 558,914 kept of 558,914 (100%), 349 kept/s
10700 games, 561,404 kept of 561,404 (100%), 349 kept/s
10750 games, 564,012 kept of 564,012 (100%), 349 kept/s
10800 games, 566,548 kept of 566,548 (100%), 349 kept/s
10850 games, 569,044 kept of 569,044 (100%), 349 kept/s
10900 games, 571,769 kept of 571,769 (100%), 349 kept/s
10950 games, 574,703 kept of 574,703 (100%), 349 kept/s
11000 games, 577,708 kept of 577,708 (100%), 349 kept/s
11050 games, 580,434 kept of 580,584 (100%), 349 kept/s
11100 games, 582,825 kept of 583,237 (100%), 349 kept/s
11150 games, 585,239 kept of 585,831 (100%), 349 kept/s
11200 games, 587,363 kept of 588,204 (100%), 349 kept/s
11250 games, 589,632 kept of 590,661 (100%), 348 kept/s
11300 games, 592,191 kept of 593,391 (100%), 348 kept/s
11350 games, 594,473 kept of 595,891 (100%), 348 kept/s
11400 games, 597,166 kept of 598,789 (100%), 348 kept/s
11450 games, 599,597 kept of 601,411 (100%), 348 kept/s
11500 games, 602,157 kept of 604,236 (100%), 348 kept/s
11550 games, 604,447 kept of 606,762 (100%), 348 kept/s
11600 games, 606,818 kept of 609,369 (100%), 348 kept/s
11650 games, 609,404 kept of 612,180 (100%), 347 kept/s
11700 games, 611,766 kept of 614,875 (99%), 347 kept/s
11750 games, 614,336 kept of 617,701 (99%), 347 kept/s
11800 games, 616,874 kept of 620,450 (99%), 347 kept/s
11850 games, 619,065 kept of 622,841 (99%), 347 kept/s
11900 games, 621,437 kept of 625,438 (99%), 347 kept/s
11950 games, 624,118 kept of 628,297 (99%), 347 kept/s
12000 games, 626,532 kept of 630,905 (99%), 347 kept/s
12050 games, 628,547 kept of 633,107 (99%), 347 kept/s
12100 games, 631,147 kept of 635,933 (99%), 346 kept/s
12150 games, 633,447 kept of 638,461 (99%), 346 kept/s
12200 games, 635,757 kept of 640,919 (99%), 346 kept/s
12250 games, 638,119 kept of 643,560 (99%), 346 kept/s
12300 games, 640,371 kept of 645,985 (99%), 346 kept/s
12350 games, 642,465 kept of 648,263 (99%), 346 kept/s
12400 games, 645,051 kept of 651,098 (99%), 346 kept/s
12450 games, 647,373 kept of 653,648 (99%), 346 kept/s
12500 games, 649,910 kept of 656,375 (99%), 346 kept/s
12550 games, 652,650 kept of 659,297 (99%), 346 kept/s
12600 games, 655,641 kept of 662,495 (99%), 345 kept/s
12650 games, 657,831 kept of 664,950 (99%), 345 kept/s
12700 games, 660,067 kept of 667,318 (99%), 345 kept/s
12750 games, 662,382 kept of 669,968 (99%), 345 kept/s
12800 games, 664,788 kept of 672,621 (99%), 345 kept/s
12850 games, 667,053 kept of 675,079 (99%), 345 kept/s
12900 games, 669,410 kept of 677,642 (99%), 345 kept/s
12950 games, 671,788 kept of 680,256 (99%), 345 kept/s
13000 games, 674,136 kept of 682,938 (99%), 344 kept/s
13050 games, 676,695 kept of 685,698 (99%), 344 kept/s
13100 games, 679,098 kept of 688,336 (99%), 344 kept/s
13150 games, 681,438 kept of 690,945 (99%), 344 kept/s
13200 games, 684,018 kept of 693,723 (99%), 344 kept/s
13250 games, 686,359 kept of 696,285 (99%), 344 kept/s
13300 games, 688,860 kept of 699,015 (99%), 344 kept/s
13350 games, 691,182 kept of 701,560 (99%), 344 kept/s
13400 games, 693,605 kept of 704,244 (98%), 344 kept/s
13450 games, 696,064 kept of 706,896 (98%), 344 kept/s
13500 games, 698,755 kept of 709,788 (98%), 343 kept/s
13550 games, 701,451 kept of 712,616 (98%), 344 kept/s
13600 games, 703,655 kept of 715,091 (98%), 343 kept/s
13650 games, 705,761 kept of 717,417 (98%), 343 kept/s
13700 games, 707,964 kept of 719,836 (98%), 343 kept/s
13750 games, 710,454 kept of 722,528 (98%), 343 kept/s
13800 games, 713,043 kept of 725,395 (98%), 343 kept/s
13850 games, 715,801 kept of 728,357 (98%), 343 kept/s
13900 games, 718,601 kept of 731,422 (98%), 343 kept/s
13950 games, 720,827 kept of 733,853 (98%), 343 kept/s
14000 games, 723,302 kept of 736,573 (98%), 343 kept/s
14050 games, 725,561 kept of 739,081 (98%), 343 kept/s
14100 games, 727,756 kept of 741,515 (98%), 343 kept/s
14150 games, 730,186 kept of 744,189 (98%), 342 kept/s
14200 games, 732,582 kept of 746,857 (98%), 342 kept/s
14250 games, 735,584 kept of 750,086 (98%), 342 kept/s
14300 games, 738,130 kept of 752,775 (98%), 342 kept/s
14350 games, 740,512 kept of 755,359 (98%), 342 kept/s
14400 games, 742,977 kept of 757,987 (98%), 342 kept/s
14450 games, 745,268 kept of 760,442 (98%), 342 kept/s
14500 games, 747,682 kept of 763,096 (98%), 342 kept/s
14550 games, 750,305 kept of 765,976 (98%), 342 kept/s
14600 games, 752,518 kept of 768,425 (98%), 342 kept/s
14650 games, 754,773 kept of 770,905 (98%), 342 kept/s
14700 games, 757,401 kept of 773,773 (98%), 342 kept/s
14750 games, 760,132 kept of 776,684 (98%), 342 kept/s
14800 games, 762,337 kept of 779,158 (98%), 341 kept/s
14850 games, 764,634 kept of 781,679 (98%), 341 kept/s
14900 games, 767,251 kept of 784,593 (98%), 341 kept/s
14950 games, 769,776 kept of 787,321 (98%), 341 kept/s
15000 games, 772,375 kept of 790,155 (98%), 341 kept/s
15050 games, 774,987 kept of 792,937 (98%), 341 kept/s
15100 games, 777,333 kept of 795,550 (98%), 341 kept/s
15150 games, 779,557 kept of 797,973 (98%), 341 kept/s
15200 games, 782,447 kept of 801,039 (98%), 341 kept/s
15250 games, 784,811 kept of 803,678 (98%), 341 kept/s
15300 games, 787,699 kept of 806,732 (98%), 341 kept/s
15350 games, 789,970 kept of 809,226 (98%), 341 kept/s
15400 games, 792,390 kept of 811,871 (98%), 341 kept/s
15450 games, 794,985 kept of 814,707 (98%), 341 kept/s
15500 games, 797,460 kept of 817,422 (98%), 341 kept/s
15550 games, 800,055 kept of 820,193 (98%), 341 kept/s
15600 games, 802,527 kept of 822,824 (98%), 341 kept/s
15650 games, 804,433 kept of 824,937 (98%), 341 kept/s
15700 games, 806,555 kept of 827,273 (97%), 340 kept/s
15750 games, 809,027 kept of 830,044 (97%), 340 kept/s
15800 games, 810,946 kept of 832,226 (97%), 340 kept/s
15850 games, 813,244 kept of 834,754 (97%), 340 kept/s
15900 games, 815,472 kept of 837,241 (97%), 340 kept/s
15950 games, 818,076 kept of 840,044 (97%), 340 kept/s
16000 games, 820,360 kept of 842,569 (97%), 340 kept/s
16050 games, 822,836 kept of 845,228 (97%), 340 kept/s
16100 games, 825,545 kept of 848,015 (97%), 340 kept/s
16150 games, 827,797 kept of 850,518 (97%), 340 kept/s
16200 games, 830,586 kept of 853,548 (97%), 340 kept/s
16250 games, 832,880 kept of 856,104 (97%), 340 kept/s
16300 games, 835,212 kept of 858,681 (97%), 340 kept/s
16350 games, 837,582 kept of 861,312 (97%), 340 kept/s
16400 games, 840,188 kept of 864,099 (97%), 339 kept/s
16450 games, 842,499 kept of 866,766 (97%), 339 kept/s
16500 games, 844,847 kept of 869,285 (97%), 339 kept/s
16550 games, 847,139 kept of 871,844 (97%), 339 kept/s
16600 games, 849,254 kept of 874,167 (97%), 339 kept/s
16650 games, 851,994 kept of 877,085 (97%), 339 kept/s
16700 games, 854,498 kept of 879,759 (97%), 339 kept/s
16750 games, 856,932 kept of 882,362 (97%), 339 kept/s
16800 games, 859,338 kept of 884,994 (97%), 339 kept/s
16850 games, 861,620 kept of 887,489 (97%), 339 kept/s
16900 games, 864,089 kept of 890,188 (97%), 339 kept/s
16950 games, 866,757 kept of 893,110 (97%), 339 kept/s
17000 games, 869,428 kept of 895,956 (97%), 339 kept/s
17050 games, 871,600 kept of 898,344 (97%), 339 kept/s
17100 games, 874,132 kept of 901,036 (97%), 339 kept/s
17150 games, 876,623 kept of 903,739 (97%), 339 kept/s
17200 games, 878,964 kept of 906,268 (97%), 339 kept/s
17250 games, 880,953 kept of 908,533 (97%), 338 kept/s
17300 games, 883,240 kept of 911,020 (97%), 338 kept/s
17350 games, 885,561 kept of 913,601 (97%), 338 kept/s
17400 games, 887,937 kept of 916,176 (97%), 338 kept/s
17450 games, 890,467 kept of 918,900 (97%), 338 kept/s
17500 games, 892,869 kept of 921,478 (97%), 338 kept/s
17550 games, 895,222 kept of 924,052 (97%), 338 kept/s
17600 games, 897,577 kept of 926,619 (97%), 338 kept/s
17650 games, 899,925 kept of 929,164 (97%), 338 kept/s
17700 games, 902,210 kept of 931,649 (97%), 338 kept/s
17750 games, 904,703 kept of 934,371 (97%), 338 kept/s
17800 games, 907,346 kept of 937,245 (97%), 338 kept/s
17850 games, 909,690 kept of 939,740 (97%), 338 kept/s
17900 games, 912,390 kept of 942,622 (97%), 338 kept/s
17950 games, 914,528 kept of 945,002 (97%), 338 kept/s
18000 games, 916,616 kept of 947,425 (97%), 338 kept/s
18050 games, 919,137 kept of 950,199 (97%), 338 kept/s
18100 games, 921,523 kept of 952,809 (97%), 338 kept/s
18150 games, 924,150 kept of 955,676 (97%), 338 kept/s
18200 games, 926,598 kept of 958,352 (97%), 338 kept/s
18250 games, 928,675 kept of 960,747 (97%), 338 kept/s
18300 games, 931,314 kept of 963,605 (97%), 338 kept/s
18350 games, 933,668 kept of 966,169 (97%), 337 kept/s
18400 games, 936,444 kept of 969,131 (97%), 337 kept/s
18450 games, 938,846 kept of 971,666 (97%), 337 kept/s
18500 games, 941,132 kept of 974,161 (97%), 337 kept/s
18550 games, 943,878 kept of 977,126 (97%), 337 kept/s
18600 games, 946,294 kept of 979,770 (97%), 337 kept/s
18650 games, 948,548 kept of 982,212 (97%), 337 kept/s
18700 games, 950,840 kept of 984,759 (97%), 337 kept/s
18750 games, 953,050 kept of 987,170 (97%), 337 kept/s
18800 games, 955,590 kept of 989,941 (97%), 337 kept/s
18850 games, 958,370 kept of 992,948 (97%), 337 kept/s
18900 games, 960,781 kept of 995,577 (97%), 337 kept/s
18950 games, 963,614 kept of 998,622 (96%), 337 kept/s
19000 games, 966,301 kept of 1,001,602 (96%), 337 kept/s
19050 games, 968,911 kept of 1,004,454 (96%), 337 kept/s
19100 games, 971,236 kept of 1,006,971 (96%), 337 kept/s
19150 games, 974,110 kept of 1,010,057 (96%), 337 kept/s
19200 games, 976,570 kept of 1,012,723 (96%), 337 kept/s
19250 games, 979,116 kept of 1,015,438 (96%), 337 kept/s
19300 games, 981,359 kept of 1,017,915 (96%), 337 kept/s
19350 games, 983,701 kept of 1,020,508 (96%), 337 kept/s
19400 games, 985,912 kept of 1,022,908 (96%), 337 kept/s
19450 games, 988,127 kept of 1,025,324 (96%), 337 kept/s
19500 games, 990,828 kept of 1,028,192 (96%), 337 kept/s
19550 games, 993,258 kept of 1,030,889 (96%), 337 kept/s
19600 games, 996,084 kept of 1,033,933 (96%), 337 kept/s
19650 games, 998,345 kept of 1,036,416 (96%), 337 kept/s
19700 games, 1,000,841 kept of 1,039,182 (96%), 336 kept/s
19750 games, 1,002,821 kept of 1,041,537 (96%), 336 kept/s
19800 games, 1,005,486 kept of 1,044,367 (96%), 336 kept/s
19850 games, 1,007,672 kept of 1,046,788 (96%), 336 kept/s
19900 games, 1,009,926 kept of 1,049,242 (96%), 336 kept/s
19950 games, 1,012,511 kept of 1,052,035 (96%), 336 kept/s
20000 games, 1,014,764 kept of 1,054,504 (96%), 336 kept/s
20050 games, 1,017,075 kept of 1,057,045 (96%), 336 kept/s
20100 games, 1,019,302 kept of 1,059,548 (96%), 336 kept/s
20150 games, 1,021,980 kept of 1,062,456 (96%), 336 kept/s
20200 games, 1,023,926 kept of 1,064,646 (96%), 336 kept/s
20250 games, 1,026,122 kept of 1,067,114 (96%), 336 kept/s
20300 games, 1,028,229 kept of 1,069,398 (96%), 336 kept/s
20350 games, 1,030,398 kept of 1,071,760 (96%), 336 kept/s
20400 games, 1,032,811 kept of 1,074,440 (96%), 336 kept/s
20450 games, 1,035,011 kept of 1,076,951 (96%), 336 kept/s
20500 games, 1,037,477 kept of 1,079,721 (96%), 336 kept/s
20550 games, 1,040,059 kept of 1,082,598 (96%), 336 kept/s
20600 games, 1,042,381 kept of 1,085,132 (96%), 336 kept/s
20650 games, 1,044,646 kept of 1,087,686 (96%), 336 kept/s
20700 games, 1,046,958 kept of 1,090,216 (96%), 336 kept/s
20750 games, 1,049,466 kept of 1,092,993 (96%), 336 kept/s
20800 games, 1,051,770 kept of 1,095,549 (96%), 335 kept/s
20850 games, 1,054,259 kept of 1,098,205 (96%), 335 kept/s
20900 games, 1,056,537 kept of 1,100,717 (96%), 335 kept/s
20950 games, 1,059,058 kept of 1,103,458 (96%), 335 kept/s
21000 games, 1,061,558 kept of 1,106,131 (96%), 335 kept/s
21050 games, 1,063,763 kept of 1,108,561 (96%), 335 kept/s
21100 games, 1,066,404 kept of 1,111,491 (96%), 335 kept/s
21150 games, 1,068,344 kept of 1,113,714 (96%), 335 kept/s
21200 games, 1,070,930 kept of 1,116,552 (96%), 335 kept/s
21250 games, 1,073,000 kept of 1,118,917 (96%), 335 kept/s
21300 games, 1,074,887 kept of 1,121,029 (96%), 335 kept/s
21350 games, 1,077,690 kept of 1,123,991 (96%), 335 kept/s
21400 games, 1,080,103 kept of 1,126,644 (96%), 335 kept/s
21450 games, 1,082,372 kept of 1,129,167 (96%), 335 kept/s
21500 games, 1,084,650 kept of 1,131,692 (96%), 335 kept/s
21550 games, 1,086,778 kept of 1,133,998 (96%), 335 kept/s
21600 games, 1,089,083 kept of 1,136,506 (96%), 335 kept/s
21650 games, 1,091,342 kept of 1,139,009 (96%), 335 kept/s
21700 games, 1,094,123 kept of 1,142,024 (96%), 335 kept/s
21750 games, 1,096,443 kept of 1,144,553 (96%), 335 kept/s
21800 games, 1,098,581 kept of 1,146,916 (96%), 335 kept/s
21850 games, 1,100,970 kept of 1,149,516 (96%), 335 kept/s
21900 games, 1,103,211 kept of 1,152,022 (96%), 335 kept/s
21950 games, 1,105,651 kept of 1,154,638 (96%), 335 kept/s
22000 games, 1,107,964 kept of 1,157,146 (96%), 335 kept/s
22050 games, 1,110,235 kept of 1,159,648 (96%), 335 kept/s
22100 games, 1,112,521 kept of 1,162,222 (96%), 334 kept/s
22150 games, 1,114,774 kept of 1,164,663 (96%), 334 kept/s
22200 games, 1,117,047 kept of 1,167,163 (96%), 334 kept/s
22250 games, 1,119,526 kept of 1,169,834 (96%), 334 kept/s
22300 games, 1,121,839 kept of 1,172,413 (96%), 334 kept/s
22350 games, 1,124,168 kept of 1,175,019 (96%), 334 kept/s
22400 games, 1,126,884 kept of 1,177,919 (96%), 334 kept/s
22450 games, 1,128,993 kept of 1,180,188 (96%), 334 kept/s
22500 games, 1,131,566 kept of 1,182,884 (96%), 334 kept/s
22550 games, 1,133,674 kept of 1,185,167 (96%), 334 kept/s
22600 games, 1,136,081 kept of 1,187,768 (96%), 334 kept/s
22650 games, 1,138,481 kept of 1,190,345 (96%), 334 kept/s
22700 games, 1,140,878 kept of 1,192,967 (96%), 334 kept/s
22750 games, 1,142,641 kept of 1,195,391 (96%), 334 kept/s
22800 games, 1,144,300 kept of 1,198,052 (96%), 334 kept/s
22850 games, 1,145,547 kept of 1,200,312 (95%), 333 kept/s
22900 games, 1,146,984 kept of 1,202,867 (95%), 333 kept/s
22950 games, 1,148,833 kept of 1,205,754 (95%), 333 kept/s
23000 games, 1,150,364 kept of 1,208,279 (95%), 333 kept/s
23050 games, 1,151,948 kept of 1,210,874 (95%), 332 kept/s
23100 games, 1,153,295 kept of 1,213,184 (95%), 332 kept/s
23150 games, 1,154,881 kept of 1,216,004 (95%), 332 kept/s
23200 games, 1,156,213 kept of 1,218,520 (95%), 332 kept/s
23250 games, 1,157,562 kept of 1,220,888 (95%), 331 kept/s
23300 games, 1,159,079 kept of 1,223,408 (95%), 331 kept/s
23350 games, 1,160,725 kept of 1,226,175 (95%), 331 kept/s
23400 games, 1,162,147 kept of 1,228,564 (95%), 330 kept/s
23450 games, 1,163,729 kept of 1,231,230 (95%), 330 kept/s
23500 games, 1,165,357 kept of 1,233,789 (94%), 330 kept/s
23550 games, 1,167,187 kept of 1,236,560 (94%), 330 kept/s
23600 games, 1,168,877 kept of 1,239,446 (94%), 329 kept/s
23650 games, 1,170,383 kept of 1,242,017 (94%), 329 kept/s
23700 games, 1,172,106 kept of 1,244,823 (94%), 329 kept/s
23750 games, 1,173,788 kept of 1,247,563 (94%), 329 kept/s
23800 games, 1,175,338 kept of 1,250,227 (94%), 329 kept/s
23850 games, 1,176,772 kept of 1,252,667 (94%), 328 kept/s
23900 games, 1,178,359 kept of 1,255,389 (94%), 328 kept/s
23950 games, 1,179,774 kept of 1,257,910 (94%), 328 kept/s
24000 games, 1,181,134 kept of 1,260,262 (94%), 327 kept/s
24050 games, 1,182,508 kept of 1,262,698 (94%), 327 kept/s
24100 games, 1,184,089 kept of 1,265,216 (94%), 327 kept/s
24150 games, 1,185,493 kept of 1,267,666 (94%), 327 kept/s
24200 games, 1,187,130 kept of 1,270,272 (93%), 327 kept/s
24250 games, 1,188,598 kept of 1,272,756 (93%), 326 kept/s
24300 games, 1,190,040 kept of 1,275,410 (93%), 326 kept/s
24350 games, 1,191,383 kept of 1,277,930 (93%), 326 kept/s
24400 games, 1,193,113 kept of 1,280,782 (93%), 325 kept/s
24450 games, 1,194,939 kept of 1,283,646 (93%), 325 kept/s
24500 games, 1,196,669 kept of 1,286,488 (93%), 325 kept/s
24550 games, 1,198,190 kept of 1,289,003 (93%), 325 kept/s
24600 games, 1,199,553 kept of 1,291,318 (93%), 325 kept/s
24650 games, 1,201,060 kept of 1,293,911 (93%), 324 kept/s
24700 games, 1,202,804 kept of 1,296,633 (93%), 324 kept/s
24750 games, 1,204,506 kept of 1,299,317 (93%), 324 kept/s
24800 games, 1,206,080 kept of 1,301,988 (93%), 324 kept/s
24850 games, 1,207,717 kept of 1,304,558 (93%), 323 kept/s
24900 games, 1,209,398 kept of 1,307,302 (93%), 323 kept/s
24950 games, 1,211,230 kept of 1,310,303 (92%), 323 kept/s
25000 games, 1,212,812 kept of 1,312,935 (92%), 323 kept/s
25050 games, 1,214,499 kept of 1,315,747 (92%), 323 kept/s
25100 games, 1,216,202 kept of 1,318,774 (92%), 322 kept/s
25150 games, 1,217,899 kept of 1,321,544 (92%), 322 kept/s
25200 games, 1,219,133 kept of 1,323,815 (92%), 322 kept/s
25250 games, 1,220,701 kept of 1,326,399 (92%), 322 kept/s
25300 games, 1,222,128 kept of 1,328,930 (92%), 321 kept/s
25350 games, 1,223,695 kept of 1,331,635 (92%), 321 kept/s
25400 games, 1,225,648 kept of 1,334,706 (92%), 321 kept/s
25450 games, 1,227,052 kept of 1,337,137 (92%), 321 kept/s
25500 games, 1,228,794 kept of 1,339,856 (92%), 321 kept/s
25550 games, 1,230,715 kept of 1,342,848 (92%), 320 kept/s
25600 games, 1,232,435 kept of 1,345,762 (92%), 320 kept/s
25650 games, 1,233,633 kept of 1,348,119 (92%), 320 kept/s
25700 games, 1,234,934 kept of 1,350,448 (91%), 320 kept/s
25750 games, 1,236,097 kept of 1,352,550 (91%), 319 kept/s
25800 games, 1,237,812 kept of 1,355,324 (91%), 319 kept/s
25850 games, 1,239,440 kept of 1,358,009 (91%), 319 kept/s
25900 games, 1,240,973 kept of 1,360,660 (91%), 319 kept/s
25950 games, 1,242,711 kept of 1,363,399 (91%), 319 kept/s
26000 games, 1,244,606 kept of 1,366,373 (91%), 318 kept/s
26050 games, 1,246,260 kept of 1,369,189 (91%), 318 kept/s
26100 games, 1,247,933 kept of 1,371,831 (91%), 318 kept/s
26150 games, 1,249,706 kept of 1,374,697 (91%), 318 kept/s
26200 games, 1,251,360 kept of 1,377,359 (91%), 318 kept/s
26250 games, 1,253,248 kept of 1,380,351 (91%), 317 kept/s
26300 games, 1,254,868 kept of 1,383,067 (91%), 317 kept/s
26350 games, 1,256,579 kept of 1,385,826 (91%), 317 kept/s
26400 games, 1,258,386 kept of 1,388,478 (91%), 317 kept/s
26450 games, 1,259,990 kept of 1,391,070 (91%), 317 kept/s
26500 games, 1,261,699 kept of 1,393,811 (91%), 316 kept/s
26550 games, 1,263,113 kept of 1,396,443 (90%), 316 kept/s
26600 games, 1,264,626 kept of 1,399,179 (90%), 316 kept/s
26650 games, 1,266,236 kept of 1,401,843 (90%), 316 kept/s
26700 games, 1,267,856 kept of 1,404,561 (90%), 316 kept/s
26750 games, 1,269,608 kept of 1,407,267 (90%), 315 kept/s
26800 games, 1,271,074 kept of 1,409,730 (90%), 315 kept/s
26850 games, 1,272,630 kept of 1,412,351 (90%), 315 kept/s
26900 games, 1,274,333 kept of 1,415,028 (90%), 315 kept/s
26950 games, 1,275,989 kept of 1,417,701 (90%), 315 kept/s
27000 games, 1,277,658 kept of 1,420,364 (90%), 315 kept/s
27050 games, 1,279,263 kept of 1,422,969 (90%), 314 kept/s
27100 games, 1,280,533 kept of 1,425,381 (90%), 314 kept/s
27150 games, 1,282,151 kept of 1,428,272 (90%), 314 kept/s
27200 games, 1,283,623 kept of 1,430,817 (90%), 314 kept/s
27250 games, 1,285,083 kept of 1,433,400 (90%), 313 kept/s
27300 games, 1,286,466 kept of 1,435,800 (90%), 313 kept/s
27350 games, 1,287,773 kept of 1,438,117 (90%), 313 kept/s
27400 games, 1,289,282 kept of 1,440,463 (90%), 313 kept/s
27450 games, 1,290,792 kept of 1,443,332 (89%), 313 kept/s
27500 games, 1,292,528 kept of 1,446,408 (89%), 312 kept/s
27550 games, 1,294,215 kept of 1,449,230 (89%), 312 kept/s
27600 games, 1,295,817 kept of 1,451,970 (89%), 312 kept/s
27650 games, 1,297,361 kept of 1,454,507 (89%), 312 kept/s
27700 games, 1,298,894 kept of 1,457,067 (89%), 312 kept/s
27750 games, 1,300,585 kept of 1,459,875 (89%), 312 kept/s
27800 games, 1,302,354 kept of 1,462,737 (89%), 311 kept/s
27850 games, 1,303,910 kept of 1,465,243 (89%), 311 kept/s
27900 games, 1,305,525 kept of 1,467,786 (89%), 311 kept/s
27950 games, 1,306,968 kept of 1,470,332 (89%), 311 kept/s
28000 games, 1,308,517 kept of 1,472,816 (89%), 311 kept/s
28050 games, 1,309,953 kept of 1,475,171 (89%), 311 kept/s
28100 games, 1,311,320 kept of 1,477,669 (89%), 310 kept/s
28150 games, 1,313,074 kept of 1,480,535 (89%), 310 kept/s
28200 games, 1,314,382 kept of 1,483,019 (89%), 310 kept/s
28250 games, 1,316,074 kept of 1,485,674 (89%), 310 kept/s
28300 games, 1,317,639 kept of 1,488,329 (89%), 310 kept/s
28350 games, 1,319,435 kept of 1,491,029 (88%), 309 kept/s
28400 games, 1,320,847 kept of 1,493,509 (88%), 309 kept/s
28450 games, 1,322,444 kept of 1,495,821 (88%), 309 kept/s
28500 games, 1,324,139 kept of 1,498,336 (88%), 309 kept/s
28550 games, 1,325,985 kept of 1,501,171 (88%), 309 kept/s
28600 games, 1,327,772 kept of 1,504,028 (88%), 309 kept/s
28650 games, 1,329,140 kept of 1,506,492 (88%), 309 kept/s
28700 games, 1,330,885 kept of 1,509,282 (88%), 308 kept/s
28750 games, 1,332,246 kept of 1,511,811 (88%), 308 kept/s
28800 games, 1,333,802 kept of 1,514,515 (88%), 308 kept/s
28850 games, 1,335,205 kept of 1,516,875 (88%), 308 kept/s
28900 games, 1,336,621 kept of 1,519,302 (88%), 308 kept/s
28950 games, 1,338,136 kept of 1,521,718 (88%), 307 kept/s
29000 games, 1,339,603 kept of 1,524,052 (88%), 307 kept/s
29050 games, 1,341,170 kept of 1,526,428 (88%), 307 kept/s
29100 games, 1,342,540 kept of 1,528,846 (88%), 307 kept/s
29150 games, 1,344,012 kept of 1,531,214 (88%), 307 kept/s
29200 games, 1,345,479 kept of 1,533,700 (88%), 307 kept/s
29250 games, 1,347,290 kept of 1,536,544 (88%), 307 kept/s
29300 games, 1,348,985 kept of 1,539,267 (88%), 306 kept/s
29350 games, 1,350,511 kept of 1,541,721 (88%), 306 kept/s
29400 games, 1,351,965 kept of 1,544,278 (88%), 306 kept/s
29450 games, 1,353,772 kept of 1,547,163 (88%), 306 kept/s
29500 games, 1,355,345 kept of 1,549,736 (87%), 306 kept/s
29550 games, 1,356,913 kept of 1,552,439 (87%), 306 kept/s
29600 games, 1,358,170 kept of 1,554,735 (87%), 305 kept/s
29650 games, 1,359,842 kept of 1,557,371 (87%), 305 kept/s
29700 games, 1,361,355 kept of 1,559,796 (87%), 305 kept/s
29750 games, 1,362,866 kept of 1,562,397 (87%), 305 kept/s
29800 games, 1,363,988 kept of 1,565,032 (87%), 305 kept/s
29850 games, 1,364,880 kept of 1,567,813 (87%), 304 kept/s
29900 games, 1,365,937 kept of 1,570,640 (87%), 304 kept/s
29950 games, 1,366,878 kept of 1,573,228 (87%), 304 kept/s
30000 games, 1,367,841 kept of 1,575,756 (87%), 304 kept/s
30050 games, 1,368,842 kept of 1,578,425 (87%), 303 kept/s
30100 games, 1,369,956 kept of 1,581,330 (87%), 303 kept/s
30150 games, 1,370,685 kept of 1,583,780 (87%), 303 kept/s
30200 games, 1,371,800 kept of 1,586,457 (86%), 302 kept/s
30250 games, 1,372,643 kept of 1,589,202 (86%), 302 kept/s
30300 games, 1,373,589 kept of 1,591,798 (86%), 302 kept/s
30350 games, 1,374,709 kept of 1,594,769 (86%), 301 kept/s
30400 games, 1,375,480 kept of 1,597,299 (86%), 301 kept/s
30450 games, 1,376,264 kept of 1,600,084 (86%), 301 kept/s
30500 games, 1,377,265 kept of 1,602,758 (86%), 300 kept/s
30550 games, 1,378,201 kept of 1,605,624 (86%), 300 kept/s
30600 games, 1,379,078 kept of 1,608,101 (86%), 300 kept/s
30650 games, 1,379,990 kept of 1,610,798 (86%), 300 kept/s
30700 games, 1,380,807 kept of 1,613,300 (86%), 299 kept/s
30750 games, 1,382,089 kept of 1,616,143 (86%), 299 kept/s
30800 games, 1,382,950 kept of 1,618,633 (85%), 299 kept/s
30850 games, 1,384,021 kept of 1,621,604 (85%), 299 kept/s
30900 games, 1,384,864 kept of 1,624,244 (85%), 298 kept/s
30950 games, 1,385,674 kept of 1,626,945 (85%), 298 kept/s
31000 games, 1,386,892 kept of 1,629,764 (85%), 298 kept/s
31050 games, 1,387,938 kept of 1,632,470 (85%), 297 kept/s
31100 games, 1,389,002 kept of 1,635,419 (85%), 297 kept/s
31150 games, 1,389,931 kept of 1,638,104 (85%), 297 kept/s
31200 games, 1,391,059 kept of 1,640,932 (85%), 297 kept/s
31250 games, 1,392,032 kept of 1,643,523 (85%), 296 kept/s
31300 games, 1,392,850 kept of 1,646,061 (85%), 296 kept/s
31350 games, 1,393,847 kept of 1,648,725 (85%), 296 kept/s
31400 games, 1,395,015 kept of 1,651,348 (84%), 295 kept/s
31450 games, 1,395,976 kept of 1,654,013 (84%), 295 kept/s
31500 games, 1,397,073 kept of 1,656,755 (84%), 295 kept/s
31550 games, 1,398,070 kept of 1,659,352 (84%), 295 kept/s
31600 games, 1,399,006 kept of 1,662,135 (84%), 294 kept/s
31650 games, 1,400,176 kept of 1,664,943 (84%), 294 kept/s
31700 games, 1,401,278 kept of 1,667,675 (84%), 294 kept/s
31750 games, 1,402,064 kept of 1,670,164 (84%), 294 kept/s
31800 games, 1,403,111 kept of 1,673,018 (84%), 293 kept/s
31850 games, 1,403,890 kept of 1,675,569 (84%), 293 kept/s
31900 games, 1,405,106 kept of 1,678,523 (84%), 293 kept/s
31950 games, 1,406,070 kept of 1,681,150 (84%), 293 kept/s
32000 games, 1,406,960 kept of 1,683,831 (84%), 292 kept/s
32050 games, 1,407,757 kept of 1,686,235 (83%), 292 kept/s
32100 games, 1,408,410 kept of 1,688,668 (83%), 292 kept/s
32150 games, 1,409,235 kept of 1,691,106 (83%), 291 kept/s
32200 games, 1,410,181 kept of 1,693,653 (83%), 291 kept/s
32250 games, 1,411,152 kept of 1,696,356 (83%), 291 kept/s
32300 games, 1,411,940 kept of 1,698,760 (83%), 291 kept/s
32350 games, 1,413,069 kept of 1,701,763 (83%), 290 kept/s
32400 games, 1,414,200 kept of 1,704,550 (83%), 290 kept/s
32450 games, 1,415,240 kept of 1,707,342 (83%), 290 kept/s
32500 games, 1,416,045 kept of 1,709,733 (83%), 290 kept/s
32550 games, 1,417,214 kept of 1,712,900 (83%), 289 kept/s
32600 games, 1,418,110 kept of 1,715,342 (83%), 289 kept/s
32650 games, 1,419,021 kept of 1,717,943 (83%), 289 kept/s
32700 games, 1,419,794 kept of 1,720,441 (83%), 289 kept/s
32750 games, 1,420,684 kept of 1,723,007 (82%), 288 kept/s
32800 games, 1,421,362 kept of 1,725,553 (82%), 288 kept/s
32850 games, 1,422,371 kept of 1,728,301 (82%), 288 kept/s
32900 games, 1,423,388 kept of 1,731,032 (82%), 288 kept/s
32950 games, 1,424,028 kept of 1,733,441 (82%), 287 kept/s
33000 games, 1,424,812 kept of 1,735,838 (82%), 287 kept/s
33050 games, 1,425,464 kept of 1,738,203 (82%), 287 kept/s
33100 games, 1,426,405 kept of 1,740,833 (82%), 287 kept/s
33150 games, 1,427,273 kept of 1,743,379 (82%), 286 kept/s
33200 games, 1,428,091 kept of 1,745,951 (82%), 286 kept/s
33250 games, 1,428,911 kept of 1,748,525 (82%), 286 kept/s
33300 games, 1,429,728 kept of 1,751,285 (82%), 286 kept/s
33350 games, 1,430,342 kept of 1,753,598 (82%), 285 kept/s
33400 games, 1,430,936 kept of 1,756,094 (81%), 285 kept/s
33450 games, 1,431,591 kept of 1,758,660 (81%), 285 kept/s
33500 games, 1,432,068 kept of 1,761,000 (81%), 284 kept/s
33550 games, 1,432,925 kept of 1,763,945 (81%), 284 kept/s
33600 games, 1,433,710 kept of 1,766,789 (81%), 284 kept/s
33650 games, 1,434,514 kept of 1,769,327 (81%), 284 kept/s
33700 games, 1,435,054 kept of 1,772,107 (81%), 283 kept/s
33750 games, 1,435,650 kept of 1,774,463 (81%), 283 kept/s
33800 games, 1,436,218 kept of 1,776,918 (81%), 283 kept/s
33850 games, 1,436,992 kept of 1,779,564 (81%), 282 kept/s
33900 games, 1,437,583 kept of 1,782,154 (81%), 282 kept/s
33950 games, 1,438,282 kept of 1,784,931 (81%), 282 kept/s
34000 games, 1,438,872 kept of 1,787,716 (80%), 282 kept/s
34050 games, 1,439,759 kept of 1,790,322 (80%), 281 kept/s
34100 games, 1,440,493 kept of 1,792,818 (80%), 281 kept/s
34150 games, 1,441,253 kept of 1,795,162 (80%), 281 kept/s
34200 games, 1,441,924 kept of 1,797,373 (80%), 281 kept/s
34250 games, 1,442,672 kept of 1,800,179 (80%), 280 kept/s
34300 games, 1,443,270 kept of 1,802,514 (80%), 280 kept/s
34350 games, 1,443,763 kept of 1,805,004 (80%), 280 kept/s
34400 games, 1,444,533 kept of 1,807,673 (80%), 279 kept/s
34450 games, 1,445,375 kept of 1,810,361 (80%), 279 kept/s
34500 games, 1,446,000 kept of 1,812,854 (80%), 279 kept/s
34550 games, 1,446,775 kept of 1,815,633 (80%), 279 kept/s
34600 games, 1,447,549 kept of 1,818,486 (80%), 278 kept/s
34650 games, 1,448,212 kept of 1,821,125 (80%), 278 kept/s
34700 games, 1,448,752 kept of 1,823,518 (79%), 278 kept/s
34750 games, 1,449,539 kept of 1,826,232 (79%), 278 kept/s
34800 games, 1,450,053 kept of 1,828,779 (79%), 277 kept/s
34850 games, 1,450,695 kept of 1,831,443 (79%), 277 kept/s
34900 games, 1,451,309 kept of 1,833,983 (79%), 277 kept/s
34950 games, 1,451,932 kept of 1,836,553 (79%), 277 kept/s
35000 games, 1,452,604 kept of 1,839,495 (79%), 276 kept/s
35050 games, 1,453,234 kept of 1,842,206 (79%), 276 kept/s
35100 games, 1,454,000 kept of 1,844,942 (79%), 276 kept/s
35150 games, 1,454,789 kept of 1,847,704 (79%), 275 kept/s
35200 games, 1,455,339 kept of 1,850,296 (79%), 275 kept/s
35250 games, 1,456,205 kept of 1,853,117 (79%), 275 kept/s
35300 games, 1,456,704 kept of 1,855,447 (79%), 275 kept/s
35350 games, 1,457,238 kept of 1,858,101 (78%), 274 kept/s
35400 games, 1,457,881 kept of 1,860,788 (78%), 274 kept/s
35450 games, 1,458,717 kept of 1,863,653 (78%), 274 kept/s
35500 games, 1,459,335 kept of 1,866,276 (78%), 274 kept/s
35550 games, 1,459,853 kept of 1,868,709 (78%), 273 kept/s
35600 games, 1,460,452 kept of 1,871,003 (78%), 273 kept/s
35650 games, 1,461,099 kept of 1,873,696 (78%), 273 kept/s
35700 games, 1,461,940 kept of 1,876,710 (78%), 272 kept/s
35750 games, 1,462,756 kept of 1,879,710 (78%), 272 kept/s
35800 games, 1,463,435 kept of 1,882,182 (78%), 272 kept/s
35850 games, 1,464,162 kept of 1,884,983 (78%), 272 kept/s
35900 games, 1,464,796 kept of 1,887,574 (78%), 271 kept/s
35950 games, 1,465,340 kept of 1,890,074 (78%), 271 kept/s
36000 games, 1,466,179 kept of 1,892,952 (77%), 271 kept/s
36050 games, 1,466,687 kept of 1,895,442 (77%), 271 kept/s
36100 games, 1,467,320 kept of 1,897,984 (77%), 270 kept/s
36150 games, 1,467,999 kept of 1,900,715 (77%), 270 kept/s
36200 games, 1,468,551 kept of 1,903,098 (77%), 270 kept/s
36250 games, 1,469,001 kept of 1,905,371 (77%), 270 kept/s
36300 games, 1,469,661 kept of 1,907,960 (77%), 269 kept/s
36350 games, 1,470,384 kept of 1,910,671 (77%), 269 kept/s
36400 games, 1,471,202 kept of 1,913,562 (77%), 269 kept/s
36450 games, 1,472,129 kept of 1,916,625 (77%), 269 kept/s
36500 games, 1,472,828 kept of 1,919,436 (77%), 268 kept/s
36550 games, 1,473,446 kept of 1,922,043 (77%), 268 kept/s
36600 games, 1,474,145 kept of 1,924,542 (77%), 268 kept/s
36650 games, 1,474,747 kept of 1,927,066 (77%), 268 kept/s
36700 games, 1,475,262 kept of 1,929,372 (76%), 268 kept/s
36750 games, 1,475,739 kept of 1,931,812 (76%), 267 kept/s
36800 games, 1,476,632 kept of 1,934,619 (76%), 267 kept/s
36850 games, 1,477,182 kept of 1,937,317 (76%), 267 kept/s
36900 games, 1,477,670 kept of 1,940,099 (76%), 266 kept/s
36950 games, 1,478,117 kept of 1,943,138 (76%), 266 kept/s
37000 games, 1,478,514 kept of 1,945,695 (76%), 266 kept/s
37050 games, 1,479,030 kept of 1,948,609 (76%), 266 kept/s
37100 games, 1,479,319 kept of 1,951,079 (76%), 265 kept/s
37150 games, 1,479,577 kept of 1,953,566 (76%), 265 kept/s
37200 games, 1,480,024 kept of 1,956,522 (76%), 265 kept/s
37250 games, 1,480,207 kept of 1,958,803 (76%), 264 kept/s
37300 games, 1,480,452 kept of 1,961,585 (75%), 264 kept/s
37350 games, 1,480,821 kept of 1,964,384 (75%), 264 kept/s
37400 games, 1,481,246 kept of 1,966,908 (75%), 264 kept/s
37450 games, 1,481,701 kept of 1,969,537 (75%), 263 kept/s
37500 games, 1,481,931 kept of 1,971,917 (75%), 263 kept/s
37550 games, 1,482,237 kept of 1,974,574 (75%), 263 kept/s
37600 games, 1,482,550 kept of 1,976,861 (75%), 262 kept/s
37650 games, 1,482,855 kept of 1,979,510 (75%), 262 kept/s
37700 games, 1,483,171 kept of 1,982,070 (75%), 262 kept/s
37750 games, 1,483,444 kept of 1,984,424 (75%), 262 kept/s
37800 games, 1,483,924 kept of 1,987,230 (75%), 261 kept/s
37850 games, 1,484,349 kept of 1,990,120 (75%), 261 kept/s
37900 games, 1,484,744 kept of 1,992,950 (74%), 261 kept/s
37950 games, 1,485,000 kept of 1,995,491 (74%), 260 kept/s
38000 games, 1,485,510 kept of 1,998,080 (74%), 260 kept/s
38050 games, 1,485,960 kept of 2,000,869 (74%), 260 kept/s
38100 games, 1,486,434 kept of 2,003,491 (74%), 260 kept/s
38150 games, 1,486,870 kept of 2,006,010 (74%), 259 kept/s
38200 games, 1,487,190 kept of 2,008,510 (74%), 259 kept/s
38250 games, 1,487,558 kept of 2,011,132 (74%), 259 kept/s
38300 games, 1,487,907 kept of 2,013,485 (74%), 259 kept/s
38350 games, 1,488,287 kept of 2,016,088 (74%), 258 kept/s
38400 games, 1,488,709 kept of 2,018,708 (74%), 258 kept/s
38450 games, 1,489,065 kept of 2,021,586 (74%), 258 kept/s
38500 games, 1,489,354 kept of 2,023,596 (74%), 258 kept/s
38550 games, 1,489,748 kept of 2,026,568 (74%), 257 kept/s
38600 games, 1,490,082 kept of 2,029,157 (73%), 257 kept/s
38650 games, 1,490,411 kept of 2,031,658 (73%), 257 kept/s
38700 games, 1,490,705 kept of 2,034,258 (73%), 256 kept/s
38750 games, 1,491,167 kept of 2,036,722 (73%), 256 kept/s
38800 games, 1,491,639 kept of 2,039,485 (73%), 256 kept/s
38850 games, 1,491,900 kept of 2,042,076 (73%), 256 kept/s
38900 games, 1,492,343 kept of 2,044,875 (73%), 255 kept/s
38950 games, 1,492,601 kept of 2,047,640 (73%), 255 kept/s
39000 games, 1,492,837 kept of 2,050,215 (73%), 255 kept/s
39050 games, 1,493,194 kept of 2,052,962 (73%), 255 kept/s
39100 games, 1,493,488 kept of 2,055,563 (73%), 254 kept/s
39150 games, 1,493,839 kept of 2,058,157 (73%), 254 kept/s
39200 games, 1,494,191 kept of 2,061,062 (72%), 254 kept/s
39250 games, 1,494,498 kept of 2,063,442 (72%), 253 kept/s
39300 games, 1,494,814 kept of 2,066,080 (72%), 253 kept/s
39350 games, 1,495,169 kept of 2,068,903 (72%), 253 kept/s
39400 games, 1,495,599 kept of 2,071,587 (72%), 253 kept/s
39450 games, 1,495,994 kept of 2,074,063 (72%), 252 kept/s
39500 games, 1,496,369 kept of 2,076,647 (72%), 252 kept/s
39550 games, 1,496,757 kept of 2,079,423 (72%), 252 kept/s
39600 games, 1,497,009 kept of 2,081,769 (72%), 252 kept/s
39650 games, 1,497,477 kept of 2,084,422 (72%), 251 kept/s
39700 games, 1,497,589 kept of 2,086,964 (72%), 251 kept/s
39750 games, 1,497,870 kept of 2,089,775 (72%), 251 kept/s
39800 games, 1,498,190 kept of 2,092,403 (72%), 251 kept/s
39850 games, 1,498,465 kept of 2,094,964 (72%), 250 kept/s
39900 games, 1,498,804 kept of 2,097,573 (71%), 250 kept/s
39950 games, 1,499,063 kept of 2,100,136 (71%), 250 kept/s
40000 games, 1,499,533 kept of 2,103,018 (71%), 250 kept/s
40050 games, 1,499,852 kept of 2,105,457 (71%), 249 kept/s
40100 games, 1,500,152 kept of 2,108,250 (71%), 249 kept/s
40150 games, 1,500,448 kept of 2,110,544 (71%), 249 kept/s
40200 games, 1,500,808 kept of 2,113,396 (71%), 249 kept/s
40250 games, 1,501,199 kept of 2,116,131 (71%), 248 kept/s
40300 games, 1,501,454 kept of 2,118,718 (71%), 248 kept/s
40350 games, 1,501,714 kept of 2,121,257 (71%), 248 kept/s
40400 games, 1,502,064 kept of 2,123,921 (71%), 248 kept/s
40450 games, 1,502,280 kept of 2,126,364 (71%), 247 kept/s
40500 games, 1,502,562 kept of 2,128,971 (71%), 247 kept/s
40550 games, 1,502,834 kept of 2,131,463 (71%), 247 kept/s
40600 games, 1,503,272 kept of 2,134,466 (70%), 246 kept/s
40650 games, 1,503,672 kept of 2,137,382 (70%), 246 kept/s
40700 games, 1,503,872 kept of 2,139,757 (70%), 246 kept/s
40750 games, 1,504,144 kept of 2,142,511 (70%), 246 kept/s
40800 games, 1,504,396 kept of 2,145,283 (70%), 245 kept/s
40850 games, 1,504,662 kept of 2,148,135 (70%), 245 kept/s
40900 games, 1,504,849 kept of 2,150,333 (70%), 245 kept/s
40950 games, 1,505,077 kept of 2,152,814 (70%), 245 kept/s
41000 games, 1,505,328 kept of 2,155,304 (70%), 244 kept/s
41050 games, 1,505,663 kept of 2,157,874 (70%), 244 kept/s
41100 games, 1,506,011 kept of 2,160,418 (70%), 244 kept/s
41150 games, 1,506,164 kept of 2,162,936 (70%), 244 kept/s
41200 games, 1,506,423 kept of 2,165,404 (70%), 243 kept/s
41250 games, 1,506,721 kept of 2,168,126 (69%), 243 kept/s
41300 games, 1,507,150 kept of 2,171,258 (69%), 243 kept/s
41350 games, 1,507,464 kept of 2,173,697 (69%), 243 kept/s
41400 games, 1,507,703 kept of 2,176,226 (69%), 242 kept/s
41450 games, 1,508,137 kept of 2,179,193 (69%), 242 kept/s
41500 games, 1,508,459 kept of 2,181,615 (69%), 242 kept/s
41550 games, 1,508,871 kept of 2,184,307 (69%), 242 kept/s
41600 games, 1,509,215 kept of 2,187,122 (69%), 242 kept/s
41650 games, 1,509,514 kept of 2,189,776 (69%), 241 kept/s
41700 games, 1,509,766 kept of 2,192,674 (69%), 241 kept/s
41750 games, 1,509,995 kept of 2,195,296 (69%), 241 kept/s
41800 games, 1,510,190 kept of 2,197,841 (69%), 241 kept/s
41850 games, 1,510,358 kept of 2,199,993 (69%), 240 kept/s
41900 games, 1,510,567 kept of 2,202,404 (69%), 240 kept/s
41950 games, 1,510,861 kept of 2,204,938 (69%), 240 kept/s
42000 games, 1,511,157 kept of 2,207,428 (68%), 240 kept/s
42050 games, 1,511,451 kept of 2,209,964 (68%), 239 kept/s
42100 games, 1,511,750 kept of 2,212,549 (68%), 239 kept/s
42150 games, 1,512,215 kept of 2,215,489 (68%), 239 kept/s
42200 games, 1,512,520 kept of 2,218,037 (68%), 239 kept/s
42250 games, 1,512,791 kept of 2,220,566 (68%), 238 kept/s
42300 games, 1,513,050 kept of 2,222,961 (68%), 238 kept/s
42350 games, 1,513,398 kept of 2,225,697 (68%), 238 kept/s
42400 games, 1,513,719 kept of 2,228,191 (68%), 238 kept/s
42450 games, 1,513,948 kept of 2,230,653 (68%), 238 kept/s
42500 games, 1,514,409 kept of 2,233,569 (68%), 237 kept/s
42550 games, 1,514,790 kept of 2,236,392 (68%), 237 kept/s
42600 games, 1,515,056 kept of 2,238,984 (68%), 237 kept/s
42650 games, 1,515,458 kept of 2,241,405 (68%), 237 kept/s
42700 games, 1,515,744 kept of 2,243,889 (68%), 236 kept/s
42750 games, 1,516,028 kept of 2,246,286 (67%), 236 kept/s
42800 games, 1,516,232 kept of 2,248,910 (67%), 236 kept/s
42850 games, 1,516,509 kept of 2,251,251 (67%), 236 kept/s
42900 games, 1,516,799 kept of 2,254,242 (67%), 236 kept/s
42950 games, 1,517,000 kept of 2,256,714 (67%), 235 kept/s
43000 games, 1,517,310 kept of 2,259,143 (67%), 235 kept/s
43050 games, 1,517,574 kept of 2,262,024 (67%), 235 kept/s
43100 games, 1,517,955 kept of 2,264,673 (67%), 235 kept/s
43150 games, 1,518,217 kept of 2,267,167 (67%), 234 kept/s
43200 games, 1,518,446 kept of 2,269,540 (67%), 234 kept/s
43250 games, 1,518,836 kept of 2,272,233 (67%), 234 kept/s
43300 games, 1,519,343 kept of 2,275,038 (67%), 234 kept/s
43350 games, 1,519,742 kept of 2,277,731 (67%), 234 kept/s
43400 games, 1,519,954 kept of 2,280,287 (67%), 233 kept/s
43450 games, 1,520,248 kept of 2,282,886 (67%), 233 kept/s
43500 games, 1,520,567 kept of 2,285,518 (67%), 233 kept/s
43550 games, 1,520,824 kept of 2,288,280 (66%), 233 kept/s
43600 games, 1,521,147 kept of 2,291,105 (66%), 232 kept/s
43650 games, 1,521,511 kept of 2,293,797 (66%), 232 kept/s
43700 games, 1,521,839 kept of 2,296,580 (66%), 232 kept/s
43750 games, 1,522,195 kept of 2,299,234 (66%), 232 kept/s
43800 games, 1,522,648 kept of 2,301,734 (66%), 232 kept/s
43850 games, 1,522,930 kept of 2,304,158 (66%), 231 kept/s
43900 games, 1,523,250 kept of 2,306,876 (66%), 231 kept/s
43950 games, 1,523,528 kept of 2,309,130 (66%), 231 kept/s
44000 games, 1,523,711 kept of 2,311,517 (66%), 231 kept/s
44050 games, 1,524,086 kept of 2,314,530 (66%), 231 kept/s
44100 games, 1,524,424 kept of 2,317,161 (66%), 230 kept/s
44150 games, 1,524,782 kept of 2,320,039 (66%), 230 kept/s
44200 games, 1,525,095 kept of 2,323,053 (66%), 230 kept/s
44250 games, 1,525,418 kept of 2,325,815 (66%), 230 kept/s
44300 games, 1,525,696 kept of 2,328,356 (66%), 229 kept/s
44350 games, 1,526,096 kept of 2,331,194 (65%), 229 kept/s
44400 games, 1,526,485 kept of 2,334,144 (65%), 229 kept/s
44450 games, 1,526,902 kept of 2,336,821 (65%), 229 kept/s
44500 games, 1,527,151 kept of 2,339,713 (65%), 229 kept/s
44550 games, 1,527,430 kept of 2,342,105 (65%), 228 kept/s
44600 games, 1,527,796 kept of 2,344,919 (65%), 228 kept/s
44650 games, 1,528,236 kept of 2,347,778 (65%), 228 kept/s
44700 games, 1,528,475 kept of 2,349,958 (65%), 228 kept/s
44750 games, 1,528,735 kept of 2,352,715 (65%), 228 kept/s
44800 games, 1,529,043 kept of 2,355,281 (65%), 227 kept/s
44850 games, 1,529,291 kept of 2,357,759 (65%), 227 kept/s
44900 games, 1,529,566 kept of 2,360,453 (65%), 227 kept/s
44950 games, 1,529,861 kept of 2,362,960 (65%), 227 kept/s
45000 games, 1,530,172 kept of 2,365,394 (65%), 227 kept/s
45050 games, 1,530,397 kept of 2,368,011 (65%), 226 kept/s
45100 games, 1,530,804 kept of 2,370,772 (65%), 226 kept/s
45150 games, 1,531,080 kept of 2,373,214 (65%), 226 kept/s
45200 games, 1,531,475 kept of 2,375,963 (64%), 226 kept/s
45250 games, 1,531,831 kept of 2,378,836 (64%), 226 kept/s
45300 games, 1,532,101 kept of 2,381,306 (64%), 225 kept/s
45350 games, 1,532,508 kept of 2,384,488 (64%), 225 kept/s
45400 games, 1,532,890 kept of 2,387,160 (64%), 225 kept/s
45450 games, 1,533,135 kept of 2,389,611 (64%), 225 kept/s
45500 games, 1,533,382 kept of 2,392,044 (64%), 224 kept/s
45550 games, 1,533,651 kept of 2,394,773 (64%), 224 kept/s
45600 games, 1,533,988 kept of 2,397,252 (64%), 224 kept/s
45650 games, 1,534,191 kept of 2,399,523 (64%), 224 kept/s
45700 games, 1,534,628 kept of 2,402,296 (64%), 224 kept/s
45750 games, 1,535,039 kept of 2,405,064 (64%), 224 kept/s
45800 games, 1,535,299 kept of 2,407,444 (64%), 223 kept/s
45850 games, 1,535,530 kept of 2,410,096 (64%), 223 kept/s
45900 games, 1,535,793 kept of 2,412,896 (64%), 223 kept/s
45950 games, 1,536,105 kept of 2,415,311 (64%), 223 kept/s
46000 games, 1,536,446 kept of 2,417,872 (64%), 223 kept/s
46050 games, 1,536,852 kept of 2,420,930 (63%), 222 kept/s
46100 games, 1,537,105 kept of 2,423,797 (63%), 222 kept/s
46150 games, 1,537,587 kept of 2,426,566 (63%), 222 kept/s
46200 games, 1,537,958 kept of 2,429,547 (63%), 222 kept/s
46250 games, 1,538,344 kept of 2,431,991 (63%), 222 kept/s
46300 games, 1,538,532 kept of 2,434,418 (63%), 221 kept/s
46350 games, 1,538,883 kept of 2,437,248 (63%), 221 kept/s
46400 games, 1,539,213 kept of 2,439,717 (63%), 221 kept/s
46450 games, 1,539,537 kept of 2,442,252 (63%), 221 kept/s
46500 games, 1,539,809 kept of 2,444,975 (63%), 221 kept/s
46550 games, 1,540,044 kept of 2,447,347 (63%), 220 kept/s
46600 games, 1,540,478 kept of 2,450,097 (63%), 220 kept/s
46650 games, 1,540,796 kept of 2,452,788 (63%), 220 kept/s
46700 games, 1,541,095 kept of 2,455,308 (63%), 220 kept/s
46750 games, 1,541,327 kept of 2,458,037 (63%), 220 kept/s
46800 games, 1,541,567 kept of 2,460,572 (63%), 219 kept/s
46850 games, 1,541,850 kept of 2,463,126 (63%), 219 kept/s
46900 games, 1,542,154 kept of 2,466,043 (63%), 219 kept/s
46950 games, 1,542,437 kept of 2,468,964 (62%), 219 kept/s
47000 games, 1,542,692 kept of 2,471,330 (62%), 219 kept/s
47050 games, 1,542,992 kept of 2,474,049 (62%), 218 kept/s
47100 games, 1,543,371 kept of 2,476,713 (62%), 218 kept/s
47150 games, 1,543,668 kept of 2,479,337 (62%), 218 kept/s
47200 games, 1,544,071 kept of 2,481,934 (62%), 218 kept/s
47250 games, 1,544,394 kept of 2,484,437 (62%), 218 kept/s
47300 games, 1,544,713 kept of 2,486,925 (62%), 218 kept/s
47350 games, 1,544,988 kept of 2,489,795 (62%), 217 kept/s
47400 games, 1,545,328 kept of 2,492,556 (62%), 217 kept/s
47450 games, 1,545,622 kept of 2,495,145 (62%), 217 kept/s
47500 games, 1,546,005 kept of 2,497,925 (62%), 217 kept/s
47550 games, 1,546,302 kept of 2,500,521 (62%), 217 kept/s
47600 games, 1,546,550 kept of 2,502,974 (62%), 216 kept/s
47650 games, 1,546,928 kept of 2,505,562 (62%), 216 kept/s
47700 games, 1,547,337 kept of 2,508,336 (62%), 216 kept/s
47750 games, 1,547,602 kept of 2,510,914 (62%), 216 kept/s
47800 games, 1,548,069 kept of 2,513,936 (62%), 216 kept/s
47850 games, 1,548,394 kept of 2,516,585 (62%), 216 kept/s
47900 games, 1,548,661 kept of 2,519,124 (61%), 215 kept/s
47950 games, 1,548,972 kept of 2,521,503 (61%), 215 kept/s
48000 games, 1,549,293 kept of 2,524,216 (61%), 215 kept/s
48050 games, 1,549,515 kept of 2,526,960 (61%), 215 kept/s
48100 games, 1,549,716 kept of 2,529,417 (61%), 215 kept/s
48150 games, 1,549,999 kept of 2,532,113 (61%), 214 kept/s
48200 games, 1,550,295 kept of 2,534,780 (61%), 214 kept/s
48250 games, 1,550,575 kept of 2,537,531 (61%), 214 kept/s
48300 games, 1,550,977 kept of 2,540,430 (61%), 214 kept/s
48350 games, 1,551,458 kept of 2,543,231 (61%), 214 kept/s
48400 games, 1,551,735 kept of 2,546,159 (61%), 213 kept/s
48450 games, 1,552,001 kept of 2,548,901 (61%), 213 kept/s
48500 games, 1,552,242 kept of 2,551,722 (61%), 213 kept/s
48550 games, 1,552,750 kept of 2,554,668 (61%), 213 kept/s
48600 games, 1,553,131 kept of 2,557,609 (61%), 213 kept/s
48650 games, 1,553,571 kept of 2,560,347 (61%), 213 kept/s
48700 games, 1,553,814 kept of 2,563,012 (61%), 212 kept/s
48750 games, 1,554,243 kept of 2,565,862 (61%), 212 kept/s
48800 games, 1,554,584 kept of 2,568,458 (61%), 212 kept/s
48850 games, 1,554,866 kept of 2,571,085 (60%), 212 kept/s
48900 games, 1,555,322 kept of 2,573,677 (60%), 212 kept/s
48950 games, 1,555,824 kept of 2,576,474 (60%), 212 kept/s
49000 games, 1,556,090 kept of 2,579,137 (60%), 211 kept/s
49050 games, 1,556,469 kept of 2,581,665 (60%), 211 kept/s
49100 games, 1,556,797 kept of 2,584,222 (60%), 211 kept/s
49150 games, 1,556,999 kept of 2,586,706 (60%), 211 kept/s
49200 games, 1,557,389 kept of 2,589,400 (60%), 211 kept/s
49250 games, 1,557,683 kept of 2,591,971 (60%), 211 kept/s
49300 games, 1,558,013 kept of 2,594,814 (60%), 210 kept/s
49350 games, 1,558,367 kept of 2,597,415 (60%), 210 kept/s
49400 games, 1,558,851 kept of 2,600,692 (60%), 210 kept/s
49450 games, 1,559,245 kept of 2,603,530 (60%), 210 kept/s
49500 games, 1,559,527 kept of 2,605,817 (60%), 210 kept/s
49550 games, 1,559,871 kept of 2,608,490 (60%), 210 kept/s
49600 games, 1,560,244 kept of 2,610,911 (60%), 209 kept/s
49650 games, 1,560,615 kept of 2,613,390 (60%), 209 kept/s
49700 games, 1,560,892 kept of 2,615,927 (60%), 209 kept/s
49750 games, 1,561,245 kept of 2,618,488 (60%), 209 kept/s
49800 games, 1,561,721 kept of 2,621,143 (60%), 209 kept/s
49850 games, 1,562,087 kept of 2,623,717 (60%), 209 kept/s
49900 games, 1,562,404 kept of 2,626,530 (59%), 208 kept/s
49950 games, 1,562,796 kept of 2,629,379 (59%), 208 kept/s
50000 games, 1,562,967 kept of 2,631,720 (59%), 208 kept/s
50050 games, 1,563,289 kept of 2,634,382 (59%), 208 kept/s
50100 games, 1,563,594 kept of 2,636,881 (59%), 208 kept/s
50150 games, 1,564,030 kept of 2,639,788 (59%), 208 kept/s
50200 games, 1,564,194 kept of 2,642,201 (59%), 207 kept/s
50250 games, 1,564,463 kept of 2,644,412 (59%), 207 kept/s
50300 games, 1,564,730 kept of 2,647,401 (59%), 207 kept/s
50350 games, 1,565,028 kept of 2,649,871 (59%), 207 kept/s
50400 games, 1,565,384 kept of 2,652,494 (59%), 207 kept/s
50450 games, 1,565,741 kept of 2,655,343 (59%), 207 kept/s
50500 games, 1,566,049 kept of 2,657,957 (59%), 206 kept/s
50550 games, 1,566,395 kept of 2,660,431 (59%), 206 kept/s
50600 games, 1,566,717 kept of 2,662,914 (59%), 206 kept/s
50650 games, 1,567,032 kept of 2,665,595 (59%), 206 kept/s
50700 games, 1,567,330 kept of 2,668,645 (59%), 206 kept/s
50750 games, 1,567,597 kept of 2,671,291 (59%), 206 kept/s
50800 games, 1,567,929 kept of 2,674,080 (59%), 205 kept/s
50850 games, 1,568,241 kept of 2,676,560 (59%), 205 kept/s
50900 games, 1,568,570 kept of 2,679,237 (59%), 205 kept/s
50950 games, 1,568,861 kept of 2,682,055 (58%), 205 kept/s
51000 games, 1,569,287 kept of 2,684,717 (58%), 205 kept/s
51050 games, 1,569,719 kept of 2,687,708 (58%), 205 kept/s
51100 games, 1,569,894 kept of 2,689,938 (58%), 204 kept/s
51150 games, 1,570,101 kept of 2,692,395 (58%), 204 kept/s
51200 games, 1,570,359 kept of 2,695,393 (58%), 204 kept/s
51250 games, 1,570,620 kept of 2,698,147 (58%), 204 kept/s
51300 games, 1,570,986 kept of 2,700,929 (58%), 204 kept/s
51350 games, 1,571,162 kept of 2,703,238 (58%), 204 kept/s
51400 games, 1,571,548 kept of 2,706,071 (58%), 203 kept/s
51450 games, 1,571,812 kept of 2,708,551 (58%), 203 kept/s
51500 games, 1,572,053 kept of 2,711,050 (58%), 203 kept/s
51550 games, 1,572,411 kept of 2,713,894 (58%), 203 kept/s
51600 games, 1,572,732 kept of 2,716,467 (58%), 203 kept/s
51650 games, 1,573,025 kept of 2,719,305 (58%), 203 kept/s
51700 games, 1,573,257 kept of 2,721,794 (58%), 203 kept/s
51750 games, 1,573,482 kept of 2,724,627 (58%), 202 kept/s
51800 games, 1,573,727 kept of 2,727,163 (58%), 202 kept/s
51850 games, 1,573,946 kept of 2,729,681 (58%), 202 kept/s
51900 games, 1,574,211 kept of 2,732,185 (58%), 202 kept/s
51950 games, 1,574,524 kept of 2,735,037 (58%), 202 kept/s
52000 games, 1,574,787 kept of 2,737,627 (58%), 202 kept/s
52050 games, 1,575,052 kept of 2,740,030 (57%), 201 kept/s
52100 games, 1,575,320 kept of 2,742,645 (57%), 201 kept/s
52150 games, 1,575,640 kept of 2,745,348 (57%), 201 kept/s
52200 games, 1,575,965 kept of 2,747,705 (57%), 201 kept/s
52250 games, 1,576,113 kept of 2,750,133 (57%), 201 kept/s
52300 games, 1,576,521 kept of 2,752,842 (57%), 201 kept/s
52350 games, 1,576,845 kept of 2,755,453 (57%), 200 kept/s
52400 games, 1,577,089 kept of 2,758,246 (57%), 200 kept/s
52450 games, 1,577,383 kept of 2,760,619 (57%), 200 kept/s
52500 games, 1,577,603 kept of 2,763,018 (57%), 200 kept/s
52550 games, 1,577,962 kept of 2,765,474 (57%), 200 kept/s
52600 games, 1,578,272 kept of 2,768,050 (57%), 200 kept/s
52650 games, 1,578,544 kept of 2,770,633 (57%), 200 kept/s
52700 games, 1,578,849 kept of 2,773,393 (57%), 199 kept/s
52750 games, 1,579,144 kept of 2,776,100 (57%), 199 kept/s
52800 games, 1,579,321 kept of 2,778,661 (57%), 199 kept/s
52850 games, 1,579,745 kept of 2,781,746 (57%), 199 kept/s
52900 games, 1,580,096 kept of 2,784,572 (57%), 199 kept/s
52950 games, 1,580,429 kept of 2,787,569 (57%), 199 kept/s
53000 games, 1,580,717 kept of 2,790,243 (57%), 198 kept/s
53050 games, 1,580,974 kept of 2,792,834 (57%), 198 kept/s
53100 games, 1,581,252 kept of 2,795,144 (57%), 198 kept/s
53150 games, 1,581,542 kept of 2,797,464 (57%), 198 kept/s
53200 games, 1,581,796 kept of 2,799,938 (56%), 198 kept/s
53250 games, 1,582,107 kept of 2,802,605 (56%), 198 kept/s
53300 games, 1,582,334 kept of 2,805,370 (56%), 198 kept/s
53350 games, 1,582,737 kept of 2,808,284 (56%), 197 kept/s
53400 games, 1,582,963 kept of 2,811,030 (56%), 197 kept/s
53450 games, 1,583,226 kept of 2,813,583 (56%), 197 kept/s
53500 games, 1,583,477 kept of 2,815,995 (56%), 197 kept/s
53550 games, 1,583,771 kept of 2,818,584 (56%), 197 kept/s
53600 games, 1,584,014 kept of 2,821,078 (56%), 197 kept/s
53650 games, 1,584,238 kept of 2,823,587 (56%), 197 kept/s
53700 games, 1,584,504 kept of 2,826,165 (56%), 196 kept/s
53750 games, 1,584,825 kept of 2,829,022 (56%), 196 kept/s
53800 games, 1,585,134 kept of 2,831,501 (56%), 196 kept/s
53850 games, 1,585,341 kept of 2,833,883 (56%), 196 kept/s
53900 games, 1,585,698 kept of 2,836,789 (56%), 196 kept/s
53950 games, 1,585,941 kept of 2,839,410 (56%), 196 kept/s
54000 games, 1,586,292 kept of 2,842,194 (56%), 196 kept/s
54050 games, 1,586,487 kept of 2,844,527 (56%), 195 kept/s
54100 games, 1,586,624 kept of 2,846,827 (56%), 195 kept/s
54150 games, 1,586,973 kept of 2,849,691 (56%), 195 kept/s
54200 games, 1,587,243 kept of 2,852,124 (56%), 195 kept/s
54250 games, 1,587,661 kept of 2,854,676 (56%), 195 kept/s
54300 games, 1,587,994 kept of 2,857,465 (56%), 195 kept/s
54350 games, 1,588,333 kept of 2,860,172 (56%), 195 kept/s
54400 games, 1,588,696 kept of 2,863,051 (55%), 194 kept/s
54450 games, 1,588,995 kept of 2,865,594 (55%), 194 kept/s
54500 games, 1,589,309 kept of 2,868,212 (55%), 194 kept/s
54550 games, 1,589,640 kept of 2,870,723 (55%), 194 kept/s
54600 games, 1,589,919 kept of 2,873,351 (55%), 194 kept/s
54650 games, 1,590,182 kept of 2,875,767 (55%), 194 kept/s
54700 games, 1,590,613 kept of 2,878,489 (55%), 194 kept/s
54750 games, 1,590,855 kept of 2,880,941 (55%), 193 kept/s
54800 games, 1,591,239 kept of 2,883,581 (55%), 193 kept/s
54850 games, 1,591,439 kept of 2,886,181 (55%), 193 kept/s
54900 games, 1,591,688 kept of 2,888,548 (55%), 193 kept/s
54950 games, 1,592,001 kept of 2,891,324 (55%), 193 kept/s
55000 games, 1,592,445 kept of 2,894,267 (55%), 193 kept/s
55050 games, 1,592,841 kept of 2,897,107 (55%), 193 kept/s
55100 games, 1,593,166 kept of 2,899,720 (55%), 193 kept/s
55150 games, 1,593,466 kept of 2,902,372 (55%), 192 kept/s
55200 games, 1,593,849 kept of 2,905,077 (55%), 192 kept/s
55250 games, 1,594,130 kept of 2,907,727 (55%), 192 kept/s
55300 games, 1,594,504 kept of 2,910,563 (55%), 192 kept/s
55350 games, 1,594,735 kept of 2,913,035 (55%), 192 kept/s
55400 games, 1,594,961 kept of 2,915,701 (55%), 192 kept/s
55450 games, 1,595,463 kept of 2,918,757 (55%), 192 kept/s
55500 games, 1,595,771 kept of 2,921,614 (55%), 191 kept/s
55550 games, 1,596,016 kept of 2,924,064 (55%), 191 kept/s
55600 games, 1,596,246 kept of 2,926,676 (55%), 191 kept/s
55650 games, 1,596,739 kept of 2,929,568 (55%), 191 kept/s
55700 games, 1,597,010 kept of 2,931,943 (54%), 191 kept/s
55750 games, 1,597,424 kept of 2,934,747 (54%), 191 kept/s
55800 games, 1,597,688 kept of 2,937,110 (54%), 191 kept/s
55850 games, 1,597,964 kept of 2,939,823 (54%), 190 kept/s
55900 games, 1,598,326 kept of 2,942,478 (54%), 190 kept/s
55950 games, 1,598,697 kept of 2,945,474 (54%), 190 kept/s
56000 games, 1,598,985 kept of 2,948,035 (54%), 190 kept/s
56050 games, 1,599,259 kept of 2,950,577 (54%), 190 kept/s
56100 games, 1,599,649 kept of 2,953,029 (54%), 190 kept/s
56150 games, 1,599,905 kept of 2,955,649 (54%), 190 kept/s
56200 games, 1,600,289 kept of 2,958,523 (54%), 190 kept/s
56250 games, 1,600,581 kept of 2,960,982 (54%), 189 kept/s
56300 games, 1,600,882 kept of 2,963,424 (54%), 189 kept/s
56350 games, 1,601,125 kept of 2,966,027 (54%), 189 kept/s
56400 games, 1,601,314 kept of 2,968,433 (54%), 189 kept/s
56450 games, 1,601,635 kept of 2,970,887 (54%), 189 kept/s
56500 games, 1,601,882 kept of 2,973,235 (54%), 189 kept/s
56550 games, 1,602,150 kept of 2,976,075 (54%), 189 kept/s
56600 games, 1,602,374 kept of 2,978,502 (54%), 189 kept/s
56650 games, 1,602,750 kept of 2,981,168 (54%), 188 kept/s
56700 games, 1,603,170 kept of 2,984,168 (54%), 188 kept/s
56750 games, 1,603,573 kept of 2,987,087 (54%), 188 kept/s
56800 games, 1,603,817 kept of 2,989,627 (54%), 188 kept/s
56850 games, 1,604,219 kept of 2,992,745 (54%), 188 kept/s
56900 games, 1,604,564 kept of 2,995,560 (54%), 188 kept/s
56950 games, 1,604,862 kept of 2,998,284 (54%), 188 kept/s
57000 games, 1,604,985 kept of 3,000,497 (53%), 187 kept/s
57050 games, 1,605,366 kept of 3,003,205 (53%), 187 kept/s
57100 games, 1,605,636 kept of 3,005,876 (53%), 187 kept/s
57150 games, 1,605,992 kept of 3,008,729 (53%), 187 kept/s
57200 games, 1,606,223 kept of 3,011,189 (53%), 187 kept/s
57250 games, 1,606,531 kept of 3,014,016 (53%), 187 kept/s
57300 games, 1,606,783 kept of 3,016,374 (53%), 187 kept/s
57350 games, 1,607,148 kept of 3,019,190 (53%), 187 kept/s
57400 games, 1,607,440 kept of 3,022,058 (53%), 186 kept/s
57450 games, 1,607,679 kept of 3,024,587 (53%), 186 kept/s
57500 games, 1,607,967 kept of 3,027,040 (53%), 186 kept/s
57550 games, 1,608,194 kept of 3,029,914 (53%), 186 kept/s
57600 games, 1,608,488 kept of 3,032,706 (53%), 186 kept/s
57650 games, 1,608,876 kept of 3,035,368 (53%), 186 kept/s
57700 games, 1,609,120 kept of 3,038,226 (53%), 186 kept/s
57750 games, 1,609,498 kept of 3,041,013 (53%), 185 kept/s
57800 games, 1,609,701 kept of 3,043,531 (53%), 185 kept/s
57850 games, 1,609,883 kept of 3,046,170 (53%), 185 kept/s
57900 games, 1,610,154 kept of 3,048,974 (53%), 185 kept/s
57950 games, 1,610,446 kept of 3,051,570 (53%), 185 kept/s
58000 games, 1,610,739 kept of 3,054,043 (53%), 185 kept/s
58050 games, 1,611,085 kept of 3,057,358 (53%), 185 kept/s
58100 games, 1,611,296 kept of 3,059,552 (53%), 185 kept/s
58150 games, 1,611,588 kept of 3,062,264 (53%), 184 kept/s
58200 games, 1,611,875 kept of 3,065,035 (53%), 184 kept/s
58250 games, 1,612,136 kept of 3,067,499 (53%), 184 kept/s
58300 games, 1,612,363 kept of 3,069,979 (53%), 184 kept/s
58350 games, 1,612,582 kept of 3,072,413 (52%), 184 kept/s
58400 games, 1,612,771 kept of 3,074,971 (52%), 184 kept/s
58450 games, 1,613,146 kept of 3,077,655 (52%), 184 kept/s
58500 games, 1,613,419 kept of 3,080,152 (52%), 184 kept/s
58550 games, 1,613,696 kept of 3,082,650 (52%), 183 kept/s
58600 games, 1,613,934 kept of 3,085,329 (52%), 183 kept/s
58650 games, 1,614,356 kept of 3,088,096 (52%), 183 kept/s
58700 games, 1,614,683 kept of 3,090,844 (52%), 183 kept/s
58750 games, 1,615,063 kept of 3,093,673 (52%), 183 kept/s
58800 games, 1,615,369 kept of 3,096,117 (52%), 183 kept/s
58850 games, 1,615,715 kept of 3,098,933 (52%), 183 kept/s
58900 games, 1,615,930 kept of 3,101,556 (52%), 183 kept/s
58950 games, 1,616,175 kept of 3,104,049 (52%), 182 kept/s
59000 games, 1,616,451 kept of 3,106,836 (52%), 182 kept/s
59050 games, 1,616,728 kept of 3,109,562 (52%), 182 kept/s
59100 games, 1,616,977 kept of 3,111,879 (52%), 182 kept/s
59150 games, 1,617,176 kept of 3,114,262 (52%), 182 kept/s
59200 games, 1,617,434 kept of 3,117,003 (52%), 182 kept/s
59250 games, 1,617,717 kept of 3,119,742 (52%), 182 kept/s
59300 games, 1,618,111 kept of 3,122,699 (52%), 182 kept/s
59350 games, 1,618,376 kept of 3,125,523 (52%), 181 kept/s
59400 games, 1,618,710 kept of 3,128,188 (52%), 181 kept/s
59450 games, 1,619,037 kept of 3,130,974 (52%), 181 kept/s
59500 games, 1,619,493 kept of 3,134,128 (52%), 181 kept/s
59550 games, 1,619,713 kept of 3,136,508 (52%), 181 kept/s
59600 games, 1,619,870 kept of 3,138,738 (52%), 181 kept/s
59650 games, 1,620,148 kept of 3,141,528 (52%), 181 kept/s
59700 games, 1,620,486 kept of 3,144,186 (52%), 181 kept/s
59750 games, 1,620,707 kept of 3,146,407 (52%), 180 kept/s
59800 games, 1,620,934 kept of 3,148,987 (51%), 180 kept/s
59850 games, 1,621,134 kept of 3,151,370 (51%), 180 kept/s
59900 games, 1,621,626 kept of 3,154,192 (51%), 180 kept/s
59950 games, 1,621,955 kept of 3,156,840 (51%), 180 kept/s
60000 games, 1,622,275 kept of 3,159,501 (51%), 180 kept/s
60050 games, 1,622,510 kept of 3,162,048 (51%), 180 kept/s
60100 games, 1,622,776 kept of 3,164,795 (51%), 180 kept/s
60150 games, 1,623,101 kept of 3,167,390 (51%), 180 kept/s
60200 games, 1,623,526 kept of 3,170,398 (51%), 179 kept/s
60250 games, 1,623,778 kept of 3,173,035 (51%), 179 kept/s
60300 games, 1,624,030 kept of 3,175,525 (51%), 179 kept/s
60350 games, 1,624,336 kept of 3,178,514 (51%), 179 kept/s
60400 games, 1,624,784 kept of 3,181,377 (51%), 179 kept/s
60450 games, 1,625,166 kept of 3,184,212 (51%), 179 kept/s
60500 games, 1,625,427 kept of 3,186,790 (51%), 179 kept/s
60550 games, 1,625,855 kept of 3,190,088 (51%), 179 kept/s
60600 games, 1,626,132 kept of 3,192,949 (51%), 178 kept/s
60650 games, 1,626,435 kept of 3,195,712 (51%), 178 kept/s
60700 games, 1,626,803 kept of 3,198,654 (51%), 178 kept/s
60750 games, 1,627,047 kept of 3,201,007 (51%), 178 kept/s
60800 games, 1,627,369 kept of 3,203,574 (51%), 178 kept/s
60850 games, 1,627,625 kept of 3,206,174 (51%), 178 kept/s
60900 games, 1,627,891 kept of 3,208,775 (51%), 178 kept/s
60950 games, 1,628,172 kept of 3,211,315 (51%), 178 kept/s
61000 games, 1,628,428 kept of 3,213,464 (51%), 178 kept/s
61050 games, 1,628,711 kept of 3,216,147 (51%), 177 kept/s
61100 games, 1,628,922 kept of 3,218,703 (51%), 177 kept/s
61150 games, 1,629,290 kept of 3,221,617 (51%), 177 kept/s
61200 games, 1,629,597 kept of 3,224,090 (51%), 177 kept/s
61250 games, 1,629,776 kept of 3,226,469 (51%), 177 kept/s
61300 games, 1,630,000 kept of 3,228,969 (50%), 177 kept/s
61350 games, 1,630,512 kept of 3,231,848 (50%), 177 kept/s
61400 games, 1,630,897 kept of 3,234,557 (50%), 177 kept/s
61450 games, 1,631,224 kept of 3,237,328 (50%), 177 kept/s
61500 games, 1,631,544 kept of 3,240,120 (50%), 176 kept/s
61550 games, 1,631,778 kept of 3,242,511 (50%), 176 kept/s
61600 games, 1,632,027 kept of 3,245,112 (50%), 176 kept/s
61650 games, 1,632,266 kept of 3,247,835 (50%), 176 kept/s
61700 games, 1,632,667 kept of 3,250,520 (50%), 176 kept/s
61750 games, 1,632,937 kept of 3,252,901 (50%), 176 kept/s
61800 games, 1,633,182 kept of 3,255,449 (50%), 176 kept/s
61850 games, 1,633,485 kept of 3,258,087 (50%), 176 kept/s
61900 games, 1,633,693 kept of 3,260,841 (50%), 176 kept/s
61950 games, 1,633,996 kept of 3,263,669 (50%), 175 kept/s
62000 games, 1,634,296 kept of 3,266,223 (50%), 175 kept/s
62050 games, 1,634,550 kept of 3,269,043 (50%), 175 kept/s
62100 games, 1,634,782 kept of 3,271,587 (50%), 175 kept/s
62150 games, 1,635,162 kept of 3,274,319 (50%), 175 kept/s
62200 games, 1,635,504 kept of 3,276,987 (50%), 175 kept/s
62250 games, 1,635,822 kept of 3,279,876 (50%), 175 kept/s
62300 games, 1,636,065 kept of 3,282,410 (50%), 175 kept/s
62350 games, 1,636,237 kept of 3,284,960 (50%), 175 kept/s
62400 games, 1,636,633 kept of 3,287,748 (50%), 174 kept/s
62450 games, 1,636,959 kept of 3,290,303 (50%), 174 kept/s
62500 games, 1,637,115 kept of 3,292,945 (50%), 174 kept/s
62550 games, 1,637,347 kept of 3,295,619 (50%), 174 kept/s
62600 games, 1,637,507 kept of 3,297,994 (50%), 174 kept/s
62650 games, 1,637,711 kept of 3,300,379 (50%), 174 kept/s
62700 games, 1,637,966 kept of 3,302,909 (50%), 174 kept/s
62750 games, 1,638,245 kept of 3,305,799 (50%), 174 kept/s
62800 games, 1,638,535 kept of 3,308,216 (50%), 174 kept/s
62850 games, 1,638,842 kept of 3,310,653 (50%), 173 kept/s
62900 games, 1,639,161 kept of 3,312,968 (49%), 173 kept/s
62950 games, 1,639,457 kept of 3,315,407 (49%), 173 kept/s
63000 games, 1,639,822 kept of 3,318,070 (49%), 173 kept/s
63050 games, 1,640,028 kept of 3,320,267 (49%), 173 kept/s
63100 games, 1,640,346 kept of 3,322,607 (49%), 173 kept/s
63150 games, 1,640,696 kept of 3,325,479 (49%), 173 kept/s
63200 games, 1,641,029 kept of 3,328,107 (49%), 173 kept/s
63250 games, 1,641,204 kept of 3,330,644 (49%), 173 kept/s
63300 games, 1,641,509 kept of 3,333,088 (49%), 173 kept/s
63350 games, 1,641,786 kept of 3,335,966 (49%), 172 kept/s
63400 games, 1,642,054 kept of 3,338,673 (49%), 172 kept/s
63450 games, 1,642,364 kept of 3,341,089 (49%), 172 kept/s
63500 games, 1,642,686 kept of 3,343,829 (49%), 172 kept/s
63550 games, 1,642,855 kept of 3,346,456 (49%), 172 kept/s
63600 games, 1,643,089 kept of 3,349,530 (49%), 172 kept/s
63650 games, 1,643,489 kept of 3,352,472 (49%), 172 kept/s
63700 games, 1,643,848 kept of 3,355,283 (49%), 172 kept/s
63750 games, 1,644,393 kept of 3,358,407 (49%), 172 kept/s
63800 games, 1,644,757 kept of 3,360,975 (49%), 172 kept/s
63850 games, 1,645,052 kept of 3,363,529 (49%), 171 kept/s
63900 games, 1,645,371 kept of 3,365,969 (49%), 171 kept/s
63950 games, 1,645,739 kept of 3,368,587 (49%), 171 kept/s
64000 games, 1,646,073 kept of 3,371,005 (49%), 171 kept/s
64050 games, 1,646,332 kept of 3,373,738 (49%), 171 kept/s
64100 games, 1,646,688 kept of 3,376,308 (49%), 171 kept/s
64150 games, 1,647,101 kept of 3,379,298 (49%), 171 kept/s
64200 games, 1,647,368 kept of 3,381,897 (49%), 171 kept/s
64250 games, 1,647,720 kept of 3,384,739 (49%), 171 kept/s
64300 games, 1,648,077 kept of 3,387,537 (49%), 171 kept/s
64350 games, 1,648,411 kept of 3,390,087 (49%), 170 kept/s
64400 games, 1,648,699 kept of 3,392,514 (49%), 170 kept/s
64450 games, 1,648,934 kept of 3,394,926 (49%), 170 kept/s
64500 games, 1,649,214 kept of 3,397,466 (49%), 170 kept/s
64550 games, 1,649,613 kept of 3,400,345 (49%), 170 kept/s
64600 games, 1,649,990 kept of 3,403,181 (48%), 170 kept/s
64650 games, 1,650,503 kept of 3,406,133 (48%), 170 kept/s
64700 games, 1,650,797 kept of 3,408,487 (48%), 170 kept/s
64750 games, 1,651,028 kept of 3,410,936 (48%), 170 kept/s
64800 games, 1,651,423 kept of 3,413,658 (48%), 170 kept/s
64850 games, 1,651,640 kept of 3,416,372 (48%), 169 kept/s
64900 games, 1,651,989 kept of 3,419,108 (48%), 169 kept/s
64950 games, 1,652,284 kept of 3,421,683 (48%), 169 kept/s
65000 games, 1,652,513 kept of 3,423,909 (48%), 169 kept/s
65050 games, 1,652,867 kept of 3,426,481 (48%), 169 kept/s
65100 games, 1,653,011 kept of 3,429,171 (48%), 169 kept/s
65150 games, 1,653,232 kept of 3,431,641 (48%), 169 kept/s
65200 games, 1,653,458 kept of 3,434,022 (48%), 169 kept/s
65250 games, 1,653,793 kept of 3,436,609 (48%), 169 kept/s
65300 games, 1,654,100 kept of 3,439,428 (48%), 169 kept/s
65350 games, 1,654,286 kept of 3,441,607 (48%), 168 kept/s
65400 games, 1,654,524 kept of 3,444,179 (48%), 168 kept/s
65450 games, 1,654,973 kept of 3,447,001 (48%), 168 kept/s
65500 games, 1,655,280 kept of 3,449,362 (48%), 168 kept/s
65550 games, 1,655,584 kept of 3,451,978 (48%), 168 kept/s
65600 games, 1,655,918 kept of 3,454,473 (48%), 168 kept/s
65650 games, 1,656,276 kept of 3,457,245 (48%), 168 kept/s
65700 games, 1,656,491 kept of 3,459,703 (48%), 168 kept/s
65750 games, 1,656,874 kept of 3,462,520 (48%), 168 kept/s
65800 games, 1,657,294 kept of 3,465,698 (48%), 168 kept/s
65850 games, 1,657,552 kept of 3,468,559 (48%), 168 kept/s
65900 games, 1,657,809 kept of 3,471,045 (48%), 167 kept/s
65950 games, 1,658,121 kept of 3,473,482 (48%), 167 kept/s
66000 games, 1,658,338 kept of 3,475,945 (48%), 167 kept/s
66050 games, 1,658,585 kept of 3,478,639 (48%), 167 kept/s
66100 games, 1,658,768 kept of 3,481,287 (48%), 167 kept/s
66150 games, 1,659,146 kept of 3,483,988 (48%), 167 kept/s
66200 games, 1,659,361 kept of 3,486,580 (48%), 167 kept/s
66250 games, 1,659,585 kept of 3,489,193 (48%), 167 kept/s
66300 games, 1,659,940 kept of 3,491,905 (48%), 167 kept/s
66350 games, 1,660,295 kept of 3,494,686 (48%), 167 kept/s
66400 games, 1,660,599 kept of 3,497,244 (47%), 166 kept/s
66450 games, 1,660,876 kept of 3,499,751 (47%), 166 kept/s
66500 games, 1,661,037 kept of 3,502,384 (47%), 166 kept/s
66550 games, 1,661,303 kept of 3,504,974 (47%), 166 kept/s
66600 games, 1,661,566 kept of 3,507,313 (47%), 166 kept/s
66650 games, 1,661,957 kept of 3,509,986 (47%), 166 kept/s
66700 games, 1,662,196 kept of 3,512,510 (47%), 166 kept/s
66750 games, 1,662,586 kept of 3,515,049 (47%), 166 kept/s
66800 games, 1,662,882 kept of 3,517,669 (47%), 166 kept/s
66850 games, 1,663,176 kept of 3,520,543 (47%), 166 kept/s
66900 games, 1,663,464 kept of 3,523,095 (47%), 166 kept/s
66950 games, 1,663,814 kept of 3,525,937 (47%), 165 kept/s
67000 games, 1,664,081 kept of 3,528,307 (47%), 165 kept/s
67050 games, 1,664,423 kept of 3,530,766 (47%), 165 kept/s
67100 games, 1,664,670 kept of 3,533,455 (47%), 165 kept/s
67150 games, 1,664,993 kept of 3,536,086 (47%), 165 kept/s
67200 games, 1,665,217 kept of 3,538,375 (47%), 165 kept/s
67250 games, 1,665,426 kept of 3,540,863 (47%), 165 kept/s
67300 games, 1,665,688 kept of 3,543,534 (47%), 165 kept/s
67350 games, 1,665,941 kept of 3,546,148 (47%), 165 kept/s
67400 games, 1,666,259 kept of 3,548,946 (47%), 165 kept/s
67450 games, 1,666,559 kept of 3,551,719 (47%), 164 kept/s
67500 games, 1,666,846 kept of 3,554,363 (47%), 164 kept/s
67550 games, 1,667,146 kept of 3,556,956 (47%), 164 kept/s
67600 games, 1,667,461 kept of 3,559,776 (47%), 164 kept/s
67650 games, 1,667,808 kept of 3,562,797 (47%), 164 kept/s
67700 games, 1,668,014 kept of 3,565,381 (47%), 164 kept/s
67750 games, 1,668,468 kept of 3,568,056 (47%), 164 kept/s
67800 games, 1,668,828 kept of 3,570,833 (47%), 164 kept/s
67850 games, 1,669,198 kept of 3,573,617 (47%), 164 kept/s
67900 games, 1,669,401 kept of 3,576,073 (47%), 164 kept/s
67950 games, 1,669,747 kept of 3,578,716 (47%), 164 kept/s
68000 games, 1,669,980 kept of 3,581,446 (47%), 163 kept/s
68050 games, 1,670,276 kept of 3,584,089 (47%), 163 kept/s
68100 games, 1,670,499 kept of 3,586,511 (47%), 163 kept/s
68150 games, 1,670,755 kept of 3,589,048 (47%), 163 kept/s
68200 games, 1,671,052 kept of 3,591,840 (47%), 163 kept/s
68250 games, 1,671,349 kept of 3,594,282 (47%), 163 kept/s
68300 games, 1,671,641 kept of 3,596,726 (46%), 163 kept/s
68350 games, 1,671,897 kept of 3,599,038 (46%), 163 kept/s
68400 games, 1,672,293 kept of 3,601,962 (46%), 163 kept/s
68450 games, 1,672,520 kept of 3,604,311 (46%), 163 kept/s
68500 games, 1,672,745 kept of 3,606,842 (46%), 163 kept/s
68550 games, 1,672,974 kept of 3,609,593 (46%), 162 kept/s
68600 games, 1,673,162 kept of 3,612,245 (46%), 162 kept/s
68650 games, 1,673,595 kept of 3,615,181 (46%), 162 kept/s
68700 games, 1,673,949 kept of 3,617,752 (46%), 162 kept/s
68750 games, 1,674,279 kept of 3,620,512 (46%), 162 kept/s
68800 games, 1,674,485 kept of 3,623,088 (46%), 162 kept/s
68850 games, 1,674,838 kept of 3,625,800 (46%), 162 kept/s
68900 games, 1,675,143 kept of 3,628,618 (46%), 162 kept/s
68950 games, 1,675,435 kept of 3,630,997 (46%), 162 kept/s
69000 games, 1,675,732 kept of 3,633,653 (46%), 162 kept/s
69050 games, 1,676,013 kept of 3,636,226 (46%), 162 kept/s
69100 games, 1,676,350 kept of 3,638,594 (46%), 162 kept/s
69150 games, 1,676,668 kept of 3,641,344 (46%), 161 kept/s
69200 games, 1,676,952 kept of 3,644,057 (46%), 161 kept/s
69250 games, 1,677,142 kept of 3,646,747 (46%), 161 kept/s
69300 games, 1,677,478 kept of 3,649,549 (46%), 161 kept/s
69350 games, 1,677,810 kept of 3,652,053 (46%), 161 kept/s
69400 games, 1,678,056 kept of 3,654,285 (46%), 161 kept/s
69450 games, 1,678,373 kept of 3,656,867 (46%), 161 kept/s
69500 games, 1,678,591 kept of 3,659,413 (46%), 161 kept/s
69550 games, 1,678,918 kept of 3,662,029 (46%), 161 kept/s
69600 games, 1,679,237 kept of 3,664,944 (46%), 161 kept/s
69650 games, 1,679,527 kept of 3,667,487 (46%), 161 kept/s
69700 games, 1,679,721 kept of 3,670,081 (46%), 160 kept/s
69750 games, 1,680,156 kept of 3,672,923 (46%), 160 kept/s
69800 games, 1,680,548 kept of 3,675,720 (46%), 160 kept/s
69850 games, 1,680,871 kept of 3,678,599 (46%), 160 kept/s
69900 games, 1,681,030 kept of 3,681,101 (46%), 160 kept/s
69950 games, 1,681,307 kept of 3,683,629 (46%), 160 kept/s
70000 games, 1,681,665 kept of 3,686,247 (46%), 160 kept/s
70050 games, 1,682,048 kept of 3,688,749 (46%), 160 kept/s
70100 games, 1,682,297 kept of 3,691,444 (46%), 160 kept/s
70150 games, 1,682,647 kept of 3,694,363 (46%), 160 kept/s
70200 games, 1,682,865 kept of 3,697,136 (46%), 160 kept/s
70250 games, 1,683,239 kept of 3,699,776 (45%), 160 kept/s
70300 games, 1,683,571 kept of 3,702,532 (45%), 159 kept/s
70350 games, 1,683,831 kept of 3,705,103 (45%), 159 kept/s
70400 games, 1,684,033 kept of 3,708,045 (45%), 159 kept/s
70450 games, 1,684,247 kept of 3,710,609 (45%), 159 kept/s
70500 games, 1,684,568 kept of 3,713,053 (45%), 159 kept/s
70550 games, 1,684,867 kept of 3,715,903 (45%), 159 kept/s
70600 games, 1,685,251 kept of 3,718,611 (45%), 159 kept/s
70650 games, 1,685,503 kept of 3,720,986 (45%), 159 kept/s
70700 games, 1,685,857 kept of 3,723,584 (45%), 159 kept/s
70750 games, 1,686,096 kept of 3,726,184 (45%), 159 kept/s
70800 games, 1,686,508 kept of 3,728,645 (45%), 159 kept/s
70850 games, 1,686,764 kept of 3,731,144 (45%), 158 kept/s
70900 games, 1,687,093 kept of 3,734,152 (45%), 158 kept/s
70950 games, 1,687,390 kept of 3,736,634 (45%), 158 kept/s
71000 games, 1,687,717 kept of 3,739,038 (45%), 158 kept/s
71050 games, 1,687,995 kept of 3,741,609 (45%), 158 kept/s
71100 games, 1,688,211 kept of 3,743,979 (45%), 158 kept/s
71150 games, 1,688,519 kept of 3,746,498 (45%), 158 kept/s
71200 games, 1,688,781 kept of 3,749,185 (45%), 158 kept/s
71250 games, 1,689,076 kept of 3,752,253 (45%), 158 kept/s
71300 games, 1,689,376 kept of 3,754,498 (45%), 158 kept/s
71350 games, 1,689,584 kept of 3,756,673 (45%), 158 kept/s
71400 games, 1,689,702 kept of 3,759,105 (45%), 158 kept/s
71450 games, 1,690,037 kept of 3,761,729 (45%), 158 kept/s
71500 games, 1,690,382 kept of 3,764,519 (45%), 157 kept/s
71550 games, 1,690,541 kept of 3,766,785 (45%), 157 kept/s
71600 games, 1,690,802 kept of 3,769,225 (45%), 157 kept/s
71650 games, 1,691,108 kept of 3,771,533 (45%), 157 kept/s
71700 games, 1,691,419 kept of 3,773,942 (45%), 157 kept/s
71750 games, 1,691,564 kept of 3,776,350 (45%), 157 kept/s
71800 games, 1,691,866 kept of 3,778,947 (45%), 157 kept/s
71850 games, 1,692,091 kept of 3,781,554 (45%), 157 kept/s
71900 games, 1,692,333 kept of 3,784,207 (45%), 157 kept/s
71950 games, 1,692,515 kept of 3,786,774 (45%), 157 kept/s
72000 games, 1,692,926 kept of 3,789,411 (45%), 157 kept/s
72050 games, 1,693,073 kept of 3,791,606 (45%), 157 kept/s
72100 games, 1,693,385 kept of 3,794,344 (45%), 156 kept/s
72150 games, 1,693,633 kept of 3,796,645 (45%), 156 kept/s
72200 games, 1,693,766 kept of 3,798,928 (45%), 156 kept/s
72250 games, 1,693,920 kept of 3,801,284 (45%), 156 kept/s
72300 games, 1,694,189 kept of 3,803,980 (45%), 156 kept/s
72350 games, 1,694,512 kept of 3,806,885 (45%), 156 kept/s
72400 games, 1,694,842 kept of 3,809,868 (44%), 156 kept/s
72450 games, 1,695,125 kept of 3,813,011 (44%), 156 kept/s
72500 games, 1,695,384 kept of 3,815,531 (44%), 156 kept/s
72550 games, 1,695,746 kept of 3,818,355 (44%), 156 kept/s
72600 games, 1,696,065 kept of 3,821,299 (44%), 156 kept/s
72650 games, 1,696,340 kept of 3,824,058 (44%), 156 kept/s
72700 games, 1,696,619 kept of 3,826,653 (44%), 155 kept/s
72750 games, 1,696,982 kept of 3,829,511 (44%), 155 kept/s
72800 games, 1,697,416 kept of 3,832,281 (44%), 155 kept/s
72850 games, 1,697,633 kept of 3,835,097 (44%), 155 kept/s
72900 games, 1,697,815 kept of 3,837,494 (44%), 155 kept/s
72950 games, 1,698,081 kept of 3,840,112 (44%), 155 kept/s
73000 games, 1,698,340 kept of 3,842,780 (44%), 155 kept/s
73050 games, 1,698,561 kept of 3,845,453 (44%), 155 kept/s
73100 games, 1,698,842 kept of 3,848,179 (44%), 155 kept/s
73150 games, 1,699,227 kept of 3,850,959 (44%), 155 kept/s
73200 games, 1,699,621 kept of 3,853,812 (44%), 155 kept/s
73250 games, 1,699,899 kept of 3,856,336 (44%), 155 kept/s
done: 73266 games, 1,700,021 kept of 3,857,163 -> data/train.1.csv
histogram |material|: 0:399182 60:404959 120:149341 180:233272 240:101118 300:118568 360:58954 420:60693 480:60842 540:44544 600:68548
