50 games, 2,556 kept of 2,556 (100%), 348 kept/s
100 games, 5,035 kept of 5,035 (100%), 335 kept/s
150 games, 6,993 kept of 6,993 (100%), 336 kept/s
200 games, 9,412 kept of 9,412 (100%), 340 kept/s
250 games, 12,079 kept of 12,079 (100%), 342 kept/s
300 games, 14,787 kept of 14,787 (100%), 343 kept/s
350 games, 17,405 kept of 17,405 (100%), 344 kept/s
400 games, 20,278 kept of 20,278 (100%), 346 kept/s
450 games, 22,835 kept of 22,835 (100%), 346 kept/s
500 games, 25,349 kept of 25,349 (100%), 346 kept/s
550 games, 27,975 kept of 27,975 (100%), 345 kept/s
600 games, 30,459 kept of 30,459 (100%), 345 kept/s
650 games, 32,939 kept of 32,939 (100%), 345 kept/s
700 games, 35,386 kept of 35,386 (100%), 346 kept/s
750 games, 37,811 kept of 37,811 (100%), 346 kept/s
800 games, 40,717 kept of 40,717 (100%), 346 kept/s
850 games, 43,520 kept of 43,520 (100%), 346 kept/s
900 games, 45,735 kept of 45,735 (100%), 346 kept/s
950 games, 48,771 kept of 48,771 (100%), 346 kept/s
1000 games, 51,285 kept of 51,285 (100%), 346 kept/s
1050 games, 53,575 kept of 53,575 (100%), 346 kept/s
1100 games, 56,119 kept of 56,119 (100%), 347 kept/s
1150 games, 58,419 kept of 58,419 (100%), 347 kept/s
1200 games, 61,318 kept of 61,318 (100%), 347 kept/s
1250 games, 64,133 kept of 64,133 (100%), 347 kept/s
1300 games, 67,148 kept of 67,148 (100%), 348 kept/s
1350 games, 70,292 kept of 70,292 (100%), 348 kept/s
1400 games, 72,776 kept of 72,776 (100%), 348 kept/s
1450 games, 75,591 kept of 75,591 (100%), 348 kept/s
1500 games, 78,309 kept of 78,309 (100%), 348 kept/s
1550 games, 81,322 kept of 81,322 (100%), 349 kept/s
1600 games, 83,896 kept of 83,896 (100%), 348 kept/s
1650 games, 86,545 kept of 86,545 (100%), 348 kept/s
1700 games, 89,107 kept of 89,107 (100%), 348 kept/s
1750 games, 91,535 kept of 91,535 (100%), 348 kept/s
1800 games, 94,163 kept of 94,163 (100%), 348 kept/s
1850 games, 96,672 kept of 96,672 (100%), 348 kept/s
1900 games, 99,118 kept of 99,118 (100%), 348 kept/s
1950 games, 101,786 kept of 101,786 (100%), 348 kept/s
2000 games, 104,253 kept of 104,253 (100%), 348 kept/s
2050 games, 106,916 kept of 106,916 (100%), 348 kept/s
2100 games, 110,185 kept of 110,185 (100%), 348 kept/s
2150 games, 112,916 kept of 112,916 (100%), 348 kept/s
2200 games, 115,677 kept of 115,677 (100%), 348 kept/s
2250 games, 118,421 kept of 118,421 (100%), 348 kept/s
2300 games, 120,917 kept of 120,917 (100%), 348 kept/s
2350 games, 123,494 kept of 123,494 (100%), 348 kept/s
2400 games, 126,116 kept of 126,116 (100%), 348 kept/s
2450 games, 128,639 kept of 128,639 (100%), 348 kept/s
2500 games, 131,315 kept of 131,315 (100%), 348 kept/s
2550 games, 133,946 kept of 133,946 (100%), 348 kept/s
2600 games, 136,133 kept of 136,133 (100%), 348 kept/s
2650 games, 138,495 kept of 138,495 (100%), 348 kept/s
2700 games, 141,110 kept of 141,110 (100%), 348 kept/s
2750 games, 143,631 kept of 143,631 (100%), 348 kept/s
2800 games, 146,116 kept of 146,116 (100%), 347 kept/s
2850 games, 148,819 kept of 148,819 (100%), 347 kept/s
2900 games, 151,624 kept of 151,624 (100%), 347 kept/s
2950 games, 154,432 kept of 154,432 (100%), 348 kept/s
3000 games, 157,076 kept of 157,076 (100%), 348 kept/s
3050 games, 159,415 kept of 159,415 (100%), 348 kept/s
3100 games, 162,222 kept of 162,222 (100%), 348 kept/s
3150 games, 165,293 kept of 165,293 (100%), 348 kept/s
3200 games, 167,998 kept of 167,998 (100%), 348 kept/s
3250 games, 170,432 kept of 170,432 (100%), 348 kept/s
3300 games, 172,529 kept of 172,529 (100%), 348 kept/s
3350 games, 174,990 kept of 174,990 (100%), 347 kept/s
3400 games, 177,485 kept of 177,485 (100%), 347 kept/s
3450 games, 179,706 kept of 179,706 (100%), 347 kept/s
3500 games, 182,210 kept of 182,210 (100%), 347 kept/s
3550 games, 185,153 kept of 185,153 (100%), 347 kept/s
3600 games, 187,748 kept of 187,748 (100%), 347 kept/s
3650 games, 190,214 kept of 190,214 (100%), 347 kept/s
3700 games, 192,846 kept of 192,846 (100%), 347 kept/s
3750 games, 195,516 kept of 195,516 (100%), 347 kept/s
3800 games, 198,041 kept of 198,041 (100%), 347 kept/s
3850 games, 200,520 kept of 200,520 (100%), 347 kept/s
3900 games, 203,289 kept of 203,289 (100%), 347 kept/s
3950 games, 206,008 kept of 206,008 (100%), 347 kept/s
4000 games, 208,813 kept of 208,813 (100%), 347 kept/s
4050 games, 211,411 kept of 211,411 (100%), 347 kept/s
4100 games, 214,356 kept of 214,356 (100%), 347 kept/s
4150 games, 217,021 kept of 217,021 (100%), 347 kept/s
4200 games, 219,813 kept of 219,813 (100%), 347 kept/s
4250 games, 222,672 kept of 222,672 (100%), 347 kept/s
4300 games, 225,154 kept of 225,154 (100%), 347 kept/s
4350 games, 227,869 kept of 227,869 (100%), 347 kept/s
4400 games, 230,439 kept of 230,439 (100%), 347 kept/s
4450 games, 233,209 kept of 233,209 (100%), 347 kept/s
4500 games, 235,611 kept of 235,611 (100%), 347 kept/s
4550 games, 238,189 kept of 238,189 (100%), 347 kept/s
4600 games, 240,718 kept of 240,718 (100%), 347 kept/s
4650 games, 243,625 kept of 243,625 (100%), 347 kept/s
4700 games, 246,369 kept of 246,369 (100%), 347 kept/s
4750 games, 249,024 kept of 249,024 (100%), 348 kept/s
4800 games, 251,890 kept of 251,890 (100%), 348 kept/s
4850 games, 254,330 kept of 254,330 (100%), 348 kept/s
4900 games, 256,739 kept of 256,739 (100%), 348 kept/s
4950 games, 259,440 kept of 259,440 (100%), 348 kept/s
5000 games, 262,264 kept of 262,264 (100%), 348 kept/s
5050 games, 264,674 kept of 264,674 (100%), 348 kept/s
5100 games, 267,399 kept of 267,399 (100%), 348 kept/s
5150 games, 270,154 kept of 270,154 (100%), 348 kept/s
5200 games, 272,565 kept of 272,565 (100%), 348 kept/s
5250 games, 275,253 kept of 275,253 (100%), 348 kept/s
5300 games, 278,087 kept of 278,087 (100%), 348 kept/s
5350 games, 280,522 kept of 280,522 (100%), 348 kept/s
5400 games, 283,432 kept of 283,432 (100%), 348 kept/s
5450 games, 286,111 kept of 286,111 (100%), 348 kept/s
5500 games, 288,797 kept of 288,797 (100%), 348 kept/s
5550 games, 291,477 kept of 291,477 (100%), 348 kept/s
5600 games, 294,071 kept of 294,071 (100%), 348 kept/s
5650 games, 296,572 kept of 296,572 (100%), 348 kept/s
5700 games, 299,327 kept of 299,327 (100%), 348 kept/s
5750 games, 302,109 kept of 302,109 (100%), 348 kept/s
5800 games, 304,966 kept of 304,966 (100%), 348 kept/s
5850 games, 307,492 kept of 307,492 (100%), 348 kept/s
5900 games, 309,713 kept of 309,713 (100%), 348 kept/s
5950 games, 312,192 kept of 312,192 (100%), 348 kept/s
6000 games, 315,149 kept of 315,149 (100%), 348 kept/s
6050 games, 317,884 kept of 317,884 (100%), 348 kept/s
6100 games, 320,756 kept of 320,756 (100%), 348 kept/s
6150 games, 323,669 kept of 323,669 (100%), 348 kept/s
6200 games, 325,999 kept of 325,999 (100%), 348 kept/s
6250 games, 328,588 kept of 328,588 (100%), 348 kept/s
6300 games, 331,601 kept of 331,601 (100%), 348 kept/s
6350 games, 334,241 kept of 334,241 (100%), 348 kept/s
6400 games, 337,050 kept of 337,050 (100%), 348 kept/s
6450 games, 339,705 kept of 339,705 (100%), 348 kept/s
6500 games, 342,265 kept of 342,265 (100%), 348 kept/s
6550 games, 345,319 kept of 345,319 (100%), 348 kept/s
6600 games, 348,042 kept of 348,042 (100%), 348 kept/s
6650 games, 350,733 kept of 350,733 (100%), 348 kept/s
6700 games, 353,387 kept of 353,387 (100%), 348 kept/s
6750 games, 356,324 kept of 356,324 (100%), 348 kept/s
6800 games, 358,895 kept of 358,895 (100%), 348 kept/s
6850 games, 361,565 kept of 361,565 (100%), 348 kept/s
6900 games, 364,763 kept of 364,763 (100%), 348 kept/s
6950 games, 367,458 kept of 367,458 (100%), 348 kept/s
7000 games, 369,930 kept of 369,930 (100%), 348 kept/s
7050 games, 372,851 kept of 372,851 (100%), 349 kept/s
7100 games, 375,413 kept of 375,413 (100%), 349 kept/s
7150 games, 378,415 kept of 378,415 (100%), 349 kept/s
7200 games, 381,159 kept of 381,159 (100%), 349 kept/s
7250 games, 383,713 kept of 383,713 (100%), 348 kept/s
7300 games, 386,190 kept of 386,190 (100%), 348 kept/s
7350 games, 388,666 kept of 388,666 (100%), 348 kept/s
7400 games, 391,170 kept of 391,170 (100%), 348 kept/s
7450 games, 393,735 kept of 393,735 (100%), 348 kept/s
7500 games, 396,474 kept of 396,474 (100%), 348 kept/s
7550 games, 399,039 kept of 399,039 (100%), 348 kept/s
7600 games, 401,522 kept of 401,522 (100%), 348 kept/s
7650 games, 404,037 kept of 404,037 (100%), 348 kept/s
7700 games, 406,609 kept of 406,609 (100%), 348 kept/s
7750 games, 408,997 kept of 408,997 (100%), 348 kept/s
7800 games, 411,324 kept of 411,324 (100%), 348 kept/s
7850 games, 413,780 kept of 413,780 (100%), 348 kept/s
7900 games, 416,330 kept of 416,330 (100%), 348 kept/s
7950 games, 418,921 kept of 418,921 (100%), 348 kept/s
8000 games, 421,417 kept of 421,417 (100%), 348 kept/s
8050 games, 423,966 kept of 423,966 (100%), 348 kept/s
8100 games, 426,437 kept of 426,437 (100%), 348 kept/s
8150 games, 429,551 kept of 429,551 (100%), 348 kept/s
8200 games, 431,860 kept of 431,860 (100%), 348 kept/s
8250 games, 434,554 kept of 434,554 (100%), 348 kept/s
8300 games, 437,523 kept of 437,523 (100%), 348 kept/s
8350 games, 440,064 kept of 440,064 (100%), 348 kept/s
8400 games, 442,350 kept of 442,350 (100%), 348 kept/s
8450 games, 444,955 kept of 444,955 (100%), 348 kept/s
8500 games, 447,507 kept of 447,507 (100%), 348 kept/s
8550 games, 449,784 kept of 449,784 (100%), 348 kept/s
8600 games, 452,191 kept of 452,191 (100%), 348 kept/s
8650 games, 454,558 kept of 454,558 (100%), 348 kept/s
8700 games, 457,595 kept of 457,595 (100%), 348 kept/s
8750 games, 460,014 kept of 460,014 (100%), 348 kept/s
8800 games, 462,556 kept of 462,556 (100%), 348 kept/s
8850 games, 465,330 kept of 465,330 (100%), 348 kept/s
8900 games, 467,987 kept of 467,987 (100%), 348 kept/s
8950 games, 470,643 kept of 470,643 (100%), 348 kept/s
9000 games, 472,816 kept of 472,816 (100%), 348 kept/s
9050 games, 475,708 kept of 475,708 (100%), 348 kept/s
9100 games, 478,163 kept of 478,163 (100%), 348 kept/s
9150 games, 481,098 kept of 481,098 (100%), 348 kept/s
9200 games, 483,947 kept of 483,947 (100%), 348 kept/s
9250 games, 486,797 kept of 486,797 (100%), 348 kept/s
9300 games, 489,492 kept of 489,492 (100%), 348 kept/s
9350 games, 492,008 kept of 492,008 (100%), 348 kept/s
9400 games, 494,598 kept of 494,598 (100%), 348 kept/s
9450 games, 497,068 kept of 497,068 (100%), 348 kept/s
9500 games, 499,874 kept of 499,874 (100%), 348 kept/s
9550 games, 502,382 kept of 502,382 (100%), 348 kept/s
9600 games, 505,037 kept of 505,037 (100%), 348 kept/s
9650 games, 507,886 kept of 507,886 (100%), 348 kept/s
9700 games, 510,576 kept of 510,576 (100%), 348 kept/s
9750 games, 513,037 kept of 513,037 (100%), 348 kept/s
9800 games, 515,497 kept of 515,497 (100%), 348 kept/s
9850 games, 518,049 kept of 518,049 (100%), 348 kept/s
9900 games, 520,557 kept of 520,557 (100%), 348 kept/s
9950 games, 523,082 kept of 523,082 (100%), 348 kept/s
10000 games, 525,434 kept of 525,434 (100%), 348 kept/s
10050 games, 527,842 kept of 527,842 (100%), 348 kept/s
10100 games, 530,384 kept of 530,384 (100%), 348 kept/s
10150 games, 533,016 kept of 533,016 (100%), 348 kept/s
10200 games, 535,534 kept of 535,534 (100%), 348 kept/s
10250 games, 538,631 kept of 538,631 (100%), 348 kept/s
10300 games, 541,121 kept of 541,121 (100%), 348 kept/s
10350 games, 543,944 kept of 543,944 (100%), 348 kept/s
10400 games, 546,877 kept of 546,877 (100%), 348 kept/s
10450 games, 549,924 kept of 549,924 (100%), 348 kept/s
10500 games, 552,661 kept of 552,661 (100%), 348 kept/s
10550 games, 555,219 kept of 555,219 (100%), 348 kept/s
10600 games, 557,747 kept of 557,747 (100%), 348 kept/s
10650 games, 560,187 kept of 560,187 (100%), 348 kept/s
10700 games, 562,829 kept of 562,829 (100%), 348 kept/s
10750 games, 565,964 kept of 565,964 (100%), 348 kept/s
10800 games, 568,482 kept of 568,482 (100%), 348 kept/s
10850 games, 571,187 kept of 571,187 (100%), 348 kept/s
10900 games, 573,994 kept of 573,994 (100%), 348 kept/s
10950 games, 576,465 kept of 576,465 (100%), 348 kept/s
11000 games, 579,316 kept of 579,316 (100%), 348 kept/s
11050 games, 582,088 kept of 582,088 (100%), 348 kept/s
11100 games, 584,533 kept of 584,533 (100%), 348 kept/s
11150 games, 587,234 kept of 587,234 (100%), 348 kept/s
11200 games, 589,858 kept of 589,858 (100%), 348 kept/s
11250 games, 592,484 kept of 592,484 (100%), 348 kept/s
11300 games, 595,026 kept of 595,026 (100%), 348 kept/s
11350 games, 597,417 kept of 597,553 (100%), 348 kept/s
11400 games, 599,877 kept of 600,261 (100%), 348 kept/s
11450 games, 602,379 kept of 602,997 (100%), 348 kept/s
11500 games, 604,994 kept of 605,899 (100%), 348 kept/s
11550 games, 607,261 kept of 608,500 (100%), 347 kept/s
11600 games, 609,649 kept of 611,170 (100%), 347 kept/s
11650 games, 611,404 kept of 613,175 (100%), 347 kept/s
11700 games, 613,792 kept of 615,794 (100%), 347 kept/s
11750 games, 615,920 kept of 618,158 (100%), 347 kept/s
11800 games, 618,296 kept of 620,759 (100%), 347 kept/s
11850 games, 620,575 kept of 623,319 (100%), 347 kept/s
11900 games, 623,165 kept of 626,110 (100%), 346 kept/s
11950 games, 625,637 kept of 628,774 (100%), 346 kept/s
12000 games, 628,378 kept of 631,735 (99%), 346 kept/s
12050 games, 630,853 kept of 634,468 (99%), 346 kept/s
12100 games, 633,354 kept of 637,165 (99%), 346 kept/s
12150 games, 635,917 kept of 639,965 (99%), 346 kept/s
12200 games, 638,354 kept of 642,650 (99%), 346 kept/s
12250 games, 640,833 kept of 645,279 (99%), 346 kept/s
12300 games, 643,417 kept of 648,020 (99%), 346 kept/s
12350 games, 645,715 kept of 650,575 (99%), 346 kept/s
12400 games, 648,311 kept of 653,399 (99%), 345 kept/s
12450 games, 650,360 kept of 655,734 (99%), 345 kept/s
12500 games, 652,978 kept of 658,562 (99%), 345 kept/s
12550 games, 655,478 kept of 661,307 (99%), 345 kept/s
12600 games, 657,726 kept of 663,850 (99%), 345 kept/s
12650 games, 659,964 kept of 666,297 (99%), 345 kept/s
12700 games, 662,427 kept of 668,993 (99%), 345 kept/s
12750 games, 664,855 kept of 671,664 (99%), 345 kept/s
12800 games, 667,378 kept of 674,381 (99%), 345 kept/s
12850 games, 669,552 kept of 676,837 (99%), 344 kept/s
12900 games, 671,941 kept of 679,442 (99%), 344 kept/s
12950 games, 674,280 kept of 682,008 (99%), 344 kept/s
13000 games, 676,270 kept of 684,215 (99%), 344 kept/s
13050 games, 678,566 kept of 686,710 (99%), 344 kept/s
13100 games, 681,293 kept of 689,691 (99%), 344 kept/s
13150 games, 684,061 kept of 692,711 (99%), 344 kept/s
13200 games, 686,149 kept of 695,054 (99%), 344 kept/s
13250 games, 688,897 kept of 697,989 (99%), 344 kept/s
13300 games, 691,248 kept of 700,478 (99%), 344 kept/s
13350 games, 693,726 kept of 703,205 (99%), 344 kept/s
13400 games, 696,300 kept of 705,961 (99%), 343 kept/s
13450 games, 698,712 kept of 708,559 (99%), 343 kept/s
13500 games, 701,131 kept of 711,128 (99%), 343 kept/s
13550 games, 703,706 kept of 713,937 (99%), 343 kept/s
13600 games, 706,032 kept of 716,501 (99%), 343 kept/s
13650 games, 708,320 kept of 718,976 (99%), 343 kept/s
13700 games, 710,592 kept of 721,461 (98%), 343 kept/s
13750 games, 712,899 kept of 723,981 (98%), 343 kept/s
13800 games, 715,395 kept of 726,672 (98%), 343 kept/s
13850 games, 717,630 kept of 729,135 (98%), 343 kept/s
13900 games, 720,563 kept of 732,275 (98%), 343 kept/s
13950 games, 723,392 kept of 735,309 (98%), 343 kept/s
14000 games, 725,423 kept of 737,600 (98%), 342 kept/s
14050 games, 728,079 kept of 740,433 (98%), 342 kept/s
14100 games, 730,454 kept of 742,998 (98%), 342 kept/s
14150 games, 732,915 kept of 745,705 (98%), 342 kept/s
14200 games, 735,524 kept of 748,511 (98%), 342 kept/s
14250 games, 737,653 kept of 750,894 (98%), 342 kept/s
14300 games, 740,591 kept of 754,006 (98%), 342 kept/s
14350 games, 742,885 kept of 756,489 (98%), 342 kept/s
14400 games, 745,096 kept of 758,898 (98%), 342 kept/s
14450 games, 747,258 kept of 761,289 (98%), 342 kept/s
14500 games, 749,634 kept of 763,873 (98%), 342 kept/s
14550 games, 752,127 kept of 766,507 (98%), 342 kept/s
14600 games, 754,568 kept of 769,160 (98%), 342 kept/s
14650 games, 757,324 kept of 772,132 (98%), 342 kept/s
14700 games, 760,048 kept of 775,041 (98%), 341 kept/s
14750 games, 762,833 kept of 778,030 (98%), 341 kept/s
14800 games, 765,630 kept of 781,018 (98%), 341 kept/s
14850 games, 767,667 kept of 783,270 (98%), 341 kept/s
14900 games, 770,192 kept of 786,033 (98%), 341 kept/s
14950 games, 772,344 kept of 788,447 (98%), 341 kept/s
15000 games, 775,015 kept of 791,314 (98%), 341 kept/s
15050 games, 777,071 kept of 793,698 (98%), 341 kept/s
15100 games, 779,511 kept of 796,314 (98%), 341 kept/s
15150 games, 782,056 kept of 799,127 (98%), 341 kept/s
15200 games, 784,800 kept of 802,123 (98%), 341 kept/s
15250 games, 787,377 kept of 804,921 (98%), 341 kept/s
15300 games, 789,789 kept of 807,591 (98%), 341 kept/s
15350 games, 792,152 kept of 810,157 (98%), 341 kept/s
15400 games, 794,914 kept of 813,125 (98%), 341 kept/s
15450 games, 797,674 kept of 816,008 (98%), 341 kept/s
15500 games, 800,024 kept of 818,576 (98%), 340 kept/s
15550 games, 802,386 kept of 821,136 (98%), 340 kept/s
15600 games, 804,638 kept of 823,662 (98%), 340 kept/s
15650 games, 806,859 kept of 826,064 (98%), 340 kept/s
15700 games, 809,663 kept of 829,081 (98%), 340 kept/s
15750 games, 812,458 kept of 832,119 (98%), 340 kept/s
15800 games, 815,193 kept of 835,101 (98%), 340 kept/s
15850 games, 817,395 kept of 837,551 (98%), 340 kept/s
15900 games, 819,786 kept of 840,188 (98%), 340 kept/s
15950 games, 822,484 kept of 843,072 (98%), 340 kept/s
16000 games, 825,085 kept of 845,945 (98%), 340 kept/s
16050 games, 827,522 kept of 848,593 (98%), 340 kept/s
16100 games, 830,122 kept of 851,433 (97%), 340 kept/s
16150 games, 832,511 kept of 854,057 (97%), 340 kept/s
16200 games, 834,479 kept of 856,226 (97%), 340 kept/s
16250 games, 836,956 kept of 858,853 (97%), 340 kept/s
16300 games, 839,517 kept of 861,691 (97%), 339 kept/s
16350 games, 841,893 kept of 864,276 (97%), 339 kept/s
16400 games, 844,253 kept of 866,873 (97%), 339 kept/s
16450 games, 846,632 kept of 869,445 (97%), 339 kept/s
16500 games, 849,919 kept of 872,945 (97%), 339 kept/s
16550 games, 852,590 kept of 875,824 (97%), 339 kept/s
16600 games, 855,096 kept of 878,579 (97%), 339 kept/s
16650 games, 857,484 kept of 881,225 (97%), 339 kept/s
16700 games, 859,873 kept of 883,879 (97%), 339 kept/s
16750 games, 862,601 kept of 886,819 (97%), 339 kept/s
16800 games, 865,059 kept of 889,573 (97%), 339 kept/s
16850 games, 867,280 kept of 892,074 (97%), 339 kept/s
16900 games, 869,741 kept of 894,731 (97%), 339 kept/s
16950 games, 872,055 kept of 897,381 (97%), 339 kept/s
17000 games, 874,606 kept of 900,185 (97%), 339 kept/s
17050 games, 876,810 kept of 902,654 (97%), 339 kept/s
17100 games, 878,887 kept of 904,985 (97%), 338 kept/s
17150 games, 881,698 kept of 908,035 (97%), 338 kept/s
17200 games, 883,811 kept of 910,436 (97%), 338 kept/s
17250 games, 886,453 kept of 913,337 (97%), 338 kept/s
17300 games, 888,702 kept of 915,737 (97%), 338 kept/s
17350 games, 890,985 kept of 918,250 (97%), 338 kept/s
17400 games, 893,342 kept of 920,879 (97%), 338 kept/s
17450 games, 895,831 kept of 923,576 (97%), 338 kept/s
17500 games, 898,197 kept of 926,173 (97%), 338 kept/s
17550 games, 900,501 kept of 928,718 (97%), 338 kept/s
17600 games, 903,099 kept of 931,489 (97%), 338 kept/s
17650 games, 905,225 kept of 933,855 (97%), 338 kept/s
17700 games, 907,667 kept of 936,525 (97%), 338 kept/s
17750 games, 910,180 kept of 939,307 (97%), 338 kept/s
17800 games, 912,270 kept of 941,681 (97%), 338 kept/s
17850 games, 915,073 kept of 944,724 (97%), 338 kept/s
17900 games, 917,645 kept of 947,513 (97%), 338 kept/s
17950 games, 919,906 kept of 949,982 (97%), 338 kept/s
18000 games, 922,280 kept of 952,576 (97%), 338 kept/s
18050 games, 924,359 kept of 954,838 (97%), 337 kept/s
18100 games, 926,629 kept of 957,307 (97%), 337 kept/s
18150 games, 928,672 kept of 959,581 (97%), 337 kept/s
18200 games, 930,885 kept of 962,011 (97%), 337 kept/s
18250 games, 933,045 kept of 964,337 (97%), 337 kept/s
18300 games, 935,457 kept of 966,972 (97%), 337 kept/s
18350 games, 937,470 kept of 969,248 (97%), 337 kept/s
18400 games, 939,727 kept of 971,698 (97%), 337 kept/s
18450 games, 942,114 kept of 974,340 (97%), 337 kept/s
18500 games, 944,843 kept of 977,259 (97%), 337 kept/s
18550 games, 947,077 kept of 979,729 (97%), 337 kept/s
18600 games, 949,275 kept of 982,140 (97%), 337 kept/s
18650 games, 951,715 kept of 984,728 (97%), 337 kept/s
18700 games, 954,214 kept of 987,358 (97%), 337 kept/s
18750 games, 956,194 kept of 989,594 (97%), 337 kept/s
18800 games, 958,754 kept of 992,433 (97%), 337 kept/s
18850 games, 961,593 kept of 995,464 (97%), 337 kept/s
18900 games, 964,029 kept of 998,087 (97%), 337 kept/s
18950 games, 966,500 kept of 1,000,756 (97%), 337 kept/s
19000 games, 968,458 kept of 1,002,918 (97%), 336 kept/s
19050 games, 970,894 kept of 1,005,601 (97%), 336 kept/s
19100 games, 973,378 kept of 1,008,344 (97%), 336 kept/s
19150 games, 975,997 kept of 1,011,201 (97%), 336 kept/s
19200 games, 978,266 kept of 1,013,717 (97%), 336 kept/s
19250 games, 980,686 kept of 1,016,417 (96%), 336 kept/s
19300 games, 982,886 kept of 1,018,913 (96%), 336 kept/s
19350 games, 985,227 kept of 1,021,479 (96%), 336 kept/s
19400 games, 987,680 kept of 1,024,064 (96%), 336 kept/s
19450 games, 990,070 kept of 1,026,698 (96%), 336 kept/s
19500 games, 992,191 kept of 1,029,089 (96%), 336 kept/s
19550 games, 994,804 kept of 1,031,881 (96%), 336 kept/s
19600 games, 997,359 kept of 1,034,703 (96%), 336 kept/s
19650 games, 1,000,156 kept of 1,037,750 (96%), 336 kept/s
19700 games, 1,002,711 kept of 1,040,479 (96%), 336 kept/s
19750 games, 1,004,964 kept of 1,043,016 (96%), 336 kept/s
19800 games, 1,007,571 kept of 1,045,884 (96%), 336 kept/s
19850 games, 1,009,763 kept of 1,048,340 (96%), 336 kept/s
19900 games, 1,012,085 kept of 1,050,882 (96%), 336 kept/s
19950 games, 1,014,326 kept of 1,053,373 (96%), 336 kept/s
20000 games, 1,017,025 kept of 1,056,314 (96%), 336 kept/s
20050 games, 1,019,377 kept of 1,058,885 (96%), 336 kept/s
20100 games, 1,021,744 kept of 1,061,542 (96%), 335 kept/s
20150 games, 1,024,331 kept of 1,064,316 (96%), 335 kept/s
20200 games, 1,026,829 kept of 1,067,111 (96%), 335 kept/s
20250 games, 1,029,388 kept of 1,069,952 (96%), 335 kept/s
20300 games, 1,031,969 kept of 1,072,696 (96%), 335 kept/s
20350 games, 1,034,179 kept of 1,075,174 (96%), 335 kept/s
20400 games, 1,036,434 kept of 1,077,733 (96%), 335 kept/s
20450 games, 1,038,837 kept of 1,080,418 (96%), 335 kept/s
20500 games, 1,041,191 kept of 1,083,043 (96%), 335 kept/s
20550 games, 1,043,348 kept of 1,085,447 (96%), 335 kept/s
20600 games, 1,045,611 kept of 1,087,923 (96%), 335 kept/s
20650 games, 1,048,150 kept of 1,090,661 (96%), 335 kept/s
20700 games, 1,050,559 kept of 1,093,308 (96%), 335 kept/s
20750 games, 1,052,807 kept of 1,095,722 (96%), 335 kept/s
20800 games, 1,055,331 kept of 1,098,500 (96%), 335 kept/s
20850 games, 1,057,625 kept of 1,101,090 (96%), 335 kept/s
20900 games, 1,059,967 kept of 1,103,654 (96%), 335 kept/s
20950 games, 1,062,594 kept of 1,106,487 (96%), 335 kept/s
21000 games, 1,065,348 kept of 1,109,438 (96%), 335 kept/s
21050 games, 1,067,812 kept of 1,112,282 (96%), 335 kept/s
21100 games, 1,070,116 kept of 1,114,833 (96%), 335 kept/s
21150 games, 1,072,345 kept of 1,117,271 (96%), 335 kept/s
21200 games, 1,074,900 kept of 1,120,031 (96%), 335 kept/s
21250 games, 1,077,419 kept of 1,122,726 (96%), 335 kept/s
21300 games, 1,080,151 kept of 1,125,701 (96%), 335 kept/s
21350 games, 1,082,363 kept of 1,128,221 (96%), 335 kept/s
21400 games, 1,084,974 kept of 1,131,044 (96%), 334 kept/s
21450 games, 1,087,250 kept of 1,133,534 (96%), 334 kept/s
21500 games, 1,089,740 kept of 1,136,233 (96%), 334 kept/s
21550 games, 1,092,216 kept of 1,138,947 (96%), 334 kept/s
21600 games, 1,094,816 kept of 1,141,816 (96%), 334 kept/s
21650 games, 1,096,875 kept of 1,144,181 (96%), 334 kept/s
21700 games, 1,099,075 kept of 1,146,628 (96%), 334 kept/s
21750 games, 1,101,580 kept of 1,149,340 (96%), 334 kept/s
21800 games, 1,103,841 kept of 1,151,831 (96%), 334 kept/s
21850 games, 1,106,398 kept of 1,154,652 (96%), 334 kept/s
21900 games, 1,108,984 kept of 1,157,425 (96%), 334 kept/s
21950 games, 1,111,581 kept of 1,160,335 (96%), 334 kept/s
22000 games, 1,113,898 kept of 1,162,893 (96%), 334 kept/s
22050 games, 1,116,049 kept of 1,165,274 (96%), 334 kept/s
22100 games, 1,118,279 kept of 1,167,657 (96%), 334 kept/s
22150 games, 1,120,956 kept of 1,170,543 (96%), 334 kept/s
22200 games, 1,123,737 kept of 1,173,556 (96%), 334 kept/s
22250 games, 1,126,100 kept of 1,176,140 (96%), 334 kept/s
22300 games, 1,128,546 kept of 1,178,885 (96%), 334 kept/s
22350 games, 1,130,808 kept of 1,181,340 (96%), 334 kept/s
22400 games, 1,133,077 kept of 1,183,897 (96%), 334 kept/s
22450 games, 1,135,825 kept of 1,186,916 (96%), 334 kept/s
22500 games, 1,137,885 kept of 1,189,322 (96%), 334 kept/s
22550 games, 1,139,608 kept of 1,192,059 (96%), 333 kept/s
22600 games, 1,141,450 kept of 1,194,912 (96%), 333 kept/s
22650 games, 1,142,971 kept of 1,197,590 (95%), 333 kept/s
22700 games, 1,144,482 kept of 1,200,102 (95%), 333 kept/s
22750 games, 1,146,107 kept of 1,202,678 (95%), 332 kept/s
22800 games, 1,147,460 kept of 1,205,054 (95%), 332 kept/s
22850 games, 1,149,147 kept of 1,207,791 (95%), 332 kept/s
22900 games, 1,150,656 kept of 1,210,410 (95%), 332 kept/s
22950 games, 1,152,227 kept of 1,213,139 (95%), 331 kept/s
23000 games, 1,154,090 kept of 1,216,206 (95%), 331 kept/s
23050 games, 1,155,846 kept of 1,219,062 (95%), 331 kept/s
23100 games, 1,157,470 kept of 1,221,626 (95%), 331 kept/s
23150 games, 1,159,363 kept of 1,224,472 (95%), 330 kept/s
23200 games, 1,161,157 kept of 1,227,274 (95%), 330 kept/s
23250 games, 1,162,799 kept of 1,230,269 (95%), 330 kept/s
23300 games, 1,164,484 kept of 1,232,948 (94%), 329 kept/s
23350 games, 1,166,028 kept of 1,235,577 (94%), 329 kept/s
23400 games, 1,167,658 kept of 1,238,301 (94%), 329 kept/s
23450 games, 1,169,083 kept of 1,240,720 (94%), 329 kept/s
23500 games, 1,170,610 kept of 1,243,287 (94%), 328 kept/s
23550 games, 1,172,063 kept of 1,245,934 (94%), 328 kept/s
23600 games, 1,173,398 kept of 1,248,399 (94%), 328 kept/s
23650 games, 1,175,170 kept of 1,251,190 (94%), 328 kept/s
23700 games, 1,176,751 kept of 1,253,772 (94%), 327 kept/s
23750 games, 1,178,123 kept of 1,256,164 (94%), 327 kept/s
23800 games, 1,179,873 kept of 1,258,980 (94%), 327 kept/s
23850 games, 1,181,353 kept of 1,261,407 (94%), 327 kept/s
23900 games, 1,182,962 kept of 1,263,997 (94%), 326 kept/s
23950 games, 1,184,831 kept of 1,266,947 (94%), 326 kept/s
24000 games, 1,186,549 kept of 1,269,832 (93%), 326 kept/s
24050 games, 1,188,396 kept of 1,272,788 (93%), 326 kept/s
24100 games, 1,189,913 kept of 1,275,375 (93%), 326 kept/s
24150 games, 1,191,436 kept of 1,278,305 (93%), 325 kept/s
24200 games, 1,193,026 kept of 1,280,892 (93%), 325 kept/s
24250 games, 1,194,308 kept of 1,283,060 (93%), 325 kept/s
24300 games, 1,195,929 kept of 1,285,707 (93%), 325 kept/s
24350 games, 1,197,507 kept of 1,288,318 (93%), 324 kept/s
24400 games, 1,199,054 kept of 1,290,896 (93%), 324 kept/s
24450 games, 1,200,328 kept of 1,293,180 (93%), 324 kept/s
24500 games, 1,201,749 kept of 1,295,622 (93%), 324 kept/s
24550 games, 1,203,065 kept of 1,297,947 (93%), 323 kept/s
24600 games, 1,204,549 kept of 1,300,443 (93%), 323 kept/s
24650 games, 1,206,073 kept of 1,303,107 (93%), 323 kept/s
24700 games, 1,207,941 kept of 1,305,962 (92%), 323 kept/s
24750 games, 1,209,491 kept of 1,308,433 (92%), 323 kept/s
24800 games, 1,210,939 kept of 1,311,085 (92%), 322 kept/s
24850 games, 1,212,418 kept of 1,313,651 (92%), 322 kept/s
24900 games, 1,213,730 kept of 1,315,888 (92%), 322 kept/s
24950 games, 1,215,318 kept of 1,318,525 (92%), 322 kept/s
25000 games, 1,217,142 kept of 1,321,566 (92%), 321 kept/s
25050 games, 1,218,660 kept of 1,324,112 (92%), 321 kept/s
25100 games, 1,220,258 kept of 1,326,940 (92%), 321 kept/s
25150 games, 1,221,989 kept of 1,329,688 (92%), 321 kept/s
25200 games, 1,223,684 kept of 1,332,245 (92%), 321 kept/s
25250 games, 1,225,464 kept of 1,335,383 (92%), 320 kept/s
25300 games, 1,227,208 kept of 1,338,048 (92%), 320 kept/s
25350 games, 1,228,740 kept of 1,340,500 (92%), 320 kept/s
25400 games, 1,230,296 kept of 1,343,201 (92%), 320 kept/s
25450 games, 1,231,797 kept of 1,345,943 (92%), 319 kept/s
25500 games, 1,233,740 kept of 1,348,810 (91%), 319 kept/s
25550 games, 1,235,371 kept of 1,351,526 (91%), 319 kept/s
25600 games, 1,236,907 kept of 1,354,227 (91%), 319 kept/s
25650 games, 1,238,501 kept of 1,356,846 (91%), 319 kept/s
25700 games, 1,239,954 kept of 1,359,268 (91%), 318 kept/s
25750 games, 1,241,415 kept of 1,361,841 (91%), 318 kept/s
25800 games, 1,242,955 kept of 1,364,438 (91%), 318 kept/s
25850 games, 1,244,586 kept of 1,367,096 (91%), 318 kept/s
25900 games, 1,245,716 kept of 1,369,216 (91%), 318 kept/s
25950 games, 1,247,223 kept of 1,371,758 (91%), 317 kept/s
26000 games, 1,248,621 kept of 1,374,293 (91%), 317 kept/s
26050 games, 1,250,064 kept of 1,376,791 (91%), 317 kept/s
26100 games, 1,251,681 kept of 1,379,442 (91%), 317 kept/s
26150 games, 1,253,102 kept of 1,381,846 (91%), 317 kept/s
26200 games, 1,254,644 kept of 1,384,551 (91%), 316 kept/s
26250 games, 1,256,017 kept of 1,387,160 (91%), 316 kept/s
26300 games, 1,257,437 kept of 1,389,656 (90%), 316 kept/s
26350 games, 1,259,079 kept of 1,392,379 (90%), 316 kept/s
26400 games, 1,260,486 kept of 1,394,862 (90%), 315 kept/s
26450 games, 1,262,092 kept of 1,397,550 (90%), 315 kept/s
26500 games, 1,263,725 kept of 1,400,274 (90%), 315 kept/s
26550 games, 1,265,382 kept of 1,402,971 (90%), 315 kept/s
26600 games, 1,266,911 kept of 1,405,716 (90%), 315 kept/s
26650 games, 1,268,301 kept of 1,408,144 (90%), 314 kept/s
26700 games, 1,270,153 kept of 1,411,172 (90%), 314 kept/s
26750 games, 1,271,808 kept of 1,413,881 (90%), 314 kept/s
26800 games, 1,273,607 kept of 1,416,855 (90%), 314 kept/s
26850 games, 1,275,164 kept of 1,419,622 (90%), 314 kept/s
26900 games, 1,277,059 kept of 1,422,479 (90%), 313 kept/s
26950 games, 1,278,601 kept of 1,425,139 (90%), 313 kept/s
27000 games, 1,280,236 kept of 1,427,810 (90%), 313 kept/s
27050 games, 1,281,658 kept of 1,430,399 (90%), 313 kept/s
27100 games, 1,283,140 kept of 1,432,894 (90%), 313 kept/s
27150 games, 1,284,619 kept of 1,435,327 (90%), 312 kept/s
27200 games, 1,286,527 kept of 1,438,175 (89%), 312 kept/s
27250 games, 1,288,360 kept of 1,441,210 (89%), 312 kept/s
27300 games, 1,289,831 kept of 1,443,807 (89%), 312 kept/s
27350 games, 1,291,604 kept of 1,446,545 (89%), 312 kept/s
27400 games, 1,293,163 kept of 1,449,148 (89%), 312 kept/s
27450 games, 1,294,713 kept of 1,451,835 (89%), 311 kept/s
27500 games, 1,296,313 kept of 1,454,726 (89%), 311 kept/s
27550 games, 1,298,125 kept of 1,457,648 (89%), 311 kept/s
27600 games, 1,299,602 kept of 1,460,120 (89%), 311 kept/s
27650 games, 1,301,236 kept of 1,462,551 (89%), 311 kept/s
27700 games, 1,302,614 kept of 1,465,146 (89%), 310 kept/s
27750 games, 1,304,245 kept of 1,468,023 (89%), 310 kept/s
27800 games, 1,305,909 kept of 1,470,659 (89%), 310 kept/s
27850 games, 1,307,159 kept of 1,472,910 (89%), 310 kept/s
27900 games, 1,308,548 kept of 1,475,370 (89%), 310 kept/s
27950 games, 1,310,232 kept of 1,478,196 (89%), 309 kept/s
28000 games, 1,311,719 kept of 1,480,817 (89%), 309 kept/s
28050 games, 1,313,318 kept of 1,483,461 (89%), 309 kept/s
28100 games, 1,314,746 kept of 1,485,852 (88%), 309 kept/s
28150 games, 1,316,362 kept of 1,488,447 (88%), 309 kept/s
28200 games, 1,317,818 kept of 1,490,885 (88%), 309 kept/s
28250 games, 1,319,391 kept of 1,493,484 (88%), 308 kept/s
28300 games, 1,320,847 kept of 1,495,946 (88%), 308 kept/s
28350 games, 1,322,327 kept of 1,498,435 (88%), 308 kept/s
28400 games, 1,324,068 kept of 1,501,245 (88%), 308 kept/s
28450 games, 1,325,763 kept of 1,503,911 (88%), 308 kept/s
28500 games, 1,327,355 kept of 1,506,628 (88%), 308 kept/s
28550 games, 1,329,147 kept of 1,509,395 (88%), 307 kept/s
28600 games, 1,331,010 kept of 1,512,336 (88%), 307 kept/s
28650 games, 1,332,439 kept of 1,514,924 (88%), 307 kept/s
28700 games, 1,333,995 kept of 1,517,644 (88%), 307 kept/s
28750 games, 1,335,632 kept of 1,520,194 (88%), 307 kept/s
28800 games, 1,337,557 kept of 1,523,337 (88%), 307 kept/s
28850 games, 1,339,240 kept of 1,525,951 (88%), 306 kept/s
28900 games, 1,340,834 kept of 1,528,606 (88%), 306 kept/s
28950 games, 1,342,493 kept of 1,531,334 (88%), 306 kept/s
29000 games, 1,343,774 kept of 1,533,677 (88%), 306 kept/s
29050 games, 1,345,209 kept of 1,536,171 (88%), 306 kept/s
29100 games, 1,346,469 kept of 1,538,469 (88%), 306 kept/s
29150 games, 1,347,992 kept of 1,541,050 (87%), 305 kept/s
29200 games, 1,349,402 kept of 1,543,433 (87%), 305 kept/s
29250 games, 1,351,245 kept of 1,546,428 (87%), 305 kept/s
29300 games, 1,352,730 kept of 1,549,091 (87%), 305 kept/s
29350 games, 1,354,140 kept of 1,551,633 (87%), 305 kept/s
29400 games, 1,355,512 kept of 1,554,168 (87%), 305 kept/s
29450 games, 1,356,985 kept of 1,556,752 (87%), 304 kept/s
29500 games, 1,358,532 kept of 1,559,570 (87%), 304 kept/s
29550 games, 1,360,238 kept of 1,562,536 (87%), 304 kept/s
29600 games, 1,361,941 kept of 1,565,291 (87%), 304 kept/s
29650 games, 1,363,603 kept of 1,567,934 (87%), 304 kept/s
29700 games, 1,364,957 kept of 1,570,392 (87%), 303 kept/s
29750 games, 1,366,466 kept of 1,572,957 (87%), 303 kept/s
29800 games, 1,367,946 kept of 1,575,502 (87%), 303 kept/s
29850 games, 1,369,377 kept of 1,578,530 (87%), 303 kept/s
29900 games, 1,370,292 kept of 1,581,304 (87%), 303 kept/s
29950 games, 1,371,300 kept of 1,584,067 (87%), 302 kept/s
30000 games, 1,372,351 kept of 1,586,865 (86%), 302 kept/s
30050 games, 1,373,623 kept of 1,589,900 (86%), 302 kept/s
30100 games, 1,374,561 kept of 1,592,516 (86%), 301 kept/s
30150 games, 1,375,468 kept of 1,595,041 (86%), 301 kept/s
30200 games, 1,376,464 kept of 1,597,640 (86%), 301 kept/s
30250 games, 1,377,451 kept of 1,600,174 (86%), 301 kept/s
30300 games, 1,378,495 kept of 1,602,961 (86%), 300 kept/s
30350 games, 1,379,258 kept of 1,605,461 (86%), 300 kept/s
30400 games, 1,380,129 kept of 1,607,736 (86%), 300 kept/s
30450 games, 1,381,008 kept of 1,610,401 (86%), 299 kept/s
30500 games, 1,381,844 kept of 1,612,673 (86%), 299 kept/s
30550 games, 1,382,731 kept of 1,615,306 (86%), 299 kept/s
30600 games, 1,383,647 kept of 1,617,957 (86%), 299 kept/s
30650 games, 1,384,515 kept of 1,620,705 (85%), 298 kept/s
30700 games, 1,385,506 kept of 1,623,643 (85%), 298 kept/s
30750 games, 1,386,771 kept of 1,626,672 (85%), 298 kept/s
30800 games, 1,387,742 kept of 1,629,334 (85%), 297 kept/s
30850 games, 1,388,991 kept of 1,632,172 (85%), 297 kept/s
30900 games, 1,389,951 kept of 1,634,752 (85%), 297 kept/s
30950 games, 1,390,954 kept of 1,637,197 (85%), 297 kept/s
31000 games, 1,391,895 kept of 1,639,836 (85%), 296 kept/s
31050 games, 1,392,936 kept of 1,642,620 (85%), 296 kept/s
31100 games, 1,393,906 kept of 1,645,134 (85%), 296 kept/s
31150 games, 1,394,882 kept of 1,647,838 (85%), 296 kept/s
31200 games, 1,395,667 kept of 1,650,220 (85%), 295 kept/s
31250 games, 1,396,801 kept of 1,653,070 (84%), 295 kept/s
31300 games, 1,397,787 kept of 1,655,636 (84%), 295 kept/s
31350 games, 1,398,887 kept of 1,658,438 (84%), 295 kept/s
31400 games, 1,399,772 kept of 1,660,731 (84%), 294 kept/s
31450 games, 1,400,903 kept of 1,663,627 (84%), 294 kept/s
31500 games, 1,401,689 kept of 1,665,999 (84%), 294 kept/s
31550 games, 1,402,927 kept of 1,668,938 (84%), 294 kept/s
31600 games, 1,403,794 kept of 1,671,440 (84%), 293 kept/s
31650 games, 1,404,975 kept of 1,674,164 (84%), 293 kept/s
31700 games, 1,405,742 kept of 1,676,510 (84%), 293 kept/s
31750 games, 1,406,828 kept of 1,679,207 (84%), 293 kept/s
31800 games, 1,407,769 kept of 1,681,785 (84%), 292 kept/s
31850 games, 1,408,918 kept of 1,684,542 (84%), 292 kept/s
31900 games, 1,409,852 kept of 1,687,019 (84%), 292 kept/s
31950 games, 1,411,123 kept of 1,690,079 (83%), 292 kept/s
32000 games, 1,412,037 kept of 1,692,573 (83%), 291 kept/s
32050 games, 1,412,831 kept of 1,695,091 (83%), 291 kept/s
32100 games, 1,413,842 kept of 1,697,847 (83%), 291 kept/s
32150 games, 1,414,593 kept of 1,700,282 (83%), 291 kept/s
32200 games, 1,415,595 kept of 1,703,004 (83%), 290 kept/s
32250 games, 1,416,326 kept of 1,705,530 (83%), 290 kept/s
32300 games, 1,417,207 kept of 1,708,370 (83%), 290 kept/s
32350 games, 1,417,978 kept of 1,710,962 (83%), 289 kept/s
32400 games, 1,418,842 kept of 1,713,704 (83%), 289 kept/s
32450 games, 1,419,669 kept of 1,716,328 (83%), 289 kept/s
32500 games, 1,420,557 kept of 1,718,832 (83%), 289 kept/s
32550 games, 1,421,475 kept of 1,721,710 (83%), 288 kept/s
32600 games, 1,422,251 kept of 1,723,979 (82%), 288 kept/s
32650 games, 1,423,300 kept of 1,726,905 (82%), 288 kept/s
32700 games, 1,424,321 kept of 1,729,858 (82%), 288 kept/s
32750 games, 1,425,248 kept of 1,732,450 (82%), 287 kept/s
32800 games, 1,426,240 kept of 1,735,346 (82%), 287 kept/s
32850 games, 1,427,154 kept of 1,737,897 (82%), 287 kept/s
32900 games, 1,428,003 kept of 1,740,369 (82%), 287 kept/s
32950 games, 1,428,803 kept of 1,742,912 (82%), 286 kept/s
33000 games, 1,429,841 kept of 1,745,882 (82%), 286 kept/s
33050 games, 1,430,576 kept of 1,748,140 (82%), 286 kept/s
33100 games, 1,431,349 kept of 1,750,741 (82%), 286 kept/s
33150 games, 1,432,222 kept of 1,753,575 (82%), 285 kept/s
33200 games, 1,432,692 kept of 1,755,670 (82%), 285 kept/s
33250 games, 1,433,457 kept of 1,758,414 (82%), 285 kept/s
33300 games, 1,434,104 kept of 1,761,125 (81%), 284 kept/s
33350 games, 1,434,755 kept of 1,763,787 (81%), 284 kept/s
33400 games, 1,435,431 kept of 1,766,490 (81%), 284 kept/s
33450 games, 1,436,239 kept of 1,769,206 (81%), 284 kept/s
33500 games, 1,436,869 kept of 1,771,471 (81%), 283 kept/s
33550 games, 1,437,421 kept of 1,773,718 (81%), 283 kept/s
33600 games, 1,438,109 kept of 1,776,181 (81%), 283 kept/s
33650 games, 1,438,710 kept of 1,778,309 (81%), 283 kept/s
33700 games, 1,439,300 kept of 1,780,630 (81%), 282 kept/s
33750 games, 1,439,904 kept of 1,783,249 (81%), 282 kept/s
33800 games, 1,440,604 kept of 1,785,701 (81%), 282 kept/s
33850 games, 1,441,379 kept of 1,788,313 (81%), 281 kept/s
33900 games, 1,441,874 kept of 1,790,616 (81%), 281 kept/s
33950 games, 1,442,519 kept of 1,792,739 (80%), 281 kept/s
34000 games, 1,443,351 kept of 1,795,545 (80%), 281 kept/s
34050 games, 1,443,906 kept of 1,797,875 (80%), 280 kept/s
34100 games, 1,444,595 kept of 1,800,916 (80%), 280 kept/s
34150 games, 1,445,352 kept of 1,803,768 (80%), 280 kept/s
34200 games, 1,446,242 kept of 1,806,808 (80%), 280 kept/s
34250 games, 1,446,765 kept of 1,809,296 (80%), 279 kept/s
34300 games, 1,447,378 kept of 1,811,842 (80%), 279 kept/s
34350 games, 1,448,042 kept of 1,814,776 (80%), 279 kept/s
34400 games, 1,448,755 kept of 1,817,514 (80%), 278 kept/s
34450 games, 1,449,522 kept of 1,820,210 (80%), 278 kept/s
34500 games, 1,450,311 kept of 1,822,986 (80%), 278 kept/s
34550 games, 1,450,761 kept of 1,825,740 (79%), 278 kept/s
34600 games, 1,451,346 kept of 1,828,223 (79%), 277 kept/s
34650 games, 1,451,846 kept of 1,830,669 (79%), 277 kept/s
34700 games, 1,452,480 kept of 1,833,458 (79%), 277 kept/s
34750 games, 1,453,014 kept of 1,836,221 (79%), 276 kept/s
34800 games, 1,453,810 kept of 1,838,977 (79%), 276 kept/s
34850 games, 1,454,387 kept of 1,841,406 (79%), 276 kept/s
34900 games, 1,454,890 kept of 1,843,582 (79%), 276 kept/s
34950 games, 1,455,550 kept of 1,846,133 (79%), 275 kept/s
35000 games, 1,456,458 kept of 1,848,853 (79%), 275 kept/s
35050 games, 1,457,182 kept of 1,851,611 (79%), 275 kept/s
35100 games, 1,457,754 kept of 1,853,852 (79%), 275 kept/s
35150 games, 1,458,326 kept of 1,856,377 (79%), 274 kept/s
35200 games, 1,458,931 kept of 1,859,208 (78%), 274 kept/s
35250 games, 1,459,667 kept of 1,862,236 (78%), 274 kept/s
35300 games, 1,460,555 kept of 1,865,004 (78%), 274 kept/s
35350 games, 1,460,994 kept of 1,867,279 (78%), 273 kept/s
35400 games, 1,461,656 kept of 1,869,777 (78%), 273 kept/s
35450 games, 1,462,305 kept of 1,872,521 (78%), 273 kept/s
35500 games, 1,463,146 kept of 1,875,339 (78%), 273 kept/s
35550 games, 1,463,728 kept of 1,877,929 (78%), 272 kept/s
35600 games, 1,464,441 kept of 1,880,325 (78%), 272 kept/s
35650 games, 1,465,055 kept of 1,882,843 (78%), 272 kept/s
35700 games, 1,465,564 kept of 1,885,375 (78%), 272 kept/s
35750 games, 1,466,025 kept of 1,887,759 (78%), 271 kept/s
35800 games, 1,466,675 kept of 1,890,561 (78%), 271 kept/s
35850 games, 1,467,255 kept of 1,893,383 (77%), 271 kept/s
35900 games, 1,467,944 kept of 1,896,184 (77%), 270 kept/s
35950 games, 1,468,543 kept of 1,898,714 (77%), 270 kept/s
36000 games, 1,469,175 kept of 1,901,221 (77%), 270 kept/s
36050 games, 1,469,772 kept of 1,903,595 (77%), 270 kept/s
36100 games, 1,470,476 kept of 1,906,301 (77%), 269 kept/s
36150 games, 1,471,282 kept of 1,909,078 (77%), 269 kept/s
36200 games, 1,471,969 kept of 1,911,817 (77%), 269 kept/s
36250 games, 1,472,476 kept of 1,914,230 (77%), 269 kept/s
36300 games, 1,473,125 kept of 1,916,724 (77%), 268 kept/s
36350 games, 1,473,680 kept of 1,919,171 (77%), 268 kept/s
36400 games, 1,474,265 kept of 1,921,758 (77%), 268 kept/s
36450 games, 1,474,860 kept of 1,924,448 (77%), 268 kept/s
36500 games, 1,475,552 kept of 1,927,101 (77%), 267 kept/s
36550 games, 1,476,170 kept of 1,929,972 (76%), 267 kept/s
36600 games, 1,476,805 kept of 1,932,559 (76%), 267 kept/s
36650 games, 1,477,402 kept of 1,935,152 (76%), 267 kept/s
36700 games, 1,478,046 kept of 1,937,860 (76%), 266 kept/s
36750 games, 1,478,798 kept of 1,940,599 (76%), 266 kept/s
36800 games, 1,479,375 kept of 1,943,040 (76%), 266 kept/s
36850 games, 1,480,009 kept of 1,945,768 (76%), 266 kept/s
36900 games, 1,480,602 kept of 1,948,666 (76%), 265 kept/s
36950 games, 1,481,273 kept of 1,951,204 (76%), 265 kept/s
37000 games, 1,481,808 kept of 1,953,862 (76%), 265 kept/s
37050 games, 1,482,613 kept of 1,956,495 (76%), 265 kept/s
37100 games, 1,483,349 kept of 1,959,178 (76%), 264 kept/s
37150 games, 1,483,973 kept of 1,961,902 (76%), 264 kept/s
37200 games, 1,484,399 kept of 1,964,241 (76%), 264 kept/s
37250 games, 1,485,023 kept of 1,966,824 (76%), 264 kept/s
37300 games, 1,485,737 kept of 1,969,291 (75%), 264 kept/s
37350 games, 1,486,341 kept of 1,971,953 (75%), 263 kept/s
37400 games, 1,486,984 kept of 1,974,659 (75%), 263 kept/s
37450 games, 1,487,490 kept of 1,976,949 (75%), 263 kept/s
37500 games, 1,488,030 kept of 1,979,602 (75%), 263 kept/s
37550 games, 1,488,574 kept of 1,982,335 (75%), 262 kept/s
37600 games, 1,488,825 kept of 1,984,990 (75%), 262 kept/s
37650 games, 1,489,290 kept of 1,987,561 (75%), 262 kept/s
37700 games, 1,489,621 kept of 1,990,199 (75%), 261 kept/s
37750 games, 1,489,901 kept of 1,992,717 (75%), 261 kept/s
37800 games, 1,490,254 kept of 1,995,321 (75%), 261 kept/s
37850 games, 1,490,506 kept of 1,997,620 (75%), 261 kept/s
37900 games, 1,490,717 kept of 1,999,762 (75%), 260 kept/s
37950 games, 1,491,210 kept of 2,002,286 (74%), 260 kept/s
38000 games, 1,491,606 kept of 2,004,805 (74%), 260 kept/s
38050 games, 1,491,947 kept of 2,007,576 (74%), 260 kept/s
38100 games, 1,492,291 kept of 2,010,187 (74%), 259 kept/s
38150 games, 1,492,572 kept of 2,012,617 (74%), 259 kept/s
38200 games, 1,492,837 kept of 2,015,089 (74%), 259 kept/s
38250 games, 1,493,336 kept of 2,017,907 (74%), 258 kept/s
38300 games, 1,493,712 kept of 2,020,316 (74%), 258 kept/s
38350 games, 1,494,186 kept of 2,022,991 (74%), 258 kept/s
38400 games, 1,494,467 kept of 2,025,633 (74%), 258 kept/s
38450 games, 1,494,725 kept of 2,028,084 (74%), 257 kept/s
38500 games, 1,495,201 kept of 2,030,740 (74%), 257 kept/s
38550 games, 1,495,597 kept of 2,033,367 (74%), 257 kept/s
38600 games, 1,496,150 kept of 2,036,339 (73%), 257 kept/s
38650 games, 1,496,439 kept of 2,038,564 (73%), 256 kept/s
38700 games, 1,496,779 kept of 2,041,239 (73%), 256 kept/s
38750 games, 1,497,108 kept of 2,043,646 (73%), 256 kept/s
38800 games, 1,497,498 kept of 2,046,435 (73%), 256 kept/s
38850 games, 1,497,796 kept of 2,049,144 (73%), 255 kept/s
38900 games, 1,498,268 kept of 2,051,952 (73%), 255 kept/s
38950 games, 1,498,527 kept of 2,054,324 (73%), 255 kept/s
39000 games, 1,498,801 kept of 2,057,278 (73%), 254 kept/s
39050 games, 1,499,062 kept of 2,059,836 (73%), 254 kept/s
39100 games, 1,499,261 kept of 2,062,543 (73%), 254 kept/s
39150 games, 1,499,526 kept of 2,065,069 (73%), 254 kept/s
39200 games, 1,499,906 kept of 2,068,122 (73%), 253 kept/s
39250 games, 1,500,194 kept of 2,070,948 (72%), 253 kept/s
39300 games, 1,500,460 kept of 2,073,391 (72%), 253 kept/s
39350 games, 1,500,721 kept of 2,076,016 (72%), 253 kept/s
39400 games, 1,501,052 kept of 2,078,810 (72%), 252 kept/s
39450 games, 1,501,455 kept of 2,081,653 (72%), 252 kept/s
39500 games, 1,501,760 kept of 2,084,379 (72%), 252 kept/s
39550 games, 1,502,080 kept of 2,087,006 (72%), 251 kept/s
39600 games, 1,502,429 kept of 2,089,570 (72%), 251 kept/s
39650 games, 1,502,798 kept of 2,092,485 (72%), 251 kept/s
39700 games, 1,502,959 kept of 2,094,635 (72%), 251 kept/s
39750 games, 1,503,303 kept of 2,097,024 (72%), 250 kept/s
39800 games, 1,503,700 kept of 2,100,017 (72%), 250 kept/s
39850 games, 1,503,978 kept of 2,102,459 (72%), 250 kept/s
39900 games, 1,504,220 kept of 2,104,588 (71%), 250 kept/s
39950 games, 1,504,492 kept of 2,106,846 (71%), 249 kept/s
40000 games, 1,504,863 kept of 2,109,516 (71%), 249 kept/s
40050 games, 1,505,285 kept of 2,112,536 (71%), 249 kept/s
40100 games, 1,505,629 kept of 2,115,327 (71%), 249 kept/s
40150 games, 1,506,050 kept of 2,118,151 (71%), 248 kept/s
40200 games, 1,506,335 kept of 2,120,511 (71%), 248 kept/s
40250 games, 1,506,661 kept of 2,122,975 (71%), 248 kept/s
40300 games, 1,506,988 kept of 2,125,472 (71%), 248 kept/s
40350 games, 1,507,174 kept of 2,127,982 (71%), 247 kept/s
40400 games, 1,507,496 kept of 2,130,606 (71%), 247 kept/s
40450 games, 1,507,742 kept of 2,133,402 (71%), 247 kept/s
40500 games, 1,508,285 kept of 2,136,458 (71%), 247 kept/s
40550 games, 1,508,612 kept of 2,138,893 (71%), 246 kept/s
40600 games, 1,509,037 kept of 2,141,629 (70%), 246 kept/s
40650 games, 1,509,481 kept of 2,144,493 (70%), 246 kept/s
40700 games, 1,509,834 kept of 2,147,104 (70%), 246 kept/s
40750 games, 1,510,033 kept of 2,149,785 (70%), 245 kept/s
40800 games, 1,510,364 kept of 2,152,119 (70%), 245 kept/s
40850 games, 1,510,798 kept of 2,154,878 (70%), 245 kept/s
40900 games, 1,511,132 kept of 2,157,480 (70%), 245 kept/s
40950 games, 1,511,414 kept of 2,160,106 (70%), 244 kept/s
41000 games, 1,511,768 kept of 2,162,878 (70%), 244 kept/s
41050 games, 1,512,030 kept of 2,165,262 (70%), 244 kept/s
41100 games, 1,512,266 kept of 2,167,770 (70%), 244 kept/s
41150 games, 1,512,493 kept of 2,170,582 (70%), 243 kept/s
41200 games, 1,512,807 kept of 2,173,333 (70%), 243 kept/s
41250 games, 1,513,114 kept of 2,175,810 (70%), 243 kept/s
41300 games, 1,513,547 kept of 2,178,627 (69%), 243 kept/s
41350 games, 1,513,862 kept of 2,181,209 (69%), 242 kept/s
41400 games, 1,514,172 kept of 2,183,989 (69%), 242 kept/s
41450 games, 1,514,391 kept of 2,186,582 (69%), 242 kept/s
41500 games, 1,514,792 kept of 2,189,531 (69%), 242 kept/s
41550 games, 1,515,153 kept of 2,192,546 (69%), 241 kept/s
41600 games, 1,515,447 kept of 2,195,172 (69%), 241 kept/s
41650 games, 1,515,812 kept of 2,197,822 (69%), 241 kept/s
41700 games, 1,516,118 kept of 2,200,059 (69%), 241 kept/s
41750 games, 1,516,543 kept of 2,202,803 (69%), 241 kept/s
41800 games, 1,516,805 kept of 2,205,196 (69%), 240 kept/s
41850 games, 1,517,017 kept of 2,207,816 (69%), 240 kept/s
41900 games, 1,517,262 kept of 2,210,293 (69%), 240 kept/s
41950 games, 1,517,637 kept of 2,213,021 (69%), 240 kept/s
42000 games, 1,518,122 kept of 2,216,210 (69%), 239 kept/s
42050 games, 1,518,371 kept of 2,218,832 (68%), 239 kept/s
42100 games, 1,518,666 kept of 2,221,829 (68%), 239 kept/s
42150 games, 1,518,792 kept of 2,224,181 (68%), 239 kept/s
42200 games, 1,519,081 kept of 2,226,768 (68%), 238 kept/s
42250 games, 1,519,577 kept of 2,229,781 (68%), 238 kept/s
42300 games, 1,519,856 kept of 2,232,386 (68%), 238 kept/s
42350 games, 1,520,233 kept of 2,234,899 (68%), 238 kept/s
42400 games, 1,520,548 kept of 2,237,673 (68%), 237 kept/s
42450 games, 1,520,922 kept of 2,240,472 (68%), 237 kept/s
42500 games, 1,521,207 kept of 2,242,796 (68%), 237 kept/s
42550 games, 1,521,555 kept of 2,245,193 (68%), 237 kept/s
42600 games, 1,521,852 kept of 2,248,009 (68%), 237 kept/s
42650 games, 1,522,254 kept of 2,250,661 (68%), 236 kept/s
42700 games, 1,522,642 kept of 2,253,538 (68%), 236 kept/s
42750 games, 1,523,027 kept of 2,256,135 (68%), 236 kept/s
42800 games, 1,523,334 kept of 2,258,929 (67%), 236 kept/s
42850 games, 1,523,629 kept of 2,261,564 (67%), 235 kept/s
42900 games, 1,524,052 kept of 2,264,484 (67%), 235 kept/s
42950 games, 1,524,428 kept of 2,267,328 (67%), 235 kept/s
43000 games, 1,524,782 kept of 2,270,142 (67%), 235 kept/s
43050 games, 1,525,081 kept of 2,272,974 (67%), 234 kept/s
43100 games, 1,525,524 kept of 2,276,004 (67%), 234 kept/s
43150 games, 1,525,786 kept of 2,278,637 (67%), 234 kept/s
43200 games, 1,526,077 kept of 2,281,268 (67%), 234 kept/s
43250 games, 1,526,350 kept of 2,283,788 (67%), 234 kept/s
43300 games, 1,526,703 kept of 2,286,432 (67%), 233 kept/s
43350 games, 1,527,112 kept of 2,289,395 (67%), 233 kept/s
43400 games, 1,527,718 kept of 2,292,283 (67%), 233 kept/s
43450 games, 1,528,017 kept of 2,294,780 (67%), 233 kept/s
43500 games, 1,528,352 kept of 2,297,469 (67%), 232 kept/s
43550 games, 1,528,508 kept of 2,299,803 (66%), 232 kept/s
43600 games, 1,528,946 kept of 2,302,680 (66%), 232 kept/s
43650 games, 1,529,391 kept of 2,305,605 (66%), 232 kept/s
43700 games, 1,529,572 kept of 2,307,993 (66%), 232 kept/s
43750 games, 1,530,063 kept of 2,310,997 (66%), 231 kept/s
43800 games, 1,530,433 kept of 2,313,397 (66%), 231 kept/s
43850 games, 1,530,720 kept of 2,315,979 (66%), 231 kept/s
43900 games, 1,531,001 kept of 2,318,634 (66%), 231 kept/s
43950 games, 1,531,381 kept of 2,321,451 (66%), 231 kept/s
44000 games, 1,531,769 kept of 2,323,950 (66%), 230 kept/s
44050 games, 1,532,198 kept of 2,326,887 (66%), 230 kept/s
44100 games, 1,532,535 kept of 2,329,793 (66%), 230 kept/s
44150 games, 1,532,802 kept of 2,332,495 (66%), 230 kept/s
44200 games, 1,533,101 kept of 2,335,230 (66%), 229 kept/s
44250 games, 1,533,487 kept of 2,338,168 (66%), 229 kept/s
44300 games, 1,533,766 kept of 2,340,886 (66%), 229 kept/s
44350 games, 1,534,094 kept of 2,343,477 (65%), 229 kept/s
44400 games, 1,534,486 kept of 2,346,199 (65%), 229 kept/s
44450 games, 1,534,739 kept of 2,348,660 (65%), 228 kept/s
44500 games, 1,535,131 kept of 2,351,523 (65%), 228 kept/s
44550 games, 1,535,570 kept of 2,354,474 (65%), 228 kept/s
44600 games, 1,535,822 kept of 2,357,075 (65%), 228 kept/s
44650 games, 1,536,101 kept of 2,359,529 (65%), 228 kept/s
44700 games, 1,536,449 kept of 2,362,127 (65%), 227 kept/s
44750 games, 1,536,793 kept of 2,364,816 (65%), 227 kept/s
44800 games, 1,537,085 kept of 2,367,244 (65%), 227 kept/s
44850 games, 1,537,353 kept of 2,369,704 (65%), 227 kept/s
44900 games, 1,537,628 kept of 2,372,449 (65%), 227 kept/s
44950 games, 1,537,978 kept of 2,375,105 (65%), 226 kept/s
45000 games, 1,538,280 kept of 2,377,602 (65%), 226 kept/s
45050 games, 1,538,614 kept of 2,380,530 (65%), 226 kept/s
45100 games, 1,538,979 kept of 2,383,166 (65%), 226 kept/s
45150 games, 1,539,393 kept of 2,386,109 (65%), 225 kept/s
45200 games, 1,539,676 kept of 2,388,948 (64%), 225 kept/s
45250 games, 1,540,114 kept of 2,391,576 (64%), 225 kept/s
45300 games, 1,540,344 kept of 2,394,093 (64%), 225 kept/s
45350 games, 1,540,786 kept of 2,397,002 (64%), 225 kept/s
45400 games, 1,541,145 kept of 2,399,597 (64%), 224 kept/s
45450 games, 1,541,461 kept of 2,402,097 (64%), 224 kept/s
45500 games, 1,541,797 kept of 2,404,786 (64%), 224 kept/s
45550 games, 1,542,057 kept of 2,407,775 (64%), 224 kept/s
45600 games, 1,542,436 kept of 2,410,340 (64%), 224 kept/s
45650 games, 1,542,759 kept of 2,412,592 (64%), 224 kept/s
45700 games, 1,542,992 kept of 2,415,210 (64%), 223 kept/s
45750 games, 1,543,304 kept of 2,417,792 (64%), 223 kept/s
45800 games, 1,543,532 kept of 2,420,519 (64%), 223 kept/s
45850 games, 1,543,952 kept of 2,423,321 (64%), 223 kept/s
45900 games, 1,544,335 kept of 2,425,820 (64%), 223 kept/s
45950 games, 1,544,634 kept of 2,428,549 (64%), 222 kept/s
46000 games, 1,544,858 kept of 2,431,129 (64%), 222 kept/s
46050 games, 1,545,067 kept of 2,433,479 (63%), 222 kept/s
46100 games, 1,545,581 kept of 2,436,230 (63%), 222 kept/s
46150 games, 1,545,831 kept of 2,438,753 (63%), 222 kept/s
46200 games, 1,546,125 kept of 2,441,297 (63%), 221 kept/s
46250 games, 1,546,443 kept of 2,444,064 (63%), 221 kept/s
46300 games, 1,546,800 kept of 2,446,602 (63%), 221 kept/s
46350 games, 1,547,186 kept of 2,449,533 (63%), 221 kept/s
46400 games, 1,547,455 kept of 2,452,006 (63%), 221 kept/s
46450 games, 1,547,803 kept of 2,454,691 (63%), 220 kept/s
46500 games, 1,548,123 kept of 2,457,348 (63%), 220 kept/s
46550 games, 1,548,440 kept of 2,460,045 (63%), 220 kept/s
46600 games, 1,548,724 kept of 2,462,761 (63%), 220 kept/s
46650 games, 1,548,991 kept of 2,465,337 (63%), 220 kept/s
46700 games, 1,549,200 kept of 2,467,746 (63%), 219 kept/s
46750 games, 1,549,578 kept of 2,470,359 (63%), 219 kept/s
46800 games, 1,549,973 kept of 2,473,148 (63%), 219 kept/s
46850 games, 1,550,319 kept of 2,475,747 (63%), 219 kept/s
46900 games, 1,550,611 kept of 2,478,241 (63%), 219 kept/s
46950 games, 1,550,942 kept of 2,481,029 (63%), 219 kept/s
47000 games, 1,551,417 kept of 2,483,852 (62%), 218 kept/s
47050 games, 1,551,585 kept of 2,486,013 (62%), 218 kept/s
47100 games, 1,551,977 kept of 2,489,114 (62%), 218 kept/s
47150 games, 1,552,455 kept of 2,492,049 (62%), 218 kept/s
47200 games, 1,552,695 kept of 2,494,718 (62%), 218 kept/s
47250 games, 1,552,947 kept of 2,497,047 (62%), 217 kept/s
47300 games, 1,553,335 kept of 2,499,791 (62%), 217 kept/s
47350 games, 1,553,604 kept of 2,502,265 (62%), 217 kept/s
47400 games, 1,553,921 kept of 2,504,912 (62%), 217 kept/s
47450 games, 1,554,282 kept of 2,507,406 (62%), 217 kept/s
47500 games, 1,554,676 kept of 2,510,382 (62%), 216 kept/s
47550 games, 1,554,964 kept of 2,512,718 (62%), 216 kept/s
47600 games, 1,555,278 kept of 2,515,283 (62%), 216 kept/s
47650 games, 1,555,597 kept of 2,517,845 (62%), 216 kept/s
47700 games, 1,555,830 kept of 2,520,582 (62%), 216 kept/s
47750 games, 1,556,042 kept of 2,523,094 (62%), 216 kept/s
47800 games, 1,556,416 kept of 2,525,654 (62%), 215 kept/s
47850 games, 1,556,688 kept of 2,527,868 (62%), 215 kept/s
47900 games, 1,557,002 kept of 2,530,604 (62%), 215 kept/s
47950 games, 1,557,300 kept of 2,533,571 (61%), 215 kept/s
48000 games, 1,557,689 kept of 2,536,403 (61%), 215 kept/s
48050 games, 1,557,954 kept of 2,539,044 (61%), 214 kept/s
48100 games, 1,558,188 kept of 2,541,519 (61%), 214 kept/s
48150 games, 1,558,545 kept of 2,544,351 (61%), 214 kept/s
48200 games, 1,558,716 kept of 2,546,728 (61%), 214 kept/s
48250 games, 1,559,100 kept of 2,549,599 (61%), 214 kept/s
48300 games, 1,559,378 kept of 2,552,474 (61%), 214 kept/s
48350 games, 1,559,732 kept of 2,555,241 (61%), 213 kept/s
48400 games, 1,559,925 kept of 2,557,643 (61%), 213 kept/s
48450 games, 1,560,204 kept of 2,560,300 (61%), 213 kept/s
48500 games, 1,560,562 kept of 2,562,764 (61%), 213 kept/s
48550 games, 1,560,909 kept of 2,565,471 (61%), 213 kept/s
48600 games, 1,561,185 kept of 2,568,150 (61%), 212 kept/s
48650 games, 1,561,541 kept of 2,570,915 (61%), 212 kept/s
48700 games, 1,561,759 kept of 2,573,596 (61%), 212 kept/s
48750 games, 1,561,950 kept of 2,576,023 (61%), 212 kept/s
48800 games, 1,562,531 kept of 2,579,081 (61%), 212 kept/s
48850 games, 1,562,818 kept of 2,581,698 (61%), 212 kept/s
48900 games, 1,563,028 kept of 2,584,221 (60%), 211 kept/s
48950 games, 1,563,255 kept of 2,586,863 (60%), 211 kept/s
49000 games, 1,563,570 kept of 2,589,511 (60%), 211 kept/s
49050 games, 1,563,835 kept of 2,592,069 (60%), 211 kept/s
49100 games, 1,564,129 kept of 2,594,748 (60%), 211 kept/s
49150 games, 1,564,629 kept of 2,597,566 (60%), 211 kept/s
49200 games, 1,564,836 kept of 2,600,099 (60%), 210 kept/s
49250 games, 1,565,184 kept of 2,603,050 (60%), 210 kept/s
49300 games, 1,565,472 kept of 2,605,592 (60%), 210 kept/s
49350 games, 1,565,728 kept of 2,608,219 (60%), 210 kept/s
49400 games, 1,566,052 kept of 2,610,665 (60%), 210 kept/s
49450 games, 1,566,552 kept of 2,613,368 (60%), 210 kept/s
49500 games, 1,566,792 kept of 2,616,133 (60%), 209 kept/s
49550 games, 1,567,131 kept of 2,618,823 (60%), 209 kept/s
49600 games, 1,567,345 kept of 2,621,216 (60%), 209 kept/s
49650 games, 1,567,680 kept of 2,623,679 (60%), 209 kept/s
49700 games, 1,568,058 kept of 2,626,090 (60%), 209 kept/s
49750 games, 1,568,330 kept of 2,628,732 (60%), 209 kept/s
49800 games, 1,568,560 kept of 2,631,127 (60%), 208 kept/s
49850 games, 1,568,844 kept of 2,633,469 (60%), 208 kept/s
49900 games, 1,569,125 kept of 2,636,042 (60%), 208 kept/s
49950 games, 1,569,267 kept of 2,638,265 (59%), 208 kept/s
50000 games, 1,569,564 kept of 2,640,972 (59%), 208 kept/s
50050 games, 1,569,830 kept of 2,643,793 (59%), 208 kept/s
50100 games, 1,570,088 kept of 2,645,761 (59%), 207 kept/s
50150 games, 1,570,549 kept of 2,648,537 (59%), 207 kept/s
50200 games, 1,570,895 kept of 2,651,285 (59%), 207 kept/s
50250 games, 1,571,165 kept of 2,653,826 (59%), 207 kept/s
50300 games, 1,571,409 kept of 2,656,525 (59%), 207 kept/s
50350 games, 1,571,888 kept of 2,659,134 (59%), 207 kept/s
50400 games, 1,572,140 kept of 2,661,747 (59%), 206 kept/s
50450 games, 1,572,434 kept of 2,664,317 (59%), 206 kept/s
50500 games, 1,572,681 kept of 2,666,778 (59%), 206 kept/s
50550 games, 1,573,011 kept of 2,669,565 (59%), 206 kept/s
50600 games, 1,573,333 kept of 2,672,319 (59%), 206 kept/s
50650 games, 1,573,590 kept of 2,674,541 (59%), 206 kept/s
50700 games, 1,573,879 kept of 2,677,165 (59%), 205 kept/s
50750 games, 1,574,186 kept of 2,679,869 (59%), 205 kept/s
50800 games, 1,574,585 kept of 2,682,725 (59%), 205 kept/s
50850 games, 1,574,894 kept of 2,685,388 (59%), 205 kept/s
50900 games, 1,575,209 kept of 2,688,107 (59%), 205 kept/s
50950 games, 1,575,416 kept of 2,690,236 (59%), 205 kept/s
51000 games, 1,575,572 kept of 2,692,474 (59%), 205 kept/s
51050 games, 1,576,043 kept of 2,695,340 (58%), 204 kept/s
51100 games, 1,576,471 kept of 2,698,171 (58%), 204 kept/s
51150 games, 1,576,797 kept of 2,700,780 (58%), 204 kept/s
51200 games, 1,577,046 kept of 2,703,053 (58%), 204 kept/s
51250 games, 1,577,364 kept of 2,705,786 (58%), 204 kept/s
51300 games, 1,577,699 kept of 2,708,378 (58%), 204 kept/s
51350 games, 1,577,960 kept of 2,710,725 (58%), 203 kept/s
51400 games, 1,578,282 kept of 2,713,230 (58%), 203 kept/s
51450 games, 1,578,689 kept of 2,715,895 (58%), 203 kept/s
51500 games, 1,578,975 kept of 2,718,669 (58%), 203 kept/s
51550 games, 1,579,283 kept of 2,721,534 (58%), 203 kept/s
51600 games, 1,579,483 kept of 2,723,744 (58%), 203 kept/s
51650 games, 1,579,751 kept of 2,726,481 (58%), 203 kept/s
51700 games, 1,580,075 kept of 2,729,081 (58%), 202 kept/s
51750 games, 1,580,277 kept of 2,731,577 (58%), 202 kept/s
51800 games, 1,580,584 kept of 2,734,170 (58%), 202 kept/s
51850 games, 1,580,770 kept of 2,736,433 (58%), 202 kept/s
51900 games, 1,581,075 kept of 2,738,782 (58%), 202 kept/s
51950 games, 1,581,381 kept of 2,741,382 (58%), 202 kept/s
52000 games, 1,581,581 kept of 2,743,755 (58%), 201 kept/s
52050 games, 1,581,804 kept of 2,746,453 (58%), 201 kept/s
52100 games, 1,582,072 kept of 2,748,848 (58%), 201 kept/s
52150 games, 1,582,438 kept of 2,751,733 (58%), 201 kept/s
52200 games, 1,582,746 kept of 2,754,493 (57%), 201 kept/s
52250 games, 1,583,037 kept of 2,756,895 (57%), 201 kept/s
52300 games, 1,583,386 kept of 2,759,511 (57%), 201 kept/s
52350 games, 1,583,644 kept of 2,762,382 (57%), 200 kept/s
52400 games, 1,583,963 kept of 2,765,098 (57%), 200 kept/s
52450 games, 1,584,538 kept of 2,767,777 (57%), 200 kept/s
52500 games, 1,584,806 kept of 2,770,292 (57%), 200 kept/s
52550 games, 1,585,085 kept of 2,773,400 (57%), 200 kept/s
52600 games, 1,585,451 kept of 2,776,149 (57%), 200 kept/s
52650 games, 1,585,725 kept of 2,778,874 (57%), 199 kept/s
52700 games, 1,586,031 kept of 2,781,591 (57%), 199 kept/s
52750 games, 1,586,350 kept of 2,784,086 (57%), 199 kept/s
52800 games, 1,586,754 kept of 2,786,951 (57%), 199 kept/s
52850 games, 1,587,171 kept of 2,789,836 (57%), 199 kept/s
52900 games, 1,587,393 kept of 2,792,150 (57%), 199 kept/s
52950 games, 1,587,683 kept of 2,794,560 (57%), 199 kept/s
53000 games, 1,587,982 kept of 2,797,734 (57%), 198 kept/s
53050 games, 1,588,276 kept of 2,800,502 (57%), 198 kept/s
53100 games, 1,588,590 kept of 2,803,138 (57%), 198 kept/s
53150 games, 1,588,823 kept of 2,805,681 (57%), 198 kept/s
53200 games, 1,589,246 kept of 2,808,708 (57%), 198 kept/s
53250 games, 1,589,597 kept of 2,811,475 (57%), 198 kept/s
53300 games, 1,589,851 kept of 2,814,432 (56%), 198 kept/s
53350 games, 1,590,127 kept of 2,816,933 (56%), 197 kept/s
53400 games, 1,590,369 kept of 2,819,287 (56%), 197 kept/s
53450 games, 1,590,839 kept of 2,822,074 (56%), 197 kept/s
53500 games, 1,591,082 kept of 2,824,476 (56%), 197 kept/s
53550 games, 1,591,378 kept of 2,826,860 (56%), 197 kept/s
53600 games, 1,591,655 kept of 2,829,452 (56%), 197 kept/s
53650 games, 1,591,877 kept of 2,831,993 (56%), 197 kept/s
53700 games, 1,592,290 kept of 2,834,750 (56%), 196 kept/s
53750 games, 1,592,503 kept of 2,837,351 (56%), 196 kept/s
53800 games, 1,592,694 kept of 2,839,999 (56%), 196 kept/s
53850 games, 1,592,999 kept of 2,842,801 (56%), 196 kept/s
53900 games, 1,593,239 kept of 2,845,199 (56%), 196 kept/s
53950 games, 1,593,491 kept of 2,847,741 (56%), 196 kept/s
54000 games, 1,593,675 kept of 2,850,024 (56%), 195 kept/s
54050 games, 1,593,976 kept of 2,852,664 (56%), 195 kept/s
54100 games, 1,594,291 kept of 2,855,474 (56%), 195 kept/s
54150 games, 1,594,619 kept of 2,858,138 (56%), 195 kept/s
54200 games, 1,594,914 kept of 2,860,738 (56%), 195 kept/s
54250 games, 1,595,112 kept of 2,863,588 (56%), 195 kept/s
54300 games, 1,595,327 kept of 2,866,186 (56%), 195 kept/s
54350 games, 1,595,560 kept of 2,868,548 (56%), 194 kept/s
54400 games, 1,595,903 kept of 2,870,878 (56%), 194 kept/s
54450 games, 1,596,210 kept of 2,873,426 (56%), 194 kept/s
54500 games, 1,596,440 kept of 2,875,866 (56%), 194 kept/s
54550 games, 1,596,716 kept of 2,878,464 (55%), 194 kept/s
54600 games, 1,597,064 kept of 2,881,469 (55%), 194 kept/s
54650 games, 1,597,388 kept of 2,884,217 (55%), 194 kept/s
54700 games, 1,597,758 kept of 2,887,027 (55%), 193 kept/s
54750 games, 1,598,015 kept of 2,889,443 (55%), 193 kept/s
54800 games, 1,598,278 kept of 2,892,204 (55%), 193 kept/s
54850 games, 1,598,560 kept of 2,894,670 (55%), 193 kept/s
54900 games, 1,598,747 kept of 2,897,205 (55%), 193 kept/s
54950 games, 1,598,984 kept of 2,899,819 (55%), 193 kept/s
55000 games, 1,599,198 kept of 2,902,458 (55%), 193 kept/s
55050 games, 1,599,518 kept of 2,904,771 (55%), 193 kept/s
55100 games, 1,599,663 kept of 2,907,165 (55%), 192 kept/s
55150 games, 1,599,933 kept of 2,909,529 (55%), 192 kept/s
55200 games, 1,600,284 kept of 2,912,453 (55%), 192 kept/s
55250 games, 1,600,570 kept of 2,915,261 (55%), 192 kept/s
55300 games, 1,600,828 kept of 2,918,085 (55%), 192 kept/s
55350 games, 1,601,120 kept of 2,920,616 (55%), 192 kept/s
55400 games, 1,601,448 kept of 2,923,229 (55%), 192 kept/s
55450 games, 1,601,720 kept of 2,925,805 (55%), 191 kept/s
55500 games, 1,601,985 kept of 2,928,465 (55%), 191 kept/s
55550 games, 1,602,285 kept of 2,930,972 (55%), 191 kept/s
55600 games, 1,602,623 kept of 2,933,566 (55%), 191 kept/s
55650 games, 1,602,956 kept of 2,936,390 (55%), 191 kept/s
55700 games, 1,603,187 kept of 2,938,752 (55%), 191 kept/s
55750 games, 1,603,406 kept of 2,941,266 (55%), 191 kept/s
55800 games, 1,603,602 kept of 2,943,483 (54%), 190 kept/s
55850 games, 1,603,936 kept of 2,946,109 (54%), 190 kept/s
55900 games, 1,604,408 kept of 2,949,200 (54%), 190 kept/s
55950 games, 1,604,713 kept of 2,952,222 (54%), 190 kept/s
56000 games, 1,604,970 kept of 2,954,608 (54%), 190 kept/s
56050 games, 1,605,359 kept of 2,957,431 (54%), 190 kept/s
56100 games, 1,605,759 kept of 2,960,508 (54%), 190 kept/s
56150 games, 1,606,019 kept of 2,963,082 (54%), 189 kept/s
56200 games, 1,606,283 kept of 2,965,680 (54%), 189 kept/s
56250 games, 1,606,539 kept of 2,968,282 (54%), 189 kept/s
56300 games, 1,606,821 kept of 2,970,808 (54%), 189 kept/s
56350 games, 1,607,117 kept of 2,973,537 (54%), 189 kept/s
56400 games, 1,607,337 kept of 2,975,783 (54%), 189 kept/s
56450 games, 1,607,622 kept of 2,978,414 (54%), 189 kept/s
56500 games, 1,607,882 kept of 2,980,766 (54%), 189 kept/s
56550 games, 1,608,186 kept of 2,983,252 (54%), 188 kept/s
56600 games, 1,608,452 kept of 2,985,647 (54%), 188 kept/s
56650 games, 1,608,816 kept of 2,988,370 (54%), 188 kept/s
56700 games, 1,609,155 kept of 2,991,395 (54%), 188 kept/s
56750 games, 1,609,468 kept of 2,993,829 (54%), 188 kept/s
56800 games, 1,609,768 kept of 2,996,413 (54%), 188 kept/s
56850 games, 1,610,200 kept of 2,999,416 (54%), 188 kept/s
56900 games, 1,610,522 kept of 3,001,899 (54%), 188 kept/s
56950 games, 1,610,705 kept of 3,004,434 (54%), 187 kept/s
57000 games, 1,610,936 kept of 3,006,823 (54%), 187 kept/s
57050 games, 1,611,160 kept of 3,009,149 (54%), 187 kept/s
57100 games, 1,611,454 kept of 3,011,589 (54%), 187 kept/s
57150 games, 1,611,662 kept of 3,014,315 (53%), 187 kept/s
57200 games, 1,612,052 kept of 3,016,707 (53%), 187 kept/s
57250 games, 1,612,489 kept of 3,019,784 (53%), 187 kept/s
57300 games, 1,612,730 kept of 3,022,346 (53%), 187 kept/s
57350 games, 1,612,986 kept of 3,025,009 (53%), 186 kept/s
57400 games, 1,613,389 kept of 3,028,045 (53%), 186 kept/s
57450 games, 1,613,667 kept of 3,030,697 (53%), 186 kept/s
57500 games, 1,613,918 kept of 3,033,235 (53%), 186 kept/s
57550 games, 1,614,202 kept of 3,035,658 (53%), 186 kept/s
57600 games, 1,614,475 kept of 3,038,433 (53%), 186 kept/s
57650 games, 1,614,841 kept of 3,040,810 (53%), 186 kept/s
57700 games, 1,615,286 kept of 3,043,497 (53%), 186 kept/s
57750 games, 1,615,611 kept of 3,046,291 (53%), 185 kept/s
57800 games, 1,615,897 kept of 3,049,104 (53%), 185 kept/s
57850 games, 1,616,244 kept of 3,051,753 (53%), 185 kept/s
57900 games, 1,616,509 kept of 3,054,312 (53%), 185 kept/s
57950 games, 1,616,792 kept of 3,056,918 (53%), 185 kept/s
58000 games, 1,617,089 kept of 3,059,525 (53%), 185 kept/s
58050 games, 1,617,363 kept of 3,061,918 (53%), 185 kept/s
58100 games, 1,617,545 kept of 3,064,396 (53%), 185 kept/s
58150 games, 1,617,819 kept of 3,066,725 (53%), 184 kept/s
58200 games, 1,618,110 kept of 3,068,970 (53%), 184 kept/s
58250 games, 1,618,435 kept of 3,071,805 (53%), 184 kept/s
58300 games, 1,618,902 kept of 3,074,382 (53%), 184 kept/s
58350 games, 1,619,207 kept of 3,077,413 (53%), 184 kept/s
58400 games, 1,619,472 kept of 3,080,025 (53%), 184 kept/s
58450 games, 1,619,806 kept of 3,082,389 (53%), 184 kept/s
58500 games, 1,620,069 kept of 3,084,739 (53%), 184 kept/s
58550 games, 1,620,324 kept of 3,087,261 (52%), 183 kept/s
58600 games, 1,620,507 kept of 3,089,658 (52%), 183 kept/s
58650 games, 1,620,734 kept of 3,091,957 (52%), 183 kept/s
58700 games, 1,621,028 kept of 3,094,641 (52%), 183 kept/s
58750 games, 1,621,236 kept of 3,096,976 (52%), 183 kept/s
58800 games, 1,621,481 kept of 3,099,283 (52%), 183 kept/s
58850 games, 1,621,701 kept of 3,101,807 (52%), 183 kept/s
58900 games, 1,621,918 kept of 3,104,264 (52%), 183 kept/s
58950 games, 1,622,134 kept of 3,106,830 (52%), 183 kept/s
59000 games, 1,622,392 kept of 3,109,625 (52%), 182 kept/s
59050 games, 1,622,652 kept of 3,112,470 (52%), 182 kept/s
59100 games, 1,622,804 kept of 3,115,095 (52%), 182 kept/s
59150 games, 1,623,039 kept of 3,117,885 (52%), 182 kept/s
59200 games, 1,623,355 kept of 3,120,596 (52%), 182 kept/s
59250 games, 1,623,620 kept of 3,123,211 (52%), 182 kept/s
59300 games, 1,623,858 kept of 3,125,954 (52%), 182 kept/s
59350 games, 1,624,172 kept of 3,128,564 (52%), 182 kept/s
59400 games, 1,624,415 kept of 3,131,073 (52%), 181 kept/s
59450 games, 1,624,681 kept of 3,133,991 (52%), 181 kept/s
59500 games, 1,624,926 kept of 3,136,505 (52%), 181 kept/s
59550 games, 1,625,287 kept of 3,138,982 (52%), 181 kept/s
59600 games, 1,625,718 kept of 3,141,741 (52%), 181 kept/s
59650 games, 1,625,933 kept of 3,144,201 (52%), 181 kept/s
59700 games, 1,626,173 kept of 3,146,709 (52%), 181 kept/s
59750 games, 1,626,343 kept of 3,149,546 (52%), 181 kept/s
59800 games, 1,626,590 kept of 3,152,027 (52%), 180 kept/s
59850 games, 1,626,847 kept of 3,154,675 (52%), 180 kept/s
59900 games, 1,627,115 kept of 3,157,208 (52%), 180 kept/s
59950 games, 1,627,496 kept of 3,160,257 (51%), 180 kept/s
60000 games, 1,627,832 kept of 3,163,262 (51%), 180 kept/s
60050 games, 1,628,056 kept of 3,165,792 (51%), 180 kept/s
60100 games, 1,628,326 kept of 3,168,179 (51%), 180 kept/s
60150 games, 1,628,570 kept of 3,170,664 (51%), 180 kept/s
60200 games, 1,628,816 kept of 3,173,484 (51%), 179 kept/s
60250 games, 1,629,087 kept of 3,175,876 (51%), 179 kept/s
60300 games, 1,629,395 kept of 3,178,473 (51%), 179 kept/s
60350 games, 1,629,673 kept of 3,181,011 (51%), 179 kept/s
60400 games, 1,629,992 kept of 3,183,694 (51%), 179 kept/s
60450 games, 1,630,126 kept of 3,185,934 (51%), 179 kept/s
60500 games, 1,630,524 kept of 3,188,687 (51%), 179 kept/s
60550 games, 1,630,801 kept of 3,191,208 (51%), 179 kept/s
60600 games, 1,630,986 kept of 3,193,723 (51%), 179 kept/s
60650 games, 1,631,160 kept of 3,196,213 (51%), 178 kept/s
60700 games, 1,631,497 kept of 3,198,883 (51%), 178 kept/s
60750 games, 1,631,789 kept of 3,201,802 (51%), 178 kept/s
60800 games, 1,632,137 kept of 3,204,424 (51%), 178 kept/s
60850 games, 1,632,424 kept of 3,207,033 (51%), 178 kept/s
60900 games, 1,632,691 kept of 3,209,573 (51%), 178 kept/s
60950 games, 1,632,863 kept of 3,212,148 (51%), 178 kept/s
61000 games, 1,633,387 kept of 3,214,868 (51%), 178 kept/s
61050 games, 1,633,781 kept of 3,217,827 (51%), 178 kept/s
61100 games, 1,634,037 kept of 3,220,499 (51%), 177 kept/s
61150 games, 1,634,364 kept of 3,223,103 (51%), 177 kept/s
61200 games, 1,634,642 kept of 3,225,502 (51%), 177 kept/s
61250 games, 1,634,882 kept of 3,227,891 (51%), 177 kept/s
61300 games, 1,635,072 kept of 3,230,279 (51%), 177 kept/s
61350 games, 1,635,432 kept of 3,233,154 (51%), 177 kept/s
61400 games, 1,635,821 kept of 3,235,875 (51%), 177 kept/s
61450 games, 1,636,316 kept of 3,238,764 (51%), 177 kept/s
61500 games, 1,636,659 kept of 3,241,549 (50%), 177 kept/s
61550 games, 1,636,976 kept of 3,244,216 (50%), 176 kept/s
61600 games, 1,637,199 kept of 3,246,763 (50%), 176 kept/s
61650 games, 1,637,559 kept of 3,249,667 (50%), 176 kept/s
61700 games, 1,637,913 kept of 3,252,406 (50%), 176 kept/s
61750 games, 1,638,089 kept of 3,254,788 (50%), 176 kept/s
61800 games, 1,638,358 kept of 3,257,276 (50%), 176 kept/s
61850 games, 1,638,605 kept of 3,259,941 (50%), 176 kept/s
61900 games, 1,638,858 kept of 3,262,651 (50%), 176 kept/s
61950 games, 1,639,088 kept of 3,265,205 (50%), 176 kept/s
62000 games, 1,639,384 kept of 3,267,976 (50%), 175 kept/s
62050 games, 1,639,708 kept of 3,270,555 (50%), 175 kept/s
62100 games, 1,639,991 kept of 3,273,167 (50%), 175 kept/s
62150 games, 1,640,279 kept of 3,275,958 (50%), 175 kept/s
62200 games, 1,640,501 kept of 3,278,564 (50%), 175 kept/s
62250 games, 1,640,751 kept of 3,281,162 (50%), 175 kept/s
62300 games, 1,641,133 kept of 3,283,989 (50%), 175 kept/s
62350 games, 1,641,373 kept of 3,286,574 (50%), 175 kept/s
62400 games, 1,641,582 kept of 3,289,031 (50%), 175 kept/s
62450 games, 1,641,850 kept of 3,291,668 (50%), 174 kept/s
62500 games, 1,642,253 kept of 3,294,476 (50%), 174 kept/s
62550 games, 1,642,660 kept of 3,297,434 (50%), 174 kept/s
62600 games, 1,642,882 kept of 3,299,880 (50%), 174 kept/s
62650 games, 1,643,206 kept of 3,302,537 (50%), 174 kept/s
62700 games, 1,643,447 kept of 3,305,027 (50%), 174 kept/s
62750 games, 1,643,787 kept of 3,307,754 (50%), 174 kept/s
62800 games, 1,644,157 kept of 3,310,551 (50%), 174 kept/s
62850 games, 1,644,298 kept of 3,312,936 (50%), 174 kept/s
62900 games, 1,644,590 kept of 3,315,529 (50%), 173 kept/s
62950 games, 1,644,897 kept of 3,318,274 (50%), 173 kept/s
63000 games, 1,645,238 kept of 3,320,726 (50%), 173 kept/s
63050 games, 1,645,440 kept of 3,323,379 (50%), 173 kept/s
63100 games, 1,645,712 kept of 3,325,834 (49%), 173 kept/s
63150 games, 1,645,973 kept of 3,328,604 (49%), 173 kept/s
63200 games, 1,646,325 kept of 3,331,544 (49%), 173 kept/s
63250 games, 1,646,686 kept of 3,334,278 (49%), 173 kept/s
63300 games, 1,646,894 kept of 3,336,895 (49%), 173 kept/s
63350 games, 1,647,189 kept of 3,339,450 (49%), 172 kept/s
63400 games, 1,647,439 kept of 3,342,124 (49%), 172 kept/s
63450 games, 1,647,705 kept of 3,344,584 (49%), 172 kept/s
63500 games, 1,647,907 kept of 3,347,062 (49%), 172 kept/s
63550 games, 1,648,220 kept of 3,349,613 (49%), 172 kept/s
63600 games, 1,648,549 kept of 3,352,489 (49%), 172 kept/s
63650 games, 1,648,767 kept of 3,355,095 (49%), 172 kept/s
63700 games, 1,649,155 kept of 3,357,825 (49%), 172 kept/s
63750 games, 1,649,444 kept of 3,360,314 (49%), 172 kept/s
63800 games, 1,649,703 kept of 3,362,611 (49%), 172 kept/s
63850 games, 1,650,052 kept of 3,365,478 (49%), 171 kept/s
63900 games, 1,650,369 kept of 3,368,131 (49%), 171 kept/s
63950 games, 1,650,764 kept of 3,370,995 (49%), 171 kept/s
64000 games, 1,650,997 kept of 3,373,531 (49%), 171 kept/s
64050 games, 1,651,334 kept of 3,376,156 (49%), 171 kept/s
64100 games, 1,651,635 kept of 3,378,894 (49%), 171 kept/s
64150 games, 1,651,854 kept of 3,381,294 (49%), 171 kept/s
64200 games, 1,652,084 kept of 3,384,105 (49%), 171 kept/s
64250 games, 1,652,491 kept of 3,387,210 (49%), 171 kept/s
64300 games, 1,652,738 kept of 3,389,713 (49%), 170 kept/s
64350 games, 1,653,107 kept of 3,392,227 (49%), 170 kept/s
64400 games, 1,653,330 kept of 3,394,748 (49%), 170 kept/s
64450 games, 1,653,628 kept of 3,397,306 (49%), 170 kept/s
64500 games, 1,653,847 kept of 3,399,822 (49%), 170 kept/s
64550 games, 1,654,122 kept of 3,402,442 (49%), 170 kept/s
64600 games, 1,654,433 kept of 3,405,127 (49%), 170 kept/s
64650 games, 1,654,659 kept of 3,407,729 (49%), 170 kept/s
64700 games, 1,655,027 kept of 3,410,451 (49%), 170 kept/s
64750 games, 1,655,418 kept of 3,413,256 (48%), 170 kept/s
64800 games, 1,655,614 kept of 3,415,834 (48%), 169 kept/s
64850 games, 1,655,950 kept of 3,418,757 (48%), 169 kept/s
64900 games, 1,656,206 kept of 3,421,253 (48%), 169 kept/s
64950 games, 1,656,473 kept of 3,423,736 (48%), 169 kept/s
65000 games, 1,656,771 kept of 3,426,651 (48%), 169 kept/s
65050 games, 1,657,191 kept of 3,429,859 (48%), 169 kept/s
65100 games, 1,657,464 kept of 3,432,345 (48%), 169 kept/s
65150 games, 1,657,748 kept of 3,434,969 (48%), 169 kept/s
65200 games, 1,657,989 kept of 3,437,808 (48%), 169 kept/s
65250 games, 1,658,181 kept of 3,440,385 (48%), 169 kept/s
65300 games, 1,658,403 kept of 3,443,162 (48%), 168 kept/s
65350 games, 1,658,777 kept of 3,445,782 (48%), 168 kept/s
65400 games, 1,659,108 kept of 3,448,691 (48%), 168 kept/s
65450 games, 1,659,361 kept of 3,451,364 (48%), 168 kept/s
65500 games, 1,659,594 kept of 3,453,892 (48%), 168 kept/s
65550 games, 1,659,969 kept of 3,456,968 (48%), 168 kept/s
65600 games, 1,660,290 kept of 3,459,809 (48%), 168 kept/s
65650 games, 1,660,510 kept of 3,462,129 (48%), 168 kept/s
65700 games, 1,660,837 kept of 3,464,828 (48%), 168 kept/s
65750 games, 1,661,149 kept of 3,467,264 (48%), 168 kept/s
65800 games, 1,661,547 kept of 3,470,271 (48%), 167 kept/s
65850 games, 1,661,808 kept of 3,472,996 (48%), 167 kept/s
65900 games, 1,662,104 kept of 3,475,459 (48%), 167 kept/s
65950 games, 1,662,453 kept of 3,478,342 (48%), 167 kept/s
66000 games, 1,662,990 kept of 3,481,207 (48%), 167 kept/s
66050 games, 1,663,352 kept of 3,483,902 (48%), 167 kept/s
66100 games, 1,663,624 kept of 3,486,134 (48%), 167 kept/s
66150 games, 1,663,861 kept of 3,488,871 (48%), 167 kept/s
66200 games, 1,664,170 kept of 3,491,573 (48%), 167 kept/s
66250 games, 1,664,440 kept of 3,493,908 (48%), 167 kept/s
66300 games, 1,664,733 kept of 3,496,311 (48%), 167 kept/s
66350 games, 1,664,948 kept of 3,498,600 (48%), 166 kept/s
66400 games, 1,665,267 kept of 3,501,386 (48%), 166 kept/s
66450 games, 1,665,526 kept of 3,504,011 (48%), 166 kept/s
66500 games, 1,665,859 kept of 3,506,655 (48%), 166 kept/s
66550 games, 1,666,199 kept of 3,509,280 (47%), 166 kept/s
66600 games, 1,666,413 kept of 3,511,968 (47%), 166 kept/s
66650 games, 1,666,640 kept of 3,514,294 (47%), 166 kept/s
66700 games, 1,666,937 kept of 3,517,391 (47%), 166 kept/s
66750 games, 1,667,264 kept of 3,520,170 (47%), 166 kept/s
66800 games, 1,667,587 kept of 3,522,819 (47%), 166 kept/s
66850 games, 1,667,752 kept of 3,525,170 (47%), 165 kept/s
66900 games, 1,668,045 kept of 3,527,623 (47%), 165 kept/s
66950 games, 1,668,301 kept of 3,530,110 (47%), 165 kept/s
67000 games, 1,668,526 kept of 3,532,560 (47%), 165 kept/s
67050 games, 1,668,770 kept of 3,534,955 (47%), 165 kept/s
67100 games, 1,669,113 kept of 3,537,734 (47%), 165 kept/s
67150 games, 1,669,415 kept of 3,540,072 (47%), 165 kept/s
67200 games, 1,669,770 kept of 3,542,602 (47%), 165 kept/s
67250 games, 1,670,173 kept of 3,545,654 (47%), 165 kept/s
67300 games, 1,670,400 kept of 3,548,073 (47%), 165 kept/s
67350 games, 1,670,656 kept of 3,550,531 (47%), 165 kept/s
67400 games, 1,670,904 kept of 3,553,279 (47%), 164 kept/s
67450 games, 1,671,115 kept of 3,555,921 (47%), 164 kept/s
67500 games, 1,671,339 kept of 3,558,586 (47%), 164 kept/s
67550 games, 1,671,607 kept of 3,561,264 (47%), 164 kept/s
67600 games, 1,671,840 kept of 3,563,998 (47%), 164 kept/s
67650 games, 1,672,113 kept of 3,566,590 (47%), 164 kept/s
67700 games, 1,672,354 kept of 3,569,268 (47%), 164 kept/s
67750 games, 1,672,692 kept of 3,572,205 (47%), 164 kept/s
67800 games, 1,672,952 kept of 3,574,862 (47%), 164 kept/s
67850 games, 1,673,406 kept of 3,577,636 (47%), 164 kept/s
67900 games, 1,673,749 kept of 3,580,069 (47%), 164 kept/s
67950 games, 1,674,040 kept of 3,582,490 (47%), 163 kept/s
68000 games, 1,674,280 kept of 3,585,024 (47%), 163 kept/s
68050 games, 1,674,587 kept of 3,587,751 (47%), 163 kept/s
68100 games, 1,674,879 kept of 3,590,310 (47%), 163 kept/s
68150 games, 1,675,229 kept of 3,593,211 (47%), 163 kept/s
68200 games, 1,675,445 kept of 3,595,532 (47%), 163 kept/s
68250 games, 1,675,717 kept of 3,598,339 (47%), 163 kept/s
68300 games, 1,675,985 kept of 3,600,906 (47%), 163 kept/s
68350 games, 1,676,195 kept of 3,603,569 (47%), 163 kept/s
68400 games, 1,676,494 kept of 3,606,483 (46%), 163 kept/s
68450 games, 1,676,750 kept of 3,609,108 (46%), 162 kept/s
68500 games, 1,677,018 kept of 3,611,601 (46%), 162 kept/s
68550 games, 1,677,262 kept of 3,614,188 (46%), 162 kept/s
68600 games, 1,677,431 kept of 3,616,281 (46%), 162 kept/s
68650 games, 1,677,541 kept of 3,618,305 (46%), 162 kept/s
68700 games, 1,677,979 kept of 3,621,448 (46%), 162 kept/s
68750 games, 1,678,346 kept of 3,624,363 (46%), 162 kept/s
68800 games, 1,678,644 kept of 3,627,376 (46%), 162 kept/s
68850 games, 1,678,968 kept of 3,630,182 (46%), 162 kept/s
68900 games, 1,679,207 kept of 3,632,608 (46%), 162 kept/s
68950 games, 1,679,474 kept of 3,635,226 (46%), 162 kept/s
69000 games, 1,679,763 kept of 3,637,881 (46%), 161 kept/s
69050 games, 1,680,054 kept of 3,640,577 (46%), 161 kept/s
69100 games, 1,680,277 kept of 3,643,375 (46%), 161 kept/s
69150 games, 1,680,521 kept of 3,646,094 (46%), 161 kept/s
69200 games, 1,680,811 kept of 3,648,693 (46%), 161 kept/s
69250 games, 1,681,047 kept of 3,651,396 (46%), 161 kept/s
69300 games, 1,681,365 kept of 3,653,884 (46%), 161 kept/s
69350 games, 1,681,790 kept of 3,656,711 (46%), 161 kept/s
69400 games, 1,682,154 kept of 3,659,364 (46%), 161 kept/s
69450 games, 1,682,410 kept of 3,661,894 (46%), 161 kept/s
69500 games, 1,682,668 kept of 3,664,486 (46%), 161 kept/s
69550 games, 1,683,033 kept of 3,667,165 (46%), 161 kept/s
69600 games, 1,683,400 kept of 3,669,830 (46%), 160 kept/s
69650 games, 1,683,575 kept of 3,672,504 (46%), 160 kept/s
69700 games, 1,683,867 kept of 3,675,011 (46%), 160 kept/s
69750 games, 1,684,133 kept of 3,677,621 (46%), 160 kept/s
69800 games, 1,684,365 kept of 3,679,959 (46%), 160 kept/s
69850 games, 1,684,724 kept of 3,682,665 (46%), 160 kept/s
69900 games, 1,685,058 kept of 3,685,089 (46%), 160 kept/s
69950 games, 1,685,261 kept of 3,687,552 (46%), 160 kept/s
70000 games, 1,685,579 kept of 3,690,336 (46%), 160 kept/s
70050 games, 1,685,913 kept of 3,692,962 (46%), 160 kept/s
70100 games, 1,686,249 kept of 3,695,728 (46%), 160 kept/s
70150 games, 1,686,472 kept of 3,698,316 (46%), 160 kept/s
70200 games, 1,686,770 kept of 3,700,664 (46%), 159 kept/s
70250 games, 1,687,045 kept of 3,703,300 (46%), 159 kept/s
70300 games, 1,687,516 kept of 3,706,455 (46%), 159 kept/s
70350 games, 1,687,761 kept of 3,708,933 (46%), 159 kept/s
70400 games, 1,688,109 kept of 3,711,813 (45%), 159 kept/s
70450 games, 1,688,361 kept of 3,714,320 (45%), 159 kept/s
70500 games, 1,688,615 kept of 3,716,834 (45%), 159 kept/s
70550 games, 1,688,930 kept of 3,719,876 (45%), 159 kept/s
70600 games, 1,689,276 kept of 3,722,734 (45%), 159 kept/s
70650 games, 1,689,514 kept of 3,725,534 (45%), 159 kept/s
70700 games, 1,689,917 kept of 3,728,209 (45%), 159 kept/s
70750 games, 1,690,207 kept of 3,730,714 (45%), 158 kept/s
70800 games, 1,690,531 kept of 3,733,664 (45%), 158 kept/s
70850 games, 1,690,845 kept of 3,736,785 (45%), 158 kept/s
70900 games, 1,691,072 kept of 3,739,150 (45%), 158 kept/s
70950 games, 1,691,367 kept of 3,742,156 (45%), 158 kept/s
71000 games, 1,691,689 kept of 3,744,881 (45%), 158 kept/s
71050 games, 1,691,998 kept of 3,747,270 (45%), 158 kept/s
71100 games, 1,692,196 kept of 3,749,688 (45%), 158 kept/s
71150 games, 1,692,502 kept of 3,752,354 (45%), 158 kept/s
71200 games, 1,692,725 kept of 3,754,759 (45%), 158 kept/s
71250 games, 1,692,978 kept of 3,757,173 (45%), 158 kept/s
71300 games, 1,693,263 kept of 3,759,467 (45%), 158 kept/s
71350 games, 1,693,603 kept of 3,762,102 (45%), 157 kept/s
71400 games, 1,693,954 kept of 3,765,049 (45%), 157 kept/s
71450 games, 1,694,220 kept of 3,767,747 (45%), 157 kept/s
71500 games, 1,694,424 kept of 3,770,545 (45%), 157 kept/s
71550 games, 1,694,736 kept of 3,773,364 (45%), 157 kept/s
71600 games, 1,695,064 kept of 3,776,160 (45%), 157 kept/s
71650 games, 1,695,471 kept of 3,779,068 (45%), 157 kept/s
71700 games, 1,695,651 kept of 3,781,334 (45%), 157 kept/s
71750 games, 1,695,851 kept of 3,783,809 (45%), 157 kept/s
71800 games, 1,696,055 kept of 3,786,336 (45%), 157 kept/s
71850 games, 1,696,490 kept of 3,789,477 (45%), 157 kept/s
71900 games, 1,696,806 kept of 3,792,306 (45%), 157 kept/s
71950 games, 1,696,982 kept of 3,794,576 (45%), 156 kept/s
72000 games, 1,697,310 kept of 3,797,309 (45%), 156 kept/s
72050 games, 1,697,747 kept of 3,800,037 (45%), 156 kept/s
72100 games, 1,698,161 kept of 3,802,640 (45%), 156 kept/s
72150 games, 1,698,421 kept of 3,804,916 (45%), 156 kept/s
72200 games, 1,698,696 kept of 3,807,466 (45%), 156 kept/s
72250 games, 1,699,050 kept of 3,810,180 (45%), 156 kept/s
72300 games, 1,699,254 kept of 3,812,788 (45%), 156 kept/s
72350 games, 1,699,572 kept of 3,815,483 (45%), 156 kept/s
72400 games, 1,699,916 kept of 3,818,341 (45%), 156 kept/s
done: 72408 games, 1,700,001 kept of 3,818,701 -> data/train.0.csv
histogram |material|: 0:398630 60:404072 120:150692 180:232656 240:104007 300:118483 360:59155 420:60185 480:60474 540:43099 600:68548
