50 games, 2,539 kept of 2,539 (100%), 352 kept/s
100 games, 5,432 kept of 5,432 (100%), 339 kept/s
150 games, 7,857 kept of 7,857 (100%), 341 kept/s
200 games, 10,294 kept of 10,294 (100%), 344 kept/s
250 games, 12,665 kept of 12,665 (100%), 345 kept/s
300 games, 15,671 kept of 15,671 (100%), 348 kept/s
350 games, 18,123 kept of 18,123 (100%), 347 kept/s
400 games, 20,644 kept of 20,644 (100%), 348 kept/s
450 games, 23,389 kept of 23,389 (100%), 349 kept/s
500 games, 25,741 kept of 25,741 (100%), 349 kept/s
550 games, 28,167 kept of 28,167 (100%), 348 kept/s
600 games, 31,059 kept of 31,059 (100%), 349 kept/s
650 games, 33,622 kept of 33,622 (100%), 349 kept/s
700 games, 36,108 kept of 36,108 (100%), 350 kept/s
750 games, 39,069 kept of 39,069 (100%), 350 kept/s
800 games, 42,225 kept of 42,225 (100%), 352 kept/s
850 games, 45,107 kept of 45,107 (100%), 352 kept/s
900 games, 47,801 kept of 47,801 (100%), 352 kept/s
950 games, 49,911 kept of 49,911 (100%), 351 kept/s
1000 games, 52,499 kept of 52,499 (100%), 351 kept/s
1050 games, 55,164 kept of 55,164 (100%), 351 kept/s
1100 games, 57,976 kept of 57,976 (100%), 352 kept/s
1150 games, 60,563 kept of 60,563 (100%), 352 kept/s
1200 games, 63,313 kept of 63,313 (100%), 351 kept/s
1250 games, 65,925 kept of 65,925 (100%), 351 kept/s
1300 games, 68,547 kept of 68,547 (100%), 351 kept/s
1350 games, 71,324 kept of 71,324 (100%), 351 kept/s
1400 games, 73,804 kept of 73,804 (100%), 350 kept/s
1450 games, 76,784 kept of 76,784 (100%), 351 kept/s
1500 games, 79,719 kept of 79,719 (100%), 351 kept/s
1550 games, 82,261 kept of 82,261 (100%), 351 kept/s
1600 games, 84,602 kept of 84,602 (100%), 350 kept/s
1650 games, 87,152 kept of 87,152 (100%), 351 kept/s
1700 games, 89,791 kept of 89,791 (100%), 350 kept/s
1750 games, 92,354 kept of 92,354 (100%), 350 kept/s
1800 games, 95,179 kept of 95,179 (100%), 350 kept/s
1850 games, 98,213 kept of 98,213 (100%), 351 kept/s
1900 games, 100,837 kept of 100,837 (100%), 351 kept/s
1950 games, 103,470 kept of 103,470 (100%), 351 kept/s
2000 games, 105,839 kept of 105,839 (100%), 351 kept/s
2050 games, 108,495 kept of 108,495 (100%), 351 kept/s
2100 games, 111,096 kept of 111,096 (100%), 350 kept/s
2150 games, 113,771 kept of 113,771 (100%), 350 kept/s
2200 games, 116,211 kept of 116,211 (100%), 350 kept/s
2250 games, 118,924 kept of 118,924 (100%), 350 kept/s
2300 games, 121,472 kept of 121,472 (100%), 350 kept/s
2350 games, 124,206 kept of 124,206 (100%), 350 kept/s
2400 games, 127,069 kept of 127,069 (100%), 350 kept/s
2450 games, 129,894 kept of 129,894 (100%), 350 kept/s
2500 games, 132,654 kept of 132,654 (100%), 351 kept/s
2550 games, 135,128 kept of 135,128 (100%), 351 kept/s
2600 games, 137,817 kept of 137,817 (100%), 351 kept/s
2650 games, 140,266 kept of 140,266 (100%), 350 kept/s
2700 games, 142,794 kept of 142,794 (100%), 350 kept/s
2750 games, 145,596 kept of 145,596 (100%), 350 kept/s
2800 games, 148,279 kept of 148,279 (100%), 350 kept/s
2850 games, 150,640 kept of 150,640 (100%), 350 kept/s
2900 games, 153,182 kept of 153,182 (100%), 350 kept/s
2950 games, 155,821 kept of 155,821 (100%), 350 kept/s
3000 games, 158,516 kept of 158,516 (100%), 350 kept/s
3050 games, 161,194 kept of 161,194 (100%), 350 kept/s
3100 games, 164,485 kept of 164,485 (100%), 350 kept/s
3150 games, 167,055 kept of 167,055 (100%), 350 kept/s
3200 games, 169,876 kept of 169,876 (100%), 350 kept/s
3250 games, 172,630 kept of 172,630 (100%), 350 kept/s
3300 games, 175,269 kept of 175,269 (100%), 350 kept/s
3350 games, 177,901 kept of 177,901 (100%), 350 kept/s
3400 games, 180,486 kept of 180,486 (100%), 350 kept/s
3450 games, 183,228 kept of 183,228 (100%), 350 kept/s
3500 games, 185,822 kept of 185,822 (100%), 350 kept/s
3550 games, 188,389 kept of 188,389 (100%), 350 kept/s
3600 games, 190,959 kept of 190,959 (100%), 350 kept/s
3650 games, 193,382 kept of 193,382 (100%), 350 kept/s
3700 games, 196,029 kept of 196,029 (100%), 350 kept/s
3750 games, 198,352 kept of 198,352 (100%), 349 kept/s
3800 games, 201,062 kept of 201,062 (100%), 349 kept/s
3850 games, 203,754 kept of 203,754 (100%), 349 kept/s
3900 games, 205,979 kept of 205,979 (100%), 349 kept/s
3950 games, 208,501 kept of 208,501 (100%), 349 kept/s
4000 games, 211,025 kept of 211,025 (100%), 349 kept/s
4050 games, 213,759 kept of 213,759 (100%), 349 kept/s
4100 games, 216,558 kept of 216,558 (100%), 349 kept/s
4150 games, 219,323 kept of 219,323 (100%), 349 kept/s
4200 games, 222,031 kept of 222,031 (100%), 349 kept/s
4250 games, 224,762 kept of 224,762 (100%), 349 kept/s
4300 games, 227,347 kept of 227,347 (100%), 349 kept/s
4350 games, 229,652 kept of 229,652 (100%), 349 kept/s
4400 games, 232,071 kept of 232,071 (100%), 349 kept/s
4450 games, 235,004 kept of 235,004 (100%), 349 kept/s
4500 games, 237,584 kept of 237,584 (100%), 349 kept/s
4550 games, 240,561 kept of 240,561 (100%), 349 kept/s
4600 games, 243,393 kept of 243,393 (100%), 349 kept/s
4650 games, 245,961 kept of 245,961 (100%), 349 kept/s
4700 games, 248,474 kept of 248,474 (100%), 349 kept/s
4750 games, 251,316 kept of 251,316 (100%), 349 kept/s
4800 games, 254,439 kept of 254,439 (100%), 349 kept/s
4850 games, 257,028 kept of 257,028 (100%), 349 kept/s
4900 games, 259,674 kept of 259,674 (100%), 349 kept/s
4950 games, 262,015 kept of 262,015 (100%), 349 kept/s
5000 games, 264,642 kept of 264,642 (100%), 349 kept/s
5050 games, 267,697 kept of 267,697 (100%), 349 kept/s
5100 games, 270,528 kept of 270,528 (100%), 349 kept/s
5150 games, 273,449 kept of 273,449 (100%), 349 kept/s
5200 games, 276,163 kept of 276,163 (100%), 349 kept/s
5250 games, 278,808 kept of 278,808 (100%), 349 kept/s
5300 games, 281,314 kept of 281,314 (100%), 349 kept/s
5350 games, 283,985 kept of 283,985 (100%), 349 kept/s
5400 games, 286,695 kept of 286,695 (100%), 349 kept/s
5450 games, 289,330 kept of 289,330 (100%), 349 kept/s
5500 games, 291,922 kept of 291,922 (100%), 349 kept/s
5550 games, 294,833 kept of 294,833 (100%), 349 kept/s
5600 games, 297,327 kept of 297,327 (100%), 349 kept/s
5650 games, 300,054 kept of 300,054 (100%), 349 kept/s
5700 games, 302,892 kept of 302,892 (100%), 349 kept/s
5750 games, 305,516 kept of 305,516 (100%), 349 kept/s
5800 games, 308,163 kept of 308,163 (100%), 349 kept/s
5850 games, 310,705 kept of 310,705 (100%), 349 kept/s
5900 games, 313,305 kept of 313,305 (100%), 349 kept/s
5950 games, 315,333 kept of 315,333 (100%), 349 kept/s
6000 games, 317,692 kept of 317,692 (100%), 349 kept/s
6050 games, 320,080 kept of 320,080 (100%), 349 kept/s
6100 games, 322,396 kept of 322,396 (100%), 349 kept/s
6150 games, 325,041 kept of 325,041 (100%), 349 kept/s
6200 games, 327,721 kept of 327,721 (100%), 349 kept/s
6250 games, 330,157 kept of 330,157 (100%), 349 kept/s
6300 games, 332,949 kept of 332,949 (100%), 349 kept/s
6350 games, 335,540 kept of 335,540 (100%), 349 kept/s
6400 games, 337,766 kept of 337,766 (100%), 349 kept/s
6450 games, 340,943 kept of 340,943 (100%), 349 kept/s
6500 games, 343,610 kept of 343,610 (100%), 349 kept/s
6550 games, 346,105 kept of 346,105 (100%), 349 kept/s
6600 games, 348,563 kept of 348,563 (100%), 349 kept/s
6650 games, 351,097 kept of 351,097 (100%), 349 kept/s
6700 games, 353,565 kept of 353,565 (100%), 349 kept/s
6750 games, 356,613 kept of 356,613 (100%), 349 kept/s
6800 games, 359,179 kept of 359,179 (100%), 349 kept/s
6850 games, 361,582 kept of 361,582 (100%), 349 kept/s
6900 games, 364,157 kept of 364,157 (100%), 349 kept/s
6950 games, 366,677 kept of 366,677 (100%), 349 kept/s
7000 games, 369,104 kept of 369,104 (100%), 349 kept/s
7050 games, 371,662 kept of 371,662 (100%), 349 kept/s
7100 games, 374,334 kept of 374,334 (100%), 349 kept/s
7150 games, 376,980 kept of 376,980 (100%), 349 kept/s
7200 games, 379,727 kept of 379,727 (100%), 349 kept/s
7250 games, 382,393 kept of 382,393 (100%), 349 kept/s
7300 games, 384,972 kept of 384,972 (100%), 349 kept/s
7350 games, 387,638 kept of 387,638 (100%), 349 kept/s
7400 games, 390,516 kept of 390,516 (100%), 349 kept/s
7450 games, 393,390 kept of 393,390 (100%), 349 kept/s
7500 games, 395,850 kept of 395,850 (100%), 349 kept/s
7550 games, 398,377 kept of 398,377 (100%), 349 kept/s
7600 games, 400,700 kept of 400,700 (100%), 349 kept/s
7650 games, 403,187 kept of 403,187 (100%), 349 kept/s
7700 games, 406,266 kept of 406,266 (100%), 349 kept/s
7750 games, 408,648 kept of 408,648 (100%), 349 kept/s
7800 games, 411,350 kept of 411,350 (100%), 349 kept/s
7850 games, 413,825 kept of 413,825 (100%), 349 kept/s
7900 games, 416,357 kept of 416,357 (100%), 349 kept/s
7950 games, 419,124 kept of 419,124 (100%), 349 kept/s
8000 games, 421,848 kept of 421,848 (100%), 349 kept/s
8050 games, 424,602 kept of 424,602 (100%), 349 kept/s
8100 games, 426,833 kept of 426,833 (100%), 349 kept/s
8150 games, 429,433 kept of 429,433 (100%), 349 kept/s
8200 games, 431,861 kept of 431,861 (100%), 349 kept/s
8250 games, 434,326 kept of 434,326 (100%), 349 kept/s
8300 games, 436,987 kept of 436,987 (100%), 349 kept/s
8350 games, 439,685 kept of 439,685 (100%), 349 kept/s
8400 games, 442,197 kept of 442,197 (100%), 349 kept/s
8450 games, 444,726 kept of 444,726 (100%), 349 kept/s
8500 games, 447,259 kept of 447,259 (100%), 349 kept/s
8550 games, 449,994 kept of 449,994 (100%), 349 kept/s
8600 games, 452,480 kept of 452,480 (100%), 349 kept/s
8650 games, 455,313 kept of 455,313 (100%), 349 kept/s
8700 games, 458,172 kept of 458,172 (100%), 349 kept/s
8750 games, 460,794 kept of 460,794 (100%), 349 kept/s
8800 games, 463,574 kept of 463,574 (100%), 349 kept/s
8850 games, 466,006 kept of 466,006 (100%), 349 kept/s
8900 games, 468,657 kept of 468,657 (100%), 349 kept/s
8950 games, 471,654 kept of 471,654 (100%), 349 kept/s
9000 games, 474,387 kept of 474,387 (100%), 349 kept/s
9050 games, 477,120 kept of 477,120 (100%), 349 kept/s
9100 games, 479,448 kept of 479,448 (100%), 349 kept/s
9150 games, 481,775 kept of 481,775 (100%), 349 kept/s
9200 games, 483,922 kept of 483,922 (100%), 349 kept/s
9250 games, 486,351 kept of 486,351 (100%), 349 kept/s
9300 games, 488,653 kept of 488,653 (100%), 349 kept/s
9350 games, 491,463 kept of 491,463 (100%), 349 kept/s
9400 games, 494,083 kept of 494,083 (100%), 349 kept/s
9450 games, 496,639 kept of 496,639 (100%), 349 kept/s
9500 games, 499,045 kept of 499,045 (100%), 348 kept/s
9550 games, 502,221 kept of 502,221 (100%), 348 kept/s
9600 games, 505,059 kept of 505,059 (100%), 349 kept/s
9650 games, 507,686 kept of 507,686 (100%), 349 kept/s
9700 games, 510,542 kept of 510,542 (100%), 349 kept/s
9750 games, 513,447 kept of 513,447 (100%), 349 kept/s
9800 games, 516,190 kept of 516,190 (100%), 349 kept/s
9850 games, 518,834 kept of 518,834 (100%), 349 kept/s
9900 games, 521,140 kept of 521,140 (100%), 349 kept/s
9950 games, 523,687 kept of 523,687 (100%), 349 kept/s
10000 games, 526,297 kept of 526,297 (100%), 349 kept/s
10050 games, 528,981 kept of 528,981 (100%), 349 kept/s
10100 games, 531,805 kept of 531,805 (100%), 349 kept/s
10150 games, 534,370 kept of 534,370 (100%), 349 kept/s
10200 games, 537,327 kept of 537,327 (100%), 349 kept/s
10250 games, 539,820 kept of 539,820 (100%), 349 kept/s
10300 games, 542,069 kept of 542,069 (100%), 349 kept/s
10350 games, 544,717 kept of 544,717 (100%), 349 kept/s
10400 games, 547,288 kept of 547,288 (100%), 349 kept/s
10450 games, 549,990 kept of 549,990 (100%), 349 kept/s
10500 games, 552,661 kept of 552,661 (100%), 349 kept/s
10550 games, 555,551 kept of 555,551 (100%), 349 kept/s
10600 games, 558,670 kept of 558,670 (100%), 349 kept/s
10650 games, 561,094 kept of 561,094 (100%), 349 kept/s
10700 games, 563,924 kept of 563,924 (100%), 349 kept/s
10750 games, 566,338 kept of 566,338 (100%), 349 kept/s
10800 games, 568,575 kept of 568,575 (100%), 349 kept/s
10850 games, 571,172 kept of 571,172 (100%), 349 kept/s
10900 games, 573,821 kept of 573,821 (100%), 349 kept/s
10950 games, 576,675 kept of 576,675 (100%), 349 kept/s
11000 games, 579,887 kept of 579,887 (100%), 349 kept/s
11050 games, 582,447 kept of 582,447 (100%), 349 kept/s
11100 games, 584,761 kept of 584,761 (100%), 349 kept/s
11150 games, 587,379 kept of 587,379 (100%), 349 kept/s
11200 games, 589,970 kept of 589,970 (100%), 349 kept/s
11250 games, 592,900 kept of 592,900 (100%), 349 kept/s
11300 games, 595,756 kept of 595,756 (100%), 349 kept/s
11350 games, 598,237 kept of 598,237 (100%), 349 kept/s
11400 games, 600,651 kept of 600,651 (100%), 349 kept/s
11450 games, 603,246 kept of 603,315 (100%), 349 kept/s
11500 games, 605,890 kept of 606,224 (100%), 348 kept/s
11550 games, 608,386 kept of 608,954 (100%), 348 kept/s
11600 games, 610,935 kept of 611,697 (100%), 348 kept/s
11650 games, 613,268 kept of 614,277 (100%), 348 kept/s
11700 games, 615,455 kept of 616,666 (100%), 348 kept/s
11750 games, 618,105 kept of 619,478 (100%), 348 kept/s
11800 games, 620,550 kept of 622,119 (100%), 348 kept/s
11850 games, 622,804 kept of 624,662 (100%), 348 kept/s
11900 games, 625,086 kept of 627,176 (100%), 348 kept/s
11950 games, 627,662 kept of 629,917 (100%), 347 kept/s
12000 games, 629,692 kept of 632,208 (100%), 347 kept/s
12050 games, 631,974 kept of 634,686 (100%), 347 kept/s
12100 games, 634,136 kept of 637,081 (100%), 347 kept/s
12150 games, 636,819 kept of 640,060 (99%), 347 kept/s
12200 games, 639,170 kept of 642,617 (99%), 347 kept/s
12250 games, 641,707 kept of 645,322 (99%), 347 kept/s
12300 games, 644,226 kept of 648,076 (99%), 347 kept/s
12350 games, 646,373 kept of 650,427 (99%), 347 kept/s
12400 games, 648,914 kept of 653,174 (99%), 346 kept/s
12450 games, 651,601 kept of 656,076 (99%), 346 kept/s
12500 games, 654,089 kept of 658,778 (99%), 346 kept/s
12550 games, 656,729 kept of 661,585 (99%), 346 kept/s
12600 games, 659,612 kept of 664,646 (99%), 346 kept/s
12650 games, 662,318 kept of 667,564 (99%), 346 kept/s
12700 games, 664,608 kept of 670,125 (99%), 346 kept/s
12750 games, 667,083 kept of 672,785 (99%), 346 kept/s
12800 games, 669,368 kept of 675,239 (99%), 346 kept/s
12850 games, 671,864 kept of 677,923 (99%), 346 kept/s
12900 games, 674,521 kept of 680,761 (99%), 346 kept/s
12950 games, 677,167 kept of 683,685 (99%), 346 kept/s
13000 games, 679,496 kept of 686,246 (99%), 345 kept/s
13050 games, 681,955 kept of 688,898 (99%), 345 kept/s
13100 games, 684,614 kept of 691,803 (99%), 345 kept/s
13150 games, 686,743 kept of 694,088 (99%), 345 kept/s
13200 games, 689,279 kept of 696,834 (99%), 345 kept/s
13250 games, 691,565 kept of 699,284 (99%), 345 kept/s
13300 games, 694,191 kept of 702,197 (99%), 345 kept/s
13350 games, 696,727 kept of 704,892 (99%), 345 kept/s
13400 games, 699,066 kept of 707,500 (99%), 345 kept/s
13450 games, 701,470 kept of 710,098 (99%), 345 kept/s
13500 games, 704,018 kept of 712,860 (99%), 345 kept/s
13550 games, 706,616 kept of 715,665 (99%), 345 kept/s
13600 games, 708,877 kept of 718,114 (99%), 344 kept/s
13650 games, 711,264 kept of 720,761 (99%), 344 kept/s
13700 games, 713,577 kept of 723,275 (99%), 344 kept/s
13750 games, 715,870 kept of 725,782 (99%), 344 kept/s
13800 games, 718,281 kept of 728,422 (99%), 344 kept/s
13850 games, 720,779 kept of 731,135 (99%), 344 kept/s
13900 games, 722,958 kept of 733,582 (99%), 344 kept/s
13950 games, 725,471 kept of 736,334 (99%), 344 kept/s
14000 games, 727,987 kept of 739,155 (98%), 344 kept/s
14050 games, 730,540 kept of 741,905 (98%), 344 kept/s
14100 games, 732,856 kept of 744,429 (98%), 344 kept/s
14150 games, 735,297 kept of 747,074 (98%), 343 kept/s
14200 games, 737,643 kept of 749,627 (98%), 343 kept/s
14250 games, 739,745 kept of 752,026 (98%), 343 kept/s
14300 games, 742,026 kept of 754,458 (98%), 343 kept/s
14350 games, 744,833 kept of 757,458 (98%), 343 kept/s
14400 games, 747,646 kept of 760,477 (98%), 343 kept/s
14450 games, 749,866 kept of 762,957 (98%), 343 kept/s
14500 games, 752,340 kept of 765,688 (98%), 343 kept/s
14550 games, 754,969 kept of 768,544 (98%), 343 kept/s
14600 games, 757,243 kept of 771,078 (98%), 343 kept/s
14650 games, 759,414 kept of 773,491 (98%), 343 kept/s
14700 games, 761,916 kept of 776,187 (98%), 342 kept/s
14750 games, 764,012 kept of 778,539 (98%), 342 kept/s
14800 games, 766,443 kept of 781,208 (98%), 342 kept/s
14850 games, 768,582 kept of 783,621 (98%), 342 kept/s
14900 games, 771,129 kept of 786,388 (98%), 342 kept/s
14950 games, 773,437 kept of 788,909 (98%), 342 kept/s
15000 games, 775,764 kept of 791,482 (98%), 342 kept/s
15050 games, 778,097 kept of 794,102 (98%), 342 kept/s
15100 games, 780,439 kept of 796,725 (98%), 342 kept/s
15150 games, 782,865 kept of 799,433 (98%), 342 kept/s
15200 games, 785,459 kept of 802,252 (98%), 342 kept/s
15250 games, 788,201 kept of 805,211 (98%), 342 kept/s
15300 games, 790,325 kept of 807,600 (98%), 341 kept/s
15350 games, 792,758 kept of 810,249 (98%), 341 kept/s
15400 games, 795,206 kept of 812,894 (98%), 341 kept/s
15450 games, 797,418 kept of 815,365 (98%), 341 kept/s
15500 games, 800,204 kept of 818,330 (98%), 341 kept/s
15550 games, 802,695 kept of 821,007 (98%), 341 kept/s
15600 games, 805,120 kept of 823,645 (98%), 341 kept/s
15650 games, 807,216 kept of 826,005 (98%), 341 kept/s
15700 games, 809,880 kept of 828,893 (98%), 341 kept/s
15750 games, 812,573 kept of 831,774 (98%), 341 kept/s
15800 games, 814,826 kept of 834,242 (98%), 341 kept/s
15850 games, 817,263 kept of 836,972 (98%), 341 kept/s
15900 games, 819,331 kept of 839,301 (98%), 341 kept/s
15950 games, 822,136 kept of 842,310 (98%), 341 kept/s
16000 games, 824,672 kept of 845,100 (98%), 341 kept/s
16050 games, 827,078 kept of 847,640 (98%), 341 kept/s
16100 games, 829,460 kept of 850,226 (98%), 341 kept/s
16150 games, 831,914 kept of 852,951 (98%), 340 kept/s
16200 games, 834,489 kept of 855,741 (98%), 340 kept/s
16250 games, 837,018 kept of 858,520 (97%), 340 kept/s
16300 games, 839,644 kept of 861,333 (97%), 340 kept/s
16350 games, 841,924 kept of 863,867 (97%), 340 kept/s
16400 games, 844,216 kept of 866,464 (97%), 340 kept/s
16450 games, 846,668 kept of 869,150 (97%), 340 kept/s
16500 games, 849,499 kept of 872,184 (97%), 340 kept/s
16550 games, 851,885 kept of 874,780 (97%), 340 kept/s
16600 games, 854,291 kept of 877,420 (97%), 340 kept/s
16650 games, 856,658 kept of 879,988 (97%), 340 kept/s
16700 games, 859,024 kept of 882,562 (97%), 340 kept/s
16750 games, 861,616 kept of 885,386 (97%), 340 kept/s
16800 games, 863,949 kept of 887,967 (97%), 340 kept/s
16850 games, 866,557 kept of 890,734 (97%), 340 kept/s
16900 games, 868,910 kept of 893,275 (97%), 339 kept/s
16950 games, 871,372 kept of 895,960 (97%), 339 kept/s
17000 games, 873,884 kept of 898,734 (97%), 339 kept/s
17050 games, 876,243 kept of 901,414 (97%), 339 kept/s
17100 games, 878,750 kept of 904,119 (97%), 339 kept/s
17150 games, 881,235 kept of 906,830 (97%), 339 kept/s
17200 games, 883,535 kept of 909,377 (97%), 339 kept/s
17250 games, 886,256 kept of 912,280 (97%), 339 kept/s
17300 games, 888,627 kept of 914,870 (97%), 339 kept/s
17350 games, 891,232 kept of 917,677 (97%), 339 kept/s
17400 games, 893,539 kept of 920,185 (97%), 339 kept/s
17450 games, 896,186 kept of 923,036 (97%), 339 kept/s
17500 games, 898,653 kept of 925,720 (97%), 339 kept/s
17550 games, 901,181 kept of 928,390 (97%), 339 kept/s
17600 games, 903,625 kept of 931,100 (97%), 339 kept/s
17650 games, 906,017 kept of 933,700 (97%), 339 kept/s
17700 games, 908,533 kept of 936,463 (97%), 339 kept/s
17750 games, 910,989 kept of 939,113 (97%), 339 kept/s
17800 games, 913,200 kept of 941,533 (97%), 339 kept/s
17850 games, 915,531 kept of 944,103 (97%), 339 kept/s
17900 games, 917,850 kept of 946,594 (97%), 339 kept/s
17950 games, 920,205 kept of 949,168 (97%), 338 kept/s
18000 games, 922,663 kept of 951,868 (97%), 338 kept/s
18050 games, 925,436 kept of 954,861 (97%), 338 kept/s
18100 games, 927,764 kept of 957,454 (97%), 338 kept/s
18150 games, 930,090 kept of 960,044 (97%), 338 kept/s
18200 games, 932,281 kept of 962,426 (97%), 338 kept/s
18250 games, 934,233 kept of 964,618 (97%), 338 kept/s
18300 games, 936,532 kept of 967,184 (97%), 338 kept/s
18350 games, 938,774 kept of 969,660 (97%), 338 kept/s
18400 games, 940,899 kept of 971,986 (97%), 338 kept/s
18450 games, 943,372 kept of 974,703 (97%), 338 kept/s
18500 games, 945,900 kept of 977,506 (97%), 338 kept/s
18550 games, 948,273 kept of 980,122 (97%), 338 kept/s
18600 games, 950,672 kept of 982,784 (97%), 338 kept/s
18650 games, 953,181 kept of 985,460 (97%), 338 kept/s
18700 games, 955,887 kept of 988,314 (97%), 338 kept/s
18750 games, 958,172 kept of 990,822 (97%), 338 kept/s
18800 games, 960,259 kept of 993,197 (97%), 338 kept/s
18850 games, 962,956 kept of 996,061 (97%), 338 kept/s
18900 games, 965,598 kept of 998,913 (97%), 338 kept/s
18950 games, 967,808 kept of 1,001,317 (97%), 337 kept/s
19000 games, 970,289 kept of 1,004,041 (97%), 337 kept/s
19050 games, 972,615 kept of 1,006,592 (97%), 337 kept/s
19100 games, 974,869 kept of 1,009,128 (97%), 337 kept/s
19150 games, 977,659 kept of 1,012,198 (97%), 337 kept/s
19200 games, 980,074 kept of 1,014,822 (97%), 337 kept/s
19250 games, 982,321 kept of 1,017,375 (97%), 337 kept/s
19300 games, 984,221 kept of 1,019,548 (97%), 337 kept/s
19350 games, 986,787 kept of 1,022,319 (97%), 337 kept/s
19400 games, 989,242 kept of 1,024,969 (97%), 337 kept/s
19450 games, 991,867 kept of 1,027,746 (97%), 337 kept/s
19500 games, 994,207 kept of 1,030,293 (96%), 337 kept/s
19550 games, 996,482 kept of 1,032,829 (96%), 337 kept/s
19600 games, 998,907 kept of 1,035,510 (96%), 337 kept/s
19650 games, 1,001,528 kept of 1,038,366 (96%), 337 kept/s
19700 games, 1,003,789 kept of 1,040,798 (96%), 337 kept/s
19750 games, 1,006,456 kept of 1,043,596 (96%), 337 kept/s
19800 games, 1,009,142 kept of 1,046,560 (96%), 337 kept/s
19850 games, 1,011,554 kept of 1,049,121 (96%), 337 kept/s
19900 games, 1,013,964 kept of 1,051,697 (96%), 337 kept/s
19950 games, 1,016,569 kept of 1,054,507 (96%), 337 kept/s
20000 games, 1,018,904 kept of 1,057,040 (96%), 337 kept/s
20050 games, 1,021,237 kept of 1,059,641 (96%), 337 kept/s
20100 games, 1,023,698 kept of 1,062,288 (96%), 337 kept/s
20150 games, 1,026,178 kept of 1,064,996 (96%), 337 kept/s
20200 games, 1,028,562 kept of 1,067,608 (96%), 336 kept/s
20250 games, 1,030,770 kept of 1,070,002 (96%), 336 kept/s
20300 games, 1,033,233 kept of 1,072,644 (96%), 336 kept/s
20350 games, 1,035,831 kept of 1,075,466 (96%), 336 kept/s
20400 games, 1,038,325 kept of 1,078,106 (96%), 336 kept/s
20450 games, 1,040,705 kept of 1,080,707 (96%), 336 kept/s
20500 games, 1,043,015 kept of 1,083,219 (96%), 336 kept/s
20550 games, 1,045,459 kept of 1,085,892 (96%), 336 kept/s
20600 games, 1,047,821 kept of 1,088,497 (96%), 336 kept/s
20650 games, 1,050,220 kept of 1,091,092 (96%), 336 kept/s
20700 games, 1,052,574 kept of 1,093,680 (96%), 336 kept/s
20750 games, 1,055,113 kept of 1,096,493 (96%), 336 kept/s
20800 games, 1,057,470 kept of 1,099,108 (96%), 336 kept/s
20850 games, 1,060,041 kept of 1,101,864 (96%), 336 kept/s
20900 games, 1,062,737 kept of 1,104,785 (96%), 336 kept/s
20950 games, 1,065,274 kept of 1,107,531 (96%), 336 kept/s
21000 games, 1,067,438 kept of 1,109,936 (96%), 336 kept/s
21050 games, 1,069,668 kept of 1,112,356 (96%), 336 kept/s
21100 games, 1,071,683 kept of 1,114,661 (96%), 336 kept/s
21150 games, 1,074,019 kept of 1,117,267 (96%), 336 kept/s
21200 games, 1,076,442 kept of 1,119,889 (96%), 336 kept/s
21250 games, 1,079,052 kept of 1,122,755 (96%), 336 kept/s
21300 games, 1,081,752 kept of 1,125,675 (96%), 336 kept/s
21350 games, 1,084,385 kept of 1,128,532 (96%), 336 kept/s
21400 games, 1,087,096 kept of 1,131,529 (96%), 336 kept/s
21450 games, 1,089,393 kept of 1,134,088 (96%), 336 kept/s
21500 games, 1,091,845 kept of 1,136,706 (96%), 336 kept/s
21550 games, 1,094,380 kept of 1,139,502 (96%), 335 kept/s
21600 games, 1,096,648 kept of 1,141,919 (96%), 335 kept/s
21650 games, 1,098,669 kept of 1,144,064 (96%), 335 kept/s
21700 games, 1,101,118 kept of 1,146,805 (96%), 335 kept/s
21750 games, 1,103,408 kept of 1,149,321 (96%), 335 kept/s
21800 games, 1,105,475 kept of 1,151,596 (96%), 335 kept/s
21850 games, 1,107,724 kept of 1,154,044 (96%), 335 kept/s
21900 games, 1,110,014 kept of 1,156,483 (96%), 335 kept/s
21950 games, 1,112,306 kept of 1,158,964 (96%), 335 kept/s
22000 games, 1,114,759 kept of 1,161,659 (96%), 335 kept/s
22050 games, 1,117,014 kept of 1,164,196 (96%), 335 kept/s
22100 games, 1,119,453 kept of 1,166,875 (96%), 335 kept/s
22150 games, 1,121,750 kept of 1,169,413 (96%), 335 kept/s
22200 games, 1,124,086 kept of 1,171,949 (96%), 335 kept/s
22250 games, 1,126,569 kept of 1,174,664 (96%), 335 kept/s
22300 games, 1,129,305 kept of 1,177,682 (96%), 335 kept/s
22350 games, 1,131,624 kept of 1,180,221 (96%), 335 kept/s
22400 games, 1,133,702 kept of 1,182,477 (96%), 335 kept/s
22450 games, 1,136,227 kept of 1,185,263 (96%), 335 kept/s
22500 games, 1,138,896 kept of 1,188,162 (96%), 335 kept/s
22550 games, 1,141,051 kept of 1,190,567 (96%), 335 kept/s
22600 games, 1,142,855 kept of 1,193,224 (96%), 335 kept/s
22650 games, 1,144,550 kept of 1,195,927 (96%), 334 kept/s
22700 games, 1,146,230 kept of 1,198,815 (96%), 334 kept/s
22750 games, 1,147,580 kept of 1,201,131 (96%), 334 kept/s
22800 games, 1,149,313 kept of 1,203,884 (95%), 333 kept/s
22850 games, 1,150,761 kept of 1,206,389 (95%), 333 kept/s
22900 games, 1,152,251 kept of 1,208,863 (95%), 333 kept/s
22950 games, 1,153,696 kept of 1,211,260 (95%), 333 kept/s
23000 games, 1,155,314 kept of 1,214,136 (95%), 332 kept/s
23050 games, 1,156,891 kept of 1,216,897 (95%), 332 kept/s
23100 games, 1,158,436 kept of 1,219,503 (95%), 332 kept/s
23150 games, 1,160,441 kept of 1,222,639 (95%), 332 kept/s
23200 games, 1,161,875 kept of 1,225,192 (95%), 331 kept/s
23250 games, 1,163,361 kept of 1,227,757 (95%), 331 kept/s
23300 games, 1,165,018 kept of 1,230,588 (95%), 331 kept/s
23350 games, 1,166,414 kept of 1,233,107 (95%), 330 kept/s
23400 games, 1,168,438 kept of 1,236,065 (95%), 330 kept/s
23450 games, 1,170,362 kept of 1,239,066 (94%), 330 kept/s
23500 games, 1,171,828 kept of 1,241,513 (94%), 330 kept/s
23550 games, 1,173,583 kept of 1,244,274 (94%), 330 kept/s
23600 games, 1,175,097 kept of 1,247,047 (94%), 329 kept/s
23650 games, 1,176,414 kept of 1,249,372 (94%), 329 kept/s
23700 games, 1,178,203 kept of 1,252,358 (94%), 329 kept/s
23750 games, 1,179,897 kept of 1,255,076 (94%), 328 kept/s
23800 games, 1,181,665 kept of 1,257,901 (94%), 328 kept/s
23850 games, 1,183,111 kept of 1,260,368 (94%), 328 kept/s
23900 games, 1,184,568 kept of 1,262,837 (94%), 328 kept/s
23950 games, 1,186,098 kept of 1,265,358 (94%), 328 kept/s
24000 games, 1,187,478 kept of 1,267,624 (94%), 327 kept/s
24050 games, 1,188,888 kept of 1,269,886 (94%), 327 kept/s
24100 games, 1,190,422 kept of 1,272,436 (94%), 327 kept/s
24150 games, 1,191,828 kept of 1,274,971 (93%), 327 kept/s
24200 games, 1,193,510 kept of 1,277,705 (93%), 326 kept/s
24250 games, 1,195,220 kept of 1,280,465 (93%), 326 kept/s
24300 games, 1,196,740 kept of 1,282,904 (93%), 326 kept/s
24350 games, 1,198,423 kept of 1,285,748 (93%), 326 kept/s
24400 games, 1,199,669 kept of 1,288,170 (93%), 325 kept/s
24450 games, 1,201,042 kept of 1,290,641 (93%), 325 kept/s
24500 games, 1,202,583 kept of 1,293,244 (93%), 325 kept/s
24550 games, 1,203,810 kept of 1,295,549 (93%), 325 kept/s
24600 games, 1,205,482 kept of 1,298,234 (93%), 324 kept/s
24650 games, 1,206,970 kept of 1,300,781 (93%), 324 kept/s
24700 games, 1,208,388 kept of 1,303,223 (93%), 324 kept/s
24750 games, 1,209,933 kept of 1,305,735 (93%), 324 kept/s
24800 games, 1,211,575 kept of 1,308,466 (93%), 324 kept/s
24850 games, 1,212,981 kept of 1,310,979 (93%), 323 kept/s
24900 games, 1,214,302 kept of 1,313,368 (92%), 323 kept/s
24950 games, 1,216,005 kept of 1,316,050 (92%), 323 kept/s
25000 games, 1,217,528 kept of 1,318,448 (92%), 323 kept/s
25050 games, 1,219,219 kept of 1,321,144 (92%), 322 kept/s
25100 games, 1,220,630 kept of 1,323,491 (92%), 322 kept/s
25150 games, 1,222,357 kept of 1,326,344 (92%), 322 kept/s
25200 games, 1,223,727 kept of 1,328,949 (92%), 322 kept/s
25250 games, 1,225,425 kept of 1,331,722 (92%), 322 kept/s
25300 games, 1,226,936 kept of 1,334,186 (92%), 321 kept/s
25350 games, 1,228,953 kept of 1,337,342 (92%), 321 kept/s
25400 games, 1,230,357 kept of 1,339,822 (92%), 321 kept/s
25450 games, 1,231,979 kept of 1,342,557 (92%), 321 kept/s
25500 games, 1,233,593 kept of 1,345,550 (92%), 320 kept/s
25550 games, 1,235,249 kept of 1,348,256 (92%), 320 kept/s
25600 games, 1,237,006 kept of 1,351,056 (92%), 320 kept/s
25650 games, 1,238,797 kept of 1,353,701 (92%), 320 kept/s
25700 games, 1,240,374 kept of 1,356,217 (91%), 320 kept/s
25750 games, 1,241,918 kept of 1,358,802 (91%), 319 kept/s
25800 games, 1,243,417 kept of 1,361,271 (91%), 319 kept/s
25850 games, 1,245,040 kept of 1,363,841 (91%), 319 kept/s
25900 games, 1,246,850 kept of 1,366,856 (91%), 319 kept/s
25950 games, 1,248,586 kept of 1,369,571 (91%), 319 kept/s
26000 games, 1,250,220 kept of 1,372,371 (91%), 318 kept/s
26050 games, 1,251,764 kept of 1,375,046 (91%), 318 kept/s
26100 games, 1,253,410 kept of 1,377,622 (91%), 318 kept/s
26150 games, 1,254,859 kept of 1,380,147 (91%), 318 kept/s
26200 games, 1,256,587 kept of 1,382,907 (91%), 318 kept/s
26250 games, 1,258,333 kept of 1,385,704 (91%), 317 kept/s
26300 games, 1,259,932 kept of 1,388,480 (91%), 317 kept/s
26350 games, 1,261,246 kept of 1,390,771 (91%), 317 kept/s
26400 games, 1,262,550 kept of 1,393,126 (91%), 317 kept/s
26450 games, 1,264,152 kept of 1,395,978 (91%), 317 kept/s
26500 games, 1,265,719 kept of 1,398,551 (91%), 316 kept/s
26550 games, 1,267,532 kept of 1,401,500 (90%), 316 kept/s
26600 games, 1,269,105 kept of 1,403,881 (90%), 316 kept/s
26650 games, 1,270,416 kept of 1,406,420 (90%), 316 kept/s
26700 games, 1,271,918 kept of 1,408,867 (90%), 316 kept/s
26750 games, 1,273,552 kept of 1,411,458 (90%), 315 kept/s
26800 games, 1,275,126 kept of 1,414,001 (90%), 315 kept/s
26850 games, 1,276,552 kept of 1,416,590 (90%), 315 kept/s
26900 games, 1,278,249 kept of 1,419,386 (90%), 315 kept/s
26950 games, 1,280,155 kept of 1,422,568 (90%), 315 kept/s
27000 games, 1,281,545 kept of 1,425,060 (90%), 314 kept/s
27050 games, 1,283,301 kept of 1,427,902 (90%), 314 kept/s
27100 games, 1,284,828 kept of 1,430,432 (90%), 314 kept/s
27150 games, 1,286,466 kept of 1,432,988 (90%), 314 kept/s
27200 games, 1,287,962 kept of 1,435,706 (90%), 314 kept/s
27250 games, 1,289,581 kept of 1,438,366 (90%), 313 kept/s
27300 games, 1,291,066 kept of 1,440,930 (90%), 313 kept/s
27350 games, 1,292,708 kept of 1,443,669 (90%), 313 kept/s
27400 games, 1,294,268 kept of 1,446,392 (89%), 313 kept/s
27450 games, 1,296,115 kept of 1,449,296 (89%), 313 kept/s
27500 games, 1,297,834 kept of 1,452,040 (89%), 313 kept/s
27550 games, 1,299,394 kept of 1,454,651 (89%), 312 kept/s
27600 games, 1,300,670 kept of 1,456,998 (89%), 312 kept/s
27650 games, 1,302,127 kept of 1,459,661 (89%), 312 kept/s
27700 games, 1,303,867 kept of 1,462,467 (89%), 312 kept/s
27750 games, 1,305,542 kept of 1,465,234 (89%), 312 kept/s
27800 games, 1,307,092 kept of 1,467,893 (89%), 311 kept/s
27850 games, 1,308,775 kept of 1,470,711 (89%), 311 kept/s
27900 games, 1,310,200 kept of 1,473,105 (89%), 311 kept/s
27950 games, 1,311,678 kept of 1,475,458 (89%), 311 kept/s
28000 games, 1,313,487 kept of 1,478,388 (89%), 311 kept/s
28050 games, 1,315,079 kept of 1,481,073 (89%), 311 kept/s
28100 games, 1,316,797 kept of 1,483,740 (89%), 310 kept/s
28150 games, 1,318,480 kept of 1,486,572 (89%), 310 kept/s
28200 games, 1,320,041 kept of 1,489,060 (89%), 310 kept/s
28250 games, 1,321,658 kept of 1,491,874 (89%), 310 kept/s
28300 games, 1,323,397 kept of 1,494,541 (89%), 310 kept/s
28350 games, 1,325,305 kept of 1,497,510 (89%), 310 kept/s
28400 games, 1,326,831 kept of 1,500,133 (88%), 309 kept/s
28450 games, 1,328,800 kept of 1,503,383 (88%), 309 kept/s
28500 games, 1,330,221 kept of 1,505,960 (88%), 309 kept/s
28550 games, 1,331,627 kept of 1,508,461 (88%), 309 kept/s
28600 games, 1,333,208 kept of 1,511,041 (88%), 309 kept/s
28650 games, 1,334,565 kept of 1,513,382 (88%), 308 kept/s
28700 games, 1,336,241 kept of 1,516,262 (88%), 308 kept/s
28750 games, 1,337,631 kept of 1,518,651 (88%), 308 kept/s
28800 games, 1,339,122 kept of 1,521,258 (88%), 308 kept/s
28850 games, 1,340,822 kept of 1,523,897 (88%), 308 kept/s
28900 games, 1,342,371 kept of 1,526,426 (88%), 308 kept/s
28950 games, 1,344,324 kept of 1,529,267 (88%), 307 kept/s
29000 games, 1,345,920 kept of 1,532,041 (88%), 307 kept/s
29050 games, 1,347,336 kept of 1,534,667 (88%), 307 kept/s
29100 games, 1,348,878 kept of 1,537,242 (88%), 307 kept/s
29150 games, 1,350,251 kept of 1,539,540 (88%), 307 kept/s
29200 games, 1,351,769 kept of 1,542,006 (88%), 307 kept/s
29250 games, 1,353,097 kept of 1,544,298 (88%), 306 kept/s
29300 games, 1,354,792 kept of 1,547,074 (88%), 306 kept/s
29350 games, 1,356,589 kept of 1,550,106 (88%), 306 kept/s
29400 games, 1,358,152 kept of 1,552,783 (87%), 306 kept/s
29450 games, 1,359,610 kept of 1,555,104 (87%), 306 kept/s
29500 games, 1,360,967 kept of 1,557,364 (87%), 306 kept/s
29550 games, 1,362,388 kept of 1,559,668 (87%), 306 kept/s
29600 games, 1,363,994 kept of 1,562,239 (87%), 305 kept/s
29650 games, 1,365,619 kept of 1,564,907 (87%), 305 kept/s
29700 games, 1,367,220 kept of 1,567,519 (87%), 305 kept/s
29750 games, 1,368,804 kept of 1,570,241 (87%), 305 kept/s
29800 games, 1,369,688 kept of 1,572,648 (87%), 305 kept/s
29850 games, 1,370,870 kept of 1,575,638 (87%), 304 kept/s
29900 games, 1,371,735 kept of 1,578,188 (87%), 304 kept/s
29950 games, 1,372,671 kept of 1,580,932 (87%), 304 kept/s
30000 games, 1,373,712 kept of 1,583,476 (87%), 303 kept/s
30050 games, 1,374,433 kept of 1,585,847 (87%), 303 kept/s
30100 games, 1,375,009 kept of 1,588,116 (87%), 303 kept/s
30150 games, 1,375,892 kept of 1,590,790 (86%), 303 kept/s
30200 games, 1,377,152 kept of 1,593,739 (86%), 302 kept/s
30250 games, 1,378,187 kept of 1,596,564 (86%), 302 kept/s
30300 games, 1,379,216 kept of 1,599,163 (86%), 302 kept/s
30350 games, 1,379,879 kept of 1,601,472 (86%), 301 kept/s
30400 games, 1,380,846 kept of 1,604,211 (86%), 301 kept/s
30450 games, 1,381,895 kept of 1,606,962 (86%), 301 kept/s
30500 games, 1,382,911 kept of 1,609,653 (86%), 300 kept/s
30550 games, 1,384,008 kept of 1,612,419 (86%), 300 kept/s
30600 games, 1,385,207 kept of 1,615,424 (86%), 300 kept/s
30650 games, 1,386,177 kept of 1,618,099 (86%), 300 kept/s
30700 games, 1,386,992 kept of 1,620,623 (86%), 299 kept/s
30750 games, 1,387,909 kept of 1,623,040 (86%), 299 kept/s
30800 games, 1,388,831 kept of 1,625,646 (85%), 299 kept/s
30850 games, 1,389,767 kept of 1,628,263 (85%), 299 kept/s
30900 games, 1,390,922 kept of 1,631,371 (85%), 298 kept/s
30950 games, 1,391,922 kept of 1,634,113 (85%), 298 kept/s
31000 games, 1,393,010 kept of 1,637,179 (85%), 298 kept/s
31050 games, 1,394,057 kept of 1,639,755 (85%), 297 kept/s
31100 games, 1,395,267 kept of 1,642,577 (85%), 297 kept/s
31150 games, 1,396,203 kept of 1,645,100 (85%), 297 kept/s
31200 games, 1,397,261 kept of 1,647,863 (85%), 297 kept/s
31250 games, 1,398,253 kept of 1,650,622 (85%), 296 kept/s
31300 games, 1,399,106 kept of 1,653,260 (85%), 296 kept/s
31350 games, 1,399,985 kept of 1,655,850 (85%), 296 kept/s
31400 games, 1,400,995 kept of 1,658,508 (84%), 296 kept/s
31450 games, 1,401,978 kept of 1,661,237 (84%), 295 kept/s
31500 games, 1,402,817 kept of 1,663,637 (84%), 295 kept/s
31550 games, 1,403,836 kept of 1,666,310 (84%), 295 kept/s
31600 games, 1,404,587 kept of 1,668,830 (84%), 294 kept/s
31650 games, 1,405,358 kept of 1,671,362 (84%), 294 kept/s
31700 games, 1,406,089 kept of 1,673,515 (84%), 294 kept/s
31750 games, 1,406,986 kept of 1,676,088 (84%), 294 kept/s
31800 games, 1,407,925 kept of 1,678,963 (84%), 293 kept/s
31850 games, 1,408,889 kept of 1,681,936 (84%), 293 kept/s
31900 games, 1,409,874 kept of 1,684,674 (84%), 293 kept/s
31950 games, 1,410,527 kept of 1,687,123 (84%), 293 kept/s
32000 games, 1,411,397 kept of 1,689,796 (84%), 292 kept/s
32050 games, 1,412,346 kept of 1,692,520 (83%), 292 kept/s
32100 games, 1,413,093 kept of 1,694,879 (83%), 292 kept/s
32150 games, 1,414,121 kept of 1,697,621 (83%), 291 kept/s
32200 games, 1,414,965 kept of 1,700,509 (83%), 291 kept/s
32250 games, 1,415,918 kept of 1,703,300 (83%), 291 kept/s
32300 games, 1,416,692 kept of 1,705,802 (83%), 291 kept/s
32350 games, 1,417,735 kept of 1,708,810 (83%), 290 kept/s
32400 games, 1,418,563 kept of 1,711,163 (83%), 290 kept/s
32450 games, 1,419,359 kept of 1,713,551 (83%), 290 kept/s
32500 games, 1,420,172 kept of 1,715,977 (83%), 290 kept/s
32550 games, 1,421,184 kept of 1,718,711 (83%), 289 kept/s
32600 games, 1,421,888 kept of 1,721,306 (83%), 289 kept/s
32650 games, 1,422,776 kept of 1,723,830 (83%), 289 kept/s
32700 games, 1,423,955 kept of 1,726,872 (82%), 289 kept/s
32750 games, 1,424,804 kept of 1,729,587 (82%), 288 kept/s
32800 games, 1,425,794 kept of 1,732,722 (82%), 288 kept/s
32850 games, 1,426,425 kept of 1,735,192 (82%), 288 kept/s
32900 games, 1,427,456 kept of 1,737,916 (82%), 287 kept/s
32950 games, 1,428,287 kept of 1,740,440 (82%), 287 kept/s
33000 games, 1,429,175 kept of 1,743,052 (82%), 287 kept/s
33050 games, 1,430,081 kept of 1,745,782 (82%), 287 kept/s
33100 games, 1,431,162 kept of 1,748,422 (82%), 286 kept/s
33150 games, 1,431,890 kept of 1,750,836 (82%), 286 kept/s
33200 games, 1,432,662 kept of 1,753,520 (82%), 286 kept/s
33250 games, 1,433,621 kept of 1,756,291 (82%), 286 kept/s
33300 games, 1,434,371 kept of 1,759,074 (82%), 285 kept/s
33350 games, 1,435,025 kept of 1,761,660 (81%), 285 kept/s
33400 games, 1,435,805 kept of 1,764,211 (81%), 285 kept/s
33450 games, 1,436,531 kept of 1,766,814 (81%), 285 kept/s
33500 games, 1,437,202 kept of 1,769,333 (81%), 284 kept/s
33550 games, 1,437,827 kept of 1,771,990 (81%), 284 kept/s
33600 games, 1,438,637 kept of 1,774,723 (81%), 284 kept/s
33650 games, 1,439,624 kept of 1,777,577 (81%), 283 kept/s
33700 games, 1,440,259 kept of 1,780,079 (81%), 283 kept/s
33750 games, 1,440,971 kept of 1,782,709 (81%), 283 kept/s
33800 games, 1,441,710 kept of 1,785,482 (81%), 283 kept/s
33850 games, 1,442,431 kept of 1,788,116 (81%), 282 kept/s
33900 games, 1,443,015 kept of 1,790,797 (81%), 282 kept/s
33950 games, 1,443,785 kept of 1,793,750 (80%), 282 kept/s
34000 games, 1,444,411 kept of 1,796,485 (80%), 281 kept/s
34050 games, 1,444,941 kept of 1,799,110 (80%), 281 kept/s
34100 games, 1,445,583 kept of 1,801,503 (80%), 281 kept/s
34150 games, 1,446,136 kept of 1,804,155 (80%), 281 kept/s
34200 games, 1,446,694 kept of 1,806,789 (80%), 280 kept/s
34250 games, 1,447,155 kept of 1,809,158 (80%), 280 kept/s
34300 games, 1,447,745 kept of 1,811,981 (80%), 280 kept/s
34350 games, 1,448,338 kept of 1,814,736 (80%), 279 kept/s
34400 games, 1,449,020 kept of 1,817,525 (80%), 279 kept/s
34450 games, 1,449,726 kept of 1,820,350 (80%), 279 kept/s
34500 games, 1,450,475 kept of 1,823,256 (80%), 278 kept/s
34550 games, 1,451,151 kept of 1,825,688 (79%), 278 kept/s
34600 games, 1,451,837 kept of 1,828,434 (79%), 278 kept/s
34650 games, 1,452,388 kept of 1,831,082 (79%), 278 kept/s
34700 games, 1,453,201 kept of 1,834,038 (79%), 277 kept/s
34750 games, 1,453,866 kept of 1,836,641 (79%), 277 kept/s
34800 games, 1,454,375 kept of 1,838,999 (79%), 277 kept/s
34850 games, 1,454,825 kept of 1,841,386 (79%), 277 kept/s
34900 games, 1,455,545 kept of 1,843,966 (79%), 276 kept/s
34950 games, 1,456,281 kept of 1,846,798 (79%), 276 kept/s
35000 games, 1,457,203 kept of 1,849,913 (79%), 276 kept/s
35050 games, 1,457,760 kept of 1,852,401 (79%), 275 kept/s
35100 games, 1,458,483 kept of 1,855,054 (79%), 275 kept/s
35150 games, 1,458,987 kept of 1,857,421 (79%), 275 kept/s
35200 games, 1,459,734 kept of 1,860,258 (78%), 275 kept/s
35250 games, 1,460,324 kept of 1,863,241 (78%), 274 kept/s
35300 games, 1,460,904 kept of 1,865,732 (78%), 274 kept/s
35350 games, 1,461,556 kept of 1,868,192 (78%), 274 kept/s
35400 games, 1,462,265 kept of 1,870,794 (78%), 274 kept/s
35450 games, 1,462,817 kept of 1,873,173 (78%), 273 kept/s
35500 games, 1,463,440 kept of 1,875,593 (78%), 273 kept/s
35550 games, 1,464,121 kept of 1,878,449 (78%), 273 kept/s
35600 games, 1,464,724 kept of 1,880,974 (78%), 273 kept/s
35650 games, 1,465,336 kept of 1,883,711 (78%), 272 kept/s
35700 games, 1,466,138 kept of 1,886,501 (78%), 272 kept/s
35750 games, 1,466,827 kept of 1,889,114 (78%), 272 kept/s
35800 games, 1,467,606 kept of 1,892,043 (78%), 272 kept/s
35850 games, 1,468,249 kept of 1,894,937 (77%), 271 kept/s
35900 games, 1,468,702 kept of 1,897,231 (77%), 271 kept/s
35950 games, 1,469,463 kept of 1,899,925 (77%), 271 kept/s
36000 games, 1,470,125 kept of 1,902,813 (77%), 271 kept/s
36050 games, 1,470,684 kept of 1,905,500 (77%), 270 kept/s
36100 games, 1,471,614 kept of 1,908,320 (77%), 270 kept/s
36150 games, 1,472,124 kept of 1,910,644 (77%), 270 kept/s
36200 games, 1,473,023 kept of 1,913,335 (77%), 270 kept/s
36250 games, 1,473,670 kept of 1,916,042 (77%), 269 kept/s
36300 games, 1,474,285 kept of 1,918,654 (77%), 269 kept/s
36350 games, 1,474,885 kept of 1,921,336 (77%), 269 kept/s
36400 games, 1,475,711 kept of 1,924,163 (77%), 269 kept/s
36450 games, 1,476,307 kept of 1,926,846 (77%), 268 kept/s
36500 games, 1,477,004 kept of 1,929,791 (77%), 268 kept/s
36550 games, 1,477,703 kept of 1,932,415 (76%), 268 kept/s
36600 games, 1,478,334 kept of 1,935,050 (76%), 267 kept/s
36650 games, 1,478,885 kept of 1,937,510 (76%), 267 kept/s
36700 games, 1,479,671 kept of 1,940,290 (76%), 267 kept/s
36750 games, 1,480,251 kept of 1,942,548 (76%), 267 kept/s
36800 games, 1,480,752 kept of 1,944,981 (76%), 267 kept/s
36850 games, 1,481,159 kept of 1,947,828 (76%), 266 kept/s
36900 games, 1,481,480 kept of 1,950,725 (76%), 266 kept/s
36950 games, 1,481,912 kept of 1,953,643 (76%), 266 kept/s
37000 games, 1,482,262 kept of 1,956,067 (76%), 265 kept/s
37050 games, 1,482,655 kept of 1,958,466 (76%), 265 kept/s
37100 games, 1,483,049 kept of 1,961,201 (76%), 265 kept/s
37150 games, 1,483,438 kept of 1,964,119 (76%), 264 kept/s
37200 games, 1,483,871 kept of 1,966,741 (75%), 264 kept/s
37250 games, 1,484,279 kept of 1,969,457 (75%), 264 kept/s
37300 games, 1,484,798 kept of 1,972,084 (75%), 264 kept/s
37350 games, 1,485,103 kept of 1,974,517 (75%), 263 kept/s
37400 games, 1,485,454 kept of 1,977,156 (75%), 263 kept/s
37450 games, 1,485,790 kept of 1,979,821 (75%), 263 kept/s
37500 games, 1,486,062 kept of 1,982,114 (75%), 263 kept/s
37550 games, 1,486,436 kept of 1,984,770 (75%), 262 kept/s
37600 games, 1,486,892 kept of 1,987,490 (75%), 262 kept/s
37650 games, 1,487,399 kept of 1,990,255 (75%), 262 kept/s
37700 games, 1,487,628 kept of 1,992,595 (75%), 261 kept/s
37750 games, 1,488,094 kept of 1,995,175 (75%), 261 kept/s
37800 games, 1,488,464 kept of 1,997,743 (75%), 261 kept/s
37850 games, 1,488,832 kept of 2,000,605 (74%), 261 kept/s
37900 games, 1,489,249 kept of 2,003,038 (74%), 260 kept/s
37950 games, 1,489,695 kept of 2,005,527 (74%), 260 kept/s
38000 games, 1,490,027 kept of 2,008,078 (74%), 260 kept/s
38050 games, 1,490,407 kept of 2,010,589 (74%), 260 kept/s
38100 games, 1,490,767 kept of 2,013,192 (74%), 259 kept/s
38150 games, 1,491,066 kept of 2,015,974 (74%), 259 kept/s
38200 games, 1,491,356 kept of 2,018,568 (74%), 259 kept/s
38250 games, 1,491,735 kept of 2,021,181 (74%), 258 kept/s
38300 games, 1,492,131 kept of 2,023,903 (74%), 258 kept/s
38350 games, 1,492,632 kept of 2,026,518 (74%), 258 kept/s
38400 games, 1,492,892 kept of 2,028,968 (74%), 258 kept/s
38450 games, 1,493,110 kept of 2,031,326 (74%), 257 kept/s
38500 games, 1,493,469 kept of 2,033,771 (73%), 257 kept/s
38550 games, 1,493,893 kept of 2,036,517 (73%), 257 kept/s
38600 games, 1,494,227 kept of 2,039,106 (73%), 257 kept/s
38650 games, 1,494,566 kept of 2,041,877 (73%), 256 kept/s
38700 games, 1,494,908 kept of 2,044,668 (73%), 256 kept/s
38750 games, 1,495,243 kept of 2,047,340 (73%), 256 kept/s
38800 games, 1,495,822 kept of 2,050,211 (73%), 255 kept/s
38850 games, 1,496,186 kept of 2,052,831 (73%), 255 kept/s
38900 games, 1,496,626 kept of 2,055,519 (73%), 255 kept/s
38950 games, 1,497,090 kept of 2,058,035 (73%), 255 kept/s
39000 games, 1,497,422 kept of 2,060,501 (73%), 254 kept/s
39050 games, 1,497,852 kept of 2,063,385 (73%), 254 kept/s
39100 games, 1,498,291 kept of 2,066,103 (73%), 254 kept/s
39150 games, 1,498,600 kept of 2,068,359 (72%), 254 kept/s
39200 games, 1,498,901 kept of 2,071,118 (72%), 253 kept/s
39250 games, 1,499,242 kept of 2,073,993 (72%), 253 kept/s
39300 games, 1,499,560 kept of 2,076,599 (72%), 253 kept/s
39350 games, 1,499,787 kept of 2,078,995 (72%), 253 kept/s
39400 games, 1,500,106 kept of 2,081,611 (72%), 252 kept/s
39450 games, 1,500,360 kept of 2,084,555 (72%), 252 kept/s
39500 games, 1,500,697 kept of 2,086,945 (72%), 252 kept/s
39550 games, 1,500,923 kept of 2,089,383 (72%), 252 kept/s
39600 games, 1,501,290 kept of 2,092,358 (72%), 251 kept/s
39650 games, 1,501,694 kept of 2,094,986 (72%), 251 kept/s
39700 games, 1,501,897 kept of 2,097,566 (72%), 251 kept/s
39750 games, 1,502,205 kept of 2,100,326 (72%), 250 kept/s
39800 games, 1,502,507 kept of 2,102,903 (71%), 250 kept/s
39850 games, 1,502,822 kept of 2,105,660 (71%), 250 kept/s
39900 games, 1,503,155 kept of 2,108,150 (71%), 250 kept/s
39950 games, 1,503,545 kept of 2,110,992 (71%), 249 kept/s
40000 games, 1,503,941 kept of 2,113,837 (71%), 249 kept/s
40050 games, 1,504,159 kept of 2,116,291 (71%), 249 kept/s
40100 games, 1,504,535 kept of 2,118,827 (71%), 249 kept/s
40150 games, 1,504,813 kept of 2,121,676 (71%), 248 kept/s
40200 games, 1,505,134 kept of 2,124,310 (71%), 248 kept/s
40250 games, 1,505,549 kept of 2,126,968 (71%), 248 kept/s
40300 games, 1,505,777 kept of 2,129,810 (71%), 248 kept/s
40350 games, 1,506,086 kept of 2,132,806 (71%), 247 kept/s
40400 games, 1,506,384 kept of 2,135,392 (71%), 247 kept/s
40450 games, 1,506,684 kept of 2,138,124 (70%), 247 kept/s
40500 games, 1,506,963 kept of 2,140,986 (70%), 246 kept/s
40550 games, 1,507,245 kept of 2,143,767 (70%), 246 kept/s
40600 games, 1,507,523 kept of 2,146,415 (70%), 246 kept/s
40650 games, 1,507,798 kept of 2,148,860 (70%), 246 kept/s
40700 games, 1,508,164 kept of 2,151,581 (70%), 245 kept/s
40750 games, 1,508,509 kept of 2,153,962 (70%), 245 kept/s
40800 games, 1,508,865 kept of 2,157,052 (70%), 245 kept/s
40850 games, 1,509,085 kept of 2,159,552 (70%), 245 kept/s
40900 games, 1,509,297 kept of 2,161,956 (70%), 244 kept/s
40950 games, 1,509,604 kept of 2,164,564 (70%), 244 kept/s
41000 games, 1,509,886 kept of 2,167,180 (70%), 244 kept/s
41050 games, 1,510,164 kept of 2,170,038 (70%), 244 kept/s
41100 games, 1,510,440 kept of 2,172,751 (70%), 243 kept/s
41150 games, 1,510,797 kept of 2,175,624 (69%), 243 kept/s
41200 games, 1,511,033 kept of 2,178,175 (69%), 243 kept/s
41250 games, 1,511,372 kept of 2,180,633 (69%), 243 kept/s
41300 games, 1,511,595 kept of 2,183,184 (69%), 242 kept/s
41350 games, 1,511,937 kept of 2,185,933 (69%), 242 kept/s
41400 games, 1,512,194 kept of 2,188,349 (69%), 242 kept/s
41450 games, 1,512,495 kept of 2,190,957 (69%), 242 kept/s
41500 games, 1,512,747 kept of 2,193,866 (69%), 241 kept/s
41550 games, 1,512,899 kept of 2,196,245 (69%), 241 kept/s
41600 games, 1,513,182 kept of 2,199,060 (69%), 241 kept/s
41650 games, 1,513,444 kept of 2,201,761 (69%), 241 kept/s
41700 games, 1,513,820 kept of 2,204,405 (69%), 240 kept/s
41750 games, 1,514,089 kept of 2,207,040 (69%), 240 kept/s
41800 games, 1,514,342 kept of 2,209,912 (69%), 240 kept/s
41850 games, 1,514,835 kept of 2,212,635 (68%), 240 kept/s
41900 games, 1,515,144 kept of 2,215,462 (68%), 239 kept/s
41950 games, 1,515,436 kept of 2,218,387 (68%), 239 kept/s
42000 games, 1,515,673 kept of 2,221,134 (68%), 239 kept/s
42050 games, 1,516,001 kept of 2,223,881 (68%), 239 kept/s
42100 games, 1,516,273 kept of 2,226,545 (68%), 238 kept/s
42150 games, 1,516,717 kept of 2,229,539 (68%), 238 kept/s
42200 games, 1,517,094 kept of 2,232,370 (68%), 238 kept/s
42250 games, 1,517,384 kept of 2,234,939 (68%), 238 kept/s
42300 games, 1,517,765 kept of 2,237,662 (68%), 238 kept/s
42350 games, 1,518,048 kept of 2,240,369 (68%), 237 kept/s
42400 games, 1,518,392 kept of 2,242,988 (68%), 237 kept/s
42450 games, 1,518,784 kept of 2,245,767 (68%), 237 kept/s
42500 games, 1,519,030 kept of 2,248,582 (68%), 237 kept/s
42550 games, 1,519,275 kept of 2,251,494 (67%), 236 kept/s
42600 games, 1,519,630 kept of 2,254,274 (67%), 236 kept/s
42650 games, 1,519,910 kept of 2,257,020 (67%), 236 kept/s
42700 games, 1,520,264 kept of 2,259,511 (67%), 236 kept/s
42750 games, 1,520,569 kept of 2,262,309 (67%), 235 kept/s
42800 games, 1,520,796 kept of 2,265,260 (67%), 235 kept/s
42850 games, 1,520,998 kept of 2,267,574 (67%), 235 kept/s
42900 games, 1,521,197 kept of 2,270,059 (67%), 235 kept/s
42950 games, 1,521,507 kept of 2,272,597 (67%), 235 kept/s
43000 games, 1,521,841 kept of 2,275,194 (67%), 234 kept/s
43050 games, 1,522,205 kept of 2,277,992 (67%), 234 kept/s
43100 games, 1,522,521 kept of 2,280,623 (67%), 234 kept/s
43150 games, 1,522,809 kept of 2,283,067 (67%), 234 kept/s
43200 games, 1,523,062 kept of 2,285,679 (67%), 233 kept/s
43250 games, 1,523,332 kept of 2,288,408 (67%), 233 kept/s
43300 games, 1,523,644 kept of 2,291,210 (66%), 233 kept/s
43350 games, 1,523,949 kept of 2,293,664 (66%), 233 kept/s
43400 games, 1,524,393 kept of 2,296,559 (66%), 233 kept/s
43450 games, 1,524,802 kept of 2,299,460 (66%), 232 kept/s
43500 games, 1,525,301 kept of 2,302,197 (66%), 232 kept/s
43550 games, 1,525,517 kept of 2,304,657 (66%), 232 kept/s
43600 games, 1,525,820 kept of 2,307,330 (66%), 232 kept/s
43650 games, 1,526,104 kept of 2,309,931 (66%), 231 kept/s
43700 games, 1,526,523 kept of 2,312,676 (66%), 231 kept/s
43750 games, 1,526,794 kept of 2,315,153 (66%), 231 kept/s
43800 games, 1,527,102 kept of 2,317,848 (66%), 231 kept/s
43850 games, 1,527,331 kept of 2,320,624 (66%), 231 kept/s
43900 games, 1,527,677 kept of 2,323,241 (66%), 230 kept/s
43950 games, 1,527,934 kept of 2,325,728 (66%), 230 kept/s
44000 games, 1,528,226 kept of 2,328,537 (66%), 230 kept/s
44050 games, 1,528,492 kept of 2,331,165 (66%), 230 kept/s
44100 games, 1,528,733 kept of 2,333,717 (66%), 229 kept/s
44150 games, 1,529,151 kept of 2,336,800 (65%), 229 kept/s
44200 games, 1,529,527 kept of 2,339,649 (65%), 229 kept/s
44250 games, 1,529,698 kept of 2,342,105 (65%), 229 kept/s
44300 games, 1,530,081 kept of 2,344,762 (65%), 229 kept/s
44350 games, 1,530,413 kept of 2,347,423 (65%), 228 kept/s
44400 games, 1,530,701 kept of 2,350,214 (65%), 228 kept/s
44450 games, 1,530,919 kept of 2,352,711 (65%), 228 kept/s
44500 games, 1,531,313 kept of 2,355,431 (65%), 228 kept/s
44550 games, 1,531,595 kept of 2,358,184 (65%), 228 kept/s
44600 games, 1,531,957 kept of 2,360,639 (65%), 227 kept/s
44650 games, 1,532,299 kept of 2,363,124 (65%), 227 kept/s
44700 games, 1,532,667 kept of 2,366,040 (65%), 227 kept/s
44750 games, 1,533,002 kept of 2,368,695 (65%), 227 kept/s
44800 games, 1,533,313 kept of 2,371,208 (65%), 227 kept/s
44850 games, 1,533,514 kept of 2,373,703 (65%), 226 kept/s
44900 games, 1,533,725 kept of 2,376,622 (65%), 226 kept/s
44950 games, 1,534,001 kept of 2,379,479 (64%), 226 kept/s
45000 games, 1,534,304 kept of 2,382,078 (64%), 226 kept/s
45050 games, 1,534,642 kept of 2,384,844 (64%), 225 kept/s
45100 games, 1,535,024 kept of 2,387,393 (64%), 225 kept/s
45150 games, 1,535,282 kept of 2,389,704 (64%), 225 kept/s
45200 games, 1,535,589 kept of 2,392,732 (64%), 225 kept/s
45250 games, 1,535,847 kept of 2,395,129 (64%), 225 kept/s
45300 games, 1,536,173 kept of 2,397,948 (64%), 224 kept/s
45350 games, 1,536,487 kept of 2,400,865 (64%), 224 kept/s
45400 games, 1,536,795 kept of 2,403,409 (64%), 224 kept/s
45450 games, 1,537,131 kept of 2,406,084 (64%), 224 kept/s
45500 games, 1,537,482 kept of 2,408,785 (64%), 224 kept/s
45550 games, 1,537,758 kept of 2,411,722 (64%), 223 kept/s
45600 games, 1,537,975 kept of 2,414,768 (64%), 223 kept/s
45650 games, 1,538,154 kept of 2,417,224 (64%), 223 kept/s
45700 games, 1,538,649 kept of 2,419,738 (64%), 223 kept/s
45750 games, 1,538,865 kept of 2,422,464 (64%), 223 kept/s
45800 games, 1,539,041 kept of 2,424,579 (63%), 222 kept/s
45850 games, 1,539,356 kept of 2,427,310 (63%), 222 kept/s
45900 games, 1,539,705 kept of 2,429,869 (63%), 222 kept/s
45950 games, 1,540,012 kept of 2,432,438 (63%), 222 kept/s
46000 games, 1,540,304 kept of 2,434,969 (63%), 222 kept/s
46050 games, 1,540,640 kept of 2,437,649 (63%), 221 kept/s
46100 games, 1,541,098 kept of 2,440,195 (63%), 221 kept/s
46150 games, 1,541,411 kept of 2,442,883 (63%), 221 kept/s
46200 games, 1,541,733 kept of 2,445,459 (63%), 221 kept/s
46250 games, 1,542,007 kept of 2,447,918 (63%), 221 kept/s
46300 games, 1,542,336 kept of 2,450,717 (63%), 221 kept/s
46350 games, 1,542,622 kept of 2,453,344 (63%), 220 kept/s
46400 games, 1,542,885 kept of 2,456,066 (63%), 220 kept/s
46450 games, 1,543,297 kept of 2,458,913 (63%), 220 kept/s
46500 games, 1,543,617 kept of 2,461,735 (63%), 220 kept/s
46550 games, 1,544,065 kept of 2,464,405 (63%), 220 kept/s
46600 games, 1,544,425 kept of 2,467,315 (63%), 219 kept/s
46650 games, 1,544,584 kept of 2,469,889 (63%), 219 kept/s
46700 games, 1,544,917 kept of 2,472,403 (62%), 219 kept/s
46750 games, 1,545,197 kept of 2,475,052 (62%), 219 kept/s
46800 games, 1,545,616 kept of 2,477,812 (62%), 219 kept/s
46850 games, 1,545,952 kept of 2,480,410 (62%), 218 kept/s
46900 games, 1,546,293 kept of 2,483,277 (62%), 218 kept/s
46950 games, 1,546,662 kept of 2,485,764 (62%), 218 kept/s
47000 games, 1,547,018 kept of 2,488,571 (62%), 218 kept/s
47050 games, 1,547,355 kept of 2,491,296 (62%), 218 kept/s
47100 games, 1,547,614 kept of 2,493,996 (62%), 217 kept/s
47150 games, 1,547,976 kept of 2,496,685 (62%), 217 kept/s
47200 games, 1,548,371 kept of 2,499,298 (62%), 217 kept/s
47250 games, 1,548,779 kept of 2,502,238 (62%), 217 kept/s
47300 games, 1,549,089 kept of 2,504,694 (62%), 217 kept/s
47350 games, 1,549,469 kept of 2,507,303 (62%), 217 kept/s
47400 games, 1,549,772 kept of 2,510,038 (62%), 216 kept/s
47450 games, 1,550,109 kept of 2,512,679 (62%), 216 kept/s
47500 games, 1,550,402 kept of 2,515,255 (62%), 216 kept/s
47550 games, 1,550,869 kept of 2,518,110 (62%), 216 kept/s
47600 games, 1,551,288 kept of 2,520,544 (62%), 216 kept/s
47650 games, 1,551,594 kept of 2,523,409 (61%), 215 kept/s
47700 games, 1,551,826 kept of 2,526,146 (61%), 215 kept/s
47750 games, 1,552,139 kept of 2,528,751 (61%), 215 kept/s
47800 games, 1,552,383 kept of 2,531,483 (61%), 215 kept/s
47850 games, 1,552,791 kept of 2,534,013 (61%), 215 kept/s
47900 games, 1,553,154 kept of 2,536,663 (61%), 215 kept/s
47950 games, 1,553,412 kept of 2,539,208 (61%), 214 kept/s
48000 games, 1,553,714 kept of 2,542,094 (61%), 214 kept/s
48050 games, 1,554,201 kept of 2,545,163 (61%), 214 kept/s
48100 games, 1,554,541 kept of 2,547,782 (61%), 214 kept/s
48150 games, 1,554,785 kept of 2,550,530 (61%), 214 kept/s
48200 games, 1,555,171 kept of 2,553,068 (61%), 213 kept/s
48250 games, 1,555,452 kept of 2,555,768 (61%), 213 kept/s
48300 games, 1,555,884 kept of 2,558,637 (61%), 213 kept/s
48350 games, 1,556,074 kept of 2,561,089 (61%), 213 kept/s
48400 games, 1,556,293 kept of 2,563,805 (61%), 213 kept/s
48450 games, 1,556,642 kept of 2,566,390 (61%), 213 kept/s
48500 games, 1,556,916 kept of 2,569,137 (61%), 212 kept/s
48550 games, 1,557,089 kept of 2,571,642 (61%), 212 kept/s
48600 games, 1,557,460 kept of 2,574,383 (60%), 212 kept/s
48650 games, 1,557,768 kept of 2,577,133 (60%), 212 kept/s
48700 games, 1,558,018 kept of 2,579,537 (60%), 212 kept/s
48750 games, 1,558,354 kept of 2,582,066 (60%), 211 kept/s
48800 games, 1,558,657 kept of 2,584,384 (60%), 211 kept/s
48850 games, 1,558,888 kept of 2,586,977 (60%), 211 kept/s
48900 games, 1,559,245 kept of 2,589,763 (60%), 211 kept/s
48950 games, 1,559,501 kept of 2,592,108 (60%), 211 kept/s
49000 games, 1,559,792 kept of 2,594,773 (60%), 211 kept/s
49050 games, 1,560,137 kept of 2,597,401 (60%), 210 kept/s
49100 games, 1,560,485 kept of 2,599,902 (60%), 210 kept/s
49150 games, 1,560,795 kept of 2,602,345 (60%), 210 kept/s
49200 games, 1,561,120 kept of 2,605,127 (60%), 210 kept/s
49250 games, 1,561,324 kept of 2,607,418 (60%), 210 kept/s
49300 games, 1,561,686 kept of 2,610,290 (60%), 210 kept/s
49350 games, 1,561,990 kept of 2,612,649 (60%), 210 kept/s
49400 games, 1,562,183 kept of 2,614,848 (60%), 209 kept/s
49450 games, 1,562,508 kept of 2,617,173 (60%), 209 kept/s
49500 games, 1,562,829 kept of 2,619,903 (60%), 209 kept/s
49550 games, 1,563,168 kept of 2,622,580 (60%), 209 kept/s
49600 games, 1,563,497 kept of 2,625,527 (60%), 209 kept/s
49650 games, 1,563,774 kept of 2,627,765 (60%), 209 kept/s
49700 games, 1,564,067 kept of 2,629,983 (59%), 208 kept/s
49750 games, 1,564,353 kept of 2,632,597 (59%), 208 kept/s
49800 games, 1,564,531 kept of 2,635,075 (59%), 208 kept/s
49850 games, 1,564,902 kept of 2,637,689 (59%), 208 kept/s
49900 games, 1,565,221 kept of 2,640,003 (59%), 208 kept/s
49950 games, 1,565,507 kept of 2,642,640 (59%), 208 kept/s
50000 games, 1,565,873 kept of 2,645,401 (59%), 207 kept/s
50050 games, 1,566,206 kept of 2,648,196 (59%), 207 kept/s
50100 games, 1,566,466 kept of 2,650,791 (59%), 207 kept/s
50150 games, 1,566,709 kept of 2,653,758 (59%), 207 kept/s
50200 games, 1,567,038 kept of 2,656,666 (59%), 207 kept/s
50250 games, 1,567,429 kept of 2,659,363 (59%), 207 kept/s
50300 games, 1,567,704 kept of 2,662,018 (59%), 206 kept/s
50350 games, 1,568,043 kept of 2,664,621 (59%), 206 kept/s
50400 games, 1,568,316 kept of 2,666,994 (59%), 206 kept/s
50450 games, 1,568,748 kept of 2,669,808 (59%), 206 kept/s
50500 games, 1,569,007 kept of 2,672,314 (59%), 206 kept/s
50550 games, 1,569,379 kept of 2,675,344 (59%), 206 kept/s
50600 games, 1,569,844 kept of 2,678,428 (59%), 205 kept/s
50650 games, 1,570,191 kept of 2,680,877 (59%), 205 kept/s
50700 games, 1,570,442 kept of 2,683,655 (59%), 205 kept/s
50750 games, 1,570,724 kept of 2,686,385 (58%), 205 kept/s
50800 games, 1,571,074 kept of 2,689,525 (58%), 205 kept/s
50850 games, 1,571,412 kept of 2,692,232 (58%), 205 kept/s
50900 games, 1,571,649 kept of 2,694,611 (58%), 204 kept/s
50950 games, 1,572,021 kept of 2,697,499 (58%), 204 kept/s
51000 games, 1,572,340 kept of 2,700,067 (58%), 204 kept/s
51050 games, 1,572,639 kept of 2,702,713 (58%), 204 kept/s
51100 games, 1,573,067 kept of 2,705,494 (58%), 204 kept/s
51150 games, 1,573,385 kept of 2,708,290 (58%), 204 kept/s
51200 games, 1,573,834 kept of 2,711,049 (58%), 203 kept/s
51250 games, 1,574,201 kept of 2,713,900 (58%), 203 kept/s
51300 games, 1,574,536 kept of 2,716,627 (58%), 203 kept/s
51350 games, 1,574,786 kept of 2,719,092 (58%), 203 kept/s
51400 games, 1,575,143 kept of 2,722,101 (58%), 203 kept/s
51450 games, 1,575,359 kept of 2,724,262 (58%), 203 kept/s
51500 games, 1,575,586 kept of 2,726,789 (58%), 203 kept/s
51550 games, 1,575,939 kept of 2,729,483 (58%), 202 kept/s
51600 games, 1,576,244 kept of 2,732,039 (58%), 202 kept/s
51650 games, 1,576,516 kept of 2,734,840 (58%), 202 kept/s
51700 games, 1,576,792 kept of 2,737,391 (58%), 202 kept/s
51750 games, 1,577,083 kept of 2,739,973 (58%), 202 kept/s
51800 games, 1,577,340 kept of 2,742,717 (58%), 202 kept/s
51850 games, 1,577,531 kept of 2,744,984 (57%), 201 kept/s
51900 games, 1,577,798 kept of 2,747,290 (57%), 201 kept/s
51950 games, 1,578,170 kept of 2,750,037 (57%), 201 kept/s
52000 games, 1,578,387 kept of 2,752,701 (57%), 201 kept/s
52050 games, 1,578,673 kept of 2,755,267 (57%), 201 kept/s
52100 games, 1,579,055 kept of 2,757,819 (57%), 201 kept/s
52150 games, 1,579,338 kept of 2,760,213 (57%), 201 kept/s
52200 games, 1,579,648 kept of 2,762,870 (57%), 200 kept/s
52250 games, 1,580,048 kept of 2,765,678 (57%), 200 kept/s
52300 games, 1,580,299 kept of 2,768,260 (57%), 200 kept/s
52350 games, 1,580,603 kept of 2,770,692 (57%), 200 kept/s
52400 games, 1,580,991 kept of 2,773,351 (57%), 200 kept/s
52450 games, 1,581,409 kept of 2,776,095 (57%), 200 kept/s
52500 games, 1,581,638 kept of 2,778,483 (57%), 200 kept/s
52550 games, 1,581,897 kept of 2,781,332 (57%), 199 kept/s
52600 games, 1,582,203 kept of 2,783,743 (57%), 199 kept/s
52650 games, 1,582,415 kept of 2,786,528 (57%), 199 kept/s
52700 games, 1,582,613 kept of 2,789,214 (57%), 199 kept/s
52750 games, 1,582,956 kept of 2,791,931 (57%), 199 kept/s
52800 games, 1,583,308 kept of 2,794,754 (57%), 199 kept/s
52850 games, 1,583,529 kept of 2,797,202 (57%), 198 kept/s
52900 games, 1,583,770 kept of 2,799,655 (57%), 198 kept/s
52950 games, 1,584,072 kept of 2,801,982 (57%), 198 kept/s
53000 games, 1,584,310 kept of 2,804,352 (56%), 198 kept/s
53050 games, 1,584,585 kept of 2,807,026 (56%), 198 kept/s
53100 games, 1,584,877 kept of 2,809,613 (56%), 198 kept/s
53150 games, 1,585,324 kept of 2,812,514 (56%), 198 kept/s
53200 games, 1,585,636 kept of 2,815,009 (56%), 197 kept/s
53250 games, 1,585,849 kept of 2,817,243 (56%), 197 kept/s
53300 games, 1,586,204 kept of 2,820,046 (56%), 197 kept/s
53350 games, 1,586,407 kept of 2,822,499 (56%), 197 kept/s
53400 games, 1,586,646 kept of 2,825,247 (56%), 197 kept/s
53450 games, 1,586,922 kept of 2,827,938 (56%), 197 kept/s
53500 games, 1,587,249 kept of 2,830,783 (56%), 197 kept/s
53550 games, 1,587,519 kept of 2,833,164 (56%), 196 kept/s
53600 games, 1,587,781 kept of 2,835,719 (56%), 196 kept/s
53650 games, 1,588,127 kept of 2,838,423 (56%), 196 kept/s
53700 games, 1,588,367 kept of 2,840,952 (56%), 196 kept/s
53750 games, 1,588,716 kept of 2,843,633 (56%), 196 kept/s
53800 games, 1,589,083 kept of 2,846,175 (56%), 196 kept/s
53850 games, 1,589,382 kept of 2,848,802 (56%), 196 kept/s
53900 games, 1,589,565 kept of 2,851,671 (56%), 195 kept/s
53950 games, 1,589,821 kept of 2,854,339 (56%), 195 kept/s
54000 games, 1,590,209 kept of 2,857,562 (56%), 195 kept/s
54050 games, 1,590,491 kept of 2,860,069 (56%), 195 kept/s
54100 games, 1,590,877 kept of 2,862,813 (56%), 195 kept/s
54150 games, 1,591,124 kept of 2,865,478 (56%), 195 kept/s
54200 games, 1,591,507 kept of 2,868,216 (55%), 194 kept/s
54250 games, 1,591,874 kept of 2,871,103 (55%), 194 kept/s
54300 games, 1,592,106 kept of 2,873,413 (55%), 194 kept/s
54350 games, 1,592,533 kept of 2,876,238 (55%), 194 kept/s
54400 games, 1,592,897 kept of 2,878,879 (55%), 194 kept/s
54450 games, 1,593,108 kept of 2,881,618 (55%), 194 kept/s
54500 games, 1,593,314 kept of 2,884,148 (55%), 194 kept/s
54550 games, 1,593,499 kept of 2,886,511 (55%), 194 kept/s
54600 games, 1,593,942 kept of 2,889,242 (55%), 193 kept/s
54650 games, 1,594,230 kept of 2,892,277 (55%), 193 kept/s
54700 games, 1,594,575 kept of 2,894,610 (55%), 193 kept/s
54750 games, 1,594,804 kept of 2,897,044 (55%), 193 kept/s
54800 games, 1,595,142 kept of 2,899,896 (55%), 193 kept/s
54850 games, 1,595,489 kept of 2,902,548 (55%), 193 kept/s
54900 games, 1,595,758 kept of 2,905,113 (55%), 193 kept/s
54950 games, 1,596,043 kept of 2,907,619 (55%), 192 kept/s
55000 games, 1,596,416 kept of 2,910,482 (55%), 192 kept/s
55050 games, 1,596,675 kept of 2,912,946 (55%), 192 kept/s
55100 games, 1,597,016 kept of 2,915,718 (55%), 192 kept/s
55150 games, 1,597,324 kept of 2,918,278 (55%), 192 kept/s
55200 games, 1,597,597 kept of 2,920,829 (55%), 192 kept/s
55250 games, 1,597,918 kept of 2,923,574 (55%), 192 kept/s
55300 games, 1,598,204 kept of 2,926,163 (55%), 191 kept/s
55350 games, 1,598,554 kept of 2,928,849 (55%), 191 kept/s
55400 games, 1,598,849 kept of 2,931,541 (55%), 191 kept/s
55450 games, 1,599,162 kept of 2,934,134 (55%), 191 kept/s
55500 games, 1,599,565 kept of 2,936,859 (54%), 191 kept/s
55550 games, 1,599,790 kept of 2,939,192 (54%), 191 kept/s
55600 games, 1,599,974 kept of 2,941,321 (54%), 191 kept/s
55650 games, 1,600,287 kept of 2,943,895 (54%), 191 kept/s
55700 games, 1,600,586 kept of 2,946,928 (54%), 190 kept/s
55750 games, 1,600,993 kept of 2,949,472 (54%), 190 kept/s
55800 games, 1,601,317 kept of 2,951,990 (54%), 190 kept/s
55850 games, 1,601,617 kept of 2,954,936 (54%), 190 kept/s
55900 games, 1,601,837 kept of 2,957,603 (54%), 190 kept/s
55950 games, 1,602,216 kept of 2,960,459 (54%), 190 kept/s
56000 games, 1,602,549 kept of 2,963,324 (54%), 190 kept/s
56050 games, 1,602,719 kept of 2,965,912 (54%), 189 kept/s
56100 games, 1,603,161 kept of 2,968,852 (54%), 189 kept/s
56150 games, 1,603,410 kept of 2,971,393 (54%), 189 kept/s
56200 games, 1,603,639 kept of 2,974,030 (54%), 189 kept/s
56250 games, 1,603,924 kept of 2,976,447 (54%), 189 kept/s
56300 games, 1,604,211 kept of 2,979,220 (54%), 189 kept/s
56350 games, 1,604,517 kept of 2,981,646 (54%), 189 kept/s
56400 games, 1,604,744 kept of 2,984,297 (54%), 188 kept/s
56450 games, 1,605,045 kept of 2,986,969 (54%), 188 kept/s
56500 games, 1,605,293 kept of 2,989,591 (54%), 188 kept/s
56550 games, 1,605,486 kept of 2,991,971 (54%), 188 kept/s
56600 games, 1,605,777 kept of 2,994,537 (54%), 188 kept/s
56650 games, 1,606,077 kept of 2,996,926 (54%), 188 kept/s
56700 games, 1,606,444 kept of 2,999,638 (54%), 188 kept/s
56750 games, 1,606,677 kept of 3,002,042 (54%), 188 kept/s
56800 games, 1,607,030 kept of 3,004,582 (53%), 187 kept/s
56850 games, 1,607,402 kept of 3,007,334 (53%), 187 kept/s
56900 games, 1,607,553 kept of 3,009,837 (53%), 187 kept/s
56950 games, 1,607,869 kept of 3,012,384 (53%), 187 kept/s
57000 games, 1,608,331 kept of 3,015,428 (53%), 187 kept/s
57050 games, 1,608,624 kept of 3,018,009 (53%), 187 kept/s
57100 games, 1,608,953 kept of 3,020,506 (53%), 187 kept/s
57150 games, 1,609,134 kept of 3,022,943 (53%), 187 kept/s
57200 games, 1,609,404 kept of 3,025,606 (53%), 186 kept/s
57250 games, 1,609,689 kept of 3,028,151 (53%), 186 kept/s
57300 games, 1,609,920 kept of 3,030,636 (53%), 186 kept/s
57350 games, 1,610,254 kept of 3,033,397 (53%), 186 kept/s
57400 games, 1,610,555 kept of 3,036,160 (53%), 186 kept/s
57450 games, 1,611,003 kept of 3,038,980 (53%), 186 kept/s
57500 games, 1,611,358 kept of 3,041,841 (53%), 186 kept/s
57550 games, 1,611,722 kept of 3,044,527 (53%), 186 kept/s
57600 games, 1,611,988 kept of 3,047,011 (53%), 185 kept/s
57650 games, 1,612,211 kept of 3,049,267 (53%), 185 kept/s
57700 games, 1,612,413 kept of 3,051,866 (53%), 185 kept/s
57750 games, 1,612,675 kept of 3,054,355 (53%), 185 kept/s
57800 games, 1,613,021 kept of 3,056,861 (53%), 185 kept/s
57850 games, 1,613,320 kept of 3,059,272 (53%), 185 kept/s
57900 games, 1,613,606 kept of 3,061,648 (53%), 185 kept/s
57950 games, 1,613,836 kept of 3,064,019 (53%), 185 kept/s
58000 games, 1,614,093 kept of 3,066,349 (53%), 184 kept/s
58050 games, 1,614,306 kept of 3,068,487 (53%), 184 kept/s
58100 games, 1,614,601 kept of 3,071,215 (53%), 184 kept/s
58150 games, 1,614,827 kept of 3,073,531 (53%), 184 kept/s
58200 games, 1,615,063 kept of 3,075,904 (53%), 184 kept/s
58250 games, 1,615,298 kept of 3,078,293 (52%), 184 kept/s
58300 games, 1,615,597 kept of 3,081,184 (52%), 184 kept/s
58350 games, 1,615,724 kept of 3,083,414 (52%), 184 kept/s
58400 games, 1,616,135 kept of 3,086,461 (52%), 183 kept/s
58450 games, 1,616,540 kept of 3,089,149 (52%), 183 kept/s
58500 games, 1,616,963 kept of 3,092,148 (52%), 183 kept/s
58550 games, 1,617,297 kept of 3,094,911 (52%), 183 kept/s
58600 games, 1,617,527 kept of 3,097,279 (52%), 183 kept/s
58650 games, 1,617,792 kept of 3,099,971 (52%), 183 kept/s
58700 games, 1,618,104 kept of 3,102,328 (52%), 183 kept/s
58750 games, 1,618,486 kept of 3,105,058 (52%), 183 kept/s
58800 games, 1,618,855 kept of 3,108,082 (52%), 183 kept/s
58850 games, 1,619,139 kept of 3,110,538 (52%), 182 kept/s
58900 games, 1,619,400 kept of 3,113,063 (52%), 182 kept/s
58950 games, 1,619,616 kept of 3,115,799 (52%), 182 kept/s
59000 games, 1,619,882 kept of 3,118,395 (52%), 182 kept/s
59050 games, 1,620,235 kept of 3,120,970 (52%), 182 kept/s
59100 games, 1,620,547 kept of 3,123,938 (52%), 182 kept/s
59150 games, 1,620,904 kept of 3,126,641 (52%), 182 kept/s
59200 games, 1,621,153 kept of 3,129,484 (52%), 182 kept/s
59250 games, 1,621,611 kept of 3,132,313 (52%), 181 kept/s
59300 games, 1,621,944 kept of 3,135,191 (52%), 181 kept/s
59350 games, 1,622,252 kept of 3,138,184 (52%), 181 kept/s
59400 games, 1,622,649 kept of 3,140,842 (52%), 181 kept/s
59450 games, 1,622,892 kept of 3,143,234 (52%), 181 kept/s
59500 games, 1,623,225 kept of 3,146,282 (52%), 181 kept/s
59550 games, 1,623,454 kept of 3,148,757 (52%), 181 kept/s
59600 games, 1,623,678 kept of 3,151,365 (52%), 181 kept/s
59650 games, 1,624,210 kept of 3,154,541 (51%), 180 kept/s
59700 games, 1,624,458 kept of 3,157,099 (51%), 180 kept/s
59750 games, 1,624,829 kept of 3,159,774 (51%), 180 kept/s
59800 games, 1,625,077 kept of 3,162,201 (51%), 180 kept/s
59850 games, 1,625,359 kept of 3,164,805 (51%), 180 kept/s
59900 games, 1,625,690 kept of 3,167,321 (51%), 180 kept/s
59950 games, 1,626,025 kept of 3,170,048 (51%), 180 kept/s
60000 games, 1,626,257 kept of 3,172,560 (51%), 180 kept/s
60050 games, 1,626,399 kept of 3,175,318 (51%), 180 kept/s
60100 games, 1,626,631 kept of 3,177,915 (51%), 179 kept/s
60150 games, 1,626,934 kept of 3,180,627 (51%), 179 kept/s
60200 games, 1,627,229 kept of 3,183,149 (51%), 179 kept/s
60250 games, 1,627,521 kept of 3,186,143 (51%), 179 kept/s
60300 games, 1,627,819 kept of 3,188,465 (51%), 179 kept/s
60350 games, 1,628,086 kept of 3,191,103 (51%), 179 kept/s
60400 games, 1,628,400 kept of 3,193,706 (51%), 179 kept/s
60450 games, 1,628,841 kept of 3,196,868 (51%), 179 kept/s
60500 games, 1,629,062 kept of 3,199,479 (51%), 178 kept/s
60550 games, 1,629,323 kept of 3,202,218 (51%), 178 kept/s
60600 games, 1,629,569 kept of 3,204,818 (51%), 178 kept/s
60650 games, 1,629,807 kept of 3,207,353 (51%), 178 kept/s
60700 games, 1,630,071 kept of 3,210,080 (51%), 178 kept/s
60750 games, 1,630,397 kept of 3,212,790 (51%), 178 kept/s
60800 games, 1,630,723 kept of 3,215,920 (51%), 178 kept/s
60850 games, 1,631,039 kept of 3,218,483 (51%), 178 kept/s
60900 games, 1,631,185 kept of 3,220,845 (51%), 178 kept/s
60950 games, 1,631,395 kept of 3,223,639 (51%), 177 kept/s
61000 games, 1,631,682 kept of 3,226,280 (51%), 177 kept/s
61050 games, 1,631,974 kept of 3,228,848 (51%), 177 kept/s
61100 games, 1,632,109 kept of 3,231,150 (51%), 177 kept/s
61150 games, 1,632,451 kept of 3,233,889 (50%), 177 kept/s
61200 games, 1,632,811 kept of 3,236,451 (50%), 177 kept/s
61250 games, 1,633,099 kept of 3,239,208 (50%), 177 kept/s
61300 games, 1,633,294 kept of 3,241,795 (50%), 177 kept/s
61350 games, 1,633,561 kept of 3,244,117 (50%), 176 kept/s
61400 games, 1,633,846 kept of 3,246,692 (50%), 176 kept/s
61450 games, 1,634,221 kept of 3,249,278 (50%), 176 kept/s
61500 games, 1,634,556 kept of 3,252,163 (50%), 176 kept/s
61550 games, 1,634,965 kept of 3,255,334 (50%), 176 kept/s
61600 games, 1,635,138 kept of 3,257,706 (50%), 176 kept/s
61650 games, 1,635,345 kept of 3,260,138 (50%), 176 kept/s
61700 games, 1,635,684 kept of 3,263,103 (50%), 176 kept/s
61750 games, 1,636,035 kept of 3,265,682 (50%), 176 kept/s
61800 games, 1,636,354 kept of 3,268,661 (50%), 175 kept/s
61850 games, 1,636,792 kept of 3,271,533 (50%), 175 kept/s
61900 games, 1,637,092 kept of 3,274,134 (50%), 175 kept/s
61950 games, 1,637,442 kept of 3,276,842 (50%), 175 kept/s
62000 games, 1,637,704 kept of 3,279,433 (50%), 175 kept/s
62050 games, 1,637,999 kept of 3,282,210 (50%), 175 kept/s
62100 games, 1,638,416 kept of 3,285,151 (50%), 175 kept/s
62150 games, 1,638,807 kept of 3,288,058 (50%), 175 kept/s
62200 games, 1,639,000 kept of 3,290,624 (50%), 175 kept/s
62250 games, 1,639,281 kept of 3,293,177 (50%), 174 kept/s
62300 games, 1,639,676 kept of 3,296,144 (50%), 174 kept/s
62350 games, 1,639,997 kept of 3,298,835 (50%), 174 kept/s
62400 games, 1,640,299 kept of 3,301,548 (50%), 174 kept/s
62450 games, 1,640,530 kept of 3,304,030 (50%), 174 kept/s
62500 games, 1,640,875 kept of 3,306,628 (50%), 174 kept/s
62550 games, 1,641,116 kept of 3,309,334 (50%), 174 kept/s
62600 games, 1,641,361 kept of 3,311,910 (50%), 174 kept/s
62650 games, 1,641,688 kept of 3,314,702 (50%), 174 kept/s
62700 games, 1,641,916 kept of 3,317,086 (49%), 173 kept/s
62750 games, 1,642,248 kept of 3,319,912 (49%), 173 kept/s
62800 games, 1,642,555 kept of 3,323,022 (49%), 173 kept/s
62850 games, 1,642,869 kept of 3,325,684 (49%), 173 kept/s
62900 games, 1,643,133 kept of 3,327,993 (49%), 173 kept/s
62950 games, 1,643,461 kept of 3,330,561 (49%), 173 kept/s
63000 games, 1,643,750 kept of 3,333,330 (49%), 173 kept/s
63050 games, 1,644,164 kept of 3,335,969 (49%), 173 kept/s
63100 games, 1,644,436 kept of 3,338,498 (49%), 173 kept/s
63150 games, 1,644,833 kept of 3,341,365 (49%), 173 kept/s
63200 games, 1,645,093 kept of 3,344,165 (49%), 172 kept/s
63250 games, 1,645,422 kept of 3,346,836 (49%), 172 kept/s
63300 games, 1,645,745 kept of 3,349,603 (49%), 172 kept/s
63350 games, 1,645,931 kept of 3,351,988 (49%), 172 kept/s
63400 games, 1,646,237 kept of 3,354,430 (49%), 172 kept/s
63450 games, 1,646,553 kept of 3,357,229 (49%), 172 kept/s
63500 games, 1,646,889 kept of 3,359,786 (49%), 172 kept/s
63550 games, 1,647,182 kept of 3,362,423 (49%), 172 kept/s
63600 games, 1,647,541 kept of 3,365,079 (49%), 172 kept/s
63650 games, 1,647,874 kept of 3,367,863 (49%), 171 kept/s
63700 games, 1,648,136 kept of 3,370,247 (49%), 171 kept/s
63750 games, 1,648,377 kept of 3,372,698 (49%), 171 kept/s
63800 games, 1,648,834 kept of 3,375,489 (49%), 171 kept/s
63850 games, 1,649,115 kept of 3,378,187 (49%), 171 kept/s
63900 games, 1,649,247 kept of 3,380,485 (49%), 171 kept/s
63950 games, 1,649,480 kept of 3,383,211 (49%), 171 kept/s
64000 games, 1,649,775 kept of 3,385,817 (49%), 171 kept/s
64050 games, 1,650,139 kept of 3,388,671 (49%), 171 kept/s
64100 games, 1,650,448 kept of 3,391,566 (49%), 171 kept/s
64150 games, 1,650,797 kept of 3,394,141 (49%), 170 kept/s
64200 games, 1,651,057 kept of 3,396,473 (49%), 170 kept/s
64250 games, 1,651,399 kept of 3,399,254 (49%), 170 kept/s
64300 games, 1,651,712 kept of 3,401,873 (49%), 170 kept/s
64350 games, 1,652,011 kept of 3,404,558 (49%), 170 kept/s
64400 games, 1,652,318 kept of 3,407,376 (48%), 170 kept/s
64450 games, 1,652,603 kept of 3,409,758 (48%), 170 kept/s
64500 games, 1,652,943 kept of 3,412,517 (48%), 170 kept/s
64550 games, 1,653,235 kept of 3,415,168 (48%), 170 kept/s
64600 games, 1,653,443 kept of 3,417,872 (48%), 170 kept/s
64650 games, 1,653,742 kept of 3,420,438 (48%), 169 kept/s
64700 games, 1,653,968 kept of 3,422,880 (48%), 169 kept/s
64750 games, 1,654,150 kept of 3,425,126 (48%), 169 kept/s
64800 games, 1,654,396 kept of 3,427,603 (48%), 169 kept/s
64850 games, 1,654,730 kept of 3,430,133 (48%), 169 kept/s
64900 games, 1,655,138 kept of 3,432,872 (48%), 169 kept/s
64950 games, 1,655,471 kept of 3,435,355 (48%), 169 kept/s
65000 games, 1,655,752 kept of 3,437,953 (48%), 169 kept/s
65050 games, 1,655,957 kept of 3,440,425 (48%), 169 kept/s
65100 games, 1,656,355 kept of 3,443,062 (48%), 169 kept/s
65150 games, 1,656,731 kept of 3,446,271 (48%), 168 kept/s
65200 games, 1,657,039 kept of 3,449,141 (48%), 168 kept/s
65250 games, 1,657,349 kept of 3,451,866 (48%), 168 kept/s
65300 games, 1,657,699 kept of 3,454,539 (48%), 168 kept/s
65350 games, 1,658,104 kept of 3,457,141 (48%), 168 kept/s
65400 games, 1,658,402 kept of 3,459,950 (48%), 168 kept/s
65450 games, 1,658,695 kept of 3,462,501 (48%), 168 kept/s
65500 games, 1,658,989 kept of 3,465,287 (48%), 168 kept/s
65550 games, 1,659,273 kept of 3,468,063 (48%), 168 kept/s
65600 games, 1,659,518 kept of 3,470,764 (48%), 168 kept/s
65650 games, 1,659,811 kept of 3,473,071 (48%), 167 kept/s
65700 games, 1,660,111 kept of 3,475,766 (48%), 167 kept/s
65750 games, 1,660,360 kept of 3,478,239 (48%), 167 kept/s
65800 games, 1,660,676 kept of 3,480,854 (48%), 167 kept/s
65850 games, 1,661,028 kept of 3,483,517 (48%), 167 kept/s
65900 games, 1,661,312 kept of 3,486,279 (48%), 167 kept/s
65950 games, 1,661,600 kept of 3,489,105 (48%), 167 kept/s
66000 games, 1,661,867 kept of 3,491,802 (48%), 167 kept/s
66050 games, 1,662,114 kept of 3,494,229 (48%), 167 kept/s
66100 games, 1,662,394 kept of 3,497,004 (48%), 167 kept/s
66150 games, 1,662,645 kept of 3,499,235 (48%), 167 kept/s
66200 games, 1,662,913 kept of 3,502,091 (47%), 166 kept/s
66250 games, 1,663,387 kept of 3,504,859 (47%), 166 kept/s
66300 games, 1,663,625 kept of 3,507,336 (47%), 166 kept/s
66350 games, 1,663,914 kept of 3,510,206 (47%), 166 kept/s
66400 games, 1,664,126 kept of 3,512,780 (47%), 166 kept/s
66450 games, 1,664,448 kept of 3,515,353 (47%), 166 kept/s
66500 games, 1,664,798 kept of 3,517,645 (47%), 166 kept/s
66550 games, 1,665,074 kept of 3,520,286 (47%), 166 kept/s
66600 games, 1,665,316 kept of 3,522,857 (47%), 166 kept/s
66650 games, 1,665,646 kept of 3,525,540 (47%), 166 kept/s
66700 games, 1,666,021 kept of 3,528,236 (47%), 165 kept/s
66750 games, 1,666,368 kept of 3,530,872 (47%), 165 kept/s
66800 games, 1,666,623 kept of 3,533,258 (47%), 165 kept/s
66850 games, 1,666,922 kept of 3,535,882 (47%), 165 kept/s
66900 games, 1,667,218 kept of 3,538,590 (47%), 165 kept/s
66950 games, 1,667,334 kept of 3,540,903 (47%), 165 kept/s
67000 games, 1,667,785 kept of 3,543,341 (47%), 165 kept/s
67050 games, 1,668,186 kept of 3,545,993 (47%), 165 kept/s
67100 games, 1,668,456 kept of 3,548,337 (47%), 165 kept/s
67150 games, 1,668,747 kept of 3,550,971 (47%), 165 kept/s
67200 games, 1,669,054 kept of 3,553,867 (47%), 165 kept/s
67250 games, 1,669,290 kept of 3,556,683 (47%), 164 kept/s
67300 games, 1,669,554 kept of 3,559,130 (47%), 164 kept/s
67350 games, 1,669,683 kept of 3,561,531 (47%), 164 kept/s
67400 games, 1,670,143 kept of 3,564,284 (47%), 164 kept/s
67450 games, 1,670,415 kept of 3,567,087 (47%), 164 kept/s
67500 games, 1,670,667 kept of 3,569,946 (47%), 164 kept/s
67550 games, 1,671,027 kept of 3,572,656 (47%), 164 kept/s
67600 games, 1,671,267 kept of 3,575,172 (47%), 164 kept/s
67650 games, 1,671,716 kept of 3,578,610 (47%), 164 kept/s
67700 games, 1,671,978 kept of 3,580,905 (47%), 164 kept/s
67750 games, 1,672,231 kept of 3,583,466 (47%), 164 kept/s
67800 games, 1,672,620 kept of 3,586,272 (47%), 163 kept/s
67850 games, 1,672,858 kept of 3,588,720 (47%), 163 kept/s
67900 games, 1,673,023 kept of 3,591,256 (47%), 163 kept/s
67950 games, 1,673,253 kept of 3,593,461 (47%), 163 kept/s
68000 games, 1,673,469 kept of 3,595,940 (47%), 163 kept/s
68050 games, 1,673,719 kept of 3,598,504 (47%), 163 kept/s
68100 games, 1,674,006 kept of 3,601,613 (46%), 163 kept/s
68150 games, 1,674,288 kept of 3,604,417 (46%), 163 kept/s
68200 games, 1,674,573 kept of 3,607,125 (46%), 163 kept/s
68250 games, 1,674,865 kept of 3,609,983 (46%), 163 kept/s
68300 games, 1,675,185 kept of 3,612,960 (46%), 163 kept/s
68350 games, 1,675,514 kept of 3,615,745 (46%), 162 kept/s
68400 games, 1,675,737 kept of 3,618,019 (46%), 162 kept/s
68450 games, 1,676,205 kept of 3,620,816 (46%), 162 kept/s
68500 games, 1,676,604 kept of 3,623,758 (46%), 162 kept/s
68550 games, 1,676,877 kept of 3,626,305 (46%), 162 kept/s
68600 games, 1,677,324 kept of 3,628,762 (46%), 162 kept/s
68650 games, 1,677,670 kept of 3,631,101 (46%), 162 kept/s
68700 games, 1,677,871 kept of 3,633,698 (46%), 162 kept/s
68750 games, 1,678,159 kept of 3,636,503 (46%), 162 kept/s
68800 games, 1,678,457 kept of 3,639,224 (46%), 162 kept/s
68850 games, 1,678,823 kept of 3,642,004 (46%), 162 kept/s
68900 games, 1,679,030 kept of 3,644,574 (46%), 161 kept/s
68950 games, 1,679,277 kept of 3,646,992 (46%), 161 kept/s
69000 games, 1,679,640 kept of 3,649,717 (46%), 161 kept/s
69050 games, 1,679,892 kept of 3,652,373 (46%), 161 kept/s
69100 games, 1,680,276 kept of 3,655,275 (46%), 161 kept/s
69150 games, 1,680,625 kept of 3,658,178 (46%), 161 kept/s
69200 games, 1,680,999 kept of 3,660,702 (46%), 161 kept/s
69250 games, 1,681,299 kept of 3,663,512 (46%), 161 kept/s
69300 games, 1,681,571 kept of 3,666,358 (46%), 161 kept/s
69350 games, 1,681,899 kept of 3,669,048 (46%), 161 kept/s
69400 games, 1,682,202 kept of 3,671,624 (46%), 161 kept/s
69450 games, 1,682,594 kept of 3,674,419 (46%), 160 kept/s
69500 games, 1,682,926 kept of 3,677,348 (46%), 160 kept/s
69550 games, 1,683,192 kept of 3,679,994 (46%), 160 kept/s
69600 games, 1,683,480 kept of 3,683,010 (46%), 160 kept/s
69650 games, 1,683,706 kept of 3,685,790 (46%), 160 kept/s
69700 games, 1,684,035 kept of 3,688,360 (46%), 160 kept/s
69750 games, 1,684,324 kept of 3,690,967 (46%), 160 kept/s
69800 games, 1,684,608 kept of 3,693,880 (46%), 160 kept/s
69850 games, 1,684,888 kept of 3,696,552 (46%), 160 kept/s
69900 games, 1,685,207 kept of 3,699,178 (46%), 160 kept/s
69950 games, 1,685,494 kept of 3,701,913 (46%), 160 kept/s
70000 games, 1,685,835 kept of 3,704,481 (46%), 160 kept/s
70050 games, 1,686,079 kept of 3,706,930 (45%), 159 kept/s
70100 games, 1,686,525 kept of 3,709,430 (45%), 159 kept/s
70150 games, 1,686,783 kept of 3,712,554 (45%), 159 kept/s
70200 games, 1,687,036 kept of 3,714,994 (45%), 159 kept/s
70250 games, 1,687,333 kept of 3,717,615 (45%), 159 kept/s
70300 games, 1,687,709 kept of 3,720,227 (45%), 159 kept/s
70350 games, 1,688,055 kept of 3,723,145 (45%), 159 kept/s
70400 games, 1,688,340 kept of 3,725,672 (45%), 159 kept/s
70450 games, 1,688,611 kept of 3,728,394 (45%), 159 kept/s
70500 games, 1,688,884 kept of 3,731,005 (45%), 159 kept/s
70550 games, 1,689,084 kept of 3,733,172 (45%), 159 kept/s
70600 games, 1,689,415 kept of 3,736,036 (45%), 159 kept/s
70650 games, 1,689,604 kept of 3,738,513 (45%), 158 kept/s
70700 games, 1,689,779 kept of 3,740,742 (45%), 158 kept/s
70750 games, 1,690,081 kept of 3,743,466 (45%), 158 kept/s
70800 games, 1,690,428 kept of 3,746,136 (45%), 158 kept/s
70850 games, 1,690,768 kept of 3,748,959 (45%), 158 kept/s
70900 games, 1,691,063 kept of 3,751,669 (45%), 158 kept/s
70950 games, 1,691,360 kept of 3,754,689 (45%), 158 kept/s
71000 games, 1,691,708 kept of 3,757,153 (45%), 158 kept/s
71050 games, 1,692,181 kept of 3,760,043 (45%), 158 kept/s
71100 games, 1,692,432 kept of 3,762,498 (45%), 158 kept/s
71150 games, 1,692,623 kept of 3,765,152 (45%), 158 kept/s
71200 games, 1,692,888 kept of 3,767,710 (45%), 157 kept/s
71250 games, 1,693,120 kept of 3,770,082 (45%), 157 kept/s
71300 games, 1,693,416 kept of 3,772,665 (45%), 157 kept/s
71350 games, 1,693,618 kept of 3,775,182 (45%), 157 kept/s
71400 games, 1,693,813 kept of 3,777,493 (45%), 157 kept/s
71450 games, 1,694,089 kept of 3,779,998 (45%), 157 kept/s
71500 games, 1,694,484 kept of 3,782,630 (45%), 157 kept/s
71550 games, 1,694,711 kept of 3,785,088 (45%), 157 kept/s
71600 games, 1,694,919 kept of 3,787,588 (45%), 157 kept/s
71650 games, 1,695,246 kept of 3,790,218 (45%), 157 kept/s
71700 games, 1,695,506 kept of 3,792,684 (45%), 157 kept/s
71750 games, 1,695,812 kept of 3,795,386 (45%), 157 kept/s
71800 games, 1,696,148 kept of 3,797,926 (45%), 157 kept/s
71850 games, 1,696,517 kept of 3,800,847 (45%), 156 kept/s
71900 games, 1,696,770 kept of 3,803,378 (45%), 156 kept/s
71950 games, 1,697,033 kept of 3,805,756 (45%), 156 kept/s
72000 games, 1,697,233 kept of 3,808,729 (45%), 156 kept/s
72050 games, 1,697,530 kept of 3,811,296 (45%), 156 kept/s
72100 games, 1,697,701 kept of 3,813,826 (45%), 156 kept/s
72150 games, 1,697,933 kept of 3,816,692 (44%), 156 kept/s
72200 games, 1,698,273 kept of 3,819,149 (44%), 156 kept/s
72250 games, 1,698,582 kept of 3,822,202 (44%), 156 kept/s
72300 games, 1,698,860 kept of 3,824,853 (44%), 156 kept/s
72350 games, 1,699,144 kept of 3,827,389 (44%), 156 kept/s
72400 games, 1,699,461 kept of 3,830,151 (44%), 156 kept/s
72450 games, 1,699,770 kept of 3,833,141 (44%), 156 kept/s
done: 72482 games, 1,700,000 kept of 3,834,961 -> data/train.5.csv
histogram |material|: 0:399407 60:404584 120:152164 180:232233 240:102459 300:118536 360:59007 420:60298 480:60228 540:42536 600:68548
