50 games, 2,213 kept of 2,213 (100%), 343 kept/s
100 games, 4,665 kept of 4,665 (100%), 335 kept/s
150 games, 7,428 kept of 7,428 (100%), 339 kept/s
200 games, 10,349 kept of 10,349 (100%), 343 kept/s
250 games, 12,909 kept of 12,909 (100%), 343 kept/s
300 games, 15,815 kept of 15,815 (100%), 345 kept/s
350 games, 18,683 kept of 18,683 (100%), 347 kept/s
400 games, 21,336 kept of 21,336 (100%), 347 kept/s
450 games, 23,672 kept of 23,672 (100%), 346 kept/s
500 games, 26,332 kept of 26,332 (100%), 347 kept/s
550 games, 29,148 kept of 29,148 (100%), 347 kept/s
600 games, 32,065 kept of 32,065 (100%), 348 kept/s
650 games, 34,439 kept of 34,439 (100%), 347 kept/s
700 games, 37,027 kept of 37,027 (100%), 348 kept/s
750 games, 39,770 kept of 39,770 (100%), 348 kept/s
800 games, 42,315 kept of 42,315 (100%), 348 kept/s
850 games, 45,032 kept of 45,032 (100%), 348 kept/s
900 games, 47,688 kept of 47,688 (100%), 349 kept/s
950 games, 50,224 kept of 50,224 (100%), 349 kept/s
1000 games, 52,792 kept of 52,792 (100%), 348 kept/s
1050 games, 55,637 kept of 55,637 (100%), 349 kept/s
1100 games, 58,522 kept of 58,522 (100%), 349 kept/s
1150 games, 61,262 kept of 61,262 (100%), 349 kept/s
1200 games, 64,202 kept of 64,202 (100%), 349 kept/s
1250 games, 66,814 kept of 66,814 (100%), 350 kept/s
1300 games, 69,365 kept of 69,365 (100%), 349 kept/s
1350 games, 72,480 kept of 72,480 (100%), 350 kept/s
1400 games, 75,069 kept of 75,069 (100%), 350 kept/s
1450 games, 78,163 kept of 78,163 (100%), 351 kept/s
1500 games, 80,670 kept of 80,670 (100%), 350 kept/s
1550 games, 83,488 kept of 83,488 (100%), 350 kept/s
1600 games, 86,686 kept of 86,686 (100%), 350 kept/s
1650 games, 89,082 kept of 89,082 (100%), 350 kept/s
1700 games, 91,777 kept of 91,777 (100%), 350 kept/s
1750 games, 94,243 kept of 94,243 (100%), 350 kept/s
1800 games, 96,912 kept of 96,912 (100%), 350 kept/s
1850 games, 99,416 kept of 99,416 (100%), 350 kept/s
1900 games, 102,227 kept of 102,227 (100%), 350 kept/s
1950 games, 104,584 kept of 104,584 (100%), 351 kept/s
2000 games, 107,410 kept of 107,410 (100%), 351 kept/s
2050 games, 109,947 kept of 109,947 (100%), 350 kept/s
2100 games, 112,840 kept of 112,840 (100%), 351 kept/s
2150 games, 115,341 kept of 115,341 (100%), 350 kept/s
2200 games, 117,775 kept of 117,775 (100%), 350 kept/s
2250 games, 120,359 kept of 120,359 (100%), 350 kept/s
2300 games, 123,157 kept of 123,157 (100%), 350 kept/s
2350 games, 125,604 kept of 125,604 (100%), 350 kept/s
2400 games, 128,044 kept of 128,044 (100%), 350 kept/s
2450 games, 130,707 kept of 130,707 (100%), 350 kept/s
2500 games, 133,069 kept of 133,069 (100%), 350 kept/s
2550 games, 135,697 kept of 135,697 (100%), 350 kept/s
2600 games, 138,307 kept of 138,307 (100%), 350 kept/s
2650 games, 140,902 kept of 140,902 (100%), 350 kept/s
2700 games, 143,434 kept of 143,434 (100%), 350 kept/s
2750 games, 146,002 kept of 146,002 (100%), 350 kept/s
2800 games, 148,593 kept of 148,593 (100%), 350 kept/s
2850 games, 151,525 kept of 151,525 (100%), 350 kept/s
2900 games, 154,192 kept of 154,192 (100%), 350 kept/s
2950 games, 156,955 kept of 156,955 (100%), 350 kept/s
3000 games, 159,819 kept of 159,819 (100%), 350 kept/s
3050 games, 162,502 kept of 162,502 (100%), 350 kept/s
3100 games, 165,148 kept of 165,148 (100%), 350 kept/s
3150 games, 167,572 kept of 167,572 (100%), 350 kept/s
3200 games, 170,512 kept of 170,512 (100%), 350 kept/s
3250 games, 173,014 kept of 173,014 (100%), 350 kept/s
3300 games, 175,907 kept of 175,907 (100%), 350 kept/s
3350 games, 178,461 kept of 178,461 (100%), 350 kept/s
3400 games, 180,779 kept of 180,779 (100%), 349 kept/s
3450 games, 183,018 kept of 183,018 (100%), 349 kept/s
3500 games, 185,534 kept of 185,534 (100%), 349 kept/s
3550 games, 187,825 kept of 187,825 (100%), 349 kept/s
3600 games, 190,796 kept of 190,796 (100%), 349 kept/s
3650 games, 193,317 kept of 193,317 (100%), 349 kept/s
3700 games, 195,849 kept of 195,849 (100%), 349 kept/s
3750 games, 198,954 kept of 198,954 (100%), 349 kept/s
3800 games, 201,823 kept of 201,823 (100%), 349 kept/s
3850 games, 204,383 kept of 204,383 (100%), 349 kept/s
3900 games, 206,781 kept of 206,781 (100%), 349 kept/s
3950 games, 209,116 kept of 209,116 (100%), 349 kept/s
4000 games, 211,751 kept of 211,751 (100%), 349 kept/s
4050 games, 214,629 kept of 214,629 (100%), 349 kept/s
4100 games, 217,377 kept of 217,377 (100%), 349 kept/s
4150 games, 219,931 kept of 219,931 (100%), 349 kept/s
4200 games, 222,451 kept of 222,451 (100%), 349 kept/s
4250 games, 224,966 kept of 224,966 (100%), 349 kept/s
4300 games, 227,365 kept of 227,365 (100%), 349 kept/s
4350 games, 229,768 kept of 229,768 (100%), 349 kept/s
4400 games, 232,433 kept of 232,433 (100%), 349 kept/s
4450 games, 234,933 kept of 234,933 (100%), 349 kept/s
4500 games, 237,392 kept of 237,392 (100%), 349 kept/s
4550 games, 239,854 kept of 239,854 (100%), 349 kept/s
4600 games, 242,299 kept of 242,299 (100%), 349 kept/s
4650 games, 244,558 kept of 244,558 (100%), 349 kept/s
4700 games, 247,099 kept of 247,099 (100%), 349 kept/s
4750 games, 249,667 kept of 249,667 (100%), 349 kept/s
4800 games, 252,394 kept of 252,394 (100%), 349 kept/s
4850 games, 254,843 kept of 254,843 (100%), 349 kept/s
4900 games, 257,633 kept of 257,633 (100%), 349 kept/s
4950 games, 260,437 kept of 260,437 (100%), 349 kept/s
5000 games, 263,379 kept of 263,379 (100%), 349 kept/s
5050 games, 265,905 kept of 265,905 (100%), 349 kept/s
5100 games, 268,824 kept of 268,824 (100%), 349 kept/s
5150 games, 271,402 kept of 271,402 (100%), 349 kept/s
5200 games, 274,166 kept of 274,166 (100%), 349 kept/s
5250 games, 276,706 kept of 276,706 (100%), 349 kept/s
5300 games, 279,193 kept of 279,193 (100%), 349 kept/s
5350 games, 281,785 kept of 281,785 (100%), 349 kept/s
5400 games, 284,409 kept of 284,409 (100%), 349 kept/s
5450 games, 287,574 kept of 287,574 (100%), 349 kept/s
5500 games, 290,109 kept of 290,109 (100%), 349 kept/s
5550 games, 292,827 kept of 292,827 (100%), 349 kept/s
5600 games, 295,631 kept of 295,631 (100%), 349 kept/s
5650 games, 298,618 kept of 298,618 (100%), 349 kept/s
5700 games, 301,435 kept of 301,435 (100%), 349 kept/s
5750 games, 303,790 kept of 303,790 (100%), 349 kept/s
5800 games, 306,379 kept of 306,379 (100%), 349 kept/s
5850 games, 309,158 kept of 309,158 (100%), 349 kept/s
5900 games, 311,980 kept of 311,980 (100%), 349 kept/s
5950 games, 314,375 kept of 314,375 (100%), 349 kept/s
6000 games, 316,890 kept of 316,890 (100%), 349 kept/s
6050 games, 319,094 kept of 319,094 (100%), 349 kept/s
6100 games, 321,777 kept of 321,777 (100%), 349 kept/s
6150 games, 324,118 kept of 324,118 (100%), 349 kept/s
6200 games, 326,634 kept of 326,634 (100%), 349 kept/s
6250 games, 329,256 kept of 329,256 (100%), 349 kept/s
6300 games, 331,830 kept of 331,830 (100%), 349 kept/s
6350 games, 334,758 kept of 334,758 (100%), 349 kept/s
6400 games, 337,114 kept of 337,114 (100%), 349 kept/s
6450 games, 339,600 kept of 339,600 (100%), 349 kept/s
6500 games, 342,543 kept of 342,543 (100%), 349 kept/s
6550 games, 345,187 kept of 345,187 (100%), 349 kept/s
6600 games, 347,798 kept of 347,798 (100%), 349 kept/s
6650 games, 351,023 kept of 351,023 (100%), 349 kept/s
6700 games, 354,122 kept of 354,122 (100%), 349 kept/s
6750 games, 356,745 kept of 356,745 (100%), 349 kept/s
6800 games, 359,381 kept of 359,381 (100%), 349 kept/s
6850 games, 362,216 kept of 362,216 (100%), 349 kept/s
6900 games, 365,019 kept of 365,019 (100%), 349 kept/s
6950 games, 367,608 kept of 367,608 (100%), 349 kept/s
7000 games, 370,318 kept of 370,318 (100%), 349 kept/s
7050 games, 373,359 kept of 373,359 (100%), 349 kept/s
7100 games, 376,023 kept of 376,023 (100%), 349 kept/s
7150 games, 378,663 kept of 378,663 (100%), 349 kept/s
7200 games, 381,351 kept of 381,351 (100%), 349 kept/s
7250 games, 384,265 kept of 384,265 (100%), 349 kept/s
7300 games, 386,676 kept of 386,676 (100%), 349 kept/s
7350 games, 388,902 kept of 388,902 (100%), 349 kept/s
7400 games, 391,450 kept of 391,450 (100%), 349 kept/s
7450 games, 393,742 kept of 393,742 (100%), 349 kept/s
7500 games, 396,400 kept of 396,400 (100%), 349 kept/s
7550 games, 398,859 kept of 398,859 (100%), 349 kept/s
7600 games, 401,518 kept of 401,518 (100%), 349 kept/s
7650 games, 404,255 kept of 404,255 (100%), 349 kept/s
7700 games, 407,077 kept of 407,077 (100%), 349 kept/s
7750 games, 409,453 kept of 409,453 (100%), 349 kept/s
7800 games, 412,407 kept of 412,407 (100%), 349 kept/s
7850 games, 415,065 kept of 415,065 (100%), 349 kept/s
7900 games, 417,715 kept of 417,715 (100%), 349 kept/s
7950 games, 420,433 kept of 420,433 (100%), 349 kept/s
8000 games, 423,563 kept of 423,563 (100%), 349 kept/s
8050 games, 426,033 kept of 426,033 (100%), 349 kept/s
8100 games, 428,630 kept of 428,630 (100%), 349 kept/s
8150 games, 430,891 kept of 430,891 (100%), 349 kept/s
8200 games, 433,386 kept of 433,386 (100%), 349 kept/s
8250 games, 436,227 kept of 436,227 (100%), 349 kept/s
8300 games, 438,919 kept of 438,919 (100%), 349 kept/s
8350 games, 441,249 kept of 441,249 (100%), 349 kept/s
8400 games, 444,022 kept of 444,022 (100%), 349 kept/s
8450 games, 446,652 kept of 446,652 (100%), 349 kept/s
8500 games, 449,293 kept of 449,293 (100%), 349 kept/s
8550 games, 451,276 kept of 451,276 (100%), 349 kept/s
8600 games, 453,891 kept of 453,891 (100%), 349 kept/s
8650 games, 456,633 kept of 456,633 (100%), 349 kept/s
8700 games, 459,316 kept of 459,316 (100%), 349 kept/s
8750 games, 461,843 kept of 461,843 (100%), 349 kept/s
8800 games, 464,516 kept of 464,516 (100%), 349 kept/s
8850 games, 466,871 kept of 466,871 (100%), 349 kept/s
8900 games, 469,077 kept of 469,077 (100%), 349 kept/s
8950 games, 471,574 kept of 471,574 (100%), 349 kept/s
9000 games, 474,330 kept of 474,330 (100%), 349 kept/s
9050 games, 477,109 kept of 477,109 (100%), 349 kept/s
9100 games, 479,757 kept of 479,757 (100%), 349 kept/s
9150 games, 482,377 kept of 482,377 (100%), 349 kept/s
9200 games, 485,196 kept of 485,196 (100%), 349 kept/s
9250 games, 487,498 kept of 487,498 (100%), 349 kept/s
9300 games, 490,420 kept of 490,420 (100%), 349 kept/s
9350 games, 492,846 kept of 492,846 (100%), 349 kept/s
9400 games, 495,393 kept of 495,393 (100%), 349 kept/s
9450 games, 498,040 kept of 498,040 (100%), 349 kept/s
9500 games, 500,623 kept of 500,623 (100%), 349 kept/s
9550 games, 503,105 kept of 503,105 (100%), 349 kept/s
9600 games, 505,607 kept of 505,607 (100%), 349 kept/s
9650 games, 508,131 kept of 508,131 (100%), 349 kept/s
9700 games, 510,845 kept of 510,845 (100%), 349 kept/s
9750 games, 513,769 kept of 513,769 (100%), 349 kept/s
9800 games, 516,538 kept of 516,538 (100%), 349 kept/s
9850 games, 519,115 kept of 519,115 (100%), 349 kept/s
9900 games, 521,565 kept of 521,565 (100%), 349 kept/s
9950 games, 524,083 kept of 524,083 (100%), 349 kept/s
10000 games, 526,554 kept of 526,554 (100%), 349 kept/s
10050 games, 528,999 kept of 528,999 (100%), 349 kept/s
10100 games, 531,584 kept of 531,584 (100%), 349 kept/s
10150 games, 534,527 kept of 534,527 (100%), 349 kept/s
10200 games, 537,380 kept of 537,380 (100%), 349 kept/s
10250 games, 539,935 kept of 539,935 (100%), 349 kept/s
10300 games, 542,838 kept of 542,838 (100%), 349 kept/s
10350 games, 545,304 kept of 545,304 (100%), 349 kept/s
10400 games, 548,229 kept of 548,229 (100%), 349 kept/s
10450 games, 551,059 kept of 551,059 (100%), 349 kept/s
10500 games, 553,524 kept of 553,524 (100%), 349 kept/s
10550 games, 556,003 kept of 556,003 (100%), 349 kept/s
10600 games, 558,507 kept of 558,507 (100%), 349 kept/s
10650 games, 561,167 kept of 561,167 (100%), 349 kept/s
10700 games, 563,634 kept of 563,634 (100%), 349 kept/s
10750 games, 566,145 kept of 566,145 (100%), 349 kept/s
10800 games, 568,499 kept of 568,499 (100%), 349 kept/s
10850 games, 571,264 kept of 571,264 (100%), 349 kept/s
10900 games, 573,785 kept of 573,785 (100%), 349 kept/s
10950 games, 577,031 kept of 577,031 (100%), 349 kept/s
11000 games, 579,703 kept of 579,703 (100%), 349 kept/s
11050 games, 582,249 kept of 582,249 (100%), 349 kept/s
11100 games, 584,557 kept of 584,557 (100%), 349 kept/s
11150 games, 587,333 kept of 587,333 (100%), 349 kept/s
11200 games, 590,061 kept of 590,061 (100%), 349 kept/s
11250 games, 592,947 kept of 592,947 (100%), 349 kept/s
11300 games, 595,712 kept of 595,712 (100%), 349 kept/s
11350 games, 598,369 kept of 598,369 (100%), 349 kept/s
11400 games, 601,096 kept of 601,100 (100%), 349 kept/s
11450 games, 603,164 kept of 603,481 (100%), 349 kept/s
11500 games, 605,391 kept of 605,926 (100%), 349 kept/s
11550 games, 607,515 kept of 608,266 (100%), 349 kept/s
11600 games, 609,911 kept of 610,936 (100%), 348 kept/s
11650 games, 612,539 kept of 613,859 (100%), 348 kept/s
11700 games, 614,995 kept of 616,447 (100%), 348 kept/s
11750 games, 617,684 kept of 619,365 (100%), 348 kept/s
11800 games, 620,180 kept of 622,049 (100%), 348 kept/s
11850 games, 622,566 kept of 624,642 (100%), 348 kept/s
11900 games, 625,114 kept of 627,433 (100%), 348 kept/s
11950 games, 627,808 kept of 630,363 (100%), 348 kept/s
12000 games, 630,470 kept of 633,236 (100%), 348 kept/s
12050 games, 633,159 kept of 636,233 (100%), 348 kept/s
12100 games, 635,612 kept of 638,985 (99%), 347 kept/s
12150 games, 638,296 kept of 641,807 (99%), 347 kept/s
12200 games, 640,675 kept of 644,390 (99%), 347 kept/s
12250 games, 642,871 kept of 646,833 (99%), 347 kept/s
12300 games, 645,483 kept of 649,688 (99%), 347 kept/s
12350 games, 647,625 kept of 652,048 (99%), 347 kept/s
12400 games, 649,995 kept of 654,627 (99%), 347 kept/s
12450 games, 652,266 kept of 657,141 (99%), 347 kept/s
12500 games, 655,021 kept of 660,132 (99%), 347 kept/s
12550 games, 657,362 kept of 662,624 (99%), 346 kept/s
12600 games, 659,721 kept of 665,208 (99%), 346 kept/s
12650 games, 662,181 kept of 667,932 (99%), 346 kept/s
12700 games, 664,565 kept of 670,614 (99%), 346 kept/s
12750 games, 667,053 kept of 673,321 (99%), 346 kept/s
12800 games, 669,654 kept of 676,117 (99%), 346 kept/s
12850 games, 671,601 kept of 678,266 (99%), 346 kept/s
12900 games, 673,980 kept of 680,859 (99%), 346 kept/s
12950 games, 676,277 kept of 683,408 (99%), 345 kept/s
13000 games, 678,679 kept of 686,033 (99%), 345 kept/s
13050 games, 681,318 kept of 688,896 (99%), 345 kept/s
13100 games, 683,862 kept of 691,656 (99%), 345 kept/s
13150 games, 686,230 kept of 694,194 (99%), 345 kept/s
13200 games, 688,857 kept of 697,018 (99%), 345 kept/s
13250 games, 691,850 kept of 700,205 (99%), 345 kept/s
13300 games, 694,344 kept of 702,934 (99%), 345 kept/s
13350 games, 696,700 kept of 705,506 (99%), 345 kept/s
13400 games, 698,925 kept of 707,972 (99%), 345 kept/s
13450 games, 701,103 kept of 710,469 (99%), 344 kept/s
13500 games, 703,929 kept of 713,459 (99%), 344 kept/s
13550 games, 706,634 kept of 716,375 (99%), 344 kept/s
13600 games, 708,854 kept of 718,830 (99%), 344 kept/s
13650 games, 711,207 kept of 721,312 (99%), 344 kept/s
13700 games, 713,407 kept of 723,726 (99%), 344 kept/s
13750 games, 715,755 kept of 726,293 (99%), 344 kept/s
13800 games, 718,406 kept of 729,199 (99%), 344 kept/s
13850 games, 720,876 kept of 732,025 (98%), 344 kept/s
13900 games, 723,218 kept of 734,541 (98%), 344 kept/s
13950 games, 725,812 kept of 737,366 (98%), 344 kept/s
14000 games, 728,045 kept of 739,813 (98%), 344 kept/s
14050 games, 730,176 kept of 742,156 (98%), 344 kept/s
14100 games, 732,811 kept of 745,001 (98%), 344 kept/s
14150 games, 735,245 kept of 747,688 (98%), 343 kept/s
14200 games, 737,529 kept of 750,211 (98%), 343 kept/s
14250 games, 739,774 kept of 752,698 (98%), 343 kept/s
14300 games, 742,173 kept of 755,285 (98%), 343 kept/s
14350 games, 744,978 kept of 758,271 (98%), 343 kept/s
14400 games, 747,164 kept of 760,769 (98%), 343 kept/s
14450 games, 749,488 kept of 763,335 (98%), 343 kept/s
14500 games, 751,823 kept of 765,929 (98%), 343 kept/s
14550 games, 754,134 kept of 768,403 (98%), 343 kept/s
14600 games, 756,579 kept of 771,116 (98%), 343 kept/s
14650 games, 759,394 kept of 774,186 (98%), 343 kept/s
14700 games, 761,691 kept of 776,745 (98%), 342 kept/s
14750 games, 764,211 kept of 779,511 (98%), 342 kept/s
14800 games, 766,492 kept of 782,032 (98%), 342 kept/s
14850 games, 768,533 kept of 784,251 (98%), 342 kept/s
14900 games, 770,746 kept of 786,620 (98%), 342 kept/s
14950 games, 772,859 kept of 788,963 (98%), 342 kept/s
15000 games, 775,602 kept of 791,874 (98%), 342 kept/s
15050 games, 778,105 kept of 794,548 (98%), 342 kept/s
15100 games, 780,681 kept of 797,366 (98%), 342 kept/s
15150 games, 783,259 kept of 800,175 (98%), 342 kept/s
15200 games, 785,351 kept of 802,527 (98%), 342 kept/s
15250 games, 787,790 kept of 805,159 (98%), 342 kept/s
15300 games, 790,111 kept of 807,747 (98%), 342 kept/s
15350 games, 792,512 kept of 810,345 (98%), 342 kept/s
15400 games, 794,668 kept of 812,720 (98%), 341 kept/s
15450 games, 797,099 kept of 815,424 (98%), 341 kept/s
15500 games, 799,632 kept of 818,117 (98%), 341 kept/s
15550 games, 802,028 kept of 820,728 (98%), 341 kept/s
15600 games, 804,427 kept of 823,354 (98%), 341 kept/s
15650 games, 807,045 kept of 826,189 (98%), 341 kept/s
15700 games, 809,090 kept of 828,448 (98%), 341 kept/s
15750 games, 811,572 kept of 831,152 (98%), 341 kept/s
15800 games, 813,702 kept of 833,645 (98%), 341 kept/s
15850 games, 815,830 kept of 836,086 (98%), 341 kept/s
15900 games, 818,242 kept of 838,722 (98%), 341 kept/s
15950 games, 820,968 kept of 841,686 (98%), 341 kept/s
16000 games, 823,148 kept of 844,160 (98%), 341 kept/s
16050 games, 825,491 kept of 846,702 (97%), 341 kept/s
16100 games, 827,790 kept of 849,197 (97%), 340 kept/s
16150 games, 830,117 kept of 851,768 (97%), 340 kept/s
16200 games, 832,590 kept of 854,406 (97%), 340 kept/s
16250 games, 835,256 kept of 857,281 (97%), 340 kept/s
16300 games, 837,604 kept of 859,796 (97%), 340 kept/s
16350 games, 839,615 kept of 862,012 (97%), 340 kept/s
16400 games, 841,951 kept of 864,630 (97%), 340 kept/s
16450 games, 844,252 kept of 867,187 (97%), 340 kept/s
16500 games, 846,760 kept of 869,962 (97%), 340 kept/s
16550 games, 849,045 kept of 872,570 (97%), 340 kept/s
16600 games, 851,804 kept of 875,526 (97%), 340 kept/s
16650 games, 854,134 kept of 878,055 (97%), 340 kept/s
16700 games, 857,009 kept of 881,158 (97%), 340 kept/s
16750 games, 859,971 kept of 884,250 (97%), 340 kept/s
16800 games, 862,195 kept of 886,675 (97%), 340 kept/s
16850 games, 864,385 kept of 889,136 (97%), 340 kept/s
16900 games, 867,042 kept of 891,987 (97%), 340 kept/s
16950 games, 869,884 kept of 895,056 (97%), 339 kept/s
17000 games, 872,603 kept of 897,975 (97%), 339 kept/s
17050 games, 875,086 kept of 900,701 (97%), 339 kept/s
17100 games, 877,440 kept of 903,365 (97%), 339 kept/s
17150 games, 879,952 kept of 906,102 (97%), 339 kept/s
17200 games, 881,990 kept of 908,360 (97%), 339 kept/s
17250 games, 884,756 kept of 911,368 (97%), 339 kept/s
17300 games, 887,211 kept of 914,053 (97%), 339 kept/s
17350 games, 889,727 kept of 916,727 (97%), 339 kept/s
17400 games, 892,380 kept of 919,634 (97%), 339 kept/s
17450 games, 895,000 kept of 922,486 (97%), 339 kept/s
17500 games, 897,083 kept of 924,879 (97%), 339 kept/s
17550 games, 899,681 kept of 927,687 (97%), 339 kept/s
17600 games, 902,620 kept of 930,889 (97%), 339 kept/s
17650 games, 904,928 kept of 933,378 (97%), 339 kept/s
17700 games, 907,480 kept of 936,136 (97%), 339 kept/s
17750 games, 910,187 kept of 939,077 (97%), 339 kept/s
17800 games, 912,749 kept of 941,830 (97%), 339 kept/s
17850 games, 915,289 kept of 944,605 (97%), 339 kept/s
17900 games, 918,031 kept of 947,521 (97%), 339 kept/s
17950 games, 920,692 kept of 950,397 (97%), 339 kept/s
18000 games, 923,011 kept of 952,984 (97%), 339 kept/s
18050 games, 925,393 kept of 955,577 (97%), 338 kept/s
18100 games, 927,375 kept of 957,762 (97%), 338 kept/s
18150 games, 929,790 kept of 960,346 (97%), 338 kept/s
18200 games, 932,253 kept of 962,971 (97%), 338 kept/s
18250 games, 934,622 kept of 965,555 (97%), 338 kept/s
18300 games, 936,974 kept of 968,123 (97%), 338 kept/s
18350 games, 939,516 kept of 970,863 (97%), 338 kept/s
18400 games, 942,106 kept of 973,646 (97%), 338 kept/s
18450 games, 944,441 kept of 976,203 (97%), 338 kept/s
18500 games, 946,953 kept of 978,917 (97%), 338 kept/s
18550 games, 949,200 kept of 981,392 (97%), 338 kept/s
18600 games, 952,063 kept of 984,440 (97%), 338 kept/s
18650 games, 954,252 kept of 986,837 (97%), 338 kept/s
18700 games, 956,587 kept of 989,403 (97%), 338 kept/s
18750 games, 959,128 kept of 992,243 (97%), 338 kept/s
18800 games, 961,772 kept of 995,071 (97%), 338 kept/s
18850 games, 964,402 kept of 997,872 (97%), 338 kept/s
18900 games, 966,159 kept of 999,984 (97%), 338 kept/s
18950 games, 968,907 kept of 1,002,965 (97%), 338 kept/s
19000 games, 971,109 kept of 1,005,418 (97%), 338 kept/s
19050 games, 973,633 kept of 1,008,154 (97%), 337 kept/s
19100 games, 975,887 kept of 1,010,684 (97%), 337 kept/s
19150 games, 978,471 kept of 1,013,462 (97%), 337 kept/s
19200 games, 981,066 kept of 1,016,256 (97%), 337 kept/s
19250 games, 983,995 kept of 1,019,384 (97%), 337 kept/s
19300 games, 986,355 kept of 1,021,972 (97%), 337 kept/s
19350 games, 989,161 kept of 1,025,028 (97%), 337 kept/s
19400 games, 991,688 kept of 1,027,751 (96%), 337 kept/s
19450 games, 994,175 kept of 1,030,455 (96%), 337 kept/s
19500 games, 996,271 kept of 1,032,796 (96%), 337 kept/s
19550 games, 998,552 kept of 1,035,314 (96%), 337 kept/s
19600 games, 1,001,437 kept of 1,038,403 (96%), 337 kept/s
19650 games, 1,004,088 kept of 1,041,258 (96%), 337 kept/s
19700 games, 1,006,512 kept of 1,043,956 (96%), 337 kept/s
19750 games, 1,009,161 kept of 1,046,799 (96%), 337 kept/s
19800 games, 1,011,727 kept of 1,049,583 (96%), 337 kept/s
19850 games, 1,014,567 kept of 1,052,729 (96%), 337 kept/s
19900 games, 1,016,714 kept of 1,055,115 (96%), 337 kept/s
19950 games, 1,018,967 kept of 1,057,607 (96%), 337 kept/s
20000 games, 1,021,336 kept of 1,060,198 (96%), 337 kept/s
20050 games, 1,023,606 kept of 1,062,687 (96%), 337 kept/s
20100 games, 1,025,968 kept of 1,065,206 (96%), 337 kept/s
20150 games, 1,028,684 kept of 1,068,144 (96%), 337 kept/s
20200 games, 1,031,078 kept of 1,070,753 (96%), 337 kept/s
20250 games, 1,033,536 kept of 1,073,371 (96%), 337 kept/s
20300 games, 1,035,631 kept of 1,075,765 (96%), 337 kept/s
20350 games, 1,038,799 kept of 1,079,185 (96%), 337 kept/s
20400 games, 1,041,486 kept of 1,082,091 (96%), 337 kept/s
20450 games, 1,043,811 kept of 1,084,644 (96%), 337 kept/s
20500 games, 1,046,102 kept of 1,087,179 (96%), 336 kept/s
20550 games, 1,048,265 kept of 1,089,505 (96%), 336 kept/s
20600 games, 1,050,686 kept of 1,092,174 (96%), 336 kept/s
20650 games, 1,052,874 kept of 1,094,495 (96%), 336 kept/s
20700 games, 1,055,166 kept of 1,097,015 (96%), 336 kept/s
20750 games, 1,058,142 kept of 1,100,177 (96%), 336 kept/s
20800 games, 1,060,521 kept of 1,102,790 (96%), 336 kept/s
20850 games, 1,062,332 kept of 1,104,898 (96%), 336 kept/s
20900 games, 1,064,598 kept of 1,107,530 (96%), 336 kept/s
20950 games, 1,067,032 kept of 1,110,131 (96%), 336 kept/s
21000 games, 1,069,394 kept of 1,112,660 (96%), 336 kept/s
21050 games, 1,072,285 kept of 1,115,725 (96%), 336 kept/s
21100 games, 1,074,592 kept of 1,118,241 (96%), 336 kept/s
21150 games, 1,077,208 kept of 1,121,076 (96%), 336 kept/s
21200 games, 1,079,888 kept of 1,123,973 (96%), 336 kept/s
21250 games, 1,082,076 kept of 1,126,366 (96%), 336 kept/s
21300 games, 1,084,437 kept of 1,128,941 (96%), 336 kept/s
21350 games, 1,086,786 kept of 1,131,468 (96%), 336 kept/s
21400 games, 1,089,070 kept of 1,133,933 (96%), 336 kept/s
21450 games, 1,091,025 kept of 1,136,090 (96%), 336 kept/s
21500 games, 1,093,532 kept of 1,138,732 (96%), 336 kept/s
21550 games, 1,095,869 kept of 1,141,334 (96%), 336 kept/s
21600 games, 1,098,766 kept of 1,144,413 (96%), 336 kept/s
21650 games, 1,100,976 kept of 1,146,867 (96%), 336 kept/s
21700 games, 1,102,969 kept of 1,149,151 (96%), 336 kept/s
21750 games, 1,105,247 kept of 1,151,638 (96%), 335 kept/s
21800 games, 1,107,555 kept of 1,154,112 (96%), 335 kept/s
21850 games, 1,110,279 kept of 1,157,081 (96%), 335 kept/s
21900 games, 1,112,880 kept of 1,159,912 (96%), 335 kept/s
21950 games, 1,115,276 kept of 1,162,586 (96%), 335 kept/s
22000 games, 1,117,499 kept of 1,165,013 (96%), 335 kept/s
22050 games, 1,119,344 kept of 1,167,129 (96%), 335 kept/s
22100 games, 1,121,408 kept of 1,169,413 (96%), 335 kept/s
22150 games, 1,123,766 kept of 1,171,993 (96%), 335 kept/s
22200 games, 1,126,240 kept of 1,174,817 (96%), 335 kept/s
22250 games, 1,128,854 kept of 1,177,585 (96%), 335 kept/s
22300 games, 1,131,058 kept of 1,180,074 (96%), 335 kept/s
22350 games, 1,134,040 kept of 1,183,270 (96%), 335 kept/s
22400 games, 1,136,482 kept of 1,185,885 (96%), 335 kept/s
22450 games, 1,138,487 kept of 1,188,156 (96%), 335 kept/s
22500 games, 1,141,048 kept of 1,190,917 (96%), 335 kept/s
22550 games, 1,143,334 kept of 1,193,359 (96%), 335 kept/s
22600 games, 1,145,766 kept of 1,196,112 (96%), 335 kept/s
22650 games, 1,148,056 kept of 1,198,960 (96%), 335 kept/s
22700 games, 1,149,437 kept of 1,201,211 (96%), 335 kept/s
22750 games, 1,150,922 kept of 1,203,721 (96%), 334 kept/s
22800 games, 1,152,546 kept of 1,206,400 (96%), 334 kept/s
22850 games, 1,154,131 kept of 1,209,079 (95%), 334 kept/s
22900 games, 1,155,672 kept of 1,211,906 (95%), 333 kept/s
22950 games, 1,157,400 kept of 1,214,660 (95%), 333 kept/s
23000 games, 1,158,934 kept of 1,217,300 (95%), 333 kept/s
23050 games, 1,160,459 kept of 1,219,847 (95%), 333 kept/s
23100 games, 1,162,189 kept of 1,222,409 (95%), 332 kept/s
23150 games, 1,163,661 kept of 1,224,707 (95%), 332 kept/s
23200 games, 1,165,240 kept of 1,227,410 (95%), 332 kept/s
23250 games, 1,167,026 kept of 1,230,214 (95%), 332 kept/s
23300 games, 1,169,032 kept of 1,233,379 (95%), 331 kept/s
23350 games, 1,170,304 kept of 1,235,599 (95%), 331 kept/s
23400 games, 1,172,314 kept of 1,238,790 (95%), 331 kept/s
23450 games, 1,173,671 kept of 1,241,180 (95%), 331 kept/s
23500 games, 1,175,196 kept of 1,243,787 (94%), 330 kept/s
23550 games, 1,176,825 kept of 1,246,588 (94%), 330 kept/s
23600 games, 1,178,408 kept of 1,249,226 (94%), 330 kept/s
23650 games, 1,180,243 kept of 1,252,089 (94%), 330 kept/s
23700 games, 1,181,732 kept of 1,254,689 (94%), 329 kept/s
23750 games, 1,183,276 kept of 1,257,407 (94%), 329 kept/s
23800 games, 1,184,970 kept of 1,260,196 (94%), 329 kept/s
23850 games, 1,186,727 kept of 1,262,825 (94%), 329 kept/s
23900 games, 1,188,401 kept of 1,265,566 (94%), 328 kept/s
23950 games, 1,190,230 kept of 1,268,521 (94%), 328 kept/s
24000 games, 1,191,807 kept of 1,271,037 (94%), 328 kept/s
24050 games, 1,193,208 kept of 1,273,458 (94%), 328 kept/s
24100 games, 1,194,458 kept of 1,275,933 (94%), 327 kept/s
24150 games, 1,195,925 kept of 1,278,370 (94%), 327 kept/s
24200 games, 1,197,483 kept of 1,280,855 (93%), 327 kept/s
24250 games, 1,199,221 kept of 1,283,607 (93%), 327 kept/s
24300 games, 1,200,757 kept of 1,286,539 (93%), 326 kept/s
24350 games, 1,202,423 kept of 1,289,279 (93%), 326 kept/s
24400 games, 1,203,806 kept of 1,291,707 (93%), 326 kept/s
24450 games, 1,205,430 kept of 1,294,191 (93%), 326 kept/s
24500 games, 1,207,285 kept of 1,297,269 (93%), 325 kept/s
24550 games, 1,208,544 kept of 1,299,739 (93%), 325 kept/s
24600 games, 1,210,338 kept of 1,302,571 (93%), 325 kept/s
24650 games, 1,212,037 kept of 1,305,110 (93%), 325 kept/s
24700 games, 1,213,760 kept of 1,307,759 (93%), 325 kept/s
24750 games, 1,215,243 kept of 1,310,258 (93%), 324 kept/s
24800 games, 1,216,713 kept of 1,312,699 (93%), 324 kept/s
24850 games, 1,218,256 kept of 1,315,218 (93%), 324 kept/s
24900 games, 1,220,159 kept of 1,318,263 (93%), 324 kept/s
24950 games, 1,221,691 kept of 1,320,861 (92%), 323 kept/s
25000 games, 1,223,272 kept of 1,323,538 (92%), 323 kept/s
25050 games, 1,225,169 kept of 1,326,479 (92%), 323 kept/s
25100 games, 1,226,977 kept of 1,329,402 (92%), 323 kept/s
25150 games, 1,228,536 kept of 1,332,010 (92%), 323 kept/s
25200 games, 1,229,880 kept of 1,334,304 (92%), 322 kept/s
25250 games, 1,231,686 kept of 1,337,239 (92%), 322 kept/s
25300 games, 1,233,323 kept of 1,339,787 (92%), 322 kept/s
25350 games, 1,234,636 kept of 1,342,045 (92%), 322 kept/s
25400 games, 1,236,377 kept of 1,344,984 (92%), 322 kept/s
25450 games, 1,237,475 kept of 1,347,071 (92%), 321 kept/s
25500 games, 1,238,827 kept of 1,349,433 (92%), 321 kept/s
25550 games, 1,240,460 kept of 1,352,132 (92%), 321 kept/s
25600 games, 1,242,463 kept of 1,355,086 (92%), 321 kept/s
25650 games, 1,244,283 kept of 1,358,091 (92%), 320 kept/s
25700 games, 1,245,906 kept of 1,360,761 (92%), 320 kept/s
25750 games, 1,247,567 kept of 1,363,546 (91%), 320 kept/s
25800 games, 1,249,228 kept of 1,366,425 (91%), 320 kept/s
25850 games, 1,250,767 kept of 1,369,082 (91%), 320 kept/s
25900 games, 1,252,379 kept of 1,371,906 (91%), 319 kept/s
25950 games, 1,254,160 kept of 1,374,805 (91%), 319 kept/s
26000 games, 1,255,860 kept of 1,377,786 (91%), 319 kept/s
26050 games, 1,257,473 kept of 1,380,557 (91%), 319 kept/s
26100 games, 1,259,125 kept of 1,383,253 (91%), 318 kept/s
26150 games, 1,260,463 kept of 1,385,693 (91%), 318 kept/s
26200 games, 1,261,658 kept of 1,387,940 (91%), 318 kept/s
26250 games, 1,263,325 kept of 1,390,706 (91%), 318 kept/s
26300 games, 1,264,985 kept of 1,393,222 (91%), 318 kept/s
26350 games, 1,266,388 kept of 1,395,826 (91%), 317 kept/s
26400 games, 1,267,983 kept of 1,398,641 (91%), 317 kept/s
26450 games, 1,269,598 kept of 1,401,411 (91%), 317 kept/s
26500 games, 1,271,199 kept of 1,404,227 (91%), 317 kept/s
26550 games, 1,272,983 kept of 1,407,048 (90%), 317 kept/s
26600 games, 1,274,542 kept of 1,409,667 (90%), 316 kept/s
26650 games, 1,276,008 kept of 1,412,127 (90%), 316 kept/s
26700 games, 1,277,540 kept of 1,414,789 (90%), 316 kept/s
26750 games, 1,278,713 kept of 1,417,095 (90%), 316 kept/s
26800 games, 1,280,301 kept of 1,419,784 (90%), 316 kept/s
26850 games, 1,281,819 kept of 1,422,341 (90%), 315 kept/s
26900 games, 1,283,274 kept of 1,424,995 (90%), 315 kept/s
26950 games, 1,284,329 kept of 1,427,016 (90%), 315 kept/s
27000 games, 1,285,494 kept of 1,429,264 (90%), 315 kept/s
27050 games, 1,287,126 kept of 1,432,172 (90%), 314 kept/s
27100 games, 1,288,592 kept of 1,434,747 (90%), 314 kept/s
27150 games, 1,290,179 kept of 1,437,318 (90%), 314 kept/s
27200 games, 1,291,642 kept of 1,439,982 (90%), 314 kept/s
27250 games, 1,293,058 kept of 1,442,492 (90%), 314 kept/s
27300 games, 1,294,557 kept of 1,444,976 (90%), 313 kept/s
27350 games, 1,296,072 kept of 1,447,591 (90%), 313 kept/s
27400 games, 1,297,647 kept of 1,450,409 (89%), 313 kept/s
27450 games, 1,299,221 kept of 1,452,858 (89%), 313 kept/s
27500 games, 1,300,789 kept of 1,455,523 (89%), 313 kept/s
27550 games, 1,302,678 kept of 1,458,575 (89%), 313 kept/s
27600 games, 1,304,045 kept of 1,460,781 (89%), 312 kept/s
27650 games, 1,305,464 kept of 1,463,364 (89%), 312 kept/s
27700 games, 1,307,432 kept of 1,466,407 (89%), 312 kept/s
27750 games, 1,309,233 kept of 1,469,115 (89%), 312 kept/s
27800 games, 1,310,846 kept of 1,472,034 (89%), 312 kept/s
27850 games, 1,312,514 kept of 1,474,748 (89%), 311 kept/s
27900 games, 1,314,494 kept of 1,477,888 (89%), 311 kept/s
27950 games, 1,316,152 kept of 1,480,707 (89%), 311 kept/s
28000 games, 1,317,653 kept of 1,483,480 (89%), 311 kept/s
28050 games, 1,319,082 kept of 1,486,104 (89%), 311 kept/s
28100 games, 1,320,630 kept of 1,488,847 (89%), 310 kept/s
28150 games, 1,322,005 kept of 1,491,358 (89%), 310 kept/s
28200 games, 1,323,644 kept of 1,494,175 (89%), 310 kept/s
28250 games, 1,325,609 kept of 1,497,127 (89%), 310 kept/s
28300 games, 1,326,951 kept of 1,499,339 (89%), 310 kept/s
28350 games, 1,328,552 kept of 1,502,034 (88%), 310 kept/s
28400 games, 1,330,335 kept of 1,505,125 (88%), 309 kept/s
28450 games, 1,331,773 kept of 1,507,604 (88%), 309 kept/s
28500 games, 1,333,229 kept of 1,510,101 (88%), 309 kept/s
28550 games, 1,334,780 kept of 1,512,762 (88%), 309 kept/s
28600 games, 1,336,269 kept of 1,515,271 (88%), 309 kept/s
28650 games, 1,337,768 kept of 1,517,836 (88%), 308 kept/s
28700 games, 1,339,682 kept of 1,521,062 (88%), 308 kept/s
28750 games, 1,341,211 kept of 1,523,650 (88%), 308 kept/s
28800 games, 1,342,800 kept of 1,526,361 (88%), 308 kept/s
28850 games, 1,344,626 kept of 1,529,326 (88%), 308 kept/s
28900 games, 1,346,600 kept of 1,532,430 (88%), 308 kept/s
28950 games, 1,348,051 kept of 1,534,783 (88%), 307 kept/s
29000 games, 1,349,594 kept of 1,537,617 (88%), 307 kept/s
29050 games, 1,351,075 kept of 1,540,355 (88%), 307 kept/s
29100 games, 1,352,862 kept of 1,543,244 (88%), 307 kept/s
29150 games, 1,354,698 kept of 1,546,202 (88%), 307 kept/s
29200 games, 1,356,087 kept of 1,548,724 (88%), 307 kept/s
29250 games, 1,357,384 kept of 1,551,026 (88%), 306 kept/s
29300 games, 1,359,093 kept of 1,553,764 (87%), 306 kept/s
29350 games, 1,360,742 kept of 1,556,334 (87%), 306 kept/s
29400 games, 1,362,401 kept of 1,559,249 (87%), 306 kept/s
29450 games, 1,363,992 kept of 1,561,824 (87%), 306 kept/s
29500 games, 1,366,230 kept of 1,565,117 (87%), 306 kept/s
29550 games, 1,368,047 kept of 1,567,973 (87%), 305 kept/s
29600 games, 1,369,662 kept of 1,570,622 (87%), 305 kept/s
29650 games, 1,371,381 kept of 1,573,450 (87%), 305 kept/s
29700 games, 1,372,487 kept of 1,575,904 (87%), 305 kept/s
29750 games, 1,373,252 kept of 1,578,315 (87%), 305 kept/s
29800 games, 1,374,100 kept of 1,580,816 (87%), 304 kept/s
29850 games, 1,374,834 kept of 1,583,332 (87%), 304 kept/s
29900 games, 1,375,898 kept of 1,585,970 (87%), 304 kept/s
29950 games, 1,376,602 kept of 1,588,386 (87%), 303 kept/s
30000 games, 1,377,441 kept of 1,590,945 (87%), 303 kept/s
30050 games, 1,378,369 kept of 1,593,814 (86%), 303 kept/s
30100 games, 1,379,212 kept of 1,596,299 (86%), 303 kept/s
30150 games, 1,380,057 kept of 1,598,947 (86%), 302 kept/s
30200 games, 1,381,102 kept of 1,601,565 (86%), 302 kept/s
30250 games, 1,381,935 kept of 1,604,062 (86%), 302 kept/s
30300 games, 1,382,636 kept of 1,606,484 (86%), 301 kept/s
30350 games, 1,383,554 kept of 1,608,983 (86%), 301 kept/s
30400 games, 1,384,368 kept of 1,611,316 (86%), 301 kept/s
30450 games, 1,385,609 kept of 1,614,387 (86%), 301 kept/s
30500 games, 1,386,429 kept of 1,616,850 (86%), 300 kept/s
30550 games, 1,387,199 kept of 1,619,481 (86%), 300 kept/s
30600 games, 1,387,988 kept of 1,622,000 (86%), 300 kept/s
30650 games, 1,388,711 kept of 1,624,247 (85%), 299 kept/s
30700 games, 1,389,506 kept of 1,626,774 (85%), 299 kept/s
30750 games, 1,390,456 kept of 1,629,579 (85%), 299 kept/s
30800 games, 1,391,569 kept of 1,632,414 (85%), 299 kept/s
30850 games, 1,392,439 kept of 1,634,944 (85%), 298 kept/s
30900 games, 1,393,627 kept of 1,638,032 (85%), 298 kept/s
30950 games, 1,394,627 kept of 1,640,880 (85%), 298 kept/s
31000 games, 1,395,563 kept of 1,643,239 (85%), 297 kept/s
31050 games, 1,396,515 kept of 1,646,000 (85%), 297 kept/s
31100 games, 1,397,690 kept of 1,648,949 (85%), 297 kept/s
31150 games, 1,399,045 kept of 1,651,962 (85%), 297 kept/s
31200 games, 1,400,186 kept of 1,654,998 (85%), 296 kept/s
31250 games, 1,401,133 kept of 1,657,739 (85%), 296 kept/s
31300 games, 1,402,171 kept of 1,660,780 (84%), 296 kept/s
31350 games, 1,402,877 kept of 1,663,213 (84%), 295 kept/s
31400 games, 1,403,765 kept of 1,666,118 (84%), 295 kept/s
31450 games, 1,404,611 kept of 1,668,849 (84%), 295 kept/s
31500 games, 1,405,387 kept of 1,671,100 (84%), 295 kept/s
31550 games, 1,406,375 kept of 1,674,047 (84%), 294 kept/s
31600 games, 1,407,236 kept of 1,676,988 (84%), 294 kept/s
31650 games, 1,408,270 kept of 1,679,751 (84%), 294 kept/s
31700 games, 1,409,299 kept of 1,682,520 (84%), 293 kept/s
31750 games, 1,410,122 kept of 1,685,051 (84%), 293 kept/s
31800 games, 1,410,954 kept of 1,687,635 (84%), 293 kept/s
31850 games, 1,411,862 kept of 1,690,268 (84%), 293 kept/s
31900 games, 1,412,557 kept of 1,692,527 (83%), 292 kept/s
31950 games, 1,413,483 kept of 1,695,194 (83%), 292 kept/s
32000 games, 1,414,323 kept of 1,697,581 (83%), 292 kept/s
32050 games, 1,415,265 kept of 1,700,326 (83%), 292 kept/s
32100 games, 1,415,976 kept of 1,702,864 (83%), 291 kept/s
32150 games, 1,416,687 kept of 1,705,288 (83%), 291 kept/s
32200 games, 1,417,722 kept of 1,708,066 (83%), 291 kept/s
32250 games, 1,418,505 kept of 1,710,421 (83%), 291 kept/s
32300 games, 1,419,358 kept of 1,713,023 (83%), 290 kept/s
32350 games, 1,420,143 kept of 1,715,552 (83%), 290 kept/s
32400 games, 1,421,125 kept of 1,718,131 (83%), 290 kept/s
32450 games, 1,421,968 kept of 1,720,992 (83%), 289 kept/s
32500 games, 1,422,869 kept of 1,723,590 (83%), 289 kept/s
32550 games, 1,423,754 kept of 1,726,450 (82%), 289 kept/s
32600 games, 1,424,502 kept of 1,729,183 (82%), 289 kept/s
32650 games, 1,425,258 kept of 1,731,449 (82%), 288 kept/s
32700 games, 1,426,427 kept of 1,734,427 (82%), 288 kept/s
32750 games, 1,427,292 kept of 1,737,207 (82%), 288 kept/s
32800 games, 1,428,229 kept of 1,739,746 (82%), 288 kept/s
32850 games, 1,429,196 kept of 1,742,602 (82%), 287 kept/s
32900 games, 1,430,106 kept of 1,745,240 (82%), 287 kept/s
32950 games, 1,430,963 kept of 1,747,933 (82%), 287 kept/s
33000 games, 1,431,719 kept of 1,750,538 (82%), 287 kept/s
33050 games, 1,432,778 kept of 1,753,382 (82%), 286 kept/s
33100 games, 1,433,501 kept of 1,756,068 (82%), 286 kept/s
33150 games, 1,434,519 kept of 1,758,618 (82%), 286 kept/s
33200 games, 1,435,261 kept of 1,761,229 (81%), 286 kept/s
33250 games, 1,435,810 kept of 1,763,668 (81%), 285 kept/s
33300 games, 1,436,314 kept of 1,766,133 (81%), 285 kept/s
33350 games, 1,437,068 kept of 1,768,889 (81%), 285 kept/s
33400 games, 1,437,899 kept of 1,771,848 (81%), 284 kept/s
33450 games, 1,438,675 kept of 1,774,686 (81%), 284 kept/s
33500 games, 1,439,358 kept of 1,777,331 (81%), 284 kept/s
33550 games, 1,440,170 kept of 1,780,457 (81%), 283 kept/s
33600 games, 1,440,910 kept of 1,783,015 (81%), 283 kept/s
33650 games, 1,441,531 kept of 1,785,476 (81%), 283 kept/s
33700 games, 1,442,307 kept of 1,788,218 (81%), 283 kept/s
33750 games, 1,442,846 kept of 1,790,597 (81%), 282 kept/s
33800 games, 1,443,575 kept of 1,793,492 (80%), 282 kept/s
33850 games, 1,444,149 kept of 1,796,236 (80%), 282 kept/s
33900 games, 1,445,067 kept of 1,799,287 (80%), 281 kept/s
33950 games, 1,445,939 kept of 1,802,063 (80%), 281 kept/s
34000 games, 1,446,542 kept of 1,804,646 (80%), 281 kept/s
34050 games, 1,447,093 kept of 1,807,153 (80%), 281 kept/s
34100 games, 1,447,680 kept of 1,809,915 (80%), 280 kept/s
34150 games, 1,448,278 kept of 1,812,525 (80%), 280 kept/s
34200 games, 1,448,766 kept of 1,814,827 (80%), 280 kept/s
34250 games, 1,449,412 kept of 1,817,580 (80%), 279 kept/s
34300 games, 1,449,994 kept of 1,820,034 (80%), 279 kept/s
34350 games, 1,450,650 kept of 1,822,579 (80%), 279 kept/s
34400 games, 1,451,262 kept of 1,825,103 (80%), 279 kept/s
34450 games, 1,452,052 kept of 1,827,673 (79%), 278 kept/s
34500 games, 1,452,718 kept of 1,830,191 (79%), 278 kept/s
34550 games, 1,453,442 kept of 1,832,762 (79%), 278 kept/s
34600 games, 1,454,513 kept of 1,835,803 (79%), 278 kept/s
34650 games, 1,455,060 kept of 1,838,325 (79%), 277 kept/s
34700 games, 1,455,692 kept of 1,840,832 (79%), 277 kept/s
34750 games, 1,456,411 kept of 1,843,234 (79%), 277 kept/s
34800 games, 1,457,025 kept of 1,845,986 (79%), 277 kept/s
34850 games, 1,457,644 kept of 1,848,695 (79%), 276 kept/s
34900 games, 1,458,331 kept of 1,851,347 (79%), 276 kept/s
34950 games, 1,459,152 kept of 1,854,045 (79%), 276 kept/s
35000 games, 1,459,811 kept of 1,856,796 (79%), 275 kept/s
35050 games, 1,460,567 kept of 1,859,436 (79%), 275 kept/s
35100 games, 1,461,294 kept of 1,862,235 (78%), 275 kept/s
35150 games, 1,461,894 kept of 1,864,842 (78%), 275 kept/s
35200 games, 1,462,791 kept of 1,867,945 (78%), 274 kept/s
35250 games, 1,463,625 kept of 1,870,831 (78%), 274 kept/s
35300 games, 1,464,448 kept of 1,873,667 (78%), 274 kept/s
35350 games, 1,465,331 kept of 1,876,711 (78%), 274 kept/s
35400 games, 1,465,878 kept of 1,879,641 (78%), 273 kept/s
35450 games, 1,466,557 kept of 1,882,530 (78%), 273 kept/s
35500 games, 1,467,477 kept of 1,885,322 (78%), 273 kept/s
35550 games, 1,468,085 kept of 1,888,059 (78%), 273 kept/s
35600 games, 1,468,983 kept of 1,891,173 (78%), 272 kept/s
35650 games, 1,469,677 kept of 1,893,987 (78%), 272 kept/s
35700 games, 1,470,297 kept of 1,896,704 (78%), 272 kept/s
35750 games, 1,471,009 kept of 1,899,411 (77%), 271 kept/s
35800 games, 1,471,484 kept of 1,901,833 (77%), 271 kept/s
35850 games, 1,472,193 kept of 1,904,491 (77%), 271 kept/s
35900 games, 1,472,788 kept of 1,907,010 (77%), 271 kept/s
35950 games, 1,473,406 kept of 1,909,720 (77%), 270 kept/s
36000 games, 1,474,139 kept of 1,912,193 (77%), 270 kept/s
36050 games, 1,474,815 kept of 1,914,703 (77%), 270 kept/s
36100 games, 1,475,400 kept of 1,917,638 (77%), 270 kept/s
36150 games, 1,476,092 kept of 1,920,321 (77%), 269 kept/s
36200 games, 1,476,795 kept of 1,923,139 (77%), 269 kept/s
36250 games, 1,477,245 kept of 1,925,540 (77%), 269 kept/s
36300 games, 1,478,075 kept of 1,928,773 (77%), 269 kept/s
36350 games, 1,478,609 kept of 1,931,285 (77%), 268 kept/s
36400 games, 1,479,408 kept of 1,933,850 (77%), 268 kept/s
36450 games, 1,480,140 kept of 1,936,792 (76%), 268 kept/s
36500 games, 1,480,868 kept of 1,939,566 (76%), 268 kept/s
36550 games, 1,481,586 kept of 1,942,278 (76%), 267 kept/s
36600 games, 1,482,067 kept of 1,944,689 (76%), 267 kept/s
36650 games, 1,482,653 kept of 1,947,320 (76%), 267 kept/s
36700 games, 1,483,188 kept of 1,949,559 (76%), 267 kept/s
36750 games, 1,483,776 kept of 1,952,155 (76%), 266 kept/s
36800 games, 1,484,478 kept of 1,954,821 (76%), 266 kept/s
36850 games, 1,484,973 kept of 1,957,482 (76%), 266 kept/s
36900 games, 1,485,279 kept of 1,960,392 (76%), 266 kept/s
36950 games, 1,485,650 kept of 1,962,917 (76%), 265 kept/s
37000 games, 1,486,068 kept of 1,965,699 (76%), 265 kept/s
37050 games, 1,486,467 kept of 1,968,019 (76%), 265 kept/s
37100 games, 1,486,905 kept of 1,970,856 (75%), 264 kept/s
37150 games, 1,487,351 kept of 1,973,766 (75%), 264 kept/s
37200 games, 1,487,642 kept of 1,976,500 (75%), 264 kept/s
37250 games, 1,487,954 kept of 1,979,107 (75%), 264 kept/s
37300 games, 1,488,405 kept of 1,981,996 (75%), 263 kept/s
37350 games, 1,488,675 kept of 1,984,617 (75%), 263 kept/s
37400 games, 1,489,052 kept of 1,987,240 (75%), 263 kept/s
37450 games, 1,489,377 kept of 1,989,846 (75%), 262 kept/s
37500 games, 1,489,787 kept of 1,992,360 (75%), 262 kept/s
37550 games, 1,490,085 kept of 1,995,121 (75%), 262 kept/s
37600 games, 1,490,480 kept of 1,997,847 (75%), 262 kept/s
37650 games, 1,490,864 kept of 2,000,255 (75%), 261 kept/s
37700 games, 1,491,206 kept of 2,002,646 (74%), 261 kept/s
37750 games, 1,491,633 kept of 2,005,433 (74%), 261 kept/s
37800 games, 1,491,963 kept of 2,007,717 (74%), 261 kept/s
37850 games, 1,492,271 kept of 2,010,394 (74%), 260 kept/s
37900 games, 1,492,616 kept of 2,012,720 (74%), 260 kept/s
37950 games, 1,493,147 kept of 2,015,782 (74%), 260 kept/s
38000 games, 1,493,447 kept of 2,018,392 (74%), 259 kept/s
38050 games, 1,493,928 kept of 2,021,169 (74%), 259 kept/s
38100 games, 1,494,176 kept of 2,023,500 (74%), 259 kept/s
38150 games, 1,494,569 kept of 2,025,934 (74%), 259 kept/s
38200 games, 1,494,947 kept of 2,028,368 (74%), 258 kept/s
38250 games, 1,495,340 kept of 2,030,921 (74%), 258 kept/s
38300 games, 1,495,610 kept of 2,033,585 (74%), 258 kept/s
38350 games, 1,495,872 kept of 2,036,085 (73%), 258 kept/s
38400 games, 1,496,323 kept of 2,039,029 (73%), 257 kept/s
38450 games, 1,496,741 kept of 2,041,649 (73%), 257 kept/s
38500 games, 1,497,271 kept of 2,044,364 (73%), 257 kept/s
38550 games, 1,497,676 kept of 2,046,742 (73%), 257 kept/s
38600 games, 1,497,911 kept of 2,049,272 (73%), 256 kept/s
38650 games, 1,498,278 kept of 2,052,410 (73%), 256 kept/s
38700 games, 1,498,631 kept of 2,054,774 (73%), 256 kept/s
38750 games, 1,498,875 kept of 2,057,234 (73%), 255 kept/s
38800 games, 1,499,267 kept of 2,060,538 (73%), 255 kept/s
38850 games, 1,499,597 kept of 2,062,974 (73%), 255 kept/s
38900 games, 1,499,912 kept of 2,065,675 (73%), 255 kept/s
38950 games, 1,500,267 kept of 2,068,511 (73%), 254 kept/s
39000 games, 1,500,566 kept of 2,071,085 (72%), 254 kept/s
39050 games, 1,500,949 kept of 2,073,501 (72%), 254 kept/s
39100 games, 1,501,300 kept of 2,076,418 (72%), 253 kept/s
39150 games, 1,501,694 kept of 2,079,326 (72%), 253 kept/s
39200 games, 1,501,976 kept of 2,081,850 (72%), 253 kept/s
39250 games, 1,502,261 kept of 2,084,221 (72%), 253 kept/s
39300 games, 1,502,710 kept of 2,086,664 (72%), 252 kept/s
39350 games, 1,503,048 kept of 2,089,316 (72%), 252 kept/s
39400 games, 1,503,411 kept of 2,091,976 (72%), 252 kept/s
39450 games, 1,503,778 kept of 2,094,676 (72%), 252 kept/s
39500 games, 1,504,165 kept of 2,097,320 (72%), 251 kept/s
39550 games, 1,504,507 kept of 2,099,795 (72%), 251 kept/s
39600 games, 1,504,956 kept of 2,102,662 (72%), 251 kept/s
39650 games, 1,505,419 kept of 2,105,276 (72%), 251 kept/s
39700 games, 1,505,702 kept of 2,107,957 (71%), 250 kept/s
39750 games, 1,506,168 kept of 2,110,890 (71%), 250 kept/s
39800 games, 1,506,564 kept of 2,113,565 (71%), 250 kept/s
39850 games, 1,506,829 kept of 2,116,335 (71%), 250 kept/s
39900 games, 1,507,213 kept of 2,118,937 (71%), 249 kept/s
39950 games, 1,507,571 kept of 2,121,556 (71%), 249 kept/s
40000 games, 1,507,980 kept of 2,124,227 (71%), 249 kept/s
40050 games, 1,508,390 kept of 2,127,139 (71%), 249 kept/s
40100 games, 1,508,676 kept of 2,129,427 (71%), 248 kept/s
40150 games, 1,509,031 kept of 2,131,941 (71%), 248 kept/s
40200 games, 1,509,358 kept of 2,134,822 (71%), 248 kept/s
40250 games, 1,509,699 kept of 2,137,515 (71%), 248 kept/s
40300 games, 1,510,273 kept of 2,140,455 (71%), 247 kept/s
40350 games, 1,510,866 kept of 2,143,396 (70%), 247 kept/s
40400 games, 1,511,266 kept of 2,145,833 (70%), 247 kept/s
40450 games, 1,511,481 kept of 2,148,188 (70%), 247 kept/s
40500 games, 1,511,888 kept of 2,150,819 (70%), 246 kept/s
40550 games, 1,512,132 kept of 2,153,277 (70%), 246 kept/s
40600 games, 1,512,376 kept of 2,155,816 (70%), 246 kept/s
40650 games, 1,512,596 kept of 2,158,211 (70%), 246 kept/s
40700 games, 1,512,973 kept of 2,160,793 (70%), 245 kept/s
40750 games, 1,513,394 kept of 2,163,655 (70%), 245 kept/s
40800 games, 1,513,715 kept of 2,166,416 (70%), 245 kept/s
40850 games, 1,514,089 kept of 2,168,943 (70%), 245 kept/s
40900 games, 1,514,378 kept of 2,171,561 (70%), 245 kept/s
40950 games, 1,514,690 kept of 2,174,241 (70%), 244 kept/s
41000 games, 1,514,963 kept of 2,176,706 (70%), 244 kept/s
41050 games, 1,515,291 kept of 2,179,418 (70%), 244 kept/s
41100 games, 1,515,647 kept of 2,182,229 (69%), 244 kept/s
41150 games, 1,516,027 kept of 2,184,759 (69%), 243 kept/s
41200 games, 1,516,330 kept of 2,187,314 (69%), 243 kept/s
41250 games, 1,516,649 kept of 2,190,054 (69%), 243 kept/s
41300 games, 1,516,829 kept of 2,192,454 (69%), 243 kept/s
41350 games, 1,517,251 kept of 2,195,158 (69%), 242 kept/s
41400 games, 1,517,635 kept of 2,197,939 (69%), 242 kept/s
41450 games, 1,517,955 kept of 2,200,452 (69%), 242 kept/s
41500 games, 1,518,297 kept of 2,203,048 (69%), 242 kept/s
41550 games, 1,518,569 kept of 2,205,773 (69%), 241 kept/s
41600 games, 1,518,861 kept of 2,208,141 (69%), 241 kept/s
41650 games, 1,519,101 kept of 2,210,589 (69%), 241 kept/s
41700 games, 1,519,373 kept of 2,213,045 (69%), 241 kept/s
41750 games, 1,519,749 kept of 2,215,975 (69%), 240 kept/s
41800 games, 1,519,909 kept of 2,218,323 (69%), 240 kept/s
41850 games, 1,520,158 kept of 2,221,000 (68%), 240 kept/s
41900 games, 1,520,504 kept of 2,223,787 (68%), 240 kept/s
41950 games, 1,520,742 kept of 2,226,270 (68%), 239 kept/s
42000 games, 1,521,092 kept of 2,228,979 (68%), 239 kept/s
42050 games, 1,521,457 kept of 2,231,616 (68%), 239 kept/s
42100 games, 1,521,784 kept of 2,234,278 (68%), 239 kept/s
42150 games, 1,522,221 kept of 2,237,028 (68%), 239 kept/s
42200 games, 1,522,740 kept of 2,239,924 (68%), 238 kept/s
42250 games, 1,522,979 kept of 2,242,732 (68%), 238 kept/s
42300 games, 1,523,249 kept of 2,245,454 (68%), 238 kept/s
42350 games, 1,523,514 kept of 2,248,085 (68%), 238 kept/s
42400 games, 1,523,928 kept of 2,250,891 (68%), 237 kept/s
42450 games, 1,524,209 kept of 2,253,674 (68%), 237 kept/s
42500 games, 1,524,537 kept of 2,256,074 (68%), 237 kept/s
42550 games, 1,524,841 kept of 2,258,816 (68%), 237 kept/s
42600 games, 1,525,165 kept of 2,261,818 (67%), 236 kept/s
42650 games, 1,525,436 kept of 2,264,321 (67%), 236 kept/s
42700 games, 1,525,785 kept of 2,267,236 (67%), 236 kept/s
42750 games, 1,526,115 kept of 2,270,377 (67%), 236 kept/s
42800 games, 1,526,370 kept of 2,272,825 (67%), 236 kept/s
42850 games, 1,526,753 kept of 2,275,414 (67%), 235 kept/s
42900 games, 1,527,038 kept of 2,277,814 (67%), 235 kept/s
42950 games, 1,527,312 kept of 2,280,414 (67%), 235 kept/s
43000 games, 1,527,619 kept of 2,282,893 (67%), 235 kept/s
43050 games, 1,527,908 kept of 2,285,515 (67%), 234 kept/s
43100 games, 1,528,065 kept of 2,287,945 (67%), 234 kept/s
43150 games, 1,528,355 kept of 2,290,510 (67%), 234 kept/s
43200 games, 1,528,576 kept of 2,292,889 (67%), 234 kept/s
43250 games, 1,528,964 kept of 2,295,758 (67%), 234 kept/s
43300 games, 1,529,204 kept of 2,298,143 (67%), 233 kept/s
43350 games, 1,529,541 kept of 2,300,808 (66%), 233 kept/s
43400 games, 1,529,743 kept of 2,303,183 (66%), 233 kept/s
43450 games, 1,530,244 kept of 2,305,824 (66%), 233 kept/s
43500 games, 1,530,570 kept of 2,308,429 (66%), 232 kept/s
43550 games, 1,530,837 kept of 2,310,898 (66%), 232 kept/s
43600 games, 1,531,396 kept of 2,314,051 (66%), 232 kept/s
43650 games, 1,531,668 kept of 2,316,390 (66%), 232 kept/s
43700 games, 1,532,016 kept of 2,318,781 (66%), 232 kept/s
43750 games, 1,532,358 kept of 2,321,676 (66%), 231 kept/s
43800 games, 1,532,806 kept of 2,324,673 (66%), 231 kept/s
43850 games, 1,533,136 kept of 2,327,631 (66%), 231 kept/s
43900 games, 1,533,308 kept of 2,329,900 (66%), 231 kept/s
43950 games, 1,533,740 kept of 2,332,913 (66%), 231 kept/s
44000 games, 1,534,045 kept of 2,335,491 (66%), 230 kept/s
44050 games, 1,534,395 kept of 2,338,191 (66%), 230 kept/s
44100 games, 1,534,788 kept of 2,340,991 (66%), 230 kept/s
44150 games, 1,535,192 kept of 2,343,758 (66%), 230 kept/s
44200 games, 1,535,561 kept of 2,346,433 (65%), 229 kept/s
44250 games, 1,535,860 kept of 2,349,413 (65%), 229 kept/s
44300 games, 1,536,155 kept of 2,351,966 (65%), 229 kept/s
44350 games, 1,536,556 kept of 2,354,953 (65%), 229 kept/s
44400 games, 1,536,823 kept of 2,357,344 (65%), 229 kept/s
44450 games, 1,536,999 kept of 2,359,919 (65%), 228 kept/s
44500 games, 1,537,467 kept of 2,362,510 (65%), 228 kept/s
44550 games, 1,537,728 kept of 2,364,988 (65%), 228 kept/s
44600 games, 1,538,077 kept of 2,368,133 (65%), 228 kept/s
44650 games, 1,538,417 kept of 2,371,082 (65%), 228 kept/s
44700 games, 1,538,837 kept of 2,373,902 (65%), 227 kept/s
44750 games, 1,539,137 kept of 2,376,843 (65%), 227 kept/s
44800 games, 1,539,502 kept of 2,379,346 (65%), 227 kept/s
44850 games, 1,539,807 kept of 2,381,846 (65%), 227 kept/s
44900 games, 1,540,233 kept of 2,384,716 (65%), 227 kept/s
44950 games, 1,540,495 kept of 2,387,418 (65%), 226 kept/s
45000 games, 1,540,851 kept of 2,390,126 (64%), 226 kept/s
45050 games, 1,541,156 kept of 2,392,763 (64%), 226 kept/s
45100 games, 1,541,554 kept of 2,395,764 (64%), 226 kept/s
45150 games, 1,541,756 kept of 2,398,107 (64%), 225 kept/s
45200 games, 1,542,080 kept of 2,401,169 (64%), 225 kept/s
45250 games, 1,542,333 kept of 2,403,740 (64%), 225 kept/s
45300 games, 1,542,539 kept of 2,406,410 (64%), 225 kept/s
45350 games, 1,542,771 kept of 2,408,948 (64%), 225 kept/s
45400 games, 1,543,067 kept of 2,411,708 (64%), 224 kept/s
45450 games, 1,543,302 kept of 2,413,996 (64%), 224 kept/s
45500 games, 1,543,474 kept of 2,416,004 (64%), 224 kept/s
45550 games, 1,543,664 kept of 2,418,268 (64%), 224 kept/s
45600 games, 1,543,849 kept of 2,420,611 (64%), 224 kept/s
45650 games, 1,544,252 kept of 2,423,292 (64%), 224 kept/s
45700 games, 1,544,505 kept of 2,425,995 (64%), 223 kept/s
45750 games, 1,544,947 kept of 2,429,039 (64%), 223 kept/s
45800 games, 1,545,257 kept of 2,431,706 (64%), 223 kept/s
45850 games, 1,545,654 kept of 2,434,705 (63%), 223 kept/s
45900 games, 1,545,872 kept of 2,436,970 (63%), 222 kept/s
45950 games, 1,546,178 kept of 2,439,801 (63%), 222 kept/s
46000 games, 1,546,385 kept of 2,442,661 (63%), 222 kept/s
46050 games, 1,546,873 kept of 2,445,638 (63%), 222 kept/s
46100 games, 1,547,094 kept of 2,448,123 (63%), 222 kept/s
46150 games, 1,547,393 kept of 2,450,879 (63%), 221 kept/s
46200 games, 1,547,695 kept of 2,453,591 (63%), 221 kept/s
46250 games, 1,547,983 kept of 2,456,309 (63%), 221 kept/s
46300 games, 1,548,242 kept of 2,458,679 (63%), 221 kept/s
46350 games, 1,548,554 kept of 2,461,352 (63%), 221 kept/s
46400 games, 1,548,850 kept of 2,463,431 (63%), 221 kept/s
46450 games, 1,549,072 kept of 2,466,021 (63%), 220 kept/s
46500 games, 1,549,388 kept of 2,468,352 (63%), 220 kept/s
46550 games, 1,549,742 kept of 2,471,294 (63%), 220 kept/s
46600 games, 1,550,126 kept of 2,474,115 (63%), 220 kept/s
46650 games, 1,550,503 kept of 2,476,791 (63%), 220 kept/s
46700 games, 1,550,874 kept of 2,479,502 (63%), 219 kept/s
46750 games, 1,551,219 kept of 2,482,173 (62%), 219 kept/s
46800 games, 1,551,424 kept of 2,484,551 (62%), 219 kept/s
46850 games, 1,551,874 kept of 2,487,276 (62%), 219 kept/s
46900 games, 1,552,222 kept of 2,490,087 (62%), 219 kept/s
46950 games, 1,552,509 kept of 2,492,340 (62%), 218 kept/s
47000 games, 1,552,865 kept of 2,495,366 (62%), 218 kept/s
47050 games, 1,553,160 kept of 2,498,247 (62%), 218 kept/s
47100 games, 1,553,439 kept of 2,500,817 (62%), 218 kept/s
47150 games, 1,553,681 kept of 2,503,300 (62%), 218 kept/s
47200 games, 1,553,944 kept of 2,506,392 (62%), 217 kept/s
47250 games, 1,554,137 kept of 2,508,770 (62%), 217 kept/s
47300 games, 1,554,488 kept of 2,511,679 (62%), 217 kept/s
47350 games, 1,554,763 kept of 2,514,170 (62%), 217 kept/s
47400 games, 1,555,093 kept of 2,517,155 (62%), 217 kept/s
47450 games, 1,555,399 kept of 2,519,830 (62%), 217 kept/s
47500 games, 1,555,685 kept of 2,522,706 (62%), 216 kept/s
47550 games, 1,556,144 kept of 2,525,363 (62%), 216 kept/s
47600 games, 1,556,481 kept of 2,527,888 (62%), 216 kept/s
47650 games, 1,556,782 kept of 2,530,478 (62%), 216 kept/s
47700 games, 1,557,206 kept of 2,533,214 (61%), 216 kept/s
47750 games, 1,557,671 kept of 2,535,642 (61%), 215 kept/s
47800 games, 1,557,985 kept of 2,538,647 (61%), 215 kept/s
47850 games, 1,558,194 kept of 2,540,849 (61%), 215 kept/s
47900 games, 1,558,514 kept of 2,543,719 (61%), 215 kept/s
47950 games, 1,558,877 kept of 2,546,313 (61%), 215 kept/s
48000 games, 1,559,168 kept of 2,549,050 (61%), 215 kept/s
48050 games, 1,559,467 kept of 2,551,668 (61%), 214 kept/s
48100 games, 1,559,703 kept of 2,554,209 (61%), 214 kept/s
48150 games, 1,560,157 kept of 2,556,770 (61%), 214 kept/s
48200 games, 1,560,401 kept of 2,559,046 (61%), 214 kept/s
48250 games, 1,560,684 kept of 2,561,860 (61%), 214 kept/s
48300 games, 1,561,056 kept of 2,564,543 (61%), 214 kept/s
48350 games, 1,561,343 kept of 2,567,700 (61%), 213 kept/s
48400 games, 1,561,624 kept of 2,570,265 (61%), 213 kept/s
48450 games, 1,562,024 kept of 2,573,231 (61%), 213 kept/s
48500 games, 1,562,342 kept of 2,576,010 (61%), 213 kept/s
48550 games, 1,562,721 kept of 2,578,707 (61%), 213 kept/s
48600 games, 1,562,991 kept of 2,581,272 (61%), 212 kept/s
48650 games, 1,563,285 kept of 2,584,043 (60%), 212 kept/s
48700 games, 1,563,503 kept of 2,586,568 (60%), 212 kept/s
48750 games, 1,563,782 kept of 2,589,266 (60%), 212 kept/s
48800 games, 1,564,062 kept of 2,591,569 (60%), 212 kept/s
48850 games, 1,564,363 kept of 2,594,368 (60%), 212 kept/s
48900 games, 1,564,661 kept of 2,596,968 (60%), 211 kept/s
48950 games, 1,564,986 kept of 2,599,523 (60%), 211 kept/s
49000 games, 1,565,245 kept of 2,602,207 (60%), 211 kept/s
49050 games, 1,565,732 kept of 2,605,480 (60%), 211 kept/s
49100 games, 1,566,066 kept of 2,608,092 (60%), 211 kept/s
49150 games, 1,566,368 kept of 2,610,689 (60%), 210 kept/s
49200 games, 1,566,749 kept of 2,613,334 (60%), 210 kept/s
49250 games, 1,567,028 kept of 2,615,775 (60%), 210 kept/s
49300 games, 1,567,320 kept of 2,618,575 (60%), 210 kept/s
49350 games, 1,567,564 kept of 2,621,238 (60%), 210 kept/s
49400 games, 1,567,831 kept of 2,623,821 (60%), 210 kept/s
49450 games, 1,568,171 kept of 2,626,345 (60%), 209 kept/s
49500 games, 1,568,491 kept of 2,629,301 (60%), 209 kept/s
49550 games, 1,568,869 kept of 2,631,975 (60%), 209 kept/s
49600 games, 1,569,170 kept of 2,634,474 (60%), 209 kept/s
49650 games, 1,569,486 kept of 2,637,183 (60%), 209 kept/s
49700 games, 1,569,771 kept of 2,640,071 (59%), 209 kept/s
49750 games, 1,570,097 kept of 2,642,677 (59%), 208 kept/s
49800 games, 1,570,390 kept of 2,645,264 (59%), 208 kept/s
49850 games, 1,570,687 kept of 2,647,781 (59%), 208 kept/s
49900 games, 1,571,118 kept of 2,650,542 (59%), 208 kept/s
49950 games, 1,571,388 kept of 2,653,066 (59%), 208 kept/s
50000 games, 1,571,718 kept of 2,655,923 (59%), 208 kept/s
50050 games, 1,572,014 kept of 2,658,536 (59%), 207 kept/s
50100 games, 1,572,353 kept of 2,661,196 (59%), 207 kept/s
50150 games, 1,572,641 kept of 2,663,944 (59%), 207 kept/s
50200 games, 1,572,991 kept of 2,666,623 (59%), 207 kept/s
50250 games, 1,573,239 kept of 2,669,213 (59%), 207 kept/s
50300 games, 1,573,486 kept of 2,671,756 (59%), 207 kept/s
50350 games, 1,573,673 kept of 2,674,421 (59%), 206 kept/s
50400 games, 1,573,940 kept of 2,676,946 (59%), 206 kept/s
50450 games, 1,574,248 kept of 2,679,900 (59%), 206 kept/s
50500 games, 1,574,539 kept of 2,682,618 (59%), 206 kept/s
50550 games, 1,574,895 kept of 2,685,423 (59%), 206 kept/s
50600 games, 1,575,154 kept of 2,688,204 (59%), 206 kept/s
50650 games, 1,575,496 kept of 2,691,156 (59%), 205 kept/s
50700 games, 1,575,973 kept of 2,694,021 (58%), 205 kept/s
50750 games, 1,576,263 kept of 2,696,914 (58%), 205 kept/s
50800 games, 1,576,514 kept of 2,699,213 (58%), 205 kept/s
50850 games, 1,576,891 kept of 2,702,023 (58%), 205 kept/s
50900 games, 1,577,099 kept of 2,704,440 (58%), 205 kept/s
50950 games, 1,577,273 kept of 2,706,907 (58%), 204 kept/s
51000 games, 1,577,473 kept of 2,709,447 (58%), 204 kept/s
51050 games, 1,577,757 kept of 2,711,950 (58%), 204 kept/s
51100 games, 1,578,174 kept of 2,715,003 (58%), 204 kept/s
51150 games, 1,578,678 kept of 2,717,821 (58%), 204 kept/s
51200 games, 1,579,008 kept of 2,720,492 (58%), 204 kept/s
51250 games, 1,579,240 kept of 2,723,188 (58%), 203 kept/s
51300 games, 1,579,526 kept of 2,725,944 (58%), 203 kept/s
51350 games, 1,579,881 kept of 2,728,784 (58%), 203 kept/s
51400 games, 1,580,162 kept of 2,731,394 (58%), 203 kept/s
51450 games, 1,580,407 kept of 2,734,042 (58%), 203 kept/s
51500 games, 1,580,739 kept of 2,736,791 (58%), 203 kept/s
51550 games, 1,581,100 kept of 2,739,554 (58%), 202 kept/s
51600 games, 1,581,467 kept of 2,742,159 (58%), 202 kept/s
51650 games, 1,581,715 kept of 2,744,677 (58%), 202 kept/s
51700 games, 1,581,984 kept of 2,747,335 (58%), 202 kept/s
51750 games, 1,582,266 kept of 2,750,034 (58%), 202 kept/s
51800 games, 1,582,481 kept of 2,752,604 (57%), 202 kept/s
51850 games, 1,582,852 kept of 2,755,545 (57%), 202 kept/s
51900 games, 1,583,078 kept of 2,758,001 (57%), 201 kept/s
51950 games, 1,583,368 kept of 2,760,815 (57%), 201 kept/s
52000 games, 1,583,590 kept of 2,763,294 (57%), 201 kept/s
52050 games, 1,583,924 kept of 2,765,882 (57%), 201 kept/s
52100 games, 1,584,245 kept of 2,768,628 (57%), 201 kept/s
52150 games, 1,584,569 kept of 2,771,225 (57%), 201 kept/s
52200 games, 1,584,795 kept of 2,773,621 (57%), 200 kept/s
52250 games, 1,585,072 kept of 2,776,305 (57%), 200 kept/s
52300 games, 1,585,353 kept of 2,779,216 (57%), 200 kept/s
52350 games, 1,585,692 kept of 2,781,870 (57%), 200 kept/s
52400 games, 1,586,019 kept of 2,784,432 (57%), 200 kept/s
52450 games, 1,586,243 kept of 2,787,136 (57%), 200 kept/s
52500 games, 1,586,575 kept of 2,789,856 (57%), 200 kept/s
52550 games, 1,586,793 kept of 2,792,241 (57%), 199 kept/s
52600 games, 1,587,121 kept of 2,795,114 (57%), 199 kept/s
52650 games, 1,587,409 kept of 2,797,593 (57%), 199 kept/s
52700 games, 1,587,736 kept of 2,800,459 (57%), 199 kept/s
52750 games, 1,587,970 kept of 2,802,957 (57%), 199 kept/s
52800 games, 1,588,247 kept of 2,805,645 (57%), 199 kept/s
52850 games, 1,588,464 kept of 2,808,268 (57%), 198 kept/s
52900 games, 1,588,800 kept of 2,811,270 (57%), 198 kept/s
52950 games, 1,589,143 kept of 2,814,115 (56%), 198 kept/s
53000 games, 1,589,375 kept of 2,816,793 (56%), 198 kept/s
53050 games, 1,589,894 kept of 2,819,425 (56%), 198 kept/s
53100 games, 1,590,238 kept of 2,822,089 (56%), 198 kept/s
53150 games, 1,590,540 kept of 2,824,747 (56%), 198 kept/s
53200 games, 1,590,814 kept of 2,827,189 (56%), 197 kept/s
53250 games, 1,591,161 kept of 2,829,904 (56%), 197 kept/s
53300 games, 1,591,667 kept of 2,832,964 (56%), 197 kept/s
53350 games, 1,591,909 kept of 2,835,446 (56%), 197 kept/s
53400 games, 1,592,130 kept of 2,837,678 (56%), 197 kept/s
53450 games, 1,592,458 kept of 2,840,560 (56%), 197 kept/s
53500 games, 1,592,772 kept of 2,843,060 (56%), 197 kept/s
53550 games, 1,593,178 kept of 2,845,798 (56%), 196 kept/s
53600 games, 1,593,439 kept of 2,848,359 (56%), 196 kept/s
53650 games, 1,593,738 kept of 2,851,056 (56%), 196 kept/s
53700 games, 1,593,994 kept of 2,853,258 (56%), 196 kept/s
53750 games, 1,594,306 kept of 2,856,011 (56%), 196 kept/s
53800 games, 1,594,666 kept of 2,858,774 (56%), 196 kept/s
53850 games, 1,595,127 kept of 2,861,292 (56%), 196 kept/s
53900 games, 1,595,396 kept of 2,863,912 (56%), 195 kept/s
53950 games, 1,595,670 kept of 2,866,777 (56%), 195 kept/s
54000 games, 1,595,947 kept of 2,869,690 (56%), 195 kept/s
54050 games, 1,596,257 kept of 2,872,563 (56%), 195 kept/s
54100 games, 1,596,575 kept of 2,875,369 (56%), 195 kept/s
54150 games, 1,596,947 kept of 2,878,108 (55%), 195 kept/s
54200 games, 1,597,253 kept of 2,880,816 (55%), 195 kept/s
54250 games, 1,597,584 kept of 2,883,112 (55%), 194 kept/s
54300 games, 1,597,949 kept of 2,885,913 (55%), 194 kept/s
54350 games, 1,598,226 kept of 2,888,455 (55%), 194 kept/s
54400 games, 1,598,494 kept of 2,891,028 (55%), 194 kept/s
54450 games, 1,598,723 kept of 2,893,726 (55%), 194 kept/s
54500 games, 1,599,172 kept of 2,896,304 (55%), 194 kept/s
54550 games, 1,599,480 kept of 2,899,151 (55%), 194 kept/s
54600 games, 1,599,799 kept of 2,901,519 (55%), 193 kept/s
54650 games, 1,600,139 kept of 2,904,588 (55%), 193 kept/s
54700 games, 1,600,471 kept of 2,907,195 (55%), 193 kept/s
54750 games, 1,600,837 kept of 2,910,025 (55%), 193 kept/s
54800 games, 1,601,232 kept of 2,912,834 (55%), 193 kept/s
54850 games, 1,601,571 kept of 2,915,465 (55%), 193 kept/s
54900 games, 1,601,842 kept of 2,918,153 (55%), 193 kept/s
54950 games, 1,602,253 kept of 2,920,651 (55%), 193 kept/s
55000 games, 1,602,452 kept of 2,923,205 (55%), 192 kept/s
55050 games, 1,602,688 kept of 2,925,726 (55%), 192 kept/s
55100 games, 1,602,999 kept of 2,928,546 (55%), 192 kept/s
55150 games, 1,603,336 kept of 2,930,933 (55%), 192 kept/s
55200 games, 1,603,557 kept of 2,933,484 (55%), 192 kept/s
55250 games, 1,603,843 kept of 2,936,033 (55%), 192 kept/s
55300 games, 1,604,097 kept of 2,938,788 (55%), 192 kept/s
55350 games, 1,604,300 kept of 2,941,254 (55%), 191 kept/s
55400 games, 1,604,619 kept of 2,943,834 (55%), 191 kept/s
55450 games, 1,604,901 kept of 2,946,413 (54%), 191 kept/s
55500 games, 1,605,110 kept of 2,949,051 (54%), 191 kept/s
55550 games, 1,605,265 kept of 2,951,358 (54%), 191 kept/s
55600 games, 1,605,717 kept of 2,954,502 (54%), 191 kept/s
55650 games, 1,605,951 kept of 2,956,865 (54%), 191 kept/s
55700 games, 1,606,276 kept of 2,959,556 (54%), 190 kept/s
55750 games, 1,606,632 kept of 2,962,555 (54%), 190 kept/s
55800 games, 1,606,838 kept of 2,964,922 (54%), 190 kept/s
55850 games, 1,607,226 kept of 2,967,848 (54%), 190 kept/s
55900 games, 1,607,518 kept of 2,970,492 (54%), 190 kept/s
55950 games, 1,607,777 kept of 2,972,990 (54%), 190 kept/s
56000 games, 1,608,204 kept of 2,975,710 (54%), 190 kept/s
56050 games, 1,608,623 kept of 2,978,719 (54%), 189 kept/s
56100 games, 1,608,949 kept of 2,981,217 (54%), 189 kept/s
56150 games, 1,609,243 kept of 2,983,834 (54%), 189 kept/s
56200 games, 1,609,399 kept of 2,986,398 (54%), 189 kept/s
56250 games, 1,609,737 kept of 2,988,990 (54%), 189 kept/s
56300 games, 1,609,964 kept of 2,991,641 (54%), 189 kept/s
56350 games, 1,610,360 kept of 2,994,454 (54%), 189 kept/s
56400 games, 1,610,653 kept of 2,997,115 (54%), 189 kept/s
56450 games, 1,610,989 kept of 2,999,469 (54%), 188 kept/s
56500 games, 1,611,322 kept of 3,002,286 (54%), 188 kept/s
56550 games, 1,611,584 kept of 3,005,205 (54%), 188 kept/s
56600 games, 1,611,986 kept of 3,007,898 (54%), 188 kept/s
56650 games, 1,612,222 kept of 3,010,441 (54%), 188 kept/s
56700 games, 1,612,622 kept of 3,013,534 (54%), 188 kept/s
56750 games, 1,612,862 kept of 3,016,088 (53%), 188 kept/s
56800 games, 1,613,022 kept of 3,018,979 (53%), 188 kept/s
56850 games, 1,613,271 kept of 3,021,446 (53%), 187 kept/s
56900 games, 1,613,582 kept of 3,024,171 (53%), 187 kept/s
56950 games, 1,613,889 kept of 3,026,750 (53%), 187 kept/s
57000 games, 1,614,245 kept of 3,029,310 (53%), 187 kept/s
57050 games, 1,614,404 kept of 3,032,083 (53%), 187 kept/s
57100 games, 1,614,741 kept of 3,034,730 (53%), 187 kept/s
57150 games, 1,614,982 kept of 3,037,341 (53%), 187 kept/s
57200 games, 1,615,196 kept of 3,039,976 (53%), 186 kept/s
57250 games, 1,615,460 kept of 3,042,762 (53%), 186 kept/s
57300 games, 1,615,847 kept of 3,045,764 (53%), 186 kept/s
57350 games, 1,616,227 kept of 3,048,527 (53%), 186 kept/s
57400 games, 1,616,564 kept of 3,051,454 (53%), 186 kept/s
57450 games, 1,616,819 kept of 3,054,045 (53%), 186 kept/s
57500 games, 1,617,145 kept of 3,056,826 (53%), 186 kept/s
57550 games, 1,617,430 kept of 3,059,408 (53%), 186 kept/s
57600 games, 1,617,709 kept of 3,062,085 (53%), 185 kept/s
57650 games, 1,617,926 kept of 3,064,481 (53%), 185 kept/s
57700 games, 1,618,230 kept of 3,067,196 (53%), 185 kept/s
57750 games, 1,618,525 kept of 3,069,766 (53%), 185 kept/s
57800 games, 1,618,745 kept of 3,072,271 (53%), 185 kept/s
57850 games, 1,619,058 kept of 3,075,007 (53%), 185 kept/s
57900 games, 1,619,375 kept of 3,077,619 (53%), 185 kept/s
57950 games, 1,619,685 kept of 3,080,227 (53%), 185 kept/s
58000 games, 1,620,015 kept of 3,082,823 (53%), 184 kept/s
58050 games, 1,620,282 kept of 3,085,281 (53%), 184 kept/s
58100 games, 1,620,645 kept of 3,088,016 (52%), 184 kept/s
58150 games, 1,620,992 kept of 3,090,765 (52%), 184 kept/s
58200 games, 1,621,362 kept of 3,093,585 (52%), 184 kept/s
58250 games, 1,621,621 kept of 3,096,092 (52%), 184 kept/s
58300 games, 1,621,965 kept of 3,098,675 (52%), 184 kept/s
58350 games, 1,622,435 kept of 3,101,360 (52%), 184 kept/s
58400 games, 1,622,749 kept of 3,104,166 (52%), 183 kept/s
58450 games, 1,623,013 kept of 3,106,780 (52%), 183 kept/s
58500 games, 1,623,322 kept of 3,109,554 (52%), 183 kept/s
58550 games, 1,623,584 kept of 3,112,148 (52%), 183 kept/s
58600 games, 1,623,782 kept of 3,114,323 (52%), 183 kept/s
58650 games, 1,624,084 kept of 3,117,114 (52%), 183 kept/s
58700 games, 1,624,478 kept of 3,120,172 (52%), 183 kept/s
58750 games, 1,624,828 kept of 3,123,221 (52%), 183 kept/s
58800 games, 1,625,168 kept of 3,125,868 (52%), 182 kept/s
58850 games, 1,625,386 kept of 3,128,155 (52%), 182 kept/s
58900 games, 1,625,658 kept of 3,130,994 (52%), 182 kept/s
58950 games, 1,625,976 kept of 3,133,767 (52%), 182 kept/s
59000 games, 1,626,195 kept of 3,136,017 (52%), 182 kept/s
59050 games, 1,626,365 kept of 3,138,401 (52%), 182 kept/s
59100 games, 1,626,628 kept of 3,140,958 (52%), 182 kept/s
59150 games, 1,626,799 kept of 3,143,618 (52%), 182 kept/s
59200 games, 1,627,141 kept of 3,146,344 (52%), 181 kept/s
59250 games, 1,627,432 kept of 3,148,869 (52%), 181 kept/s
59300 games, 1,627,782 kept of 3,151,776 (52%), 181 kept/s
59350 games, 1,628,043 kept of 3,154,512 (52%), 181 kept/s
59400 games, 1,628,224 kept of 3,157,033 (52%), 181 kept/s
59450 games, 1,628,510 kept of 3,159,376 (52%), 181 kept/s
59500 games, 1,628,724 kept of 3,161,670 (52%), 181 kept/s
59550 games, 1,628,893 kept of 3,164,178 (51%), 181 kept/s
59600 games, 1,629,208 kept of 3,166,639 (51%), 181 kept/s
59650 games, 1,629,495 kept of 3,169,295 (51%), 180 kept/s
59700 games, 1,629,807 kept of 3,171,969 (51%), 180 kept/s
59750 games, 1,630,068 kept of 3,174,575 (51%), 180 kept/s
59800 games, 1,630,280 kept of 3,177,271 (51%), 180 kept/s
59850 games, 1,630,553 kept of 3,179,935 (51%), 180 kept/s
59900 games, 1,630,779 kept of 3,182,234 (51%), 180 kept/s
59950 games, 1,631,213 kept of 3,185,142 (51%), 180 kept/s
60000 games, 1,631,474 kept of 3,187,642 (51%), 180 kept/s
60050 games, 1,631,735 kept of 3,190,148 (51%), 180 kept/s
60100 games, 1,631,961 kept of 3,192,799 (51%), 179 kept/s
60150 games, 1,632,381 kept of 3,195,476 (51%), 179 kept/s
60200 games, 1,632,679 kept of 3,198,031 (51%), 179 kept/s
60250 games, 1,633,019 kept of 3,200,649 (51%), 179 kept/s
60300 games, 1,633,264 kept of 3,203,240 (51%), 179 kept/s
60350 games, 1,633,467 kept of 3,205,598 (51%), 179 kept/s
60400 games, 1,633,677 kept of 3,207,857 (51%), 179 kept/s
60450 games, 1,633,945 kept of 3,210,420 (51%), 179 kept/s
60500 games, 1,634,150 kept of 3,212,900 (51%), 178 kept/s
60550 games, 1,634,418 kept of 3,215,231 (51%), 178 kept/s
60600 games, 1,634,792 kept of 3,217,844 (51%), 178 kept/s
60650 games, 1,635,125 kept of 3,220,667 (51%), 178 kept/s
60700 games, 1,635,490 kept of 3,223,121 (51%), 178 kept/s
60750 games, 1,635,764 kept of 3,225,609 (51%), 178 kept/s
60800 games, 1,635,932 kept of 3,228,129 (51%), 178 kept/s
60850 games, 1,636,307 kept of 3,230,754 (51%), 178 kept/s
60900 games, 1,636,591 kept of 3,233,815 (51%), 178 kept/s
60950 games, 1,636,793 kept of 3,236,386 (51%), 177 kept/s
61000 games, 1,637,053 kept of 3,238,919 (51%), 177 kept/s
61050 games, 1,637,479 kept of 3,241,614 (51%), 177 kept/s
61100 games, 1,637,846 kept of 3,244,348 (50%), 177 kept/s
61150 games, 1,638,163 kept of 3,247,116 (50%), 177 kept/s
61200 games, 1,638,436 kept of 3,249,487 (50%), 177 kept/s
61250 games, 1,638,646 kept of 3,252,121 (50%), 177 kept/s
61300 games, 1,639,019 kept of 3,254,956 (50%), 177 kept/s
61350 games, 1,639,317 kept of 3,257,531 (50%), 177 kept/s
61400 games, 1,639,671 kept of 3,260,159 (50%), 176 kept/s
61450 games, 1,639,930 kept of 3,263,079 (50%), 176 kept/s
61500 games, 1,640,186 kept of 3,265,706 (50%), 176 kept/s
61550 games, 1,640,415 kept of 3,268,274 (50%), 176 kept/s
61600 games, 1,640,721 kept of 3,270,868 (50%), 176 kept/s
61650 games, 1,641,036 kept of 3,273,592 (50%), 176 kept/s
61700 games, 1,641,417 kept of 3,276,861 (50%), 176 kept/s
61750 games, 1,641,814 kept of 3,279,441 (50%), 176 kept/s
61800 games, 1,642,134 kept of 3,282,390 (50%), 176 kept/s
61850 games, 1,642,395 kept of 3,284,835 (50%), 175 kept/s
61900 games, 1,642,666 kept of 3,287,451 (50%), 175 kept/s
61950 games, 1,642,897 kept of 3,290,147 (50%), 175 kept/s
62000 games, 1,643,099 kept of 3,292,673 (50%), 175 kept/s
62050 games, 1,643,462 kept of 3,295,378 (50%), 175 kept/s
62100 games, 1,643,808 kept of 3,298,053 (50%), 175 kept/s
62150 games, 1,644,100 kept of 3,300,421 (50%), 175 kept/s
62200 games, 1,644,469 kept of 3,302,987 (50%), 175 kept/s
62250 games, 1,644,688 kept of 3,305,554 (50%), 175 kept/s
62300 games, 1,644,923 kept of 3,308,102 (50%), 174 kept/s
62350 games, 1,645,268 kept of 3,310,879 (50%), 174 kept/s
62400 games, 1,645,511 kept of 3,313,540 (50%), 174 kept/s
62450 games, 1,645,823 kept of 3,315,929 (50%), 174 kept/s
62500 games, 1,646,045 kept of 3,318,299 (50%), 174 kept/s
62550 games, 1,646,455 kept of 3,321,070 (50%), 174 kept/s
62600 games, 1,646,766 kept of 3,323,964 (50%), 174 kept/s
62650 games, 1,647,027 kept of 3,326,871 (50%), 174 kept/s
62700 games, 1,647,295 kept of 3,329,394 (49%), 174 kept/s
62750 games, 1,647,623 kept of 3,331,824 (49%), 174 kept/s
62800 games, 1,647,975 kept of 3,334,530 (49%), 173 kept/s
62850 games, 1,648,417 kept of 3,337,419 (49%), 173 kept/s
62900 games, 1,648,765 kept of 3,340,261 (49%), 173 kept/s
62950 games, 1,649,213 kept of 3,343,165 (49%), 173 kept/s
63000 games, 1,649,434 kept of 3,345,843 (49%), 173 kept/s
63050 games, 1,649,882 kept of 3,348,666 (49%), 173 kept/s
63100 games, 1,650,109 kept of 3,351,179 (49%), 173 kept/s
63150 games, 1,650,512 kept of 3,354,214 (49%), 173 kept/s
63200 games, 1,650,794 kept of 3,356,721 (49%), 173 kept/s
63250 games, 1,651,071 kept of 3,359,123 (49%), 172 kept/s
63300 games, 1,651,346 kept of 3,361,806 (49%), 172 kept/s
63350 games, 1,651,590 kept of 3,364,756 (49%), 172 kept/s
63400 games, 1,651,889 kept of 3,367,320 (49%), 172 kept/s
63450 games, 1,652,154 kept of 3,369,891 (49%), 172 kept/s
63500 games, 1,652,471 kept of 3,372,377 (49%), 172 kept/s
63550 games, 1,652,645 kept of 3,374,748 (49%), 172 kept/s
63600 games, 1,652,838 kept of 3,377,201 (49%), 172 kept/s
63650 games, 1,653,033 kept of 3,379,540 (49%), 172 kept/s
63700 games, 1,653,258 kept of 3,382,148 (49%), 172 kept/s
63750 games, 1,653,574 kept of 3,384,932 (49%), 171 kept/s
63800 games, 1,653,772 kept of 3,387,612 (49%), 171 kept/s
63850 games, 1,653,926 kept of 3,390,336 (49%), 171 kept/s
63900 games, 1,654,202 kept of 3,392,790 (49%), 171 kept/s
63950 games, 1,654,505 kept of 3,395,201 (49%), 171 kept/s
64000 games, 1,654,767 kept of 3,397,766 (49%), 171 kept/s
64050 games, 1,655,017 kept of 3,400,501 (49%), 171 kept/s
64100 games, 1,655,259 kept of 3,403,149 (49%), 171 kept/s
64150 games, 1,655,421 kept of 3,405,674 (49%), 171 kept/s
64200 games, 1,655,643 kept of 3,408,374 (49%), 170 kept/s
64250 games, 1,656,009 kept of 3,411,073 (49%), 170 kept/s
64300 games, 1,656,210 kept of 3,413,785 (49%), 170 kept/s
64350 games, 1,656,523 kept of 3,416,387 (48%), 170 kept/s
64400 games, 1,656,878 kept of 3,419,027 (48%), 170 kept/s
64450 games, 1,657,240 kept of 3,421,603 (48%), 170 kept/s
64500 games, 1,657,622 kept of 3,424,510 (48%), 170 kept/s
64550 games, 1,657,948 kept of 3,427,420 (48%), 170 kept/s
64600 games, 1,658,246 kept of 3,430,027 (48%), 170 kept/s
64650 games, 1,658,416 kept of 3,432,378 (48%), 170 kept/s
64700 games, 1,658,836 kept of 3,435,120 (48%), 169 kept/s
64750 games, 1,659,160 kept of 3,437,820 (48%), 169 kept/s
64800 games, 1,659,555 kept of 3,440,356 (48%), 169 kept/s
64850 games, 1,659,820 kept of 3,442,907 (48%), 169 kept/s
64900 games, 1,660,035 kept of 3,445,420 (48%), 169 kept/s
64950 games, 1,660,339 kept of 3,448,259 (48%), 169 kept/s
65000 games, 1,660,603 kept of 3,450,972 (48%), 169 kept/s
65050 games, 1,660,919 kept of 3,453,783 (48%), 169 kept/s
65100 games, 1,661,409 kept of 3,456,888 (48%), 169 kept/s
65150 games, 1,661,619 kept of 3,459,164 (48%), 169 kept/s
65200 games, 1,661,863 kept of 3,461,671 (48%), 168 kept/s
65250 games, 1,662,151 kept of 3,464,043 (48%), 168 kept/s
65300 games, 1,662,384 kept of 3,466,556 (48%), 168 kept/s
65350 games, 1,662,620 kept of 3,469,048 (48%), 168 kept/s
65400 games, 1,662,863 kept of 3,471,672 (48%), 168 kept/s
65450 games, 1,663,218 kept of 3,474,444 (48%), 168 kept/s
65500 games, 1,663,594 kept of 3,477,402 (48%), 168 kept/s
65550 games, 1,663,826 kept of 3,479,780 (48%), 168 kept/s
65600 games, 1,664,344 kept of 3,483,209 (48%), 168 kept/s
65650 games, 1,664,652 kept of 3,485,869 (48%), 168 kept/s
65700 games, 1,664,926 kept of 3,488,504 (48%), 168 kept/s
65750 games, 1,665,228 kept of 3,491,214 (48%), 167 kept/s
65800 games, 1,665,439 kept of 3,493,711 (48%), 167 kept/s
65850 games, 1,665,766 kept of 3,496,779 (48%), 167 kept/s
65900 games, 1,666,073 kept of 3,499,551 (48%), 167 kept/s
65950 games, 1,666,529 kept of 3,502,211 (48%), 167 kept/s
66000 games, 1,666,832 kept of 3,504,771 (48%), 167 kept/s
66050 games, 1,667,122 kept of 3,507,685 (48%), 167 kept/s
66100 games, 1,667,349 kept of 3,510,244 (47%), 167 kept/s
66150 games, 1,667,592 kept of 3,512,652 (47%), 167 kept/s
66200 games, 1,667,866 kept of 3,515,344 (47%), 167 kept/s
66250 games, 1,668,155 kept of 3,518,106 (47%), 166 kept/s
66300 games, 1,668,550 kept of 3,520,949 (47%), 166 kept/s
66350 games, 1,668,867 kept of 3,523,493 (47%), 166 kept/s
66400 games, 1,669,124 kept of 3,526,003 (47%), 166 kept/s
66450 games, 1,669,494 kept of 3,528,864 (47%), 166 kept/s
66500 games, 1,669,747 kept of 3,531,320 (47%), 166 kept/s
66550 games, 1,670,117 kept of 3,534,102 (47%), 166 kept/s
66600 games, 1,670,361 kept of 3,536,586 (47%), 166 kept/s
66650 games, 1,670,682 kept of 3,539,198 (47%), 166 kept/s
66700 games, 1,671,022 kept of 3,541,545 (47%), 166 kept/s
66750 games, 1,671,338 kept of 3,544,077 (47%), 166 kept/s
66800 games, 1,671,669 kept of 3,547,243 (47%), 165 kept/s
66850 games, 1,672,005 kept of 3,549,839 (47%), 165 kept/s
66900 games, 1,672,215 kept of 3,552,589 (47%), 165 kept/s
66950 games, 1,672,462 kept of 3,555,303 (47%), 165 kept/s
67000 games, 1,672,812 kept of 3,557,867 (47%), 165 kept/s
67050 games, 1,673,094 kept of 3,560,490 (47%), 165 kept/s
67100 games, 1,673,324 kept of 3,562,900 (47%), 165 kept/s
67150 games, 1,673,527 kept of 3,565,238 (47%), 165 kept/s
67200 games, 1,673,823 kept of 3,567,608 (47%), 165 kept/s
67250 games, 1,674,037 kept of 3,569,847 (47%), 165 kept/s
67300 games, 1,674,233 kept of 3,572,229 (47%), 164 kept/s
67350 games, 1,674,467 kept of 3,574,530 (47%), 164 kept/s
67400 games, 1,674,797 kept of 3,577,065 (47%), 164 kept/s
67450 games, 1,675,093 kept of 3,579,893 (47%), 164 kept/s
67500 games, 1,675,309 kept of 3,582,265 (47%), 164 kept/s
67550 games, 1,675,584 kept of 3,584,828 (47%), 164 kept/s
67600 games, 1,675,794 kept of 3,587,246 (47%), 164 kept/s
67650 games, 1,676,003 kept of 3,589,711 (47%), 164 kept/s
67700 games, 1,676,273 kept of 3,592,341 (47%), 164 kept/s
67750 games, 1,676,509 kept of 3,595,067 (47%), 164 kept/s
67800 games, 1,676,885 kept of 3,597,995 (47%), 164 kept/s
67850 games, 1,677,114 kept of 3,600,848 (47%), 163 kept/s
67900 games, 1,677,295 kept of 3,603,559 (47%), 163 kept/s
67950 games, 1,677,605 kept of 3,606,526 (47%), 163 kept/s
68000 games, 1,677,956 kept of 3,609,433 (46%), 163 kept/s
68050 games, 1,678,251 kept of 3,612,069 (46%), 163 kept/s
68100 games, 1,678,427 kept of 3,614,701 (46%), 163 kept/s
68150 games, 1,678,797 kept of 3,617,450 (46%), 163 kept/s
68200 games, 1,679,017 kept of 3,619,911 (46%), 163 kept/s
68250 games, 1,679,306 kept of 3,622,341 (46%), 163 kept/s
68300 games, 1,679,547 kept of 3,624,927 (46%), 163 kept/s
68350 games, 1,679,842 kept of 3,627,615 (46%), 163 kept/s
68400 games, 1,680,142 kept of 3,630,339 (46%), 162 kept/s
68450 games, 1,680,540 kept of 3,633,472 (46%), 162 kept/s
68500 games, 1,680,819 kept of 3,636,349 (46%), 162 kept/s
68550 games, 1,681,203 kept of 3,639,013 (46%), 162 kept/s
68600 games, 1,681,637 kept of 3,641,915 (46%), 162 kept/s
68650 games, 1,681,966 kept of 3,644,689 (46%), 162 kept/s
68700 games, 1,682,260 kept of 3,647,517 (46%), 162 kept/s
68750 games, 1,682,543 kept of 3,649,750 (46%), 162 kept/s
68800 games, 1,682,817 kept of 3,652,279 (46%), 162 kept/s
68850 games, 1,683,061 kept of 3,654,977 (46%), 162 kept/s
68900 games, 1,683,437 kept of 3,657,871 (46%), 162 kept/s
68950 games, 1,683,618 kept of 3,660,038 (46%), 161 kept/s
69000 games, 1,683,894 kept of 3,662,474 (46%), 161 kept/s
69050 games, 1,684,106 kept of 3,664,845 (46%), 161 kept/s
69100 games, 1,684,363 kept of 3,667,480 (46%), 161 kept/s
69150 games, 1,684,738 kept of 3,670,411 (46%), 161 kept/s
69200 games, 1,684,951 kept of 3,673,234 (46%), 161 kept/s
69250 games, 1,685,241 kept of 3,675,854 (46%), 161 kept/s
69300 games, 1,685,454 kept of 3,678,099 (46%), 161 kept/s
69350 games, 1,685,778 kept of 3,680,649 (46%), 161 kept/s
69400 games, 1,686,063 kept of 3,683,059 (46%), 161 kept/s
69450 games, 1,686,363 kept of 3,685,705 (46%), 161 kept/s
69500 games, 1,686,637 kept of 3,688,286 (46%), 161 kept/s
69550 games, 1,686,920 kept of 3,691,056 (46%), 160 kept/s
69600 games, 1,687,147 kept of 3,693,661 (46%), 160 kept/s
69650 games, 1,687,406 kept of 3,696,280 (46%), 160 kept/s
69700 games, 1,687,738 kept of 3,698,961 (46%), 160 kept/s
69750 games, 1,688,221 kept of 3,701,652 (46%), 160 kept/s
69800 games, 1,688,533 kept of 3,704,119 (46%), 160 kept/s
69850 games, 1,688,947 kept of 3,706,636 (46%), 160 kept/s
69900 games, 1,689,201 kept of 3,709,156 (46%), 160 kept/s
69950 games, 1,689,498 kept of 3,712,154 (46%), 160 kept/s
70000 games, 1,689,745 kept of 3,714,882 (45%), 160 kept/s
70050 games, 1,690,037 kept of 3,717,561 (45%), 160 kept/s
70100 games, 1,690,320 kept of 3,720,014 (45%), 159 kept/s
70150 games, 1,690,619 kept of 3,722,616 (45%), 159 kept/s
70200 games, 1,690,952 kept of 3,725,137 (45%), 159 kept/s
70250 games, 1,691,225 kept of 3,727,600 (45%), 159 kept/s
70300 games, 1,691,452 kept of 3,730,597 (45%), 159 kept/s
70350 games, 1,691,663 kept of 3,733,476 (45%), 159 kept/s
70400 games, 1,691,910 kept of 3,736,285 (45%), 159 kept/s
70450 games, 1,692,087 kept of 3,738,848 (45%), 159 kept/s
70500 games, 1,692,427 kept of 3,741,394 (45%), 159 kept/s
70550 games, 1,692,669 kept of 3,743,969 (45%), 159 kept/s
70600 games, 1,693,036 kept of 3,746,464 (45%), 159 kept/s
70650 games, 1,693,326 kept of 3,748,934 (45%), 159 kept/s
70700 games, 1,693,552 kept of 3,751,543 (45%), 158 kept/s
70750 games, 1,693,896 kept of 3,754,311 (45%), 158 kept/s
70800 games, 1,694,309 kept of 3,756,986 (45%), 158 kept/s
70850 games, 1,694,582 kept of 3,759,364 (45%), 158 kept/s
70900 games, 1,694,791 kept of 3,761,847 (45%), 158 kept/s
70950 games, 1,695,003 kept of 3,764,450 (45%), 158 kept/s
71000 games, 1,695,207 kept of 3,767,259 (45%), 158 kept/s
71050 games, 1,695,412 kept of 3,769,795 (45%), 158 kept/s
71100 games, 1,695,703 kept of 3,772,228 (45%), 158 kept/s
71150 games, 1,696,131 kept of 3,775,382 (45%), 158 kept/s
71200 games, 1,696,328 kept of 3,777,752 (45%), 158 kept/s
71250 games, 1,696,513 kept of 3,780,525 (45%), 158 kept/s
71300 games, 1,696,765 kept of 3,782,893 (45%), 157 kept/s
71350 games, 1,697,035 kept of 3,785,780 (45%), 157 kept/s
71400 games, 1,697,364 kept of 3,788,544 (45%), 157 kept/s
71450 games, 1,697,683 kept of 3,791,398 (45%), 157 kept/s
71500 games, 1,697,889 kept of 3,793,953 (45%), 157 kept/s
71550 games, 1,698,084 kept of 3,796,597 (45%), 157 kept/s
71600 games, 1,698,389 kept of 3,798,879 (45%), 157 kept/s
71650 games, 1,698,717 kept of 3,801,901 (45%), 157 kept/s
71700 games, 1,698,928 kept of 3,804,386 (45%), 157 kept/s
71750 games, 1,699,237 kept of 3,807,147 (45%), 157 kept/s
71800 games, 1,699,474 kept of 3,809,741 (45%), 157 kept/s
71850 games, 1,699,819 kept of 3,812,554 (45%), 156 kept/s
done: 71888 games, 1,700,002 kept of 3,814,585 -> data/train.2.csv
histogram |material|: 0:399163 60:403907 120:153137 180:232604 240:102250 300:118298 360:58701 420:60545 480:60949 540:41900 600:68548
