50 games, 2,636 kept of 2,636 (100%), 351 kept/s
100 games, 5,167 kept of 5,167 (100%), 338 kept/s
150 games, 8,061 kept of 8,061 (100%), 344 kept/s
200 games, 10,807 kept of 10,807 (100%), 346 kept/s
250 games, 13,160 kept of 13,160 (100%), 345 kept/s
300 games, 15,944 kept of 15,944 (100%), 346 kept/s
350 games, 18,675 kept of 18,675 (100%), 347 kept/s
400 games, 21,466 kept of 21,466 (100%), 347 kept/s
450 games, 24,086 kept of 24,086 (100%), 348 kept/s
500 games, 26,681 kept of 26,681 (100%), 348 kept/s
550 games, 29,587 kept of 29,587 (100%), 347 kept/s
600 games, 32,316 kept of 32,316 (100%), 347 kept/s
650 games, 35,284 kept of 35,284 (100%), 348 kept/s
700 games, 37,729 kept of 37,729 (100%), 348 kept/s
750 games, 40,454 kept of 40,454 (100%), 349 kept/s
800 games, 43,355 kept of 43,355 (100%), 349 kept/s
850 games, 45,843 kept of 45,843 (100%), 349 kept/s
900 games, 48,524 kept of 48,524 (100%), 349 kept/s
950 games, 51,145 kept of 51,145 (100%), 349 kept/s
1000 games, 53,697 kept of 53,697 (100%), 349 kept/s
1050 games, 56,388 kept of 56,388 (100%), 349 kept/s
1100 games, 58,777 kept of 58,777 (100%), 348 kept/s
1150 games, 61,360 kept of 61,360 (100%), 348 kept/s
1200 games, 64,270 kept of 64,270 (100%), 348 kept/s
1250 games, 66,827 kept of 66,827 (100%), 348 kept/s
1300 games, 69,687 kept of 69,687 (100%), 348 kept/s
1350 games, 72,111 kept of 72,111 (100%), 348 kept/s
1400 games, 74,754 kept of 74,754 (100%), 348 kept/s
1450 games, 76,992 kept of 76,992 (100%), 348 kept/s
1500 games, 79,321 kept of 79,321 (100%), 347 kept/s
1550 games, 81,877 kept of 81,877 (100%), 347 kept/s
1600 games, 84,653 kept of 84,653 (100%), 347 kept/s
1650 games, 87,645 kept of 87,645 (100%), 347 kept/s
1700 games, 90,602 kept of 90,602 (100%), 347 kept/s
1750 games, 93,133 kept of 93,133 (100%), 347 kept/s
1800 games, 95,866 kept of 95,866 (100%), 348 kept/s
1850 games, 98,651 kept of 98,651 (100%), 348 kept/s
1900 games, 101,334 kept of 101,334 (100%), 348 kept/s
1950 games, 103,808 kept of 103,808 (100%), 348 kept/s
2000 games, 106,416 kept of 106,416 (100%), 348 kept/s
2050 games, 109,183 kept of 109,183 (100%), 348 kept/s
2100 games, 111,649 kept of 111,649 (100%), 348 kept/s
2150 games, 114,390 kept of 114,390 (100%), 348 kept/s
2200 games, 116,921 kept of 116,921 (100%), 348 kept/s
2250 games, 119,779 kept of 119,779 (100%), 348 kept/s
2300 games, 122,133 kept of 122,133 (100%), 347 kept/s
2350 games, 124,795 kept of 124,795 (100%), 347 kept/s
2400 games, 127,338 kept of 127,338 (100%), 347 kept/s
2450 games, 129,912 kept of 129,912 (100%), 347 kept/s
2500 games, 132,911 kept of 132,911 (100%), 348 kept/s
2550 games, 135,446 kept of 135,446 (100%), 348 kept/s
2600 games, 137,869 kept of 137,869 (100%), 348 kept/s
2650 games, 140,464 kept of 140,464 (100%), 348 kept/s
2700 games, 142,996 kept of 142,996 (100%), 348 kept/s
2750 games, 145,732 kept of 145,732 (100%), 348 kept/s
2800 games, 148,990 kept of 148,990 (100%), 347 kept/s
2850 games, 151,515 kept of 151,515 (100%), 347 kept/s
2900 games, 154,249 kept of 154,249 (100%), 347 kept/s
2950 games, 157,079 kept of 157,079 (100%), 347 kept/s
3000 games, 160,170 kept of 160,170 (100%), 348 kept/s
3050 games, 162,674 kept of 162,674 (100%), 348 kept/s
3100 games, 165,885 kept of 165,885 (100%), 348 kept/s
3150 games, 168,656 kept of 168,656 (100%), 348 kept/s
3200 games, 171,753 kept of 171,753 (100%), 348 kept/s
3250 games, 174,398 kept of 174,398 (100%), 348 kept/s
3300 games, 177,236 kept of 177,236 (100%), 348 kept/s
3350 games, 179,629 kept of 179,629 (100%), 348 kept/s
3400 games, 182,249 kept of 182,249 (100%), 348 kept/s
3450 games, 185,274 kept of 185,274 (100%), 348 kept/s
3500 games, 187,935 kept of 187,935 (100%), 348 kept/s
3550 games, 190,586 kept of 190,586 (100%), 348 kept/s
3600 games, 193,464 kept of 193,464 (100%), 348 kept/s
3650 games, 196,133 kept of 196,133 (100%), 348 kept/s
3700 games, 198,789 kept of 198,789 (100%), 348 kept/s
3750 games, 201,600 kept of 201,600 (100%), 348 kept/s
3800 games, 204,034 kept of 204,034 (100%), 348 kept/s
3850 games, 207,080 kept of 207,080 (100%), 348 kept/s
3900 games, 209,631 kept of 209,631 (100%), 348 kept/s
3950 games, 212,070 kept of 212,070 (100%), 348 kept/s
4000 games, 214,378 kept of 214,378 (100%), 348 kept/s
4050 games, 217,156 kept of 217,156 (100%), 348 kept/s
4100 games, 219,686 kept of 219,686 (100%), 348 kept/s
4150 games, 222,263 kept of 222,263 (100%), 348 kept/s
4200 games, 224,883 kept of 224,883 (100%), 348 kept/s
4250 games, 227,515 kept of 227,515 (100%), 348 kept/s
4300 games, 230,310 kept of 230,310 (100%), 348 kept/s
4350 games, 233,017 kept of 233,017 (100%), 348 kept/s
4400 games, 235,916 kept of 235,916 (100%), 348 kept/s
4450 games, 238,620 kept of 238,620 (100%), 348 kept/s
4500 games, 241,282 kept of 241,282 (100%), 348 kept/s
4550 games, 244,041 kept of 244,041 (100%), 348 kept/s
4600 games, 246,805 kept of 246,805 (100%), 348 kept/s
4650 games, 249,732 kept of 249,732 (100%), 348 kept/s
4700 games, 252,063 kept of 252,063 (100%), 348 kept/s
4750 games, 254,645 kept of 254,645 (100%), 348 kept/s
4800 games, 257,297 kept of 257,297 (100%), 348 kept/s
4850 games, 259,855 kept of 259,855 (100%), 348 kept/s
4900 games, 262,959 kept of 262,959 (100%), 348 kept/s
4950 games, 265,672 kept of 265,672 (100%), 348 kept/s
5000 games, 268,128 kept of 268,128 (100%), 348 kept/s
5050 games, 270,773 kept of 270,773 (100%), 348 kept/s
5100 games, 273,432 kept of 273,432 (100%), 348 kept/s
5150 games, 276,159 kept of 276,159 (100%), 348 kept/s
5200 games, 278,462 kept of 278,462 (100%), 348 kept/s
5250 games, 280,783 kept of 280,783 (100%), 348 kept/s
5300 games, 283,418 kept of 283,418 (100%), 348 kept/s
5350 games, 285,842 kept of 285,842 (100%), 348 kept/s
5400 games, 288,385 kept of 288,385 (100%), 348 kept/s
5450 games, 290,872 kept of 290,872 (100%), 348 kept/s
5500 games, 293,782 kept of 293,782 (100%), 348 kept/s
5550 games, 296,261 kept of 296,261 (100%), 348 kept/s
5600 games, 298,954 kept of 298,954 (100%), 348 kept/s
5650 games, 301,396 kept of 301,396 (100%), 348 kept/s
5700 games, 303,980 kept of 303,980 (100%), 348 kept/s
5750 games, 306,674 kept of 306,674 (100%), 348 kept/s
5800 games, 309,199 kept of 309,199 (100%), 348 kept/s
5850 games, 311,865 kept of 311,865 (100%), 348 kept/s
5900 games, 314,266 kept of 314,266 (100%), 348 kept/s
5950 games, 316,661 kept of 316,661 (100%), 348 kept/s
6000 games, 319,134 kept of 319,134 (100%), 348 kept/s
6050 games, 321,990 kept of 321,990 (100%), 348 kept/s
6100 games, 324,436 kept of 324,436 (100%), 348 kept/s
6150 games, 327,166 kept of 327,166 (100%), 348 kept/s
6200 games, 329,743 kept of 329,743 (100%), 348 kept/s
6250 games, 332,387 kept of 332,387 (100%), 348 kept/s
6300 games, 335,116 kept of 335,116 (100%), 348 kept/s
6350 games, 337,625 kept of 337,625 (100%), 348 kept/s
6400 games, 340,262 kept of 340,262 (100%), 348 kept/s
6450 games, 342,856 kept of 342,856 (100%), 348 kept/s
6500 games, 345,512 kept of 345,512 (100%), 348 kept/s
6550 games, 348,087 kept of 348,087 (100%), 348 kept/s
6600 games, 350,969 kept of 350,969 (100%), 348 kept/s
6650 games, 353,425 kept of 353,425 (100%), 348 kept/s
6700 games, 356,188 kept of 356,188 (100%), 348 kept/s
6750 games, 358,656 kept of 358,656 (100%), 348 kept/s
6800 games, 361,166 kept of 361,166 (100%), 348 kept/s
6850 games, 363,808 kept of 363,808 (100%), 348 kept/s
6900 games, 366,540 kept of 366,540 (100%), 348 kept/s
6950 games, 369,294 kept of 369,294 (100%), 348 kept/s
7000 games, 371,626 kept of 371,626 (100%), 348 kept/s
7050 games, 374,560 kept of 374,560 (100%), 348 kept/s
7100 games, 377,392 kept of 377,392 (100%), 348 kept/s
7150 games, 380,210 kept of 380,210 (100%), 348 kept/s
7200 games, 382,630 kept of 382,630 (100%), 348 kept/s
7250 games, 385,128 kept of 385,128 (100%), 348 kept/s
7300 games, 388,000 kept of 388,000 (100%), 348 kept/s
7350 games, 390,979 kept of 390,979 (100%), 348 kept/s
7400 games, 393,540 kept of 393,540 (100%), 348 kept/s
7450 games, 396,427 kept of 396,427 (100%), 348 kept/s
7500 games, 399,064 kept of 399,064 (100%), 348 kept/s
7550 games, 401,594 kept of 401,594 (100%), 348 kept/s
7600 games, 403,900 kept of 403,900 (100%), 348 kept/s
7650 games, 406,384 kept of 406,384 (100%), 348 kept/s
7700 games, 408,942 kept of 408,942 (100%), 348 kept/s
7750 games, 411,851 kept of 411,851 (100%), 348 kept/s
7800 games, 414,572 kept of 414,572 (100%), 348 kept/s
7850 games, 417,319 kept of 417,319 (100%), 348 kept/s
7900 games, 419,937 kept of 419,937 (100%), 348 kept/s
7950 games, 423,475 kept of 423,475 (100%), 348 kept/s
8000 games, 425,892 kept of 425,892 (100%), 348 kept/s
8050 games, 428,407 kept of 428,407 (100%), 348 kept/s
8100 games, 431,338 kept of 431,338 (100%), 348 kept/s
8150 games, 434,279 kept of 434,279 (100%), 348 kept/s
8200 games, 437,055 kept of 437,055 (100%), 348 kept/s
8250 games, 439,790 kept of 439,790 (100%), 348 kept/s
8300 games, 442,747 kept of 442,747 (100%), 348 kept/s
8350 games, 445,645 kept of 445,645 (100%), 348 kept/s
8400 games, 448,155 kept of 448,155 (100%), 348 kept/s
8450 games, 450,903 kept of 450,903 (100%), 348 kept/s
8500 games, 453,884 kept of 453,884 (100%), 348 kept/s
8550 games, 456,135 kept of 456,135 (100%), 348 kept/s
8600 games, 458,619 kept of 458,619 (100%), 348 kept/s
8650 games, 461,122 kept of 461,122 (100%), 348 kept/s
8700 games, 463,712 kept of 463,712 (100%), 348 kept/s
8750 games, 466,231 kept of 466,231 (100%), 348 kept/s
8800 games, 469,017 kept of 469,017 (100%), 348 kept/s
8850 games, 471,494 kept of 471,494 (100%), 348 kept/s
8900 games, 474,159 kept of 474,159 (100%), 348 kept/s
8950 games, 476,554 kept of 476,554 (100%), 348 kept/s
9000 games, 479,269 kept of 479,269 (100%), 348 kept/s
9050 games, 482,196 kept of 482,196 (100%), 348 kept/s
9100 games, 484,832 kept of 484,832 (100%), 348 kept/s
9150 games, 487,332 kept of 487,332 (100%), 348 kept/s
9200 games, 489,919 kept of 489,919 (100%), 348 kept/s
9250 games, 492,525 kept of 492,525 (100%), 348 kept/s
9300 games, 495,255 kept of 495,255 (100%), 348 kept/s
9350 games, 497,977 kept of 497,977 (100%), 348 kept/s
9400 games, 500,283 kept of 500,283 (100%), 348 kept/s
9450 games, 503,047 kept of 503,047 (100%), 348 kept/s
9500 games, 506,146 kept of 506,146 (100%), 348 kept/s
9550 games, 508,943 kept of 508,943 (100%), 348 kept/s
9600 games, 511,411 kept of 511,411 (100%), 348 kept/s
9650 games, 514,071 kept of 514,071 (100%), 348 kept/s
9700 games, 516,842 kept of 516,842 (100%), 348 kept/s
9750 games, 519,636 kept of 519,636 (100%), 348 kept/s
9800 games, 522,625 kept of 522,625 (100%), 348 kept/s
9850 games, 525,080 kept of 525,080 (100%), 348 kept/s
9900 games, 527,953 kept of 527,953 (100%), 348 kept/s
9950 games, 530,782 kept of 530,782 (100%), 348 kept/s
10000 games, 533,326 kept of 533,326 (100%), 348 kept/s
10050 games, 535,950 kept of 535,950 (100%), 348 kept/s
10100 games, 538,566 kept of 538,566 (100%), 348 kept/s
10150 games, 541,333 kept of 541,333 (100%), 348 kept/s
10200 games, 544,376 kept of 544,376 (100%), 348 kept/s
10250 games, 546,991 kept of 546,991 (100%), 348 kept/s
10300 games, 549,368 kept of 549,368 (100%), 348 kept/s
10350 games, 551,875 kept of 551,875 (100%), 348 kept/s
10400 games, 554,403 kept of 554,403 (100%), 348 kept/s
10450 games, 556,875 kept of 556,875 (100%), 348 kept/s
10500 games, 559,664 kept of 559,664 (100%), 348 kept/s
10550 games, 562,378 kept of 562,378 (100%), 348 kept/s
10600 games, 564,758 kept of 564,758 (100%), 348 kept/s
10650 games, 567,275 kept of 567,275 (100%), 348 kept/s
10700 games, 569,763 kept of 569,763 (100%), 348 kept/s
10750 games, 572,075 kept of 572,075 (100%), 348 kept/s
10800 games, 574,676 kept of 574,676 (100%), 348 kept/s
10850 games, 577,174 kept of 577,174 (100%), 348 kept/s
10900 games, 580,159 kept of 580,159 (100%), 348 kept/s
10950 games, 582,690 kept of 582,690 (100%), 348 kept/s
11000 games, 585,433 kept of 585,433 (100%), 348 kept/s
11050 games, 588,188 kept of 588,188 (100%), 348 kept/s
11100 games, 590,652 kept of 590,652 (100%), 348 kept/s
11150 games, 593,120 kept of 593,120 (100%), 348 kept/s
11200 games, 595,608 kept of 595,608 (100%), 348 kept/s
11250 games, 598,084 kept of 598,084 (100%), 348 kept/s
11300 games, 601,051 kept of 601,128 (100%), 348 kept/s
11350 games, 603,480 kept of 603,722 (100%), 348 kept/s
11400 games, 605,627 kept of 606,071 (100%), 348 kept/s
11450 games, 607,956 kept of 608,616 (100%), 348 kept/s
11500 games, 610,307 kept of 611,204 (100%), 347 kept/s
11550 games, 612,928 kept of 614,071 (100%), 347 kept/s
11600 games, 615,516 kept of 616,876 (100%), 347 kept/s
11650 games, 618,089 kept of 619,602 (100%), 347 kept/s
11700 games, 620,662 kept of 622,403 (100%), 347 kept/s
11750 games, 623,126 kept of 625,091 (100%), 347 kept/s
11800 games, 625,475 kept of 627,626 (100%), 347 kept/s
11850 games, 627,869 kept of 630,186 (100%), 347 kept/s
11900 games, 630,194 kept of 632,722 (100%), 347 kept/s
11950 games, 632,638 kept of 635,421 (100%), 346 kept/s
12000 games, 635,051 kept of 638,078 (100%), 346 kept/s
12050 games, 637,491 kept of 640,708 (99%), 346 kept/s
12100 games, 639,385 kept of 642,835 (99%), 346 kept/s
12150 games, 641,844 kept of 645,522 (99%), 346 kept/s
12200 games, 644,288 kept of 648,215 (99%), 346 kept/s
12250 games, 646,710 kept of 650,896 (99%), 346 kept/s
12300 games, 649,456 kept of 653,825 (99%), 346 kept/s
12350 games, 651,651 kept of 656,289 (99%), 345 kept/s
12400 games, 653,987 kept of 658,914 (99%), 345 kept/s
12450 games, 656,051 kept of 661,201 (99%), 345 kept/s
12500 games, 658,232 kept of 663,535 (99%), 345 kept/s
12550 games, 660,554 kept of 666,057 (99%), 345 kept/s
12600 games, 662,821 kept of 668,557 (99%), 345 kept/s
12650 games, 665,225 kept of 671,153 (99%), 345 kept/s
12700 games, 667,655 kept of 673,814 (99%), 345 kept/s
12750 games, 669,833 kept of 676,273 (99%), 345 kept/s
12800 games, 671,918 kept of 678,597 (99%), 344 kept/s
12850 games, 674,019 kept of 680,938 (99%), 344 kept/s
12900 games, 676,509 kept of 683,662 (99%), 344 kept/s
12950 games, 678,919 kept of 686,285 (99%), 344 kept/s
13000 games, 681,020 kept of 688,567 (99%), 344 kept/s
13050 games, 683,438 kept of 691,177 (99%), 344 kept/s
13100 games, 685,626 kept of 693,581 (99%), 344 kept/s
13150 games, 688,085 kept of 696,306 (99%), 344 kept/s
13200 games, 690,359 kept of 698,791 (99%), 344 kept/s
13250 games, 692,666 kept of 701,278 (99%), 343 kept/s
13300 games, 695,150 kept of 704,079 (99%), 343 kept/s
13350 games, 697,566 kept of 706,740 (99%), 343 kept/s
13400 games, 699,656 kept of 709,095 (99%), 343 kept/s
13450 games, 702,338 kept of 711,998 (99%), 343 kept/s
13500 games, 704,866 kept of 714,759 (99%), 343 kept/s
13550 games, 707,297 kept of 717,340 (99%), 343 kept/s
13600 games, 709,960 kept of 720,214 (99%), 343 kept/s
13650 games, 712,580 kept of 723,100 (99%), 343 kept/s
13700 games, 715,121 kept of 725,840 (99%), 343 kept/s
13750 games, 717,569 kept of 728,458 (99%), 343 kept/s
13800 games, 719,879 kept of 730,991 (98%), 343 kept/s
13850 games, 722,138 kept of 733,521 (98%), 342 kept/s
13900 games, 724,618 kept of 736,244 (98%), 342 kept/s
13950 games, 726,900 kept of 738,758 (98%), 342 kept/s
14000 games, 729,328 kept of 741,371 (98%), 342 kept/s
14050 games, 731,789 kept of 744,045 (98%), 342 kept/s
14100 games, 733,989 kept of 746,464 (98%), 342 kept/s
14150 games, 736,466 kept of 749,267 (98%), 342 kept/s
14200 games, 739,370 kept of 752,384 (98%), 342 kept/s
14250 games, 741,721 kept of 754,990 (98%), 342 kept/s
14300 games, 744,198 kept of 757,669 (98%), 342 kept/s
14350 games, 746,547 kept of 760,185 (98%), 342 kept/s
14400 games, 748,827 kept of 762,726 (98%), 342 kept/s
14450 games, 751,604 kept of 765,722 (98%), 342 kept/s
14500 games, 754,085 kept of 768,389 (98%), 342 kept/s
14550 games, 756,443 kept of 770,926 (98%), 341 kept/s
14600 games, 759,021 kept of 773,758 (98%), 341 kept/s
14650 games, 761,188 kept of 776,119 (98%), 341 kept/s
14700 games, 763,543 kept of 778,743 (98%), 341 kept/s
14750 games, 765,752 kept of 781,159 (98%), 341 kept/s
14800 games, 768,201 kept of 783,877 (98%), 341 kept/s
14850 games, 770,259 kept of 786,096 (98%), 341 kept/s
14900 games, 772,734 kept of 788,828 (98%), 341 kept/s
14950 games, 775,140 kept of 791,478 (98%), 341 kept/s
15000 games, 777,593 kept of 794,124 (98%), 341 kept/s
15050 games, 780,214 kept of 796,970 (98%), 341 kept/s
15100 games, 782,411 kept of 799,401 (98%), 340 kept/s
15150 games, 785,024 kept of 802,301 (98%), 340 kept/s
15200 games, 787,373 kept of 804,881 (98%), 340 kept/s
15250 games, 790,010 kept of 807,737 (98%), 340 kept/s
15300 games, 792,130 kept of 810,175 (98%), 340 kept/s
15350 games, 794,261 kept of 812,509 (98%), 340 kept/s
15400 games, 796,492 kept of 815,105 (98%), 340 kept/s
15450 games, 799,094 kept of 817,936 (98%), 340 kept/s
15500 games, 801,579 kept of 820,632 (98%), 340 kept/s
15550 games, 804,202 kept of 823,445 (98%), 340 kept/s
15600 games, 806,349 kept of 825,823 (98%), 340 kept/s
15650 games, 808,800 kept of 828,487 (98%), 340 kept/s
15700 games, 811,023 kept of 830,919 (98%), 340 kept/s
15750 games, 813,651 kept of 833,735 (98%), 339 kept/s
15800 games, 815,976 kept of 836,243 (98%), 339 kept/s
15850 games, 818,321 kept of 838,758 (98%), 339 kept/s
15900 games, 820,877 kept of 841,574 (98%), 339 kept/s
15950 games, 823,490 kept of 844,331 (98%), 339 kept/s
16000 games, 825,790 kept of 846,878 (98%), 339 kept/s
16050 games, 828,429 kept of 849,759 (97%), 339 kept/s
16100 games, 830,948 kept of 852,518 (97%), 339 kept/s
16150 games, 833,362 kept of 855,242 (97%), 339 kept/s
16200 games, 836,060 kept of 858,137 (97%), 339 kept/s
16250 games, 838,441 kept of 860,844 (97%), 339 kept/s
16300 games, 841,026 kept of 863,675 (97%), 339 kept/s
16350 games, 843,462 kept of 866,329 (97%), 339 kept/s
16400 games, 845,700 kept of 868,814 (97%), 339 kept/s
16450 games, 848,312 kept of 871,602 (97%), 339 kept/s
16500 games, 850,934 kept of 874,478 (97%), 339 kept/s
16550 games, 853,043 kept of 876,929 (97%), 338 kept/s
16600 games, 855,035 kept of 879,123 (97%), 338 kept/s
16650 games, 857,527 kept of 881,812 (97%), 338 kept/s
16700 games, 859,702 kept of 884,268 (97%), 338 kept/s
16750 games, 862,117 kept of 886,944 (97%), 338 kept/s
16800 games, 864,449 kept of 889,465 (97%), 338 kept/s
16850 games, 867,166 kept of 892,485 (97%), 338 kept/s
16900 games, 869,360 kept of 894,875 (97%), 338 kept/s
16950 games, 872,179 kept of 897,928 (97%), 338 kept/s
17000 games, 874,515 kept of 900,513 (97%), 338 kept/s
17050 games, 876,699 kept of 902,854 (97%), 338 kept/s
17100 games, 879,207 kept of 905,551 (97%), 338 kept/s
17150 games, 881,409 kept of 907,942 (97%), 338 kept/s
17200 games, 883,839 kept of 910,699 (97%), 338 kept/s
17250 games, 886,047 kept of 913,221 (97%), 338 kept/s
17300 games, 888,516 kept of 915,852 (97%), 338 kept/s
17350 games, 891,038 kept of 918,535 (97%), 337 kept/s
17400 games, 893,395 kept of 921,071 (97%), 337 kept/s
17450 games, 895,885 kept of 923,776 (97%), 337 kept/s
17500 games, 898,027 kept of 926,163 (97%), 337 kept/s
17550 games, 900,505 kept of 928,819 (97%), 337 kept/s
17600 games, 902,962 kept of 931,516 (97%), 337 kept/s
17650 games, 905,339 kept of 934,075 (97%), 337 kept/s
17700 games, 907,565 kept of 936,534 (97%), 337 kept/s
17750 games, 909,925 kept of 939,179 (97%), 337 kept/s
17800 games, 912,276 kept of 941,765 (97%), 337 kept/s
17850 games, 914,940 kept of 944,701 (97%), 337 kept/s
17900 games, 916,907 kept of 946,867 (97%), 337 kept/s
17950 games, 919,661 kept of 949,784 (97%), 337 kept/s
18000 games, 922,179 kept of 952,522 (97%), 337 kept/s
18050 games, 924,601 kept of 955,199 (97%), 337 kept/s
18100 games, 926,805 kept of 957,609 (97%), 337 kept/s
18150 games, 929,302 kept of 960,266 (97%), 337 kept/s
18200 games, 932,008 kept of 963,231 (97%), 337 kept/s
18250 games, 934,446 kept of 965,909 (97%), 337 kept/s
18300 games, 936,648 kept of 968,334 (97%), 337 kept/s
18350 games, 939,250 kept of 971,135 (97%), 336 kept/s
18400 games, 941,478 kept of 973,495 (97%), 336 kept/s
18450 games, 943,893 kept of 976,136 (97%), 336 kept/s
18500 games, 946,495 kept of 978,949 (97%), 336 kept/s
18550 games, 948,992 kept of 981,709 (97%), 336 kept/s
18600 games, 951,478 kept of 984,425 (97%), 336 kept/s
18650 games, 953,940 kept of 987,169 (97%), 336 kept/s
18700 games, 956,099 kept of 989,517 (97%), 336 kept/s
18750 games, 958,725 kept of 992,323 (97%), 336 kept/s
18800 games, 961,334 kept of 995,073 (97%), 336 kept/s
18850 games, 963,785 kept of 997,798 (97%), 336 kept/s
18900 games, 966,383 kept of 1,000,638 (97%), 336 kept/s
18950 games, 968,877 kept of 1,003,337 (97%), 336 kept/s
19000 games, 971,520 kept of 1,006,162 (97%), 336 kept/s
19050 games, 973,999 kept of 1,008,785 (97%), 336 kept/s
19100 games, 976,666 kept of 1,011,721 (97%), 336 kept/s
19150 games, 979,056 kept of 1,014,340 (97%), 336 kept/s
19200 games, 981,776 kept of 1,017,346 (97%), 336 kept/s
19250 games, 984,210 kept of 1,019,994 (96%), 336 kept/s
19300 games, 986,571 kept of 1,022,585 (96%), 336 kept/s
19350 games, 989,190 kept of 1,025,452 (96%), 336 kept/s
19400 games, 991,403 kept of 1,027,896 (96%), 336 kept/s
19450 games, 993,458 kept of 1,030,226 (96%), 336 kept/s
19500 games, 995,864 kept of 1,032,912 (96%), 336 kept/s
19550 games, 998,261 kept of 1,035,541 (96%), 335 kept/s
19600 games, 1,000,296 kept of 1,037,793 (96%), 335 kept/s
19650 games, 1,002,608 kept of 1,040,396 (96%), 335 kept/s
19700 games, 1,004,762 kept of 1,042,795 (96%), 335 kept/s
19750 games, 1,007,011 kept of 1,045,237 (96%), 335 kept/s
19800 games, 1,009,516 kept of 1,047,918 (96%), 335 kept/s
19850 games, 1,011,975 kept of 1,050,613 (96%), 335 kept/s
19900 games, 1,014,438 kept of 1,053,269 (96%), 335 kept/s
19950 games, 1,016,807 kept of 1,055,867 (96%), 335 kept/s
20000 games, 1,019,486 kept of 1,058,765 (96%), 335 kept/s
20050 games, 1,022,353 kept of 1,061,829 (96%), 335 kept/s
20100 games, 1,024,580 kept of 1,064,281 (96%), 335 kept/s
20150 games, 1,027,067 kept of 1,067,019 (96%), 335 kept/s
20200 games, 1,029,389 kept of 1,069,567 (96%), 335 kept/s
20250 games, 1,031,842 kept of 1,072,167 (96%), 335 kept/s
20300 games, 1,034,001 kept of 1,074,592 (96%), 335 kept/s
20350 games, 1,036,394 kept of 1,077,237 (96%), 335 kept/s
20400 games, 1,038,584 kept of 1,079,766 (96%), 335 kept/s
20450 games, 1,041,220 kept of 1,082,626 (96%), 335 kept/s
20500 games, 1,043,614 kept of 1,085,257 (96%), 335 kept/s
20550 games, 1,046,026 kept of 1,087,910 (96%), 335 kept/s
20600 games, 1,048,263 kept of 1,090,467 (96%), 335 kept/s
20650 games, 1,050,553 kept of 1,092,998 (96%), 335 kept/s
20700 games, 1,052,632 kept of 1,095,316 (96%), 334 kept/s
20750 games, 1,055,280 kept of 1,098,160 (96%), 334 kept/s
20800 games, 1,057,773 kept of 1,100,892 (96%), 334 kept/s
20850 games, 1,059,961 kept of 1,103,265 (96%), 334 kept/s
20900 games, 1,062,408 kept of 1,105,947 (96%), 334 kept/s
20950 games, 1,064,628 kept of 1,108,377 (96%), 334 kept/s
21000 games, 1,067,181 kept of 1,111,202 (96%), 334 kept/s
21050 games, 1,069,779 kept of 1,114,021 (96%), 334 kept/s
21100 games, 1,072,114 kept of 1,116,528 (96%), 334 kept/s
21150 games, 1,075,107 kept of 1,119,677 (96%), 334 kept/s
21200 games, 1,077,493 kept of 1,122,288 (96%), 334 kept/s
21250 games, 1,079,959 kept of 1,124,997 (96%), 334 kept/s
21300 games, 1,082,382 kept of 1,127,682 (96%), 334 kept/s
21350 games, 1,084,616 kept of 1,130,141 (96%), 334 kept/s
21400 games, 1,087,015 kept of 1,132,752 (96%), 334 kept/s
21450 games, 1,089,337 kept of 1,135,297 (96%), 334 kept/s
21500 games, 1,091,580 kept of 1,137,786 (96%), 334 kept/s
21550 games, 1,093,974 kept of 1,140,390 (96%), 334 kept/s
21600 games, 1,096,422 kept of 1,143,058 (96%), 334 kept/s
21650 games, 1,098,970 kept of 1,145,915 (96%), 334 kept/s
21700 games, 1,101,010 kept of 1,148,181 (96%), 334 kept/s
21750 games, 1,103,724 kept of 1,151,143 (96%), 334 kept/s
21800 games, 1,106,419 kept of 1,154,034 (96%), 334 kept/s
21850 games, 1,108,650 kept of 1,156,556 (96%), 334 kept/s
21900 games, 1,110,688 kept of 1,158,929 (96%), 334 kept/s
21950 games, 1,113,238 kept of 1,161,660 (96%), 334 kept/s
22000 games, 1,115,862 kept of 1,164,456 (96%), 334 kept/s
22050 games, 1,118,315 kept of 1,167,120 (96%), 334 kept/s
22100 games, 1,120,627 kept of 1,169,759 (96%), 334 kept/s
22150 games, 1,123,258 kept of 1,172,602 (96%), 334 kept/s
22200 games, 1,125,689 kept of 1,175,327 (96%), 333 kept/s
22250 games, 1,128,190 kept of 1,178,048 (96%), 333 kept/s
22300 games, 1,131,095 kept of 1,181,136 (96%), 333 kept/s
22350 games, 1,133,510 kept of 1,183,767 (96%), 333 kept/s
22400 games, 1,136,085 kept of 1,186,563 (96%), 333 kept/s
22450 games, 1,138,404 kept of 1,189,094 (96%), 333 kept/s
22500 games, 1,140,513 kept of 1,191,436 (96%), 333 kept/s
22550 games, 1,142,870 kept of 1,193,965 (96%), 333 kept/s
22600 games, 1,145,018 kept of 1,196,374 (96%), 333 kept/s
22650 games, 1,147,610 kept of 1,199,181 (96%), 333 kept/s
22700 games, 1,149,914 kept of 1,201,712 (96%), 333 kept/s
22750 games, 1,151,912 kept of 1,204,333 (96%), 333 kept/s
22800 games, 1,153,871 kept of 1,207,495 (96%), 333 kept/s
22850 games, 1,155,610 kept of 1,210,177 (95%), 333 kept/s
22900 games, 1,156,918 kept of 1,212,634 (95%), 332 kept/s
22950 games, 1,158,556 kept of 1,215,273 (95%), 332 kept/s
23000 games, 1,160,123 kept of 1,217,941 (95%), 332 kept/s
23050 games, 1,161,900 kept of 1,220,903 (95%), 331 kept/s
23100 games, 1,163,596 kept of 1,223,609 (95%), 331 kept/s
23150 games, 1,164,914 kept of 1,225,998 (95%), 331 kept/s
23200 games, 1,166,433 kept of 1,228,750 (95%), 331 kept/s
23250 games, 1,167,896 kept of 1,231,253 (95%), 330 kept/s
23300 games, 1,169,363 kept of 1,233,707 (95%), 330 kept/s
23350 games, 1,171,078 kept of 1,236,486 (95%), 330 kept/s
23400 games, 1,172,515 kept of 1,239,144 (95%), 329 kept/s
23450 games, 1,174,169 kept of 1,242,025 (95%), 329 kept/s
23500 games, 1,175,833 kept of 1,244,719 (94%), 329 kept/s
23550 games, 1,177,295 kept of 1,247,194 (94%), 329 kept/s
23600 games, 1,178,861 kept of 1,249,812 (94%), 328 kept/s
23650 games, 1,180,269 kept of 1,252,216 (94%), 328 kept/s
23700 games, 1,182,012 kept of 1,254,917 (94%), 328 kept/s
23750 games, 1,183,594 kept of 1,257,609 (94%), 328 kept/s
23800 games, 1,185,069 kept of 1,260,290 (94%), 327 kept/s
23850 games, 1,186,791 kept of 1,263,092 (94%), 327 kept/s
23900 games, 1,188,294 kept of 1,265,543 (94%), 327 kept/s
23950 games, 1,190,132 kept of 1,268,435 (94%), 327 kept/s
24000 games, 1,191,732 kept of 1,271,194 (94%), 326 kept/s
24050 games, 1,193,241 kept of 1,273,645 (94%), 326 kept/s
24100 games, 1,194,777 kept of 1,276,189 (94%), 326 kept/s
24150 games, 1,196,778 kept of 1,279,024 (94%), 326 kept/s
24200 games, 1,198,331 kept of 1,281,600 (94%), 326 kept/s
24250 games, 1,199,863 kept of 1,284,245 (93%), 325 kept/s
24300 games, 1,201,582 kept of 1,286,932 (93%), 325 kept/s
24350 games, 1,203,277 kept of 1,289,936 (93%), 325 kept/s
24400 games, 1,204,924 kept of 1,292,714 (93%), 325 kept/s
24450 games, 1,206,541 kept of 1,295,457 (93%), 324 kept/s
24500 games, 1,208,117 kept of 1,298,207 (93%), 324 kept/s
24550 games, 1,209,841 kept of 1,300,915 (93%), 324 kept/s
24600 games, 1,211,254 kept of 1,303,562 (93%), 324 kept/s
24650 games, 1,212,916 kept of 1,306,331 (93%), 323 kept/s
24700 games, 1,214,158 kept of 1,308,531 (93%), 323 kept/s
24750 games, 1,215,881 kept of 1,311,231 (93%), 323 kept/s
24800 games, 1,217,446 kept of 1,314,181 (93%), 323 kept/s
24850 games, 1,218,752 kept of 1,316,718 (93%), 322 kept/s
24900 games, 1,220,139 kept of 1,319,088 (92%), 322 kept/s
24950 games, 1,221,633 kept of 1,321,447 (92%), 322 kept/s
25000 games, 1,223,187 kept of 1,324,093 (92%), 322 kept/s
25050 games, 1,225,195 kept of 1,327,059 (92%), 322 kept/s
25100 games, 1,226,831 kept of 1,329,702 (92%), 321 kept/s
25150 games, 1,228,197 kept of 1,332,179 (92%), 321 kept/s
25200 games, 1,229,811 kept of 1,335,074 (92%), 321 kept/s
25250 games, 1,231,377 kept of 1,337,701 (92%), 321 kept/s
25300 games, 1,232,839 kept of 1,340,155 (92%), 320 kept/s
25350 games, 1,234,275 kept of 1,342,616 (92%), 320 kept/s
25400 games, 1,235,875 kept of 1,345,378 (92%), 320 kept/s
25450 games, 1,237,496 kept of 1,348,205 (92%), 320 kept/s
25500 games, 1,238,933 kept of 1,350,695 (92%), 320 kept/s
25550 games, 1,240,264 kept of 1,353,159 (92%), 319 kept/s
25600 games, 1,241,620 kept of 1,355,491 (92%), 319 kept/s
25650 games, 1,243,350 kept of 1,358,305 (92%), 319 kept/s
25700 games, 1,244,810 kept of 1,360,806 (91%), 319 kept/s
25750 games, 1,246,196 kept of 1,363,252 (91%), 318 kept/s
25800 games, 1,248,065 kept of 1,366,103 (91%), 318 kept/s
25850 games, 1,249,376 kept of 1,368,397 (91%), 318 kept/s
25900 games, 1,250,972 kept of 1,371,009 (91%), 318 kept/s
25950 games, 1,252,522 kept of 1,373,468 (91%), 318 kept/s
26000 games, 1,254,399 kept of 1,376,291 (91%), 318 kept/s
26050 games, 1,256,109 kept of 1,379,140 (91%), 317 kept/s
26100 games, 1,257,830 kept of 1,381,808 (91%), 317 kept/s
26150 games, 1,259,520 kept of 1,384,661 (91%), 317 kept/s
26200 games, 1,261,236 kept of 1,387,540 (91%), 317 kept/s
26250 games, 1,262,772 kept of 1,389,940 (91%), 316 kept/s
26300 games, 1,264,709 kept of 1,392,823 (91%), 316 kept/s
26350 games, 1,266,763 kept of 1,396,117 (91%), 316 kept/s
26400 games, 1,268,435 kept of 1,398,759 (91%), 316 kept/s
26450 games, 1,270,050 kept of 1,401,489 (91%), 316 kept/s
26500 games, 1,271,747 kept of 1,404,138 (91%), 316 kept/s
26550 games, 1,273,811 kept of 1,407,110 (91%), 315 kept/s
26600 games, 1,275,478 kept of 1,410,097 (90%), 315 kept/s
26650 games, 1,277,346 kept of 1,412,925 (90%), 315 kept/s
26700 games, 1,279,304 kept of 1,415,842 (90%), 315 kept/s
26750 games, 1,281,053 kept of 1,418,717 (90%), 315 kept/s
26800 games, 1,282,729 kept of 1,421,502 (90%), 314 kept/s
26850 games, 1,284,401 kept of 1,424,299 (90%), 314 kept/s
26900 games, 1,285,894 kept of 1,426,859 (90%), 314 kept/s
26950 games, 1,287,362 kept of 1,429,200 (90%), 314 kept/s
27000 games, 1,289,042 kept of 1,431,996 (90%), 314 kept/s
27050 games, 1,290,511 kept of 1,434,629 (90%), 313 kept/s
27100 games, 1,292,083 kept of 1,437,360 (90%), 313 kept/s
27150 games, 1,293,676 kept of 1,440,023 (90%), 313 kept/s
27200 games, 1,295,344 kept of 1,442,877 (90%), 313 kept/s
27250 games, 1,297,012 kept of 1,445,719 (90%), 313 kept/s
27300 games, 1,298,301 kept of 1,447,906 (90%), 312 kept/s
27350 games, 1,300,186 kept of 1,450,689 (90%), 312 kept/s
27400 games, 1,301,577 kept of 1,452,980 (90%), 312 kept/s
27450 games, 1,303,136 kept of 1,455,515 (90%), 312 kept/s
27500 games, 1,304,513 kept of 1,457,769 (89%), 312 kept/s
27550 games, 1,306,081 kept of 1,460,475 (89%), 312 kept/s
27600 games, 1,307,517 kept of 1,462,948 (89%), 311 kept/s
27650 games, 1,309,029 kept of 1,465,616 (89%), 311 kept/s
27700 games, 1,310,490 kept of 1,468,044 (89%), 311 kept/s
27750 games, 1,312,276 kept of 1,470,974 (89%), 311 kept/s
27800 games, 1,313,730 kept of 1,473,738 (89%), 311 kept/s
27850 games, 1,315,697 kept of 1,476,918 (89%), 310 kept/s
27900 games, 1,317,302 kept of 1,479,471 (89%), 310 kept/s
27950 games, 1,318,900 kept of 1,482,181 (89%), 310 kept/s
28000 games, 1,320,362 kept of 1,484,869 (89%), 310 kept/s
28050 games, 1,322,354 kept of 1,487,971 (89%), 310 kept/s
28100 games, 1,323,891 kept of 1,490,595 (89%), 310 kept/s
28150 games, 1,325,687 kept of 1,493,469 (89%), 309 kept/s
28200 games, 1,327,311 kept of 1,496,108 (89%), 309 kept/s
28250 games, 1,328,643 kept of 1,498,475 (89%), 309 kept/s
28300 games, 1,330,208 kept of 1,501,382 (89%), 309 kept/s
28350 games, 1,331,920 kept of 1,504,174 (89%), 309 kept/s
28400 games, 1,333,348 kept of 1,506,730 (88%), 308 kept/s
28450 games, 1,334,825 kept of 1,509,318 (88%), 308 kept/s
28500 games, 1,336,009 kept of 1,511,502 (88%), 308 kept/s
28550 games, 1,337,792 kept of 1,514,336 (88%), 308 kept/s
28600 games, 1,339,261 kept of 1,516,810 (88%), 308 kept/s
28650 games, 1,340,654 kept of 1,519,137 (88%), 308 kept/s
28700 games, 1,342,277 kept of 1,521,696 (88%), 307 kept/s
28750 games, 1,343,532 kept of 1,524,063 (88%), 307 kept/s
28800 games, 1,345,141 kept of 1,526,708 (88%), 307 kept/s
28850 games, 1,346,944 kept of 1,529,511 (88%), 307 kept/s
28900 games, 1,348,413 kept of 1,532,110 (88%), 307 kept/s
28950 games, 1,349,824 kept of 1,534,607 (88%), 307 kept/s
29000 games, 1,351,433 kept of 1,537,216 (88%), 306 kept/s
29050 games, 1,352,880 kept of 1,539,691 (88%), 306 kept/s
29100 games, 1,354,435 kept of 1,542,528 (88%), 306 kept/s
29150 games, 1,355,952 kept of 1,545,094 (88%), 306 kept/s
29200 games, 1,357,387 kept of 1,547,672 (88%), 306 kept/s
29250 games, 1,358,791 kept of 1,550,085 (88%), 305 kept/s
29300 games, 1,360,420 kept of 1,552,672 (88%), 305 kept/s
29350 games, 1,361,913 kept of 1,555,267 (88%), 305 kept/s
29400 games, 1,363,366 kept of 1,557,609 (88%), 305 kept/s
29450 games, 1,364,918 kept of 1,560,320 (87%), 305 kept/s
29500 games, 1,365,910 kept of 1,563,017 (87%), 305 kept/s
29550 games, 1,366,959 kept of 1,565,891 (87%), 304 kept/s
29600 games, 1,367,784 kept of 1,568,360 (87%), 304 kept/s
29650 games, 1,368,700 kept of 1,570,922 (87%), 304 kept/s
29700 games, 1,369,782 kept of 1,573,958 (87%), 303 kept/s
29750 games, 1,370,904 kept of 1,576,703 (87%), 303 kept/s
29800 games, 1,371,894 kept of 1,579,231 (87%), 303 kept/s
29850 games, 1,372,862 kept of 1,581,732 (87%), 302 kept/s
29900 games, 1,373,867 kept of 1,584,597 (87%), 302 kept/s
29950 games, 1,374,695 kept of 1,586,924 (87%), 302 kept/s
30000 games, 1,375,515 kept of 1,589,474 (87%), 302 kept/s
30050 games, 1,376,482 kept of 1,592,238 (86%), 301 kept/s
30100 games, 1,377,342 kept of 1,594,504 (86%), 301 kept/s
30150 games, 1,378,265 kept of 1,596,840 (86%), 301 kept/s
30200 games, 1,379,088 kept of 1,599,231 (86%), 301 kept/s
30250 games, 1,380,088 kept of 1,601,881 (86%), 300 kept/s
30300 games, 1,381,011 kept of 1,604,538 (86%), 300 kept/s
30350 games, 1,381,854 kept of 1,607,486 (86%), 300 kept/s
30400 games, 1,383,031 kept of 1,610,491 (86%), 299 kept/s
30450 games, 1,383,876 kept of 1,612,810 (86%), 299 kept/s
30500 games, 1,384,614 kept of 1,615,228 (86%), 299 kept/s
30550 games, 1,385,345 kept of 1,617,515 (86%), 298 kept/s
30600 games, 1,386,150 kept of 1,620,028 (86%), 298 kept/s
30650 games, 1,387,000 kept of 1,622,561 (85%), 298 kept/s
30700 games, 1,387,827 kept of 1,625,166 (85%), 298 kept/s
30750 games, 1,388,676 kept of 1,627,540 (85%), 297 kept/s
30800 games, 1,389,692 kept of 1,630,332 (85%), 297 kept/s
30850 games, 1,390,846 kept of 1,633,001 (85%), 297 kept/s
30900 games, 1,391,583 kept of 1,635,124 (85%), 297 kept/s
30950 games, 1,392,610 kept of 1,637,880 (85%), 296 kept/s
31000 games, 1,393,732 kept of 1,640,551 (85%), 296 kept/s
31050 games, 1,395,124 kept of 1,643,645 (85%), 296 kept/s
31100 games, 1,396,234 kept of 1,646,570 (85%), 296 kept/s
31150 games, 1,397,282 kept of 1,649,393 (85%), 295 kept/s
31200 games, 1,398,179 kept of 1,652,199 (85%), 295 kept/s
31250 games, 1,399,037 kept of 1,654,592 (85%), 295 kept/s
31300 games, 1,400,177 kept of 1,657,489 (84%), 294 kept/s
31350 games, 1,400,914 kept of 1,660,219 (84%), 294 kept/s
31400 games, 1,401,900 kept of 1,662,898 (84%), 294 kept/s
31450 games, 1,402,912 kept of 1,665,718 (84%), 294 kept/s
31500 games, 1,404,039 kept of 1,668,492 (84%), 293 kept/s
31550 games, 1,405,070 kept of 1,671,311 (84%), 293 kept/s
31600 games, 1,406,030 kept of 1,673,799 (84%), 293 kept/s
31650 games, 1,406,889 kept of 1,676,347 (84%), 292 kept/s
31700 games, 1,407,803 kept of 1,678,978 (84%), 292 kept/s
31750 games, 1,408,924 kept of 1,681,925 (84%), 292 kept/s
31800 games, 1,410,067 kept of 1,684,690 (84%), 292 kept/s
31850 games, 1,410,995 kept of 1,687,327 (84%), 291 kept/s
31900 games, 1,411,722 kept of 1,689,912 (84%), 291 kept/s
31950 games, 1,412,383 kept of 1,692,202 (83%), 291 kept/s
32000 games, 1,413,327 kept of 1,694,662 (83%), 291 kept/s
32050 games, 1,414,169 kept of 1,697,088 (83%), 290 kept/s
32100 games, 1,415,134 kept of 1,699,744 (83%), 290 kept/s
32150 games, 1,416,170 kept of 1,702,240 (83%), 290 kept/s
32200 games, 1,416,867 kept of 1,704,695 (83%), 290 kept/s
32250 games, 1,417,912 kept of 1,707,432 (83%), 289 kept/s
32300 games, 1,418,557 kept of 1,709,712 (83%), 289 kept/s
32350 games, 1,419,445 kept of 1,712,297 (83%), 289 kept/s
32400 games, 1,420,186 kept of 1,715,054 (83%), 289 kept/s
32450 games, 1,420,935 kept of 1,717,569 (83%), 288 kept/s
32500 games, 1,421,649 kept of 1,719,840 (83%), 288 kept/s
32550 games, 1,422,341 kept of 1,722,200 (83%), 288 kept/s
32600 games, 1,423,209 kept of 1,725,016 (83%), 288 kept/s
32650 games, 1,423,966 kept of 1,727,512 (82%), 287 kept/s
32700 games, 1,424,862 kept of 1,730,089 (82%), 287 kept/s
32750 games, 1,425,640 kept of 1,732,780 (82%), 287 kept/s
32800 games, 1,426,432 kept of 1,735,229 (82%), 287 kept/s
32850 games, 1,427,320 kept of 1,737,898 (82%), 286 kept/s
32900 games, 1,428,075 kept of 1,740,507 (82%), 286 kept/s
32950 games, 1,428,865 kept of 1,743,290 (82%), 286 kept/s
33000 games, 1,429,639 kept of 1,745,918 (82%), 285 kept/s
33050 games, 1,430,453 kept of 1,748,664 (82%), 285 kept/s
33100 games, 1,431,237 kept of 1,751,005 (82%), 285 kept/s
33150 games, 1,432,012 kept of 1,753,672 (82%), 285 kept/s
33200 games, 1,432,709 kept of 1,756,540 (82%), 284 kept/s
33250 games, 1,433,647 kept of 1,759,364 (81%), 284 kept/s
33300 games, 1,434,443 kept of 1,761,866 (81%), 284 kept/s
33350 games, 1,435,292 kept of 1,764,412 (81%), 284 kept/s
33400 games, 1,436,162 kept of 1,767,264 (81%), 283 kept/s
33450 games, 1,437,000 kept of 1,769,942 (81%), 283 kept/s
33500 games, 1,437,674 kept of 1,772,462 (81%), 283 kept/s
33550 games, 1,438,544 kept of 1,774,990 (81%), 282 kept/s
33600 games, 1,439,537 kept of 1,777,844 (81%), 282 kept/s
33650 games, 1,440,255 kept of 1,780,495 (81%), 282 kept/s
33700 games, 1,440,981 kept of 1,783,275 (81%), 282 kept/s
33750 games, 1,441,787 kept of 1,785,891 (81%), 281 kept/s
33800 games, 1,442,370 kept of 1,788,380 (81%), 281 kept/s
33850 games, 1,442,915 kept of 1,790,756 (81%), 281 kept/s
33900 games, 1,443,665 kept of 1,793,694 (80%), 281 kept/s
33950 games, 1,444,411 kept of 1,796,290 (80%), 280 kept/s
34000 games, 1,445,014 kept of 1,798,690 (80%), 280 kept/s
34050 games, 1,445,525 kept of 1,801,116 (80%), 280 kept/s
34100 games, 1,446,283 kept of 1,803,664 (80%), 279 kept/s
34150 games, 1,446,941 kept of 1,806,057 (80%), 279 kept/s
34200 games, 1,447,485 kept of 1,808,533 (80%), 279 kept/s
34250 games, 1,448,201 kept of 1,811,296 (80%), 279 kept/s
34300 games, 1,448,823 kept of 1,813,669 (80%), 278 kept/s
34350 games, 1,449,413 kept of 1,815,953 (80%), 278 kept/s
34400 games, 1,449,865 kept of 1,818,462 (80%), 278 kept/s
34450 games, 1,450,470 kept of 1,820,882 (80%), 278 kept/s
34500 games, 1,451,383 kept of 1,823,583 (80%), 277 kept/s
34550 games, 1,452,067 kept of 1,826,214 (80%), 277 kept/s
34600 games, 1,452,717 kept of 1,828,634 (79%), 277 kept/s
34650 games, 1,453,215 kept of 1,831,332 (79%), 277 kept/s
34700 games, 1,453,869 kept of 1,833,862 (79%), 276 kept/s
34750 games, 1,454,582 kept of 1,836,678 (79%), 276 kept/s
34800 games, 1,455,298 kept of 1,839,169 (79%), 276 kept/s
34850 games, 1,456,080 kept of 1,841,763 (79%), 275 kept/s
34900 games, 1,456,553 kept of 1,844,140 (79%), 275 kept/s
34950 games, 1,457,114 kept of 1,846,434 (79%), 275 kept/s
35000 games, 1,457,798 kept of 1,848,994 (79%), 275 kept/s
35050 games, 1,458,364 kept of 1,851,283 (79%), 274 kept/s
35100 games, 1,459,025 kept of 1,853,847 (79%), 274 kept/s
35150 games, 1,459,729 kept of 1,856,507 (79%), 274 kept/s
35200 games, 1,460,388 kept of 1,859,442 (79%), 274 kept/s
35250 games, 1,461,275 kept of 1,862,374 (78%), 273 kept/s
35300 games, 1,461,822 kept of 1,865,063 (78%), 273 kept/s
35350 games, 1,462,738 kept of 1,868,136 (78%), 273 kept/s
35400 games, 1,463,452 kept of 1,870,922 (78%), 273 kept/s
35450 games, 1,464,004 kept of 1,873,709 (78%), 272 kept/s
35500 games, 1,464,657 kept of 1,876,085 (78%), 272 kept/s
35550 games, 1,465,360 kept of 1,878,863 (78%), 272 kept/s
35600 games, 1,466,080 kept of 1,881,522 (78%), 272 kept/s
35650 games, 1,466,780 kept of 1,884,084 (78%), 271 kept/s
35700 games, 1,467,375 kept of 1,886,758 (78%), 271 kept/s
35750 games, 1,468,089 kept of 1,889,376 (78%), 271 kept/s
35800 games, 1,468,881 kept of 1,892,252 (78%), 271 kept/s
35850 games, 1,469,498 kept of 1,894,671 (78%), 270 kept/s
35900 games, 1,469,932 kept of 1,897,208 (77%), 270 kept/s
35950 games, 1,470,728 kept of 1,900,007 (77%), 270 kept/s
36000 games, 1,471,514 kept of 1,902,754 (77%), 270 kept/s
36050 games, 1,472,096 kept of 1,905,110 (77%), 269 kept/s
36100 games, 1,472,649 kept of 1,907,663 (77%), 269 kept/s
36150 games, 1,473,548 kept of 1,910,318 (77%), 269 kept/s
36200 games, 1,474,177 kept of 1,913,126 (77%), 269 kept/s
36250 games, 1,474,975 kept of 1,915,883 (77%), 268 kept/s
36300 games, 1,475,730 kept of 1,918,701 (77%), 268 kept/s
36350 games, 1,476,482 kept of 1,921,612 (77%), 268 kept/s
36400 games, 1,477,021 kept of 1,924,055 (77%), 268 kept/s
36450 games, 1,477,661 kept of 1,926,444 (77%), 267 kept/s
36500 games, 1,478,322 kept of 1,929,074 (77%), 267 kept/s
36550 games, 1,478,912 kept of 1,931,686 (77%), 267 kept/s
36600 games, 1,479,362 kept of 1,933,895 (76%), 267 kept/s
36650 games, 1,479,962 kept of 1,936,513 (76%), 266 kept/s
36700 games, 1,480,471 kept of 1,938,943 (76%), 266 kept/s
36750 games, 1,481,053 kept of 1,941,413 (76%), 266 kept/s
36800 games, 1,481,620 kept of 1,944,307 (76%), 266 kept/s
36850 games, 1,482,012 kept of 1,946,538 (76%), 265 kept/s
36900 games, 1,482,651 kept of 1,949,128 (76%), 265 kept/s
36950 games, 1,483,428 kept of 1,951,816 (76%), 265 kept/s
37000 games, 1,483,814 kept of 1,954,357 (76%), 265 kept/s
37050 games, 1,484,006 kept of 1,956,971 (76%), 264 kept/s
37100 games, 1,484,540 kept of 1,959,700 (76%), 264 kept/s
37150 games, 1,484,919 kept of 1,962,325 (76%), 264 kept/s
37200 games, 1,485,296 kept of 1,964,889 (76%), 263 kept/s
37250 games, 1,485,798 kept of 1,967,789 (76%), 263 kept/s
37300 games, 1,486,253 kept of 1,970,444 (75%), 263 kept/s
37350 games, 1,486,567 kept of 1,972,920 (75%), 263 kept/s
37400 games, 1,486,879 kept of 1,975,698 (75%), 262 kept/s
37450 games, 1,487,215 kept of 1,978,253 (75%), 262 kept/s
37500 games, 1,487,708 kept of 1,981,219 (75%), 262 kept/s
37550 games, 1,488,231 kept of 1,983,973 (75%), 261 kept/s
37600 games, 1,488,594 kept of 1,986,579 (75%), 261 kept/s
37650 games, 1,488,903 kept of 1,989,010 (75%), 261 kept/s
37700 games, 1,489,250 kept of 1,991,363 (75%), 261 kept/s
37750 games, 1,489,600 kept of 1,994,226 (75%), 260 kept/s
37800 games, 1,489,998 kept of 1,996,638 (75%), 260 kept/s
37850 games, 1,490,268 kept of 1,998,944 (75%), 260 kept/s
37900 games, 1,490,602 kept of 2,001,513 (74%), 260 kept/s
37950 games, 1,490,881 kept of 2,004,009 (74%), 259 kept/s
38000 games, 1,491,165 kept of 2,006,670 (74%), 259 kept/s
38050 games, 1,491,558 kept of 2,009,416 (74%), 259 kept/s
38100 games, 1,491,908 kept of 2,011,874 (74%), 258 kept/s
38150 games, 1,492,276 kept of 2,014,575 (74%), 258 kept/s
38200 games, 1,492,620 kept of 2,017,063 (74%), 258 kept/s
38250 games, 1,493,008 kept of 2,019,893 (74%), 258 kept/s
38300 games, 1,493,319 kept of 2,022,685 (74%), 257 kept/s
38350 games, 1,493,817 kept of 2,025,531 (74%), 257 kept/s
38400 games, 1,494,155 kept of 2,027,714 (74%), 257 kept/s
38450 games, 1,494,552 kept of 2,030,384 (74%), 257 kept/s
38500 games, 1,494,965 kept of 2,032,992 (74%), 256 kept/s
38550 games, 1,495,255 kept of 2,035,635 (73%), 256 kept/s
38600 games, 1,495,755 kept of 2,038,282 (73%), 256 kept/s
38650 games, 1,496,158 kept of 2,040,881 (73%), 255 kept/s
38700 games, 1,496,439 kept of 2,043,333 (73%), 255 kept/s
38750 games, 1,496,827 kept of 2,046,157 (73%), 255 kept/s
38800 games, 1,497,281 kept of 2,048,715 (73%), 255 kept/s
38850 games, 1,497,612 kept of 2,051,340 (73%), 254 kept/s
38900 games, 1,498,264 kept of 2,054,012 (73%), 254 kept/s
38950 games, 1,498,738 kept of 2,056,918 (73%), 254 kept/s
39000 games, 1,499,194 kept of 2,059,632 (73%), 254 kept/s
39050 games, 1,499,663 kept of 2,062,359 (73%), 253 kept/s
39100 games, 1,499,905 kept of 2,064,775 (73%), 253 kept/s
39150 games, 1,500,362 kept of 2,067,639 (73%), 253 kept/s
39200 games, 1,500,666 kept of 2,070,074 (72%), 253 kept/s
39250 games, 1,501,172 kept of 2,072,708 (72%), 252 kept/s
39300 games, 1,501,444 kept of 2,075,132 (72%), 252 kept/s
39350 games, 1,501,826 kept of 2,077,576 (72%), 252 kept/s
39400 games, 1,502,122 kept of 2,080,180 (72%), 252 kept/s
39450 games, 1,502,543 kept of 2,082,902 (72%), 251 kept/s
39500 games, 1,502,892 kept of 2,085,653 (72%), 251 kept/s
39550 games, 1,503,128 kept of 2,088,335 (72%), 251 kept/s
39600 games, 1,503,417 kept of 2,090,869 (72%), 251 kept/s
39650 games, 1,503,764 kept of 2,093,552 (72%), 250 kept/s
39700 games, 1,504,015 kept of 2,096,027 (72%), 250 kept/s
39750 games, 1,504,360 kept of 2,098,692 (72%), 250 kept/s
39800 games, 1,504,609 kept of 2,101,112 (72%), 250 kept/s
39850 games, 1,504,901 kept of 2,103,522 (72%), 249 kept/s
39900 games, 1,505,277 kept of 2,106,001 (71%), 249 kept/s
39950 games, 1,505,623 kept of 2,108,548 (71%), 249 kept/s
40000 games, 1,505,977 kept of 2,111,564 (71%), 249 kept/s
40050 games, 1,506,279 kept of 2,114,169 (71%), 248 kept/s
40100 games, 1,506,633 kept of 2,116,755 (71%), 248 kept/s
40150 games, 1,507,013 kept of 2,119,556 (71%), 248 kept/s
40200 games, 1,507,332 kept of 2,122,240 (71%), 248 kept/s
40250 games, 1,507,641 kept of 2,124,642 (71%), 247 kept/s
40300 games, 1,508,105 kept of 2,127,520 (71%), 247 kept/s
40350 games, 1,508,301 kept of 2,130,316 (71%), 247 kept/s
40400 games, 1,508,515 kept of 2,132,934 (71%), 246 kept/s
40450 games, 1,508,807 kept of 2,135,641 (71%), 246 kept/s
40500 games, 1,509,131 kept of 2,138,085 (71%), 246 kept/s
40550 games, 1,509,446 kept of 2,141,063 (70%), 246 kept/s
40600 games, 1,509,776 kept of 2,143,617 (70%), 245 kept/s
40650 games, 1,510,180 kept of 2,146,146 (70%), 245 kept/s
40700 games, 1,510,498 kept of 2,148,689 (70%), 245 kept/s
40750 games, 1,510,788 kept of 2,151,243 (70%), 245 kept/s
40800 games, 1,511,094 kept of 2,153,919 (70%), 244 kept/s
40850 games, 1,511,385 kept of 2,156,588 (70%), 244 kept/s
40900 games, 1,511,747 kept of 2,159,020 (70%), 244 kept/s
40950 games, 1,511,998 kept of 2,161,734 (70%), 244 kept/s
41000 games, 1,512,187 kept of 2,164,276 (70%), 243 kept/s
41050 games, 1,512,497 kept of 2,166,892 (70%), 243 kept/s
41100 games, 1,512,783 kept of 2,169,729 (70%), 243 kept/s
41150 games, 1,513,182 kept of 2,172,436 (70%), 243 kept/s
41200 games, 1,513,438 kept of 2,174,776 (70%), 243 kept/s
41250 games, 1,513,816 kept of 2,177,625 (70%), 242 kept/s
41300 games, 1,514,146 kept of 2,180,474 (69%), 242 kept/s
41350 games, 1,514,509 kept of 2,183,514 (69%), 242 kept/s
41400 games, 1,514,767 kept of 2,186,239 (69%), 241 kept/s
41450 games, 1,515,023 kept of 2,188,881 (69%), 241 kept/s
41500 games, 1,515,180 kept of 2,191,088 (69%), 241 kept/s
41550 games, 1,515,509 kept of 2,193,910 (69%), 241 kept/s
41600 games, 1,515,833 kept of 2,196,547 (69%), 241 kept/s
41650 games, 1,516,160 kept of 2,199,179 (69%), 240 kept/s
41700 games, 1,516,613 kept of 2,201,701 (69%), 240 kept/s
41750 games, 1,516,845 kept of 2,204,123 (69%), 240 kept/s
41800 games, 1,517,306 kept of 2,206,891 (69%), 240 kept/s
41850 games, 1,517,588 kept of 2,209,538 (69%), 239 kept/s
41900 games, 1,517,973 kept of 2,212,385 (69%), 239 kept/s
41950 games, 1,518,281 kept of 2,215,159 (69%), 239 kept/s
42000 games, 1,518,742 kept of 2,217,963 (68%), 239 kept/s
42050 games, 1,518,957 kept of 2,220,295 (68%), 238 kept/s
42100 games, 1,519,274 kept of 2,223,311 (68%), 238 kept/s
42150 games, 1,519,468 kept of 2,225,832 (68%), 238 kept/s
42200 games, 1,519,762 kept of 2,228,537 (68%), 238 kept/s
42250 games, 1,520,084 kept of 2,231,346 (68%), 237 kept/s
42300 games, 1,520,300 kept of 2,233,610 (68%), 237 kept/s
42350 games, 1,520,578 kept of 2,236,163 (68%), 237 kept/s
42400 games, 1,520,768 kept of 2,238,600 (68%), 237 kept/s
42450 games, 1,521,027 kept of 2,241,200 (68%), 237 kept/s
42500 games, 1,521,391 kept of 2,243,822 (68%), 236 kept/s
42550 games, 1,521,702 kept of 2,246,639 (68%), 236 kept/s
42600 games, 1,521,911 kept of 2,249,280 (68%), 236 kept/s
42650 games, 1,522,240 kept of 2,251,851 (68%), 236 kept/s
42700 games, 1,522,611 kept of 2,254,550 (68%), 235 kept/s
42750 games, 1,523,020 kept of 2,257,391 (67%), 235 kept/s
42800 games, 1,523,342 kept of 2,260,195 (67%), 235 kept/s
42850 games, 1,523,763 kept of 2,263,190 (67%), 235 kept/s
42900 games, 1,524,295 kept of 2,266,106 (67%), 234 kept/s
42950 games, 1,524,706 kept of 2,269,118 (67%), 234 kept/s
43000 games, 1,524,985 kept of 2,271,652 (67%), 234 kept/s
43050 games, 1,525,277 kept of 2,274,381 (67%), 234 kept/s
43100 games, 1,525,594 kept of 2,277,046 (67%), 234 kept/s
43150 games, 1,525,937 kept of 2,279,765 (67%), 233 kept/s
43200 games, 1,526,203 kept of 2,282,252 (67%), 233 kept/s
43250 games, 1,526,577 kept of 2,284,880 (67%), 233 kept/s
43300 games, 1,526,903 kept of 2,287,478 (67%), 233 kept/s
43350 games, 1,527,238 kept of 2,289,760 (67%), 232 kept/s
43400 games, 1,527,551 kept of 2,292,730 (67%), 232 kept/s
43450 games, 1,527,818 kept of 2,295,409 (67%), 232 kept/s
43500 games, 1,528,173 kept of 2,298,260 (66%), 232 kept/s
43550 games, 1,528,464 kept of 2,300,702 (66%), 232 kept/s
43600 games, 1,528,762 kept of 2,303,354 (66%), 231 kept/s
43650 games, 1,528,973 kept of 2,305,899 (66%), 231 kept/s
43700 games, 1,529,196 kept of 2,308,632 (66%), 231 kept/s
43750 games, 1,529,405 kept of 2,311,061 (66%), 231 kept/s
43800 games, 1,529,715 kept of 2,313,710 (66%), 230 kept/s
43850 games, 1,529,998 kept of 2,316,514 (66%), 230 kept/s
43900 games, 1,530,329 kept of 2,319,147 (66%), 230 kept/s
43950 games, 1,530,575 kept of 2,321,863 (66%), 230 kept/s
44000 games, 1,530,810 kept of 2,324,522 (66%), 230 kept/s
44050 games, 1,531,021 kept of 2,326,852 (66%), 229 kept/s
44100 games, 1,531,443 kept of 2,329,807 (66%), 229 kept/s
44150 games, 1,531,702 kept of 2,332,546 (66%), 229 kept/s
44200 games, 1,532,256 kept of 2,335,621 (66%), 229 kept/s
44250 games, 1,532,721 kept of 2,338,528 (66%), 229 kept/s
44300 games, 1,532,975 kept of 2,341,041 (65%), 228 kept/s
44350 games, 1,533,478 kept of 2,344,208 (65%), 228 kept/s
44400 games, 1,533,759 kept of 2,346,889 (65%), 228 kept/s
44450 games, 1,534,106 kept of 2,349,812 (65%), 228 kept/s
44500 games, 1,534,405 kept of 2,352,691 (65%), 227 kept/s
44550 games, 1,534,761 kept of 2,355,532 (65%), 227 kept/s
44600 games, 1,535,073 kept of 2,358,142 (65%), 227 kept/s
44650 games, 1,535,404 kept of 2,360,995 (65%), 227 kept/s
44700 games, 1,535,802 kept of 2,363,706 (65%), 227 kept/s
44750 games, 1,536,097 kept of 2,366,642 (65%), 226 kept/s
44800 games, 1,536,335 kept of 2,369,393 (65%), 226 kept/s
44850 games, 1,536,613 kept of 2,372,090 (65%), 226 kept/s
44900 games, 1,537,065 kept of 2,375,042 (65%), 226 kept/s
44950 games, 1,537,418 kept of 2,378,019 (65%), 225 kept/s
45000 games, 1,537,817 kept of 2,381,031 (65%), 225 kept/s
45050 games, 1,538,229 kept of 2,384,293 (65%), 225 kept/s
45100 games, 1,538,613 kept of 2,386,999 (64%), 225 kept/s
45150 games, 1,538,908 kept of 2,390,108 (64%), 225 kept/s
45200 games, 1,539,224 kept of 2,392,950 (64%), 224 kept/s
45250 games, 1,539,434 kept of 2,395,265 (64%), 224 kept/s
45300 games, 1,539,776 kept of 2,397,642 (64%), 224 kept/s
45350 games, 1,540,000 kept of 2,399,898 (64%), 224 kept/s
45400 games, 1,540,234 kept of 2,402,465 (64%), 224 kept/s
45450 games, 1,540,474 kept of 2,405,282 (64%), 223 kept/s
45500 games, 1,540,868 kept of 2,407,762 (64%), 223 kept/s
45550 games, 1,541,230 kept of 2,410,400 (64%), 223 kept/s
45600 games, 1,541,629 kept of 2,413,356 (64%), 223 kept/s
45650 games, 1,541,956 kept of 2,415,926 (64%), 223 kept/s
45700 games, 1,542,341 kept of 2,418,515 (64%), 222 kept/s
45750 games, 1,542,711 kept of 2,421,165 (64%), 222 kept/s
45800 games, 1,543,015 kept of 2,423,504 (64%), 222 kept/s
45850 games, 1,543,308 kept of 2,426,161 (64%), 222 kept/s
45900 games, 1,543,659 kept of 2,428,737 (64%), 222 kept/s
45950 games, 1,543,880 kept of 2,431,322 (63%), 221 kept/s
46000 games, 1,544,336 kept of 2,434,350 (63%), 221 kept/s
46050 games, 1,544,633 kept of 2,437,052 (63%), 221 kept/s
46100 games, 1,544,898 kept of 2,439,625 (63%), 221 kept/s
46150 games, 1,545,134 kept of 2,441,933 (63%), 221 kept/s
46200 games, 1,545,453 kept of 2,444,644 (63%), 220 kept/s
46250 games, 1,545,778 kept of 2,447,332 (63%), 220 kept/s
46300 games, 1,546,149 kept of 2,450,490 (63%), 220 kept/s
46350 games, 1,546,389 kept of 2,452,970 (63%), 220 kept/s
46400 games, 1,546,730 kept of 2,455,510 (63%), 220 kept/s
46450 games, 1,547,094 kept of 2,458,355 (63%), 220 kept/s
46500 games, 1,547,344 kept of 2,461,062 (63%), 219 kept/s
46550 games, 1,547,618 kept of 2,463,642 (63%), 219 kept/s
46600 games, 1,547,901 kept of 2,466,272 (63%), 219 kept/s
46650 games, 1,548,100 kept of 2,468,652 (63%), 219 kept/s
46700 games, 1,548,319 kept of 2,471,016 (63%), 219 kept/s
46750 games, 1,548,734 kept of 2,473,598 (63%), 218 kept/s
46800 games, 1,549,044 kept of 2,476,275 (63%), 218 kept/s
46850 games, 1,549,334 kept of 2,479,014 (62%), 218 kept/s
46900 games, 1,549,617 kept of 2,481,666 (62%), 218 kept/s
46950 games, 1,549,857 kept of 2,484,246 (62%), 218 kept/s
47000 games, 1,550,111 kept of 2,486,548 (62%), 217 kept/s
47050 games, 1,550,358 kept of 2,489,101 (62%), 217 kept/s
47100 games, 1,550,583 kept of 2,491,621 (62%), 217 kept/s
47150 games, 1,550,972 kept of 2,494,032 (62%), 217 kept/s
47200 games, 1,551,399 kept of 2,497,043 (62%), 217 kept/s
47250 games, 1,551,737 kept of 2,499,787 (62%), 217 kept/s
47300 games, 1,552,083 kept of 2,502,438 (62%), 216 kept/s
47350 games, 1,552,411 kept of 2,505,056 (62%), 216 kept/s
47400 games, 1,552,668 kept of 2,507,907 (62%), 216 kept/s
47450 games, 1,553,034 kept of 2,510,359 (62%), 216 kept/s
47500 games, 1,553,358 kept of 2,512,998 (62%), 216 kept/s
47550 games, 1,553,716 kept of 2,515,502 (62%), 215 kept/s
47600 games, 1,554,026 kept of 2,518,081 (62%), 215 kept/s
47650 games, 1,554,250 kept of 2,520,838 (62%), 215 kept/s
47700 games, 1,554,621 kept of 2,523,337 (62%), 215 kept/s
47750 games, 1,554,874 kept of 2,525,864 (62%), 215 kept/s
47800 games, 1,555,270 kept of 2,528,606 (62%), 215 kept/s
47850 games, 1,555,516 kept of 2,531,100 (61%), 214 kept/s
47900 games, 1,555,892 kept of 2,533,931 (61%), 214 kept/s
47950 games, 1,556,148 kept of 2,536,606 (61%), 214 kept/s
48000 games, 1,556,382 kept of 2,539,534 (61%), 214 kept/s
48050 games, 1,556,635 kept of 2,542,298 (61%), 214 kept/s
48100 games, 1,556,934 kept of 2,545,018 (61%), 213 kept/s
48150 games, 1,557,178 kept of 2,547,853 (61%), 213 kept/s
48200 games, 1,557,403 kept of 2,550,207 (61%), 213 kept/s
48250 games, 1,557,719 kept of 2,552,530 (61%), 213 kept/s
48300 games, 1,557,929 kept of 2,554,865 (61%), 213 kept/s
48350 games, 1,558,214 kept of 2,557,738 (61%), 213 kept/s
48400 games, 1,558,437 kept of 2,560,358 (61%), 212 kept/s
48450 games, 1,558,676 kept of 2,563,112 (61%), 212 kept/s
48500 games, 1,558,968 kept of 2,565,624 (61%), 212 kept/s
48550 games, 1,559,212 kept of 2,568,231 (61%), 212 kept/s
48600 games, 1,559,500 kept of 2,570,676 (61%), 212 kept/s
48650 games, 1,559,791 kept of 2,572,955 (61%), 211 kept/s
48700 games, 1,560,146 kept of 2,575,569 (61%), 211 kept/s
48750 games, 1,560,456 kept of 2,578,194 (61%), 211 kept/s
48800 games, 1,560,722 kept of 2,580,775 (60%), 211 kept/s
48850 games, 1,561,150 kept of 2,583,474 (60%), 211 kept/s
48900 games, 1,561,393 kept of 2,586,242 (60%), 211 kept/s
48950 games, 1,561,617 kept of 2,588,848 (60%), 210 kept/s
49000 games, 1,561,914 kept of 2,591,604 (60%), 210 kept/s
49050 games, 1,562,283 kept of 2,594,413 (60%), 210 kept/s
49100 games, 1,562,500 kept of 2,596,874 (60%), 210 kept/s
49150 games, 1,562,811 kept of 2,599,503 (60%), 210 kept/s
49200 games, 1,563,229 kept of 2,602,712 (60%), 210 kept/s
49250 games, 1,563,456 kept of 2,605,144 (60%), 209 kept/s
49300 games, 1,563,774 kept of 2,607,841 (60%), 209 kept/s
49350 games, 1,564,105 kept of 2,610,388 (60%), 209 kept/s
49400 games, 1,564,386 kept of 2,612,880 (60%), 209 kept/s
49450 games, 1,564,741 kept of 2,615,824 (60%), 209 kept/s
49500 games, 1,565,151 kept of 2,618,618 (60%), 209 kept/s
49550 games, 1,565,403 kept of 2,621,463 (60%), 208 kept/s
49600 games, 1,565,637 kept of 2,623,952 (60%), 208 kept/s
49650 games, 1,565,959 kept of 2,626,539 (60%), 208 kept/s
49700 games, 1,566,339 kept of 2,629,251 (60%), 208 kept/s
49750 games, 1,566,641 kept of 2,631,734 (60%), 208 kept/s
49800 games, 1,566,903 kept of 2,634,451 (59%), 208 kept/s
49850 games, 1,567,287 kept of 2,637,206 (59%), 207 kept/s
49900 games, 1,567,590 kept of 2,640,082 (59%), 207 kept/s
49950 games, 1,568,011 kept of 2,642,567 (59%), 207 kept/s
50000 games, 1,568,275 kept of 2,645,090 (59%), 207 kept/s
50050 games, 1,568,622 kept of 2,647,914 (59%), 207 kept/s
50100 games, 1,568,775 kept of 2,650,114 (59%), 207 kept/s
50150 games, 1,569,046 kept of 2,652,655 (59%), 206 kept/s
50200 games, 1,569,613 kept of 2,655,504 (59%), 206 kept/s
50250 games, 1,569,945 kept of 2,658,463 (59%), 206 kept/s
50300 games, 1,570,172 kept of 2,661,065 (59%), 206 kept/s
50350 games, 1,570,366 kept of 2,663,483 (59%), 206 kept/s
50400 games, 1,570,627 kept of 2,665,959 (59%), 206 kept/s
50450 games, 1,571,011 kept of 2,668,716 (59%), 205 kept/s
50500 games, 1,571,232 kept of 2,671,417 (59%), 205 kept/s
50550 games, 1,571,479 kept of 2,674,065 (59%), 205 kept/s
50600 games, 1,571,820 kept of 2,676,725 (59%), 205 kept/s
50650 games, 1,572,043 kept of 2,679,381 (59%), 205 kept/s
50700 games, 1,572,425 kept of 2,682,098 (59%), 205 kept/s
50750 games, 1,572,671 kept of 2,684,542 (59%), 204 kept/s
50800 games, 1,573,061 kept of 2,687,145 (59%), 204 kept/s
50850 games, 1,573,478 kept of 2,690,056 (58%), 204 kept/s
50900 games, 1,573,831 kept of 2,692,739 (58%), 204 kept/s
50950 games, 1,574,221 kept of 2,696,059 (58%), 204 kept/s
51000 games, 1,574,528 kept of 2,698,623 (58%), 204 kept/s
51050 games, 1,574,821 kept of 2,701,327 (58%), 203 kept/s
51100 games, 1,575,130 kept of 2,703,906 (58%), 203 kept/s
51150 games, 1,575,409 kept of 2,706,679 (58%), 203 kept/s
51200 games, 1,575,747 kept of 2,709,447 (58%), 203 kept/s
51250 games, 1,576,193 kept of 2,712,550 (58%), 203 kept/s
51300 games, 1,576,464 kept of 2,715,156 (58%), 203 kept/s
51350 games, 1,576,762 kept of 2,717,920 (58%), 202 kept/s
51400 games, 1,577,210 kept of 2,720,682 (58%), 202 kept/s
51450 games, 1,577,535 kept of 2,723,466 (58%), 202 kept/s
51500 games, 1,577,719 kept of 2,725,628 (58%), 202 kept/s
51550 games, 1,578,132 kept of 2,728,369 (58%), 202 kept/s
51600 games, 1,578,550 kept of 2,731,068 (58%), 202 kept/s
51650 games, 1,578,927 kept of 2,733,730 (58%), 202 kept/s
51700 games, 1,579,234 kept of 2,736,525 (58%), 201 kept/s
51750 games, 1,579,531 kept of 2,738,956 (58%), 201 kept/s
51800 games, 1,579,793 kept of 2,741,288 (58%), 201 kept/s
51850 games, 1,579,988 kept of 2,743,800 (58%), 201 kept/s
51900 games, 1,580,155 kept of 2,746,115 (58%), 201 kept/s
51950 games, 1,580,395 kept of 2,748,750 (57%), 201 kept/s
52000 games, 1,580,713 kept of 2,751,336 (57%), 200 kept/s
52050 games, 1,581,106 kept of 2,753,794 (57%), 200 kept/s
52100 games, 1,581,368 kept of 2,756,274 (57%), 200 kept/s
52150 games, 1,581,634 kept of 2,758,703 (57%), 200 kept/s
52200 games, 1,581,914 kept of 2,761,256 (57%), 200 kept/s
52250 games, 1,582,188 kept of 2,764,160 (57%), 200 kept/s
52300 games, 1,582,547 kept of 2,766,793 (57%), 200 kept/s
52350 games, 1,582,820 kept of 2,769,407 (57%), 199 kept/s
52400 games, 1,583,202 kept of 2,772,236 (57%), 199 kept/s
52450 games, 1,583,472 kept of 2,774,973 (57%), 199 kept/s
52500 games, 1,583,811 kept of 2,777,330 (57%), 199 kept/s
52550 games, 1,584,052 kept of 2,779,652 (57%), 199 kept/s
52600 games, 1,584,296 kept of 2,781,886 (57%), 199 kept/s
52650 games, 1,584,587 kept of 2,784,627 (57%), 199 kept/s
52700 games, 1,584,873 kept of 2,787,291 (57%), 198 kept/s
52750 games, 1,585,227 kept of 2,789,934 (57%), 198 kept/s
52800 games, 1,585,471 kept of 2,792,272 (57%), 198 kept/s
52850 games, 1,585,804 kept of 2,795,050 (57%), 198 kept/s
52900 games, 1,586,131 kept of 2,797,896 (57%), 198 kept/s
52950 games, 1,586,404 kept of 2,800,637 (57%), 198 kept/s
53000 games, 1,586,638 kept of 2,803,116 (57%), 198 kept/s
53050 games, 1,586,872 kept of 2,805,657 (57%), 197 kept/s
53100 games, 1,587,149 kept of 2,808,260 (57%), 197 kept/s
53150 games, 1,587,351 kept of 2,810,593 (56%), 197 kept/s
53200 games, 1,587,582 kept of 2,813,270 (56%), 197 kept/s
53250 games, 1,587,815 kept of 2,815,755 (56%), 197 kept/s
53300 games, 1,588,079 kept of 2,818,120 (56%), 197 kept/s
53350 games, 1,588,312 kept of 2,820,785 (56%), 196 kept/s
53400 games, 1,588,568 kept of 2,823,689 (56%), 196 kept/s
53450 games, 1,588,879 kept of 2,826,283 (56%), 196 kept/s
53500 games, 1,589,167 kept of 2,829,216 (56%), 196 kept/s
53550 games, 1,589,370 kept of 2,831,900 (56%), 196 kept/s
53600 games, 1,589,649 kept of 2,834,379 (56%), 196 kept/s
53650 games, 1,590,008 kept of 2,837,026 (56%), 196 kept/s
53700 games, 1,590,348 kept of 2,839,523 (56%), 195 kept/s
53750 games, 1,590,660 kept of 2,842,191 (56%), 195 kept/s
53800 games, 1,591,008 kept of 2,845,332 (56%), 195 kept/s
53850 games, 1,591,272 kept of 2,847,979 (56%), 195 kept/s
53900 games, 1,591,544 kept of 2,850,717 (56%), 195 kept/s
53950 games, 1,591,815 kept of 2,853,299 (56%), 195 kept/s
54000 games, 1,592,096 kept of 2,855,997 (56%), 195 kept/s
54050 games, 1,592,338 kept of 2,858,369 (56%), 194 kept/s
54100 games, 1,592,714 kept of 2,861,232 (56%), 194 kept/s
54150 games, 1,593,042 kept of 2,864,186 (56%), 194 kept/s
54200 games, 1,593,293 kept of 2,866,630 (56%), 194 kept/s
54250 games, 1,593,645 kept of 2,869,329 (56%), 194 kept/s
54300 games, 1,593,928 kept of 2,871,973 (55%), 194 kept/s
54350 games, 1,594,359 kept of 2,874,665 (55%), 194 kept/s
54400 games, 1,594,709 kept of 2,877,460 (55%), 193 kept/s
54450 games, 1,594,966 kept of 2,880,097 (55%), 193 kept/s
54500 games, 1,595,203 kept of 2,882,526 (55%), 193 kept/s
54550 games, 1,595,495 kept of 2,885,217 (55%), 193 kept/s
54600 games, 1,595,634 kept of 2,887,659 (55%), 193 kept/s
54650 games, 1,595,863 kept of 2,890,181 (55%), 193 kept/s
54700 games, 1,596,230 kept of 2,892,721 (55%), 193 kept/s
54750 games, 1,596,527 kept of 2,894,991 (55%), 192 kept/s
54800 games, 1,596,760 kept of 2,897,372 (55%), 192 kept/s
54850 games, 1,596,941 kept of 2,899,898 (55%), 192 kept/s
54900 games, 1,597,221 kept of 2,902,549 (55%), 192 kept/s
54950 games, 1,597,564 kept of 2,905,267 (55%), 192 kept/s
55000 games, 1,597,770 kept of 2,907,783 (55%), 192 kept/s
55050 games, 1,598,134 kept of 2,910,564 (55%), 192 kept/s
55100 games, 1,598,396 kept of 2,912,976 (55%), 191 kept/s
55150 games, 1,598,656 kept of 2,915,423 (55%), 191 kept/s
55200 games, 1,598,887 kept of 2,918,103 (55%), 191 kept/s
55250 games, 1,599,169 kept of 2,920,726 (55%), 191 kept/s
55300 games, 1,599,464 kept of 2,923,666 (55%), 191 kept/s
55350 games, 1,600,066 kept of 2,926,683 (55%), 191 kept/s
55400 games, 1,600,370 kept of 2,929,372 (55%), 191 kept/s
55450 games, 1,600,662 kept of 2,932,447 (55%), 190 kept/s
55500 games, 1,600,927 kept of 2,934,870 (55%), 190 kept/s
55550 games, 1,601,294 kept of 2,937,659 (55%), 190 kept/s
55600 games, 1,601,531 kept of 2,940,326 (54%), 190 kept/s
55650 games, 1,601,907 kept of 2,943,522 (54%), 190 kept/s
55700 games, 1,602,265 kept of 2,946,021 (54%), 190 kept/s
55750 games, 1,602,585 kept of 2,948,623 (54%), 190 kept/s
55800 games, 1,602,820 kept of 2,951,179 (54%), 190 kept/s
55850 games, 1,603,094 kept of 2,953,740 (54%), 189 kept/s
55900 games, 1,603,357 kept of 2,956,161 (54%), 189 kept/s
55950 games, 1,603,741 kept of 2,958,905 (54%), 189 kept/s
56000 games, 1,604,050 kept of 2,961,538 (54%), 189 kept/s
56050 games, 1,604,288 kept of 2,964,257 (54%), 189 kept/s
56100 games, 1,604,539 kept of 2,966,949 (54%), 189 kept/s
56150 games, 1,604,931 kept of 2,969,897 (54%), 189 kept/s
56200 games, 1,605,260 kept of 2,972,702 (54%), 188 kept/s
56250 games, 1,605,485 kept of 2,974,928 (54%), 188 kept/s
56300 games, 1,605,705 kept of 2,977,298 (54%), 188 kept/s
56350 games, 1,605,913 kept of 2,979,815 (54%), 188 kept/s
56400 games, 1,606,101 kept of 2,982,109 (54%), 188 kept/s
56450 games, 1,606,376 kept of 2,984,810 (54%), 188 kept/s
56500 games, 1,606,682 kept of 2,987,688 (54%), 188 kept/s
56550 games, 1,606,962 kept of 2,989,983 (54%), 188 kept/s
56600 games, 1,607,270 kept of 2,992,886 (54%), 187 kept/s
56650 games, 1,607,478 kept of 2,995,591 (54%), 187 kept/s
56700 games, 1,607,836 kept of 2,998,354 (54%), 187 kept/s
56750 games, 1,608,137 kept of 3,000,952 (54%), 187 kept/s
56800 games, 1,608,390 kept of 3,003,316 (54%), 187 kept/s
56850 games, 1,608,634 kept of 3,005,818 (54%), 187 kept/s
56900 games, 1,608,879 kept of 3,008,561 (53%), 187 kept/s
56950 games, 1,609,178 kept of 3,011,427 (53%), 186 kept/s
57000 games, 1,609,444 kept of 3,014,179 (53%), 186 kept/s
57050 games, 1,609,869 kept of 3,016,830 (53%), 186 kept/s
57100 games, 1,610,313 kept of 3,019,847 (53%), 186 kept/s
57150 games, 1,610,629 kept of 3,022,528 (53%), 186 kept/s
57200 games, 1,610,896 kept of 3,025,233 (53%), 186 kept/s
57250 games, 1,611,199 kept of 3,027,815 (53%), 186 kept/s
57300 games, 1,611,405 kept of 3,030,270 (53%), 186 kept/s
57350 games, 1,611,722 kept of 3,033,142 (53%), 185 kept/s
57400 games, 1,612,048 kept of 3,035,805 (53%), 185 kept/s
57450 games, 1,612,264 kept of 3,038,527 (53%), 185 kept/s
57500 games, 1,612,591 kept of 3,041,147 (53%), 185 kept/s
57550 games, 1,612,875 kept of 3,043,481 (53%), 185 kept/s
57600 games, 1,613,244 kept of 3,045,986 (53%), 185 kept/s
57650 games, 1,613,618 kept of 3,048,617 (53%), 185 kept/s
57700 games, 1,613,979 kept of 3,051,218 (53%), 185 kept/s
57750 games, 1,614,106 kept of 3,053,699 (53%), 184 kept/s
57800 games, 1,614,427 kept of 3,056,720 (53%), 184 kept/s
57850 games, 1,614,724 kept of 3,059,712 (53%), 184 kept/s
57900 games, 1,614,971 kept of 3,062,141 (53%), 184 kept/s
57950 games, 1,615,228 kept of 3,064,328 (53%), 184 kept/s
58000 games, 1,615,525 kept of 3,067,050 (53%), 184 kept/s
58050 games, 1,615,898 kept of 3,069,877 (53%), 184 kept/s
58100 games, 1,616,263 kept of 3,072,870 (53%), 184 kept/s
58150 games, 1,616,664 kept of 3,075,834 (53%), 183 kept/s
58200 games, 1,616,967 kept of 3,078,595 (53%), 183 kept/s
58250 games, 1,617,273 kept of 3,081,242 (52%), 183 kept/s
58300 games, 1,617,529 kept of 3,083,598 (52%), 183 kept/s
58350 games, 1,617,829 kept of 3,085,889 (52%), 183 kept/s
58400 games, 1,618,184 kept of 3,088,414 (52%), 183 kept/s
58450 games, 1,618,464 kept of 3,090,922 (52%), 183 kept/s
58500 games, 1,618,642 kept of 3,093,277 (52%), 183 kept/s
58550 games, 1,618,935 kept of 3,095,928 (52%), 182 kept/s
58600 games, 1,619,317 kept of 3,098,582 (52%), 182 kept/s
58650 games, 1,619,637 kept of 3,101,110 (52%), 182 kept/s
58700 games, 1,619,893 kept of 3,103,673 (52%), 182 kept/s
58750 games, 1,620,087 kept of 3,105,991 (52%), 182 kept/s
58800 games, 1,620,402 kept of 3,108,891 (52%), 182 kept/s
58850 games, 1,620,520 kept of 3,111,413 (52%), 182 kept/s
58900 games, 1,620,823 kept of 3,114,097 (52%), 182 kept/s
58950 games, 1,620,994 kept of 3,116,495 (52%), 181 kept/s
59000 games, 1,621,382 kept of 3,119,672 (52%), 181 kept/s
59050 games, 1,621,658 kept of 3,122,166 (52%), 181 kept/s
59100 games, 1,622,111 kept of 3,125,081 (52%), 181 kept/s
59150 games, 1,622,371 kept of 3,127,167 (52%), 181 kept/s
59200 games, 1,622,563 kept of 3,129,359 (52%), 181 kept/s
59250 games, 1,622,797 kept of 3,131,784 (52%), 181 kept/s
59300 games, 1,623,129 kept of 3,134,356 (52%), 181 kept/s
59350 games, 1,623,321 kept of 3,136,825 (52%), 181 kept/s
59400 games, 1,623,598 kept of 3,139,480 (52%), 180 kept/s
59450 games, 1,623,865 kept of 3,141,757 (52%), 180 kept/s
59500 games, 1,624,165 kept of 3,144,266 (52%), 180 kept/s
59550 games, 1,624,462 kept of 3,146,963 (52%), 180 kept/s
59600 games, 1,624,619 kept of 3,149,332 (52%), 180 kept/s
59650 games, 1,624,934 kept of 3,151,791 (52%), 180 kept/s
59700 games, 1,625,209 kept of 3,154,175 (52%), 180 kept/s
59750 games, 1,625,584 kept of 3,157,159 (51%), 180 kept/s
59800 games, 1,625,832 kept of 3,159,692 (51%), 180 kept/s
59850 games, 1,626,263 kept of 3,162,406 (51%), 179 kept/s
59900 games, 1,626,524 kept of 3,164,946 (51%), 179 kept/s
59950 games, 1,626,813 kept of 3,167,621 (51%), 179 kept/s
60000 games, 1,627,160 kept of 3,170,371 (51%), 179 kept/s
60050 games, 1,627,431 kept of 3,173,181 (51%), 179 kept/s
60100 games, 1,627,713 kept of 3,175,841 (51%), 179 kept/s
60150 games, 1,627,977 kept of 3,178,729 (51%), 179 kept/s
60200 games, 1,628,313 kept of 3,181,521 (51%), 179 kept/s
60250 games, 1,628,594 kept of 3,184,132 (51%), 178 kept/s
60300 games, 1,628,851 kept of 3,186,469 (51%), 178 kept/s
60350 games, 1,629,135 kept of 3,189,246 (51%), 178 kept/s
60400 games, 1,629,413 kept of 3,191,859 (51%), 178 kept/s
60450 games, 1,629,749 kept of 3,194,846 (51%), 178 kept/s
60500 games, 1,629,998 kept of 3,197,341 (51%), 178 kept/s
60550 games, 1,630,455 kept of 3,200,315 (51%), 178 kept/s
60600 games, 1,630,749 kept of 3,203,253 (51%), 178 kept/s
60650 games, 1,630,971 kept of 3,206,321 (51%), 178 kept/s
60700 games, 1,631,455 kept of 3,209,386 (51%), 177 kept/s
60750 games, 1,631,791 kept of 3,212,123 (51%), 177 kept/s
60800 games, 1,632,023 kept of 3,214,846 (51%), 177 kept/s
60850 games, 1,632,351 kept of 3,217,362 (51%), 177 kept/s
60900 games, 1,632,541 kept of 3,219,796 (51%), 177 kept/s
60950 games, 1,632,930 kept of 3,222,431 (51%), 177 kept/s
61000 games, 1,633,310 kept of 3,225,117 (51%), 177 kept/s
61050 games, 1,633,682 kept of 3,227,930 (51%), 177 kept/s
61100 games, 1,634,032 kept of 3,230,876 (51%), 177 kept/s
61150 games, 1,634,318 kept of 3,233,535 (51%), 176 kept/s
61200 games, 1,634,725 kept of 3,236,332 (51%), 176 kept/s
61250 games, 1,635,015 kept of 3,238,708 (50%), 176 kept/s
61300 games, 1,635,304 kept of 3,241,229 (50%), 176 kept/s
61350 games, 1,635,640 kept of 3,243,760 (50%), 176 kept/s
61400 games, 1,635,767 kept of 3,245,978 (50%), 176 kept/s
61450 games, 1,636,087 kept of 3,248,742 (50%), 176 kept/s
61500 games, 1,636,443 kept of 3,251,629 (50%), 176 kept/s
61550 games, 1,636,783 kept of 3,254,485 (50%), 176 kept/s
61600 games, 1,637,071 kept of 3,257,002 (50%), 175 kept/s
61650 games, 1,637,323 kept of 3,259,595 (50%), 175 kept/s
61700 games, 1,637,664 kept of 3,262,409 (50%), 175 kept/s
61750 games, 1,637,879 kept of 3,265,164 (50%), 175 kept/s
61800 games, 1,638,310 kept of 3,267,891 (50%), 175 kept/s
61850 games, 1,638,601 kept of 3,270,333 (50%), 175 kept/s
61900 games, 1,638,780 kept of 3,272,890 (50%), 175 kept/s
61950 games, 1,639,041 kept of 3,275,737 (50%), 175 kept/s
62000 games, 1,639,266 kept of 3,278,358 (50%), 175 kept/s
62050 games, 1,639,657 kept of 3,281,162 (50%), 174 kept/s
62100 games, 1,640,125 kept of 3,284,304 (50%), 174 kept/s
62150 games, 1,640,434 kept of 3,286,987 (50%), 174 kept/s
62200 games, 1,640,786 kept of 3,289,779 (50%), 174 kept/s
62250 games, 1,641,033 kept of 3,292,134 (50%), 174 kept/s
62300 games, 1,641,450 kept of 3,294,947 (50%), 174 kept/s
62350 games, 1,641,664 kept of 3,297,822 (50%), 174 kept/s
62400 games, 1,641,899 kept of 3,300,462 (50%), 174 kept/s
62450 games, 1,642,193 kept of 3,302,824 (50%), 174 kept/s
62500 games, 1,642,450 kept of 3,305,558 (50%), 173 kept/s
62550 games, 1,642,713 kept of 3,307,996 (50%), 173 kept/s
62600 games, 1,643,062 kept of 3,310,914 (50%), 173 kept/s
62650 games, 1,643,212 kept of 3,313,260 (50%), 173 kept/s
62700 games, 1,643,550 kept of 3,315,740 (50%), 173 kept/s
62750 games, 1,643,857 kept of 3,318,561 (50%), 173 kept/s
62800 games, 1,644,256 kept of 3,321,352 (50%), 173 kept/s
62850 games, 1,644,572 kept of 3,323,845 (49%), 173 kept/s
62900 games, 1,644,838 kept of 3,326,472 (49%), 173 kept/s
62950 games, 1,645,053 kept of 3,329,054 (49%), 172 kept/s
63000 games, 1,645,480 kept of 3,331,929 (49%), 172 kept/s
63050 games, 1,645,672 kept of 3,334,722 (49%), 172 kept/s
63100 games, 1,645,967 kept of 3,337,496 (49%), 172 kept/s
63150 games, 1,646,326 kept of 3,340,176 (49%), 172 kept/s
63200 games, 1,646,729 kept of 3,343,155 (49%), 172 kept/s
63250 games, 1,647,179 kept of 3,346,151 (49%), 172 kept/s
63300 games, 1,647,485 kept of 3,348,619 (49%), 172 kept/s
63350 games, 1,647,867 kept of 3,351,600 (49%), 172 kept/s
63400 games, 1,648,022 kept of 3,354,159 (49%), 172 kept/s
63450 games, 1,648,314 kept of 3,357,044 (49%), 171 kept/s
63500 games, 1,648,650 kept of 3,359,645 (49%), 171 kept/s
63550 games, 1,648,817 kept of 3,362,100 (49%), 171 kept/s
63600 games, 1,649,060 kept of 3,364,483 (49%), 171 kept/s
63650 games, 1,649,369 kept of 3,367,065 (49%), 171 kept/s
63700 games, 1,649,804 kept of 3,369,815 (49%), 171 kept/s
63750 games, 1,650,160 kept of 3,372,462 (49%), 171 kept/s
63800 games, 1,650,367 kept of 3,374,928 (49%), 171 kept/s
63850 games, 1,650,675 kept of 3,377,847 (49%), 171 kept/s
63900 games, 1,650,922 kept of 3,380,681 (49%), 170 kept/s
63950 games, 1,651,157 kept of 3,383,085 (49%), 170 kept/s
64000 games, 1,651,428 kept of 3,385,958 (49%), 170 kept/s
64050 games, 1,651,731 kept of 3,388,856 (49%), 170 kept/s
64100 games, 1,651,946 kept of 3,391,302 (49%), 170 kept/s
64150 games, 1,652,184 kept of 3,393,858 (49%), 170 kept/s
64200 games, 1,652,386 kept of 3,396,250 (49%), 170 kept/s
64250 games, 1,652,637 kept of 3,399,069 (49%), 170 kept/s
64300 games, 1,652,927 kept of 3,401,567 (49%), 170 kept/s
64350 games, 1,653,175 kept of 3,404,337 (49%), 170 kept/s
64400 games, 1,653,371 kept of 3,406,744 (49%), 169 kept/s
64450 games, 1,653,868 kept of 3,409,952 (49%), 169 kept/s
64500 games, 1,654,163 kept of 3,412,548 (48%), 169 kept/s
64550 games, 1,654,475 kept of 3,415,335 (48%), 169 kept/s
64600 games, 1,654,712 kept of 3,417,759 (48%), 169 kept/s
64650 games, 1,655,016 kept of 3,420,441 (48%), 169 kept/s
64700 games, 1,655,266 kept of 3,423,069 (48%), 169 kept/s
64750 games, 1,655,560 kept of 3,425,818 (48%), 169 kept/s
64800 games, 1,655,900 kept of 3,428,461 (48%), 169 kept/s
64850 games, 1,656,199 kept of 3,430,944 (48%), 169 kept/s
64900 games, 1,656,519 kept of 3,433,819 (48%), 168 kept/s
64950 games, 1,656,821 kept of 3,436,637 (48%), 168 kept/s
65000 games, 1,657,158 kept of 3,439,373 (48%), 168 kept/s
65050 games, 1,657,501 kept of 3,442,189 (48%), 168 kept/s
65100 games, 1,657,834 kept of 3,444,727 (48%), 168 kept/s
65150 games, 1,658,186 kept of 3,447,250 (48%), 168 kept/s
65200 games, 1,658,394 kept of 3,450,004 (48%), 168 kept/s
65250 games, 1,658,656 kept of 3,452,614 (48%), 168 kept/s
65300 games, 1,658,852 kept of 3,454,994 (48%), 168 kept/s
65350 games, 1,659,124 kept of 3,457,573 (48%), 168 kept/s
65400 games, 1,659,346 kept of 3,459,890 (48%), 167 kept/s
65450 games, 1,659,567 kept of 3,462,435 (48%), 167 kept/s
65500 games, 1,659,782 kept of 3,464,632 (48%), 167 kept/s
65550 games, 1,660,056 kept of 3,467,196 (48%), 167 kept/s
65600 games, 1,660,291 kept of 3,469,473 (48%), 167 kept/s
65650 games, 1,660,591 kept of 3,472,270 (48%), 167 kept/s
65700 games, 1,660,950 kept of 3,475,090 (48%), 167 kept/s
65750 games, 1,661,205 kept of 3,477,957 (48%), 167 kept/s
65800 games, 1,661,541 kept of 3,480,813 (48%), 167 kept/s
65850 games, 1,661,830 kept of 3,483,648 (48%), 167 kept/s
65900 games, 1,662,153 kept of 3,486,298 (48%), 166 kept/s
65950 games, 1,662,525 kept of 3,488,954 (48%), 166 kept/s
66000 games, 1,662,846 kept of 3,491,804 (48%), 166 kept/s
66050 games, 1,663,086 kept of 3,494,247 (48%), 166 kept/s
66100 games, 1,663,296 kept of 3,496,649 (48%), 166 kept/s
66150 games, 1,663,666 kept of 3,499,283 (48%), 166 kept/s
66200 games, 1,663,955 kept of 3,501,946 (48%), 166 kept/s
66250 games, 1,664,173 kept of 3,504,470 (47%), 166 kept/s
66300 games, 1,664,433 kept of 3,506,927 (47%), 166 kept/s
66350 games, 1,664,788 kept of 3,509,351 (47%), 166 kept/s
66400 games, 1,665,166 kept of 3,512,131 (47%), 166 kept/s
66450 games, 1,665,625 kept of 3,515,188 (47%), 165 kept/s
66500 games, 1,666,058 kept of 3,518,013 (47%), 165 kept/s
66550 games, 1,666,271 kept of 3,520,648 (47%), 165 kept/s
66600 games, 1,666,477 kept of 3,523,324 (47%), 165 kept/s
66650 games, 1,666,701 kept of 3,525,727 (47%), 165 kept/s
66700 games, 1,666,996 kept of 3,528,535 (47%), 165 kept/s
66750 games, 1,667,200 kept of 3,531,140 (47%), 165 kept/s
66800 games, 1,667,455 kept of 3,533,710 (47%), 165 kept/s
66850 games, 1,667,722 kept of 3,536,461 (47%), 165 kept/s
66900 games, 1,668,001 kept of 3,538,753 (47%), 165 kept/s
66950 games, 1,668,173 kept of 3,541,318 (47%), 164 kept/s
67000 games, 1,668,357 kept of 3,543,578 (47%), 164 kept/s
67050 games, 1,668,552 kept of 3,546,214 (47%), 164 kept/s
67100 games, 1,668,891 kept of 3,548,914 (47%), 164 kept/s
67150 games, 1,669,181 kept of 3,551,660 (47%), 164 kept/s
67200 games, 1,669,623 kept of 3,554,591 (47%), 164 kept/s
67250 games, 1,669,976 kept of 3,557,226 (47%), 164 kept/s
67300 games, 1,670,261 kept of 3,559,875 (47%), 164 kept/s
67350 games, 1,670,543 kept of 3,562,589 (47%), 164 kept/s
67400 games, 1,670,724 kept of 3,564,871 (47%), 164 kept/s
67450 games, 1,670,975 kept of 3,567,077 (47%), 164 kept/s
67500 games, 1,671,255 kept of 3,569,680 (47%), 163 kept/s
67550 games, 1,671,469 kept of 3,572,170 (47%), 163 kept/s
67600 games, 1,671,682 kept of 3,574,451 (47%), 163 kept/s
67650 games, 1,672,102 kept of 3,577,204 (47%), 163 kept/s
67700 games, 1,672,405 kept of 3,580,047 (47%), 163 kept/s
67750 games, 1,672,713 kept of 3,582,596 (47%), 163 kept/s
67800 games, 1,673,196 kept of 3,585,279 (47%), 163 kept/s
67850 games, 1,673,417 kept of 3,587,690 (47%), 163 kept/s
67900 games, 1,673,706 kept of 3,590,538 (47%), 163 kept/s
67950 games, 1,673,927 kept of 3,593,069 (47%), 163 kept/s
68000 games, 1,674,364 kept of 3,595,824 (47%), 163 kept/s
68050 games, 1,674,593 kept of 3,598,550 (47%), 162 kept/s
68100 games, 1,674,858 kept of 3,600,968 (47%), 162 kept/s
68150 games, 1,675,340 kept of 3,604,005 (46%), 162 kept/s
68200 games, 1,675,698 kept of 3,606,733 (46%), 162 kept/s
68250 games, 1,675,962 kept of 3,609,487 (46%), 162 kept/s
68300 games, 1,676,260 kept of 3,612,073 (46%), 162 kept/s
68350 games, 1,676,555 kept of 3,614,586 (46%), 162 kept/s
68400 games, 1,676,869 kept of 3,617,055 (46%), 162 kept/s
68450 games, 1,677,236 kept of 3,619,567 (46%), 162 kept/s
68500 games, 1,677,482 kept of 3,622,158 (46%), 162 kept/s
68550 games, 1,677,833 kept of 3,624,802 (46%), 162 kept/s
68600 games, 1,678,205 kept of 3,627,672 (46%), 162 kept/s
68650 games, 1,678,557 kept of 3,630,526 (46%), 161 kept/s
68700 games, 1,678,879 kept of 3,633,326 (46%), 161 kept/s
68750 games, 1,679,036 kept of 3,635,866 (46%), 161 kept/s
68800 games, 1,679,244 kept of 3,638,181 (46%), 161 kept/s
68850 games, 1,679,439 kept of 3,640,717 (46%), 161 kept/s
68900 games, 1,679,827 kept of 3,643,459 (46%), 161 kept/s
68950 games, 1,680,158 kept of 3,646,146 (46%), 161 kept/s
69000 games, 1,680,460 kept of 3,648,794 (46%), 161 kept/s
69050 games, 1,680,810 kept of 3,651,606 (46%), 161 kept/s
69100 games, 1,681,149 kept of 3,654,235 (46%), 161 kept/s
69150 games, 1,681,327 kept of 3,656,924 (46%), 161 kept/s
69200 games, 1,681,616 kept of 3,659,326 (46%), 160 kept/s
69250 games, 1,681,913 kept of 3,661,888 (46%), 160 kept/s
69300 games, 1,682,191 kept of 3,664,749 (46%), 160 kept/s
69350 games, 1,682,426 kept of 3,667,597 (46%), 160 kept/s
69400 games, 1,682,660 kept of 3,670,021 (46%), 160 kept/s
69450 games, 1,682,908 kept of 3,672,616 (46%), 160 kept/s
69500 games, 1,683,034 kept of 3,674,861 (46%), 160 kept/s
69550 games, 1,683,181 kept of 3,677,536 (46%), 160 kept/s
69600 games, 1,683,694 kept of 3,680,351 (46%), 160 kept/s
69650 games, 1,683,909 kept of 3,682,924 (46%), 160 kept/s
69700 games, 1,684,272 kept of 3,685,728 (46%), 160 kept/s
69750 games, 1,684,508 kept of 3,688,435 (46%), 159 kept/s
69800 games, 1,684,803 kept of 3,691,555 (46%), 159 kept/s
69850 games, 1,685,225 kept of 3,694,219 (46%), 159 kept/s
69900 games, 1,685,633 kept of 3,697,131 (46%), 159 kept/s
69950 games, 1,685,900 kept of 3,699,641 (46%), 159 kept/s
70000 games, 1,686,191 kept of 3,702,473 (46%), 159 kept/s
70050 games, 1,686,462 kept of 3,705,194 (46%), 159 kept/s
70100 games, 1,686,719 kept of 3,707,825 (45%), 159 kept/s
70150 games, 1,687,128 kept of 3,710,877 (45%), 159 kept/s
70200 games, 1,687,425 kept of 3,713,533 (45%), 159 kept/s
70250 games, 1,687,643 kept of 3,715,996 (45%), 159 kept/s
70300 games, 1,688,004 kept of 3,718,564 (45%), 159 kept/s
70350 games, 1,688,260 kept of 3,720,956 (45%), 158 kept/s
70400 games, 1,688,499 kept of 3,723,773 (45%), 158 kept/s
70450 games, 1,688,743 kept of 3,726,490 (45%), 158 kept/s
70500 games, 1,689,038 kept of 3,728,920 (45%), 158 kept/s
70550 games, 1,689,327 kept of 3,731,575 (45%), 158 kept/s
70600 games, 1,689,644 kept of 3,734,362 (45%), 158 kept/s
70650 games, 1,689,807 kept of 3,737,052 (45%), 158 kept/s
70700 games, 1,690,272 kept of 3,740,002 (45%), 158 kept/s
70750 games, 1,690,585 kept of 3,742,560 (45%), 158 kept/s
70800 games, 1,690,853 kept of 3,745,051 (45%), 158 kept/s
70850 games, 1,691,158 kept of 3,747,968 (45%), 158 kept/s
70900 games, 1,691,439 kept of 3,750,610 (45%), 157 kept/s
70950 games, 1,691,694 kept of 3,753,173 (45%), 157 kept/s
71000 games, 1,692,082 kept of 3,756,150 (45%), 157 kept/s
71050 games, 1,692,310 kept of 3,758,898 (45%), 157 kept/s
71100 games, 1,692,656 kept of 3,761,608 (45%), 157 kept/s
71150 games, 1,693,030 kept of 3,764,257 (45%), 157 kept/s
71200 games, 1,693,404 kept of 3,766,753 (45%), 157 kept/s
71250 games, 1,693,676 kept of 3,769,372 (45%), 157 kept/s
71300 games, 1,694,112 kept of 3,772,167 (45%), 157 kept/s
71350 games, 1,694,382 kept of 3,774,915 (45%), 157 kept/s
71400 games, 1,694,688 kept of 3,777,600 (45%), 157 kept/s
71450 games, 1,694,998 kept of 3,780,628 (45%), 157 kept/s
71500 games, 1,695,215 kept of 3,783,230 (45%), 156 kept/s
71550 games, 1,695,526 kept of 3,785,855 (45%), 156 kept/s
71600 games, 1,695,700 kept of 3,788,105 (45%), 156 kept/s
71650 games, 1,695,830 kept of 3,790,210 (45%), 156 kept/s
71700 games, 1,696,228 kept of 3,793,239 (45%), 156 kept/s
71750 games, 1,696,455 kept of 3,795,565 (45%), 156 kept/s
71800 games, 1,696,764 kept of 3,798,339 (45%), 156 kept/s
71850 games, 1,696,996 kept of 3,800,918 (45%), 156 kept/s
71900 games, 1,697,284 kept of 3,803,412 (45%), 156 kept/s
71950 games, 1,697,604 kept of 3,806,080 (45%), 156 kept/s
72000 games, 1,697,936 kept of 3,808,884 (45%), 156 kept/s
72050 games, 1,698,302 kept of 3,811,557 (45%), 156 kept/s
72100 games, 1,698,581 kept of 3,813,917 (45%), 156 kept/s
72150 games, 1,698,879 kept of 3,816,658 (45%), 156 kept/s
72200 games, 1,699,147 kept of 3,819,241 (44%), 155 kept/s
72250 games, 1,699,527 kept of 3,821,804 (44%), 155 kept/s
72300 games, 1,699,832 kept of 3,824,309 (44%), 155 kept/s
done: 72340 games, 1,700,004 kept of 3,826,158 -> data/train.3.csv
histogram |material|: 0:398938 60:405294 120:149902 180:232664 240:102645 300:118579 360:58862 420:60676 480:60395 540:43501 600:68548
